Archive member included to satisfy reference by file (symbol)

c:/Users/alireza/AppData/Roaming/Code/User/globalStorage/bmd.stm32-for-vscode/@xpack-dev-tools/arm-none-eabi-gcc/14.2.1-1.1.1/.content/bin/../lib/gcc/arm-none-eabi/14.2.1/../../../../arm-none-eabi/lib/thumb/v7e-m+fp/hard\libc_nano.a(libc_a-atexit.o)
                              c:/Users/alireza/AppData/Roaming/Code/User/globalStorage/bmd.stm32-for-vscode/@xpack-dev-tools/arm-none-eabi-gcc/14.2.1-1.1.1/.content/bin/../lib/gcc/arm-none-eabi/14.2.1/../../../../arm-none-eabi/lib/thumb/v7e-m+fp/hard/crt0.o (atexit)
c:/Users/alireza/AppData/Roaming/Code/User/globalStorage/bmd.stm32-for-vscode/@xpack-dev-tools/arm-none-eabi-gcc/14.2.1-1.1.1/.content/bin/../lib/gcc/arm-none-eabi/14.2.1/../../../../arm-none-eabi/lib/thumb/v7e-m+fp/hard\libc_nano.a(libc_a-exit.o)
                              c:/Users/alireza/AppData/Roaming/Code/User/globalStorage/bmd.stm32-for-vscode/@xpack-dev-tools/arm-none-eabi-gcc/14.2.1-1.1.1/.content/bin/../lib/gcc/arm-none-eabi/14.2.1/../../../../arm-none-eabi/lib/thumb/v7e-m+fp/hard/crt0.o (exit)
c:/Users/alireza/AppData/Roaming/Code/User/globalStorage/bmd.stm32-for-vscode/@xpack-dev-tools/arm-none-eabi-gcc/14.2.1-1.1.1/.content/bin/../lib/gcc/arm-none-eabi/14.2.1/../../../../arm-none-eabi/lib/thumb/v7e-m+fp/hard\libc_nano.a(libc_a-findfp.o)
                              c:/Users/alireza/AppData/Roaming/Code/User/globalStorage/bmd.stm32-for-vscode/@xpack-dev-tools/arm-none-eabi-gcc/14.2.1-1.1.1/.content/bin/../lib/gcc/arm-none-eabi/14.2.1/../../../../arm-none-eabi/lib/thumb/v7e-m+fp/hard\libc_nano.a(libc_a-exit.o) (__stdio_exit_handler)
c:/Users/alireza/AppData/Roaming/Code/User/globalStorage/bmd.stm32-for-vscode/@xpack-dev-tools/arm-none-eabi-gcc/14.2.1-1.1.1/.content/bin/../lib/gcc/arm-none-eabi/14.2.1/../../../../arm-none-eabi/lib/thumb/v7e-m+fp/hard\libc_nano.a(libc_a-fwalk.o)
                              c:/Users/alireza/AppData/Roaming/Code/User/globalStorage/bmd.stm32-for-vscode/@xpack-dev-tools/arm-none-eabi-gcc/14.2.1-1.1.1/.content/bin/../lib/gcc/arm-none-eabi/14.2.1/../../../../arm-none-eabi/lib/thumb/v7e-m+fp/hard\libc_nano.a(libc_a-findfp.o) (_fwalk_sglue)
c:/Users/alireza/AppData/Roaming/Code/User/globalStorage/bmd.stm32-for-vscode/@xpack-dev-tools/arm-none-eabi-gcc/14.2.1-1.1.1/.content/bin/../lib/gcc/arm-none-eabi/14.2.1/../../../../arm-none-eabi/lib/thumb/v7e-m+fp/hard\libc_nano.a(libc_a-snprintf.o)
                              build/debug/error_handling.o (snprintf)
c:/Users/alireza/AppData/Roaming/Code/User/globalStorage/bmd.stm32-for-vscode/@xpack-dev-tools/arm-none-eabi-gcc/14.2.1-1.1.1/.content/bin/../lib/gcc/arm-none-eabi/14.2.1/../../../../arm-none-eabi/lib/thumb/v7e-m+fp/hard\libc_nano.a(libc_a-stdio.o)
                              c:/Users/alireza/AppData/Roaming/Code/User/globalStorage/bmd.stm32-for-vscode/@xpack-dev-tools/arm-none-eabi-gcc/14.2.1-1.1.1/.content/bin/../lib/gcc/arm-none-eabi/14.2.1/../../../../arm-none-eabi/lib/thumb/v7e-m+fp/hard\libc_nano.a(libc_a-findfp.o) (__sread)
c:/Users/alireza/AppData/Roaming/Code/User/globalStorage/bmd.stm32-for-vscode/@xpack-dev-tools/arm-none-eabi-gcc/14.2.1-1.1.1/.content/bin/../lib/gcc/arm-none-eabi/14.2.1/../../../../arm-none-eabi/lib/thumb/v7e-m+fp/hard\libc_nano.a(libc_a-vsnprintf.o)
                              build/debug/error_handling.o (vsnprintf)
c:/Users/alireza/AppData/Roaming/Code/User/globalStorage/bmd.stm32-for-vscode/@xpack-dev-tools/arm-none-eabi-gcc/14.2.1-1.1.1/.content/bin/../lib/gcc/arm-none-eabi/14.2.1/../../../../arm-none-eabi/lib/thumb/v7e-m+fp/hard\libc_nano.a(libc_a-memset.o)
                              c:/Users/alireza/AppData/Roaming/Code/User/globalStorage/bmd.stm32-for-vscode/@xpack-dev-tools/arm-none-eabi-gcc/14.2.1-1.1.1/.content/bin/../lib/gcc/arm-none-eabi/14.2.1/../../../../arm-none-eabi/lib/thumb/v7e-m+fp/hard/crt0.o (memset)
c:/Users/alireza/AppData/Roaming/Code/User/globalStorage/bmd.stm32-for-vscode/@xpack-dev-tools/arm-none-eabi-gcc/14.2.1-1.1.1/.content/bin/../lib/gcc/arm-none-eabi/14.2.1/../../../../arm-none-eabi/lib/thumb/v7e-m+fp/hard\libc_nano.a(libc_a-closer.o)
                              c:/Users/alireza/AppData/Roaming/Code/User/globalStorage/bmd.stm32-for-vscode/@xpack-dev-tools/arm-none-eabi-gcc/14.2.1-1.1.1/.content/bin/../lib/gcc/arm-none-eabi/14.2.1/../../../../arm-none-eabi/lib/thumb/v7e-m+fp/hard\libc_nano.a(libc_a-stdio.o) (_close_r)
c:/Users/alireza/AppData/Roaming/Code/User/globalStorage/bmd.stm32-for-vscode/@xpack-dev-tools/arm-none-eabi-gcc/14.2.1-1.1.1/.content/bin/../lib/gcc/arm-none-eabi/14.2.1/../../../../arm-none-eabi/lib/thumb/v7e-m+fp/hard\libc_nano.a(libc_a-reent.o)
                              c:/Users/alireza/AppData/Roaming/Code/User/globalStorage/bmd.stm32-for-vscode/@xpack-dev-tools/arm-none-eabi-gcc/14.2.1-1.1.1/.content/bin/../lib/gcc/arm-none-eabi/14.2.1/../../../../arm-none-eabi/lib/thumb/v7e-m+fp/hard\libc_nano.a(libc_a-closer.o) (errno)
[...]
Memory Configuration

Name             Origin             Length             Attributes
RAM              0x20000000         0x00010000         xrw
FLASH            0x08000000         0x00040000         xr
*default*        0x00000000         0xffffffff

Linker script and memory map

LOAD c:/Users/alireza/AppData/Roaming/Code/User/globalStorage/bmd.stm32-for-vscode/@xpack-dev-tools/arm-none-eabi-gcc/14.2.1-1.1.1/.content/bin/../lib/gcc/arm-none-eabi/14.2.1/thumb/v7e-m+fp/hard/crti.o
LOAD c:/Users/alireza/AppData/Roaming/Code/User/globalStorage/bmd.stm32-for-vscode/@xpack-dev-tools/arm-none-eabi-gcc/14.2.1-1.1.1/.content/bin/../lib/gcc/arm-none-eabi/14.2.1/thumb/v7e-m+fp/hard/crtbegin.o
LOAD c:/Users/alireza/AppData/Roaming/Code/User/globalStorage/bmd.stm32-for-vscode/@xpack-dev-tools/arm-none-eabi-gcc/14.2.1-1.1.1/.content/bin/../lib/gcc/arm-none-eabi/14.2.1/../../../../arm-none-eabi/lib/thumb/v7e-m+fp/hard/crt0.o
LOAD build/debug/adc.o
LOAD build/debug/analog_inputs.o
LOAD build/debug/cmsis_os2.o
LOAD build/debug/comms.o
LOAD build/debug/controller.o
LOAD build/debug/crc.o
LOAD build/debug/croutine.o
LOAD build/debug/dc_motors.o
LOAD build/debug/dma.o
LOAD build/debug/ee.o
LOAD build/debug/electronic_throttle.o
LOAD build/debug/error_handling.o
LOAD build/debug/event_groups.o
LOAD build/debug/fan_control.o
LOAD build/debug/freertos.o
LOAD build/debug/fuel_math.o
LOAD build/debug/gas_injection.o
LOAD build/debug/governer.o
LOAD build/debug/gpio.o
LOAD build/debug/heap_4.o
LOAD build/debug/i2c.o
LOAD build/debug/ignition.o
LOAD build/debug/injection.o
LOAD build/debug/list.o
LOAD build/debug/main.o
LOAD build/debug/outputs.o
LOAD build/debug/pid.o
LOAD build/debug/port.o
LOAD build/debug/protection.o
LOAD build/debug/queue.o
LOAD build/debug/resistor.o
LOAD build/debug/sensors.o
LOAD build/debug/stm32f4xx_hal.o
LOAD build/debug/stm32f4xx_hal_adc.o
LOAD build/debug/stm32f4xx_hal_adc_ex.o
LOAD build/debug/stm32f4xx_hal_cortex.o
LOAD build/debug/stm32f4xx_hal_crc.o
LOAD build/debug/stm32f4xx_hal_dma.o
LOAD build/debug/stm32f4xx_hal_dma_ex.o
LOAD build/debug/stm32f4xx_hal_exti.o
LOAD build/debug/stm32f4xx_hal_flash.o
LOAD build/debug/stm32f4xx_hal_flash_ex.o
LOAD build/debug/stm32f4xx_hal_flash_ramfunc.o
LOAD build/debug/stm32f4xx_hal_gpio.o
LOAD build/debug/stm32f4xx_hal_i2c.o
LOAD build/debug/stm32f4xx_hal_i2c_ex.o
LOAD build/debug/stm32f4xx_hal_msp.o
LOAD build/debug/stm32f4xx_hal_pcd.o
LOAD build/debug/stm32f4xx_hal_pcd_ex.o
LOAD build/debug/stm32f4xx_hal_pwr.o
LOAD build/debug/stm32f4xx_hal_pwr_ex.o
LOAD build/debug/stm32f4xx_hal_rcc.o
LOAD build/debug/stm32f4xx_hal_rcc_ex.o
LOAD build/debug/stm32f4xx_hal_tim.o
LOAD build/debug/stm32f4xx_hal_tim_ex.o
LOAD build/debug/stm32f4xx_hal_timebase_tim.o
LOAD build/debug/stm32f4xx_it.o
LOAD build/debug/stm32f4xx_ll_adc.o
LOAD build/debug/stm32f4xx_ll_usb.o
LOAD build/debug/stream_buffer.o
LOAD build/debug/syscalls.o
LOAD build/debug/sysmem.o
LOAD build/debug/system_stm32f4xx.o
LOAD build/debug/tables.o
LOAD build/debug/tasks.o
LOAD build/debug/thermistor.o
LOAD build/debug/tim.o
LOAD build/debug/timers.o
LOAD build/debug/timing.o
LOAD build/debug/trigger.o
LOAD build/debug/trigger_simulator.o
LOAD build/debug/usb_device.o
LOAD build/debug/usbd_cdc.o
LOAD build/debug/usbd_cdc_if.o
LOAD build/debug/usbd_conf.o
LOAD build/debug/usbd_core.o
LOAD build/debug/usbd_ctlreq.o
LOAD build/debug/usbd_desc.o
LOAD build/debug/usbd_ioreq.o
LOAD build/debug/utils.o
LOAD build/debug/startup_stm32f401xc.o
LOAD c:/Users/alireza/AppData/Roaming/Code/User/globalStorage/bmd.stm32-for-vscode/@xpack-dev-tools/arm-none-eabi-gcc/14.2.1-1.1.1/.content/bin/../lib/gcc/arm-none-eabi/14.2.1/../../../../arm-none-eabi/lib/thumb/v7e-m+fp/hard\libc_nano.a
LOAD c:/Users/alireza/AppData/Roaming/Code/User/globalStorage/bmd.stm32-for-vscode/@xpack-dev-tools/arm-none-eabi-gcc/14.2.1-1.1.1/.content/bin/../lib/gcc/arm-none-eabi/14.2.1/../../../../arm-none-eabi/lib/thumb/v7e-m+fp/hard\libm.a
LOAD c:/Users/alireza/AppData/Roaming/Code/User/globalStorage/bmd.stm32-for-vscode/@xpack-dev-tools/arm-none-eabi-gcc/14.2.1-1.1.1/.content/bin/../lib/gcc/arm-none-eabi/14.2.1/../../../../arm-none-eabi/lib/thumb/v7e-m+fp/hard\libnosys.a
START GROUP
LOAD c:/Users/alireza/AppData/Roaming/Code/User/globalStorage/bmd.stm32-for-vscode/@xpack-dev-tools/arm-none-eabi-gcc/14.2.1-1.1.1/.content/bin/../lib/gcc/arm-none-eabi/14.2.1/thumb/v7e-m+fp/hard\libgcc.a
LOAD c:/Users/alireza/AppData/Roaming/Code/User/globalStorage/bmd.stm32-for-vscode/@xpack-dev-tools/arm-none-eabi-gcc/14.2.1-1.1.1/.content/bin/../lib/gcc/arm-none-eabi/14.2.1/../../../../arm-none-eabi/lib/thumb/v7e-m+fp/hard\libc_nano.a
END GROUP
START GROUP
LOAD c:/Users/alireza/AppData/Roaming/Code/User/globalStorage/bmd.stm32-for-vscode/@xpack-dev-tools/arm-none-eabi-gcc/14.2.1-1.1.1/.content/bin/../lib/gcc/arm-none-eabi/14.2.1/thumb/v7e-m+fp/hard\libgcc.a
LOAD c:/Users/alireza/AppData/Roaming/Code/User/globalStorage/bmd.stm32-for-vscode/@xpack-dev-tools/arm-none-eabi-gcc/14.2.1-1.1.1/.content/bin/../lib/gcc/arm-none-eabi/14.2.1/../../../../arm-none-eabi/lib/thumb/v7e-m+fp/hard\libc_nano.a
END GROUP
LOAD c:/Users/alireza/AppData/Roaming/Code/User/globalStorage/bmd.stm32-for-vscode/@xpack-dev-tools/arm-none-eabi-gcc/14.2.1-1.1.1/.content/bin/../lib/gcc/arm-none-eabi/14.2.1/thumb/v7e-m+fp/hard/crtend.o
LOAD c:/Users/alireza/AppData/Roaming/Code/User/globalStorage/bmd.stm32-for-vscode/@xpack-dev-tools/arm-none-eabi-gcc/14.2.1-1.1.1/.content/bin/../lib/gcc/arm-none-eabi/14.2.1/thumb/v7e-m+fp/hard/crtn.o
                0x20010000                        _estack = (ORIGIN (RAM) + LENGTH (RAM))
                0x00000200                        _Min_Heap_Size = 0x200
                0x00000400                        _Min_Stack_Size = 0x400

.isr_vector     0x08000000      0x194
                0x08000000                        . = ALIGN (0x4)
 *(.isr_vector)
 .isr_vector    0x08000000      0x194 build/debug/startup_stm32f401xc.o
                0x08000000                g_pfnVectors
                0x08000194                        . = ALIGN (0x4)

.text           0x080001a0     0xf960
                0x080001a0                        . = ALIGN (0x4)
 *(.text)
 .text          0x080001a0       0x10 c:/Users/alireza/AppData/Roaming/Code/User/globalStorage/bmd.stm32-for-vscode/@xpack-dev-tools/arm-none-eabi-gcc/14.2.1-1.1.1/.content/bin/../lib/gcc/arm-none-eabi/14.2.1/../../../../arm-none-eabi/lib/thumb/v7e-m+fp/hard\libc_nano.a(libc_a-strlen.o)
                0x080001a0                strlen
 .text          0x080001b0       0xa0 c:/Users/alireza/AppData/Roaming/Code/User/globalStorage/bmd.stm32-for-vscode/@xpack-dev-tools/arm-none-eabi-gcc/14.2.1-1.1.1/.content/bin/../lib/gcc/arm-none-eabi/14.2.1/../../../../arm-none-eabi/lib/thumb/v7e-m+fp/hard\libc_nano.a(libc_a-memchr.o)
                0x080001b0                memchr
 .text          0x08000250      0x378 c:/Users/alireza/AppData/Roaming/Code/User/globalStorage/bmd.stm32-for-vscode/@xpack-dev-tools/arm-none-eabi-gcc/14.2.1-1.1.1/.content/bin/../lib/gcc/arm-none-eabi/14.2.1/thumb/v7e-m+fp/hard\libgcc.a(_arm_addsubdf3.o)
                0x08000250                __aeabi_drsub
                0x08000258                __aeabi_dsub
                0x08000258                __subdf3
                0x0800025c                __aeabi_dadd
                0x0800025c                __adddf3
                0x080004d4                __floatunsidf
                0x080004d4                __aeabi_ui2d
                0x080004f4                __floatsidf
                0x080004f4                __aeabi_i2d
                0x08000518                __aeabi_f2d
                0x08000518                __extendsfdf2
                0x0800055c                __floatundidf
                0x0800055c                __aeabi_ul2d
                0x0800056c                __floatdidf
                0x0800056c                __aeabi_l2d
 .text          0x080005c8      0x424 c:/Users/alireza/AppData/Roaming/Code/User/globalStorage/bmd.stm32-for-vscode/@xpack-dev-tools/arm-none-eabi-gcc/14.2.1-1.1.1/.content/bin/../lib/gcc/arm-none-eabi/14.2.1/thumb/v7e-m+fp/hard\libgcc.a(_arm_muldivdf3.o)
                0x080005c8                __aeabi_dmul
                0x080005c8                __muldf3
                0x0800081c                __divdf3
                0x0800081c                __aeabi_ddiv
 .text          0x080009ec       0x40 c:/Users/alireza/AppData/Roaming/Code/User/globalStorage/bmd.stm32-for-vscode/@xpack-dev-tools/arm-none-eabi-gcc/14.2.1-1.1.1/.content/bin/../lib/gcc/arm-none-eabi/14.2.1/thumb/v7e-m+fp/hard\libgcc.a(_arm_fixunsdfsi.o)
                0x080009ec                __aeabi_d2uiz
                0x080009ec                __fixunsdfsi
 .text          0x08000a2c       0x30 c:/Users/alireza/AppData/Roaming/Code/User/globalStorage/bmd.stm32-for-vscode/@xpack-dev-tools/arm-none-eabi-gcc/14.2.1-1.1.1/.content/bin/../lib/gcc/arm-none-eabi/14.2.1/thumb/v7e-m+fp/hard\libgcc.a(_aeabi_uldivmod.o)
                0x08000a2c                __aeabi_uldivmod
 .text          0x08000a5c        0x4 c:/Users/alireza/AppData/Roaming/Code/User/globalStorage/bmd.stm32-for-vscode/@xpack-dev-tools/arm-none-eabi-gcc/14.2.1-1.1.1/.content/bin/../lib/gcc/arm-none-eabi/14.2.1/thumb/v7e-m+fp/hard\libgcc.a(_dvmd_tls.o)
                0x08000a5c                __aeabi_idiv0
                0x08000a5c                __aeabi_ldiv0
 *(.text*)
 .text.__do_global_dtors_aux
                0x08000a60       0x24 c:/Users/alireza/AppData/Roaming/Code/User/globalStorage/bmd.stm32-for-vscode/@xpack-dev-tools/arm-none-eabi-gcc/14.2.1-1.1.1/.content/bin/../lib/gcc/arm-none-eabi/14.2.1/thumb/v7e-m+fp/hard/crtbegin.o
 .text.frame_dummy
                0x08000a84       0x1c c:/Users/alireza/AppData/Roaming/Code/User/globalStorage/bmd.stm32-for-vscode/@xpack-dev-tools/arm-none-eabi-gcc/14.2.1-1.1.1/.content/bin/../lib/gcc/arm-none-eabi/14.2.1/thumb/v7e-m+fp/hard/crtbegin.o
 .text.MX_ADC1_Init
                0x08000aa0      0x248 build/debug/adc.o
                0x08000aa0                MX_ADC1_Init
 .text.HAL_ADC_MspInit
                0x08000ce8       0xd8 build/debug/adc.o
                0x08000ce8                HAL_ADC_MspInit
 .text.HAL_ADC_ConvCpltCallback
                0x08000dc0        0x8 build/debug/analog_inputs.o
                0x08000dc0                HAL_ADC_ConvCpltCallback
 .text.analog_inputs_init
                0x08000dc8       0x6c build/debug/analog_inputs.o
                0x08000dc8                analog_inputs_init
 .text.analog_inputs_get_data
                0x08000e34       0x58 build/debug/analog_inputs.o
                0x08000e34                analog_inputs_get_data
 .text.analog_inputs_get_voltage
                0x08000e8c       0x30 build/debug/analog_inputs.o
                0x08000e8c                analog_inputs_get_voltage
 .text.TimerCallback
                0x08000ebc       0x10 build/debug/cmsis_os2.o
 .text.SysTick_Handler
                0x08000ecc       0x18 build/debug/cmsis_os2.o
                0x08000ecc                SysTick_Handler
 .text.osKernelInitialize
                0x08000ee4       0x24 build/debug/cmsis_os2.o
                0x08000ee4                osKernelInitialize
 .text.osKernelStart
                0x08000f08       0x38 build/debug/cmsis_os2.o
                0x08000f08                osKernelStart
 .text.osThreadNew
                0x08000f40       0xb4 build/debug/cmsis_os2.o
                0x08000f40                osThreadNew
 .text.osDelay  0x08000ff4       0x1c build/debug/cmsis_os2.o
                0x08000ff4                osDelay
 .text.osTimerNew
                0x08001010       0xa8 build/debug/cmsis_os2.o
                0x08001010                osTimerNew
 .text.osTimerStart
                0x080010b8       0x34 build/debug/cmsis_os2.o
                0x080010b8                osTimerStart
 .text.osEventFlagsNew
                0x080010ec       0x44 build/debug/cmsis_os2.o
                0x080010ec                osEventFlagsNew
 .text.osEventFlagsSet
                0x08001130       0x5a build/debug/cmsis_os2.o
                0x08001130                osEventFlagsSet
 .text.osEventFlagsClear
                0x0800118a       0x40 build/debug/cmsis_os2.o
                0x0800118a                osEventFlagsClear
 .text.osEventFlagsWait
                0x080011ca       0x74 build/debug/cmsis_os2.o
                0x080011ca                osEventFlagsWait
 .text.osMessageQueueNew
                0x0800123e       0x96 build/debug/cmsis_os2.o
                0x0800123e                osMessageQueueNew
 .text.osMessageQueuePut
                0x080012d4       0x84 build/debug/cmsis_os2.o
                0x080012d4                osMessageQueuePut
 .text.osMessageQueueGet
                0x08001358       0x82 build/debug/cmsis_os2.o
                0x08001358                osMessageQueueGet
 *fill*         0x080013da        0x2 
 .text.vApplicationGetIdleTaskMemory
                0x080013dc       0x18 build/debug/cmsis_os2.o
                0x080013dc                vApplicationGetIdleTaskMemory
 .text.vApplicationGetTimerTaskMemory
                0x080013f4       0x18 build/debug/cmsis_os2.o
                0x080013f4                vApplicationGetTimerTaskMemory
 .text.transmit_crc_packet
                0x0800140c       0x7c build/debug/comms.o
                0x0800140c                transmit_crc_packet
 .text.send_response
                0x08001488       0x38 build/debug/comms.o
                0x08001488                send_response
 .text.comms_init
                0x080014c0       0x94 build/debug/comms.o
                0x080014c0                comms_init
 .text.process_plain_command
                0x08001554       0x7c build/debug/comms.o
                0x08001554                process_plain_command
 .text.handle_page_read_command
                0x080015d0       0x28 build/debug/comms.o
                0x080015d0                handle_page_read_command
 .text.process_command
                0x080015f8      0x1dc build/debug/comms.o
                0x080015f8                process_command
 .text.comms_task
                0x080017d4       0x28 build/debug/comms.o
                0x080017d4                comms_task
 .text.__NVIC_SystemReset
                0x080017fc       0x24 build/debug/controller.o
 .text.controller_long_routines_task
                0x08001820       0x38 build/debug/controller.o
                0x08001820                controller_long_routines_task
 .text.controller_sensor_task
                0x08001858      0x160 build/debug/controller.o
                0x08001858                controller_sensor_task
 .text.controller_test_task
                0x080019b8       0x2c build/debug/controller.o
                0x080019b8                controller_test_task
 .text.controller_load_test_configuration
                0x080019e4      0x410 build/debug/controller.o
                0x080019e4                controller_load_test_configuration
 .text.controller_load_configuration
                0x08001df4        0x8 build/debug/controller.o
                0x08001df4                controller_load_configuration
 .text.controller_init
                0x08001dfc      0x338 build/debug/controller.o
                0x08001dfc                controller_init
 .text.controller_analog_inputs_read_callback
                0x08002134       0x48 build/debug/controller.o
                0x08002134                controller_analog_inputs_read_callback
 .text.trigger_driven_events_callback
                0x0800217c       0x3c build/debug/controller.o
                0x0800217c                trigger_driven_events_callback
 .text.HAL_GPIO_EXTI_Callback
                0x080021b8       0x34 build/debug/controller.o
                0x080021b8                HAL_GPIO_EXTI_Callback
 .text.run_controller_command
                0x080021ec      0x204 build/debug/controller.o
                0x080021ec                run_controller_command
 .text.MX_CRC_Init
                0x080023f0       0x20 build/debug/crc.o
                0x080023f0                MX_CRC_Init
 .text.HAL_CRC_MspInit
                0x08002410       0x30 build/debug/crc.o
                0x08002410                HAL_CRC_MspInit
 .text.dc_motor_set
                0x08002440      0x280 build/debug/dc_motors.o
                0x08002440                dc_motor_set
 .text.dc_motor_disable
                0x080026c0       0x6c build/debug/dc_motors.o
                0x080026c0                dc_motor_disable
 .text.dc_motor_set_timer_freq
                0x0800272c       0x50 build/debug/dc_motors.o
                0x0800272c                dc_motor_set_timer_freq
 .text.dc_motor_init
                0x0800277c       0xa6 build/debug/dc_motors.o
                0x0800277c                dc_motor_init
 .text.dc_motor_enable
                0x08002822       0x70 build/debug/dc_motors.o
                0x08002822                dc_motor_enable
 *fill*         0x08002892        0x2 
 .text.MX_DMA_Init
                0x08002894       0x34 build/debug/dma.o
                0x08002894                MX_DMA_Init
 .text.EE_Init  0x080028c8       0x40 build/debug/ee.o
                0x080028c8                EE_Init
 .text.EE_Read  0x08002908       0x28 build/debug/ee.o
                0x08002908                EE_Read
 .text.electronic_throttle_init
                0x08002930       0x74 build/debug/electronic_throttle.o
                0x08002930                electronic_throttle_init
 .text.electronic_throttle_set
                0x080029a4       0x30 build/debug/electronic_throttle.o
                0x080029a4                electronic_throttle_set
 .text.electronic_throttle_update
                0x080029d4      0x37c build/debug/electronic_throttle.o
                0x080029d4                electronic_throttle_update
 .text.electronic_throttle_enable
                0x08002d50        0x8 build/debug/electronic_throttle.o
                0x08002d50                electronic_throttle_enable
 .text.electronic_throttle_tone_success
                0x08002d58       0x8e build/debug/electronic_throttle.o
                0x08002d58                electronic_throttle_tone_success
 .text.electronic_throttle_tone_fail
                0x08002de6       0x50 build/debug/electronic_throttle.o
                0x08002de6                electronic_throttle_tone_fail
 *fill*         0x08002e36        0x2 
 .text.electronic_throttle_auto_tune
                0x08002e38      0x4bc build/debug/electronic_throttle.o
                0x08002e38                electronic_throttle_auto_tune
 .text.electronic_throttle_enable_end_of_travel_protection
                0x080032f4       0x44 build/debug/electronic_throttle.o
                0x080032f4                electronic_throttle_enable_end_of_travel_protection
 .text.log_error
                0x08003338       0x3c build/debug/error_handling.o
                0x08003338                log_error
 .text.log_warning
                0x08003374       0x3c build/debug/error_handling.o
                0x08003374                log_warning
 .text.prvTestWaitCondition
                0x080033b0       0x1a build/debug/event_groups.o
 .text.xEventGroupCreateStatic
                0x080033ca       0x4a build/debug/event_groups.o
                0x080033ca                xEventGroupCreateStatic
 .text.xEventGroupCreate
                0x08003414       0x1c build/debug/event_groups.o
                0x08003414                xEventGroupCreate
 .text.xEventGroupWaitBits
                0x08003430      0x10a build/debug/event_groups.o
                0x08003430                xEventGroupWaitBits
 .text.xEventGroupClearBits
                0x0800353a       0x46 build/debug/event_groups.o
                0x0800353a                xEventGroupClearBits
 .text.vEventGroupClearBitsCallback
                0x08003580        0x8 build/debug/event_groups.o
                0x08003580                vEventGroupClearBitsCallback
 .text.xEventGroupClearBitsFromISR
                0x08003588       0x14 build/debug/event_groups.o
                0x08003588                xEventGroupClearBitsFromISR
 .text.xEventGroupGetBitsFromISR
                0x0800359c       0x1c build/debug/event_groups.o
                0x0800359c                xEventGroupGetBitsFromISR
 .text.xEventGroupSetBits
                0x080035b8       0x8e build/debug/event_groups.o
                0x080035b8                xEventGroupSetBits
 .text.vEventGroupSetBitsCallback
                0x08003646        0x8 build/debug/event_groups.o
                0x08003646                vEventGroupSetBitsCallback
 *fill*         0x0800364e        0x2 
 .text.xEventGroupSetBitsFromISR
                0x08003650       0x14 build/debug/event_groups.o
                0x08003650                xEventGroupSetBitsFromISR
 .text.fan_control_update
                0x08003664       0xb4 build/debug/fan_control.o
                0x08003664                fan_control_update
 .text.StartDefaultTask
                0x08003718       0x14 build/debug/freertos.o
                0x08003718                StartDefaultTask
 .text.controller_init_task
                0x0800372c        0xe build/debug/freertos.o
                0x0800372c                controller_init_task
 *fill*         0x0800373a        0x2 
 .text.MX_FREERTOS_Init
                0x0800373c       0x4c build/debug/freertos.o
                0x0800373c                MX_FREERTOS_Init
 .text.fuel_math_use_tps_map_sensors
                0x08003788       0x18 build/debug/fuel_math.o
                0x08003788                fuel_math_use_tps_map_sensors
 .text.air_mass_get
                0x080037a0      0x150 build/debug/fuel_math.o
                0x080037a0                air_mass_get
 .text.fuel_get_required_mass_petrol
                0x080038f0      0x184 build/debug/fuel_math.o
                0x080038f0                fuel_get_required_mass_petrol
 .text.fuel_get_required_mass_petrol_per_cycle
                0x08003a74       0x28 build/debug/fuel_math.o
                0x08003a74                fuel_get_required_mass_petrol_per_cycle
 .text.fuel_get_required_mass_gas
                0x08003a9c      0x198 build/debug/fuel_math.o
                0x08003a9c                fuel_get_required_mass_gas
 .text.gas_injection_init
                0x08003c34       0x1c build/debug/gas_injection.o
                0x08003c34                gas_injection_init
 .text.gas_injection_update
                0x08003c50      0x140 build/debug/gas_injection.o
                0x08003c50                gas_injection_update
 .text.governer_update
                0x08003d90      0x114 build/debug/governer.o
                0x08003d90                governer_update
 .text.governer_init
                0x08003ea4       0x90 build/debug/governer.o
                0x08003ea4                governer_init
 .text.MX_GPIO_Init
                0x08003f34      0x15c build/debug/gpio.o
                0x08003f34                MX_GPIO_Init
 .text.prvHeapInit
                0x08004090       0x64 build/debug/heap_4.o
 .text.prvInsertBlockIntoFreeList
                0x080040f4       0x64 build/debug/heap_4.o
 .text.pvPortMalloc
                0x08004158      0x104 build/debug/heap_4.o
                0x08004158                pvPortMalloc
 .text.vPortFree
                0x0800425c       0x7c build/debug/heap_4.o
                0x0800425c                vPortFree
 .text.MX_I2C1_Init
                0x080042d8       0x3c build/debug/i2c.o
                0x080042d8                MX_I2C1_Init
 .text.HAL_I2C_MspInit
                0x08004314       0x70 build/debug/i2c.o
                0x08004314                HAL_I2C_MspInit
 .text.ignition_coil_begin_charge
                0x08004384       0x2e build/debug/ignition.o
                0x08004384                ignition_coil_begin_charge
 .text.ignition_coil_fire_spark
                0x080043b2       0x2e build/debug/ignition.o
                0x080043b2                ignition_coil_fire_spark
 .text.ignition_watchdog_check
                0x080043e0       0x68 build/debug/ignition.o
                0x080043e0                ignition_watchdog_check
 .text.ignition_init
                0x08004448      0x218 build/debug/ignition.o
                0x08004448                ignition_init
 .text.ignition_switch_to_coil_on_plug
                0x08004660       0x78 build/debug/ignition.o
                0x08004660                ignition_switch_to_coil_on_plug
 .text.ignition_switch_to_coil_on_plug_wasted_spark
                0x080046d8       0x68 build/debug/ignition.o
                0x080046d8                ignition_switch_to_coil_on_plug_wasted_spark
 .text.schedule_ignition_event
                0x08004740       0x40 build/debug/ignition.o
                0x08004740                schedule_ignition_event
 .text.ignition_get_advance
                0x08004780       0xf8 build/debug/ignition.o
                0x08004780                ignition_get_advance
 .text.ignition_trigger_event_handle
                0x08004878      0x430 build/debug/ignition.o
                0x08004878                ignition_trigger_event_handle
 .text.injection_switch_to_batch
                0x08004ca8       0x60 build/debug/injection.o
 .text.injection_switch_to_sequential
                0x08004d08       0x70 build/debug/injection.o
 .text.injector_stop_injection
                0x08004d78       0x26 build/debug/injection.o
 *fill*         0x08004d9e        0x2 
 .text.injection_watchdog_check
                0x08004da0       0x58 build/debug/injection.o
 .text.injector_start_injection
                0x08004df8       0x26 build/debug/injection.o
 *fill*         0x08004e1e        0x2 
 .text.schedule_injection_event
                0x08004e20       0x40 build/debug/injection.o
 .text.injection_init
                0x08004e60      0x1a8 build/debug/injection.o
                0x08004e60                injection_init
 .text.get_pulse_width
                0x08005008       0x5c build/debug/injection.o
                0x08005008                get_pulse_width
 .text.injection_trigger_event_handle
                0x08005064      0x2a4 build/debug/injection.o
                0x08005064                injection_trigger_event_handle
 .text.vListInitialise
                0x08005308       0x16 build/debug/list.o
                0x08005308                vListInitialise
 .text.vListInitialiseItem
                0x0800531e        0x6 build/debug/list.o
                0x0800531e                vListInitialiseItem
 .text.vListInsertEnd
                0x08005324       0x16 build/debug/list.o
                0x08005324                vListInsertEnd
 .text.vListInsert
                0x0800533a       0x32 build/debug/list.o
                0x0800533a                vListInsert
 .text.uxListRemove
                0x0800536c       0x26 build/debug/list.o
                0x0800536c                uxListRemove
 *fill*         0x08005392        0x2 
 .text.HAL_TIM_PeriodElapsedCallback
                0x08005394       0x18 build/debug/main.o
                0x08005394                HAL_TIM_PeriodElapsedCallback
 .text.Error_Handler
                0x080053ac        0x4 build/debug/main.o
                0x080053ac                Error_Handler
 .text.SystemClock_Config
                0x080053b0       0xa4 build/debug/main.o
                0x080053b0                SystemClock_Config
 .text.main     0x08005454       0x38 build/debug/main.o
                0x08005454                main
 .text.output_set
                0x0800548c       0x1c build/debug/outputs.o
                0x0800548c                output_set
 .text.output_override
                0x080054a8       0x2e build/debug/outputs.o
                0x080054a8                output_override
 .text.output_override_clear
                0x080054d6       0x1a build/debug/outputs.o
                0x080054d6                output_override_clear
 .text.output_gas_solenoid_set
                0x080054f0       0x10 build/debug/outputs.o
                0x080054f0                output_gas_solenoid_set
 .text.output_fire_ignition
                0x08005500       0x24 build/debug/outputs.o
                0x08005500                output_fire_ignition
 .text.output_fire_injection
                0x08005524       0x24 build/debug/outputs.o
                0x08005524                output_fire_injection
 .text.pid_init
                0x08005548       0x12 build/debug/pid.o
                0x08005548                pid_init
 .text.pid_set_setpoint
                0x0800555a        0x6 build/debug/pid.o
                0x0800555a                pid_set_setpoint
 .text.pid_compute
                0x08005560       0xf8 build/debug/pid.o
                0x08005560                pid_compute
 .text.pid_set_tuning
                0x08005658       0x1c build/debug/pid.o
                0x08005658                pid_set_tuning
 .text.prvTaskExitError
                0x08005674       0x40 build/debug/port.o
 .text.prvPortStartFirstTask
                0x080056b4       0x28 build/debug/port.o
 .text.vPortEnableVFP
                0x080056dc       0x14 build/debug/port.o
 .text.pxPortInitialiseStack
                0x080056f0       0x2c build/debug/port.o
                0x080056f0                pxPortInitialiseStack
 *fill*         0x0800571c        0x4 
 .text.SVC_Handler
                0x08005720       0x24 build/debug/port.o
                0x08005720                SVC_Handler
 .text.vPortEnterCritical
                0x08005744       0x44 build/debug/port.o
                0x08005744                vPortEnterCritical
 .text.vPortExitCritical
                0x08005788       0x2c build/debug/port.o
                0x08005788                vPortExitCritical
 *fill*         0x080057b4        0xc 
 .text.PendSV_Handler
                0x080057c0       0x64 build/debug/port.o
                0x080057c0                PendSV_Handler
 .text.xPortSysTickHandler
                0x08005824       0x2c build/debug/port.o
                0x08005824                xPortSysTickHandler
 .text.vPortSetupTimerInterrupt
                0x08005850       0x28 build/debug/port.o
                0x08005850                vPortSetupTimerInterrupt
 .text.xPortStartScheduler
                0x08005878      0x118 build/debug/port.o
                0x08005878                xPortStartScheduler
 .text.vPortValidateInterruptPriority
                0x08005990       0x5c build/debug/port.o
                0x08005990                vPortValidateInterruptPriority
 .text.prvIsQueueFull
                0x080059ec       0x1e build/debug/queue.o
 .text.prvIsQueueEmpty
                0x08005a0a       0x1a build/debug/queue.o
 .text.prvCopyDataToQueue
                0x08005a24       0x76 build/debug/queue.o
 .text.prvCopyDataFromQueue
                0x08005a9a       0x24 build/debug/queue.o
 .text.prvUnlockQueue
                0x08005abe       0x6e build/debug/queue.o
 .text.xQueueGenericReset
                0x08005b2c       0x84 build/debug/queue.o
                0x08005b2c                xQueueGenericReset
 .text.prvInitialiseNewQueue
                0x08005bb0       0x22 build/debug/queue.o
 .text.xQueueGenericCreateStatic
                0x08005bd2       0x94 build/debug/queue.o
                0x08005bd2                xQueueGenericCreateStatic
 .text.xQueueGenericCreate
                0x08005c66       0x48 build/debug/queue.o
                0x08005c66                xQueueGenericCreate
 .text.xQueueGenericSend
                0x08005cae      0x188 build/debug/queue.o
                0x08005cae                xQueueGenericSend
 .text.xQueueGenericSendFromISR
                0x08005e36       0xce build/debug/queue.o
                0x08005e36                xQueueGenericSendFromISR
 .text.xQueueReceive
                0x08005f04      0x15e build/debug/queue.o
                0x08005f04                xQueueReceive
 .text.xQueueReceiveFromISR
                0x08006062       0xae build/debug/queue.o
                0x08006062                xQueueReceiveFromISR
 .text.vQueueAddToRegistry
                0x08006110       0x28 build/debug/queue.o
                0x08006110                vQueueAddToRegistry
 .text.vQueueWaitForMessageRestricted
                0x08006138       0x52 build/debug/queue.o
                0x08006138                vQueueWaitForMessageRestricted
 *fill*         0x0800618a        0x2 
 .text.resistor_init
                0x0800618c       0x1c build/debug/resistor.o
                0x0800618c                resistor_init
 .text.resistor_get_resistance
                0x080061a8       0xa0 build/debug/resistor.o
                0x080061a8                resistor_get_resistance
 .text.sensor_tps_get
                0x08006248       0x14 build/debug/sensors.o
                0x08006248                sensor_tps_get
 .text.sensor_tps_rate_of_change_get
                0x0800625c       0x14 build/debug/sensors.o
                0x0800625c                sensor_tps_rate_of_change_get
 .text.sensor_tps_update
                0x08006270      0x124 build/debug/sensors.o
                0x08006270                sensor_tps_update
 .text.sensor_map_init
                0x08006394       0x64 build/debug/sensors.o
                0x08006394                sensor_map_init
 .text.sensor_map_update
                0x080063f8       0xf4 build/debug/sensors.o
                0x080063f8                sensor_map_update
 .text.sensor_map_get
                0x080064ec       0x34 build/debug/sensors.o
                0x080064ec                sensor_map_get
 .text.sensor_map_rate_of_change_get
                0x08006520       0x34 build/debug/sensors.o
                0x08006520                sensor_map_rate_of_change_get
 .text.sensor_iat_init
                0x08006554       0xb8 build/debug/sensors.o
                0x08006554                sensor_iat_init
 .text.sensor_iat_update
                0x0800660c       0x78 build/debug/sensors.o
                0x0800660c                sensor_iat_update
 .text.sensor_iat_get
                0x08006684       0x38 build/debug/sensors.o
                0x08006684                sensor_iat_get
 .text.sensor_clt_init
                0x080066bc       0xd0 build/debug/sensors.o
                0x080066bc                sensor_clt_init
 .text.sensor_clt_update
                0x0800678c       0x78 build/debug/sensors.o
                0x0800678c                sensor_clt_update
 .text.sensor_clt_get
                0x08006804       0x38 build/debug/sensors.o
                0x08006804                sensor_clt_get
 .text.sensor_ops_update
                0x0800683c       0x60 build/debug/sensors.o
                0x0800683c                sensor_ops_update
 .text.sensor_egt_get
                0x0800689c        0xc build/debug/sensors.o
                0x0800689c                sensor_egt_get
 .text.vbat_update
                0x080068a8       0x40 build/debug/sensors.o
                0x080068a8                vbat_update
 .text.vbat_get
                0x080068e8        0xc build/debug/sensors.o
                0x080068e8                vbat_get
 .text.HAL_Init
                0x080068f4       0x34 build/debug/stm32f4xx_hal.o
                0x080068f4                HAL_Init
 .text.HAL_IncTick
                0x08006928       0x18 build/debug/stm32f4xx_hal.o
                0x08006928                HAL_IncTick
 .text.HAL_GetTick
                0x08006940        0xc build/debug/stm32f4xx_hal.o
                0x08006940                HAL_GetTick
 .text.HAL_Delay
                0x0800694c       0x28 build/debug/stm32f4xx_hal.o
                0x0800694c                HAL_Delay
 .text.ADC_Init
                0x08006974      0x134 build/debug/stm32f4xx_hal_adc.o
 .text.HAL_ADC_Init
                0x08006aa8       0x56 build/debug/stm32f4xx_hal_adc.o
                0x08006aa8                HAL_ADC_Init
 *fill*         0x08006afe        0x2 
 .text.HAL_ADC_Start_DMA
                0x08006b00      0x164 build/debug/stm32f4xx_hal_adc.o
                0x08006b00                HAL_ADC_Start_DMA
 .text.HAL_ADC_ConvHalfCpltCallback
                0x08006c64        0x2 build/debug/stm32f4xx_hal_adc.o
                0x08006c64                HAL_ADC_ConvHalfCpltCallback
 .text.ADC_DMAHalfConvCplt
                0x08006c66        0xa build/debug/stm32f4xx_hal_adc.o
 .text.HAL_ADC_ErrorCallback
                0x08006c70        0x2 build/debug/stm32f4xx_hal_adc.o
                0x08006c70                HAL_ADC_ErrorCallback
 .text.ADC_DMAError
                0x08006c72       0x16 build/debug/stm32f4xx_hal_adc.o
 .text.ADC_DMAConvCplt
                0x08006c88       0x72 build/debug/stm32f4xx_hal_adc.o
 *fill*         0x08006cfa        0x2 
 .text.HAL_ADC_ConfigChannel
                0x08006cfc      0x194 build/debug/stm32f4xx_hal_adc.o
                0x08006cfc                HAL_ADC_ConfigChannel
 .text.HAL_ADCEx_InjectedConfigChannel
                0x08006e90      0x200 build/debug/stm32f4xx_hal_adc_ex.o
                0x08006e90                HAL_ADCEx_InjectedConfigChannel
 .text.__NVIC_EnableIRQ
                0x08007090       0x1c build/debug/stm32f4xx_hal_cortex.o
 .text.__NVIC_SetPriority
                0x080070ac       0x28 build/debug/stm32f4xx_hal_cortex.o
 .text.NVIC_EncodePriority
                0x080070d4       0x3e build/debug/stm32f4xx_hal_cortex.o
 *fill*         0x08007112        0x2 
 .text.HAL_NVIC_SetPriorityGrouping
                0x08007114       0x24 build/debug/stm32f4xx_hal_cortex.o
                0x08007114                HAL_NVIC_SetPriorityGrouping
 .text.HAL_NVIC_SetPriority
                0x08007138       0x20 build/debug/stm32f4xx_hal_cortex.o
                0x08007138                HAL_NVIC_SetPriority
 .text.HAL_NVIC_EnableIRQ
                0x08007158        0x8 build/debug/stm32f4xx_hal_cortex.o
                0x08007158                HAL_NVIC_EnableIRQ
 .text.HAL_CRC_Init
                0x08007160       0x1e build/debug/stm32f4xx_hal_crc.o
                0x08007160                HAL_CRC_Init
 .text.DMA_SetConfig
                0x0800717e       0x2c build/debug/stm32f4xx_hal_dma.o
 *fill*         0x080071aa        0x2 
 .text.DMA_CalcBaseAndBitshift
                0x080071ac       0x3c build/debug/stm32f4xx_hal_dma.o
 .text.DMA_CheckFifoParam
                0x080071e8       0x8e build/debug/stm32f4xx_hal_dma.o
 *fill*         0x08007276        0x2 
 .text.HAL_DMA_Init
                0x08007278       0xcc build/debug/stm32f4xx_hal_dma.o
                0x08007278                HAL_DMA_Init
 .text.HAL_DMA_Start_IT
                0x08007344       0x68 build/debug/stm32f4xx_hal_dma.o
                0x08007344                HAL_DMA_Start_IT
 .text.HAL_DMA_IRQHandler
                0x080073ac      0x1dc build/debug/stm32f4xx_hal_dma.o
                0x080073ac                HAL_DMA_IRQHandler
 .text.HAL_GPIO_Init
                0x08007588      0x1c8 build/debug/stm32f4xx_hal_gpio.o
                0x08007588                HAL_GPIO_Init
 .text.HAL_GPIO_ReadPin
                0x08007750        0xe build/debug/stm32f4xx_hal_gpio.o
                0x08007750                HAL_GPIO_ReadPin
 .text.HAL_GPIO_WritePin
                0x0800775e        0xc build/debug/stm32f4xx_hal_gpio.o
                0x0800775e                HAL_GPIO_WritePin
 .text.HAL_GPIO_TogglePin
                0x0800776a       0x12 build/debug/stm32f4xx_hal_gpio.o
                0x0800776a                HAL_GPIO_TogglePin
 .text.HAL_GPIO_EXTI_IRQHandler
                0x0800777c       0x1c build/debug/stm32f4xx_hal_gpio.o
                0x0800777c                HAL_GPIO_EXTI_IRQHandler
 .text.HAL_I2C_Init
                0x08007798      0x1bc build/debug/stm32f4xx_hal_i2c.o
                0x08007798                HAL_I2C_Init
 .text.HAL_MspInit
                0x08007954       0x44 build/debug/stm32f4xx_hal_msp.o
                0x08007954                HAL_MspInit
 .text.PCD_WriteEmptyTxFifo
                0x08007998       0xd0 build/debug/stm32f4xx_hal_pcd.o
 .text.HAL_PCD_Init
                0x08007a68      0x102 build/debug/stm32f4xx_hal_pcd.o
                0x08007a68                HAL_PCD_Init
 .text.HAL_PCD_Start
                0x08007b6a       0x44 build/debug/stm32f4xx_hal_pcd.o
                0x08007b6a                HAL_PCD_Start
 *fill*         0x08007bae        0x2 
 .text.PCD_EP_OutXfrComplete_int
                0x08007bb0      0x104 build/debug/stm32f4xx_hal_pcd.o
 .text.PCD_EP_OutSetupPacket_int
                0x08007cb4       0x50 build/debug/stm32f4xx_hal_pcd.o
 .text.HAL_PCD_SetAddress
                0x08007d04       0x26 build/debug/stm32f4xx_hal_pcd.o
                0x08007d04                HAL_PCD_SetAddress
 .text.HAL_PCD_EP_Open
                0x08007d2a       0x8c build/debug/stm32f4xx_hal_pcd.o
                0x08007d2a                HAL_PCD_EP_Open
 .text.HAL_PCD_EP_Close
                0x08007db6       0x70 build/debug/stm32f4xx_hal_pcd.o
                0x08007db6                HAL_PCD_EP_Close
 .text.HAL_PCD_EP_Receive
                0x08007e26       0x4a build/debug/stm32f4xx_hal_pcd.o
                0x08007e26                HAL_PCD_EP_Receive
 .text.HAL_PCD_EP_GetRxCount
                0x08007e70       0x12 build/debug/stm32f4xx_hal_pcd.o
                0x08007e70                HAL_PCD_EP_GetRxCount
 .text.HAL_PCD_EP_Transmit
                0x08007e82       0x4a build/debug/stm32f4xx_hal_pcd.o
                0x08007e82                HAL_PCD_EP_Transmit
 .text.HAL_PCD_EP_SetStall
                0x08007ecc       0x86 build/debug/stm32f4xx_hal_pcd.o
                0x08007ecc                HAL_PCD_EP_SetStall
 .text.HAL_PCD_EP_ClrStall
                0x08007f52       0x74 build/debug/stm32f4xx_hal_pcd.o
                0x08007f52                HAL_PCD_EP_ClrStall
 .text.HAL_PCD_EP_Abort
                0x08007fc6       0x34 build/debug/stm32f4xx_hal_pcd.o
                0x08007fc6                HAL_PCD_EP_Abort
 .text.HAL_PCD_IRQHandler
                0x08007ffa      0x5c0 build/debug/stm32f4xx_hal_pcd.o
                0x08007ffa                HAL_PCD_IRQHandler
 .text.HAL_PCDEx_SetTxFiFo
                0x080085ba       0x4c build/debug/stm32f4xx_hal_pcd_ex.o
                0x080085ba                HAL_PCDEx_SetTxFiFo
 .text.HAL_PCDEx_SetRxFiFo
                0x08008606        0x8 build/debug/stm32f4xx_hal_pcd_ex.o
                0x08008606                HAL_PCDEx_SetRxFiFo
 .text.HAL_PCDEx_LPM_Callback
                0x0800860e        0x2 build/debug/stm32f4xx_hal_pcd_ex.o
                0x0800860e                HAL_PCDEx_LPM_Callback
 .text.HAL_RCC_OscConfig
                0x08008610      0x3f8 build/debug/stm32f4xx_hal_rcc.o
                0x08008610                HAL_RCC_OscConfig
 .text.HAL_RCC_GetSysClockFreq
                0x08008a08       0xa8 build/debug/stm32f4xx_hal_rcc.o
                0x08008a08                HAL_RCC_GetSysClockFreq
 .text.HAL_RCC_ClockConfig
                0x08008ab0      0x160 build/debug/stm32f4xx_hal_rcc.o
                0x08008ab0                HAL_RCC_ClockConfig
 .text.HAL_RCC_GetHCLKFreq
                0x08008c10        0xc build/debug/stm32f4xx_hal_rcc.o
                0x08008c10                HAL_RCC_GetHCLKFreq
 .text.HAL_RCC_GetPCLK1Freq
                0x08008c1c       0x20 build/debug/stm32f4xx_hal_rcc.o
                0x08008c1c                HAL_RCC_GetPCLK1Freq
 .text.HAL_RCC_GetPCLK2Freq
                0x08008c3c       0x20 build/debug/stm32f4xx_hal_rcc.o
                0x08008c3c                HAL_RCC_GetPCLK2Freq
 .text.HAL_RCC_GetClockConfig
                0x08008c5c       0x3c build/debug/stm32f4xx_hal_rcc.o
                0x08008c5c                HAL_RCC_GetClockConfig
 .text.TIM_OC1_SetConfig
                0x08008c98       0x54 build/debug/stm32f4xx_hal_tim.o
 .text.TIM_OC3_SetConfig
                0x08008cec       0x5c build/debug/stm32f4xx_hal_tim.o
 .text.TIM_OC4_SetConfig
                0x08008d48       0x48 build/debug/stm32f4xx_hal_tim.o
 .text.TIM_TI1_ConfigInputStage
                0x08008d90       0x26 build/debug/stm32f4xx_hal_tim.o
 .text.TIM_TI2_ConfigInputStage
                0x08008db6       0x28 build/debug/stm32f4xx_hal_tim.o
 .text.TIM_ITRx_SetConfig
                0x08008dde       0x10 build/debug/stm32f4xx_hal_tim.o
 *fill*         0x08008dee        0x2 
 .text.HAL_TIM_Base_Start
                0x08008df0       0x6c build/debug/stm32f4xx_hal_tim.o
                0x08008df0                HAL_TIM_Base_Start
 .text.HAL_TIM_Base_Start_IT
                0x08008e5c       0x74 build/debug/stm32f4xx_hal_tim.o
                0x08008e5c                HAL_TIM_Base_Start_IT
 .text.HAL_TIM_OC_MspInit
                0x08008ed0        0x2 build/debug/stm32f4xx_hal_tim.o
                0x08008ed0                HAL_TIM_OC_MspInit
 .text.HAL_TIM_PWM_MspInit
                0x08008ed2        0x2 build/debug/stm32f4xx_hal_tim.o
                0x08008ed2                HAL_TIM_PWM_MspInit
 .text.HAL_TIM_OC_DelayElapsedCallback
                0x08008ed4        0x2 build/debug/stm32f4xx_hal_tim.o
                0x08008ed4                HAL_TIM_OC_DelayElapsedCallback
 .text.HAL_TIM_IC_CaptureCallback
                0x08008ed6        0x2 build/debug/stm32f4xx_hal_tim.o
                0x08008ed6                HAL_TIM_IC_CaptureCallback
 .text.HAL_TIM_PWM_PulseFinishedCallback
                0x08008ed8        0x2 build/debug/stm32f4xx_hal_tim.o
                0x08008ed8                HAL_TIM_PWM_PulseFinishedCallback
 .text.HAL_TIM_TriggerCallback
                0x08008eda        0x2 build/debug/stm32f4xx_hal_tim.o
                0x08008eda                HAL_TIM_TriggerCallback
 .text.HAL_TIM_IRQHandler
                0x08008edc      0x15e build/debug/stm32f4xx_hal_tim.o
                0x08008edc                HAL_TIM_IRQHandler
 *fill*         0x0800903a        0x2 
 .text.TIM_Base_SetConfig
                0x0800903c       0xac build/debug/stm32f4xx_hal_tim.o
                0x0800903c                TIM_Base_SetConfig
 .text.HAL_TIM_Base_Init
                0x080090e8       0x58 build/debug/stm32f4xx_hal_tim.o
                0x080090e8                HAL_TIM_Base_Init
 .text.HAL_TIM_OC_Init
                0x08009140       0x58 build/debug/stm32f4xx_hal_tim.o
                0x08009140                HAL_TIM_OC_Init
 .text.HAL_TIM_PWM_Init
                0x08009198       0x58 build/debug/stm32f4xx_hal_tim.o
                0x08009198                HAL_TIM_PWM_Init
 .text.TIM_OC2_SetConfig
                0x080091f0       0x5c build/debug/stm32f4xx_hal_tim.o
                0x080091f0                TIM_OC2_SetConfig
 .text.HAL_TIM_OC_ConfigChannel
                0x0800924c       0x5e build/debug/stm32f4xx_hal_tim.o
                0x0800924c                HAL_TIM_OC_ConfigChannel
 .text.HAL_TIM_PWM_ConfigChannel
                0x080092aa       0xdc build/debug/stm32f4xx_hal_tim.o
                0x080092aa                HAL_TIM_PWM_ConfigChannel
 .text.TIM_ETR_SetConfig
                0x08009386       0x1a build/debug/stm32f4xx_hal_tim.o
                0x08009386                TIM_ETR_SetConfig
 .text.HAL_TIM_ConfigClockSource
                0x080093a0       0xfe build/debug/stm32f4xx_hal_tim.o
                0x080093a0                HAL_TIM_ConfigClockSource
 .text.TIM_CCxChannelCmd
                0x0800949e       0x1e build/debug/stm32f4xx_hal_tim.o
                0x0800949e                TIM_CCxChannelCmd
 .text.HAL_TIM_OC_Start
                0x080094bc       0xe4 build/debug/stm32f4xx_hal_tim.o
                0x080094bc                HAL_TIM_OC_Start
 .text.HAL_TIM_OC_Start_IT
                0x080095a0      0x154 build/debug/stm32f4xx_hal_tim.o
                0x080095a0                HAL_TIM_OC_Start_IT
 .text.HAL_TIM_PWM_Start
                0x080096f4       0xe4 build/debug/stm32f4xx_hal_tim.o
                0x080096f4                HAL_TIM_PWM_Start
 .text.HAL_TIMEx_MasterConfigSynchronization
                0x080097d8       0x7c build/debug/stm32f4xx_hal_tim_ex.o
                0x080097d8                HAL_TIMEx_MasterConfigSynchronization
 .text.HAL_TIMEx_CommutCallback
                0x08009854        0x2 build/debug/stm32f4xx_hal_tim_ex.o
                0x08009854                HAL_TIMEx_CommutCallback
 .text.HAL_TIMEx_BreakCallback
                0x08009856        0x2 build/debug/stm32f4xx_hal_tim_ex.o
                0x08009856                HAL_TIMEx_BreakCallback
 .text.HAL_InitTick
                0x08009858       0x94 build/debug/stm32f4xx_hal_timebase_tim.o
                0x08009858                HAL_InitTick
 .text.NMI_Handler
                0x080098ec        0x2 build/debug/stm32f4xx_it.o
                0x080098ec                NMI_Handler
 *fill*         0x080098ee        0x2 
 .text.HardFault_Handler
                0x080098f0       0x64 build/debug/stm32f4xx_it.o
                0x080098f0                HardFault_Handler
 .text.MemManage_Handler
                0x08009954        0x2 build/debug/stm32f4xx_it.o
                0x08009954                MemManage_Handler
 .text.BusFault_Handler
                0x08009956        0x2 build/debug/stm32f4xx_it.o
                0x08009956                BusFault_Handler
 .text.UsageFault_Handler
                0x08009958        0x2 build/debug/stm32f4xx_it.o
                0x08009958                UsageFault_Handler
 .text.DebugMon_Handler
                0x0800995a        0x2 build/debug/stm32f4xx_it.o
                0x0800995a                DebugMon_Handler
 .text.EXTI9_5_IRQHandler
                0x0800995c       0x14 build/debug/stm32f4xx_it.o
                0x0800995c                EXTI9_5_IRQHandler
 .text.TIM1_TRG_COM_TIM11_IRQHandler
                0x08009970       0x10 build/debug/stm32f4xx_it.o
                0x08009970                TIM1_TRG_COM_TIM11_IRQHandler
 .text.TIM2_IRQHandler
                0x08009980       0x14 build/debug/stm32f4xx_it.o
                0x08009980                TIM2_IRQHandler
 .text.DMA2_Stream0_IRQHandler
                0x08009994       0x10 build/debug/stm32f4xx_it.o
                0x08009994                DMA2_Stream0_IRQHandler
 .text.OTG_FS_IRQHandler
                0x080099a4       0x10 build/debug/stm32f4xx_it.o
                0x080099a4                OTG_FS_IRQHandler
 .text.USB_CoreReset
                0x080099b4       0x4a build/debug/stm32f4xx_ll_usb.o
 .text.USB_CoreInit
                0x080099fe       0x92 build/debug/stm32f4xx_ll_usb.o
                0x080099fe                USB_CoreInit
 .text.USB_SetTurnaroundTime
                0x08009a90       0xe4 build/debug/stm32f4xx_ll_usb.o
                0x08009a90                USB_SetTurnaroundTime
 .text.USB_EnableGlobalInt
                0x08009b74        0xc build/debug/stm32f4xx_ll_usb.o
                0x08009b74                USB_EnableGlobalInt
 .text.USB_DisableGlobalInt
                0x08009b80        0xc build/debug/stm32f4xx_ll_usb.o
                0x08009b80                USB_DisableGlobalInt
 .text.USB_FlushTxFifo
                0x08009b8c       0x4a build/debug/stm32f4xx_ll_usb.o
                0x08009b8c                USB_FlushTxFifo
 .text.USB_FlushRxFifo
                0x08009bd6       0x46 build/debug/stm32f4xx_ll_usb.o
                0x08009bd6                USB_FlushRxFifo
 .text.USB_SetDevSpeed
                0x08009c1c        0xe build/debug/stm32f4xx_ll_usb.o
                0x08009c1c                USB_SetDevSpeed
 *fill*         0x08009c2a        0x2 
 .text.USB_DevInit
                0x08009c2c      0x198 build/debug/stm32f4xx_ll_usb.o
                0x08009c2c                USB_DevInit
 .text.USB_GetDevSpeed
                0x08009dc4       0x22 build/debug/stm32f4xx_ll_usb.o
                0x08009dc4                USB_GetDevSpeed
 .text.USB_ActivateEndpoint
                0x08009de6       0x9a build/debug/stm32f4xx_ll_usb.o
                0x08009de6                USB_ActivateEndpoint
 .text.USB_DeactivateEndpoint
                0x08009e80       0xe0 build/debug/stm32f4xx_ll_usb.o
                0x08009e80                USB_DeactivateEndpoint
 .text.USB_EPStopXfer
                0x08009f60       0xbe build/debug/stm32f4xx_ll_usb.o
                0x08009f60                USB_EPStopXfer
 .text.USB_WritePacket
                0x0800a01e       0x2e build/debug/stm32f4xx_ll_usb.o
                0x0800a01e                USB_WritePacket
 .text.USB_EPStartXfer
                0x0800a04c      0x244 build/debug/stm32f4xx_ll_usb.o
                0x0800a04c                USB_EPStartXfer
 .text.USB_ReadPacket
                0x0800a290       0x46 build/debug/stm32f4xx_ll_usb.o
                0x0800a290                USB_ReadPacket
 .text.USB_EPSetStall
                0x0800a2d6       0x5a build/debug/stm32f4xx_ll_usb.o
                0x0800a2d6                USB_EPSetStall
 .text.USB_EPClearStall
                0x0800a330       0x5c build/debug/stm32f4xx_ll_usb.o
                0x0800a330                USB_EPClearStall
 .text.USB_SetDevAddress
                0x0800a38c       0x20 build/debug/stm32f4xx_ll_usb.o
                0x0800a38c                USB_SetDevAddress
 .text.USB_DevConnect
                0x0800a3ac       0x1c build/debug/stm32f4xx_ll_usb.o
                0x0800a3ac                USB_DevConnect
 .text.USB_DevDisconnect
                0x0800a3c8       0x1c build/debug/stm32f4xx_ll_usb.o
                0x0800a3c8                USB_DevDisconnect
 .text.USB_ReadInterrupts
                0x0800a3e4        0x8 build/debug/stm32f4xx_ll_usb.o
                0x0800a3e4                USB_ReadInterrupts
 .text.USB_ReadDevAllOutEpInterrupt
                0x0800a3ec       0x10 build/debug/stm32f4xx_ll_usb.o
                0x0800a3ec                USB_ReadDevAllOutEpInterrupt
 .text.USB_ReadDevAllInEpInterrupt
                0x0800a3fc       0x10 build/debug/stm32f4xx_ll_usb.o
                0x0800a3fc                USB_ReadDevAllInEpInterrupt
 .text.USB_ReadDevOutEPInterrupt
                0x0800a40c       0x12 build/debug/stm32f4xx_ll_usb.o
                0x0800a40c                USB_ReadDevOutEPInterrupt
 .text.USB_ReadDevInEPInterrupt
                0x0800a41e       0x24 build/debug/stm32f4xx_ll_usb.o
                0x0800a41e                USB_ReadDevInEPInterrupt
 .text.USB_GetMode
                0x0800a442        0x8 build/debug/stm32f4xx_ll_usb.o
                0x0800a442                USB_GetMode
 .text.USB_SetCurrentMode
                0x0800a44a       0x62 build/debug/stm32f4xx_ll_usb.o
                0x0800a44a                USB_SetCurrentMode
 .text.USB_ActivateSetup
                0x0800a4ac       0x1c build/debug/stm32f4xx_ll_usb.o
                0x0800a4ac                USB_ActivateSetup
 .text.USB_EP0_OutStart
                0x0800a4c8       0x60 build/debug/stm32f4xx_ll_usb.o
                0x0800a4c8                USB_EP0_OutStart
 .text._sbrk    0x0800a528       0x48 build/debug/sysmem.o
                0x0800a528                _sbrk
 .text.SystemInit
                0x0800a570       0x14 build/debug/system_stm32f4xx.o
                0x0800a570                SystemInit
 .text.table_2d_get_value
                0x0800a584      0x18c build/debug/tables.o
                0x0800a584                table_2d_get_value
 .text.table_1d_get_value
                0x0800a710       0x30 build/debug/tables.o
                0x0800a710                table_1d_get_value
 .text.prvResetNextTaskUnblockTime
                0x0800a740       0x2c build/debug/tasks.o
 .text.prvInitialiseNewTask
                0x0800a76c       0xa2 build/debug/tasks.o
 *fill*         0x0800a80e        0x2 
 .text.prvInitialiseTaskLists
                0x0800a810       0x68 build/debug/tasks.o
 .text.prvAddNewTaskToReadyList
                0x0800a878       0xac build/debug/tasks.o
 .text.prvDeleteTCB
                0x0800a924       0x38 build/debug/tasks.o
 .text.prvCheckTasksWaitingTermination
                0x0800a95c       0x4c build/debug/tasks.o
 .text.prvIdleTask
                0x0800a9a8       0x28 build/debug/tasks.o
 .text.prvAddCurrentTaskToDelayedList
                0x0800a9d0       0x7c build/debug/tasks.o
 .text.xTaskCreateStatic
                0x0800aa4c       0x76 build/debug/tasks.o
                0x0800aa4c                xTaskCreateStatic
 .text.xTaskCreate
                0x0800aac2       0x64 build/debug/tasks.o
                0x0800aac2                xTaskCreate
 *fill*         0x0800ab26        0x2 
 .text.vTaskStartScheduler
                0x0800ab28       0x98 build/debug/tasks.o
                0x0800ab28                vTaskStartScheduler
 .text.vTaskSuspendAll
                0x0800abc0       0x10 build/debug/tasks.o
                0x0800abc0                vTaskSuspendAll
 .text.xTaskGetTickCount
                0x0800abd0        0xc build/debug/tasks.o
                0x0800abd0                xTaskGetTickCount
 .text.xTaskIncrementTick
                0x0800abdc      0x118 build/debug/tasks.o
                0x0800abdc                xTaskIncrementTick
 .text.xTaskResumeAll
                0x0800acf4       0xf8 build/debug/tasks.o
                0x0800acf4                xTaskResumeAll
 .text.vTaskDelay
                0x0800adec       0x4c build/debug/tasks.o
                0x0800adec                vTaskDelay
 .text.vTaskSwitchContext
                0x0800ae38       0x98 build/debug/tasks.o
                0x0800ae38                vTaskSwitchContext
 .text.vTaskPlaceOnEventList
                0x0800aed0       0x30 build/debug/tasks.o
                0x0800aed0                vTaskPlaceOnEventList
 .text.vTaskPlaceOnUnorderedEventList
                0x0800af00       0x58 build/debug/tasks.o
                0x0800af00                vTaskPlaceOnUnorderedEventList
 .text.vTaskPlaceOnEventListRestricted
                0x0800af58       0x38 build/debug/tasks.o
                0x0800af58                vTaskPlaceOnEventListRestricted
 .text.xTaskRemoveFromEventList
                0x0800af90       0x8c build/debug/tasks.o
                0x0800af90                xTaskRemoveFromEventList
 .text.vTaskRemoveFromUnorderedEventList
                0x0800b01c       0x88 build/debug/tasks.o
                0x0800b01c                vTaskRemoveFromUnorderedEventList
 .text.vTaskInternalSetTimeOutState
                0x0800b0a4       0x18 build/debug/tasks.o
                0x0800b0a4                vTaskInternalSetTimeOutState
 .text.xTaskCheckForTimeOut
                0x0800b0bc       0x88 build/debug/tasks.o
                0x0800b0bc                xTaskCheckForTimeOut
 .text.vTaskMissedYield
                0x0800b144        0xc build/debug/tasks.o
                0x0800b144                vTaskMissedYield
 .text.xTaskGetSchedulerState
                0x0800b150       0x20 build/debug/tasks.o
                0x0800b150                xTaskGetSchedulerState
 .text.xTaskPriorityDisinherit
                0x0800b170       0x90 build/debug/tasks.o
                0x0800b170                xTaskPriorityDisinherit
 .text.uxTaskResetEventItemValue
                0x0800b200       0x18 build/debug/tasks.o
                0x0800b200                uxTaskResetEventItemValue
 .text.thermistor_init
                0x0800b218       0xe8 build/debug/thermistor.o
                0x0800b218                thermistor_init
 .text.thermistor_get_temp
                0x0800b300       0x48 build/debug/thermistor.o
                0x0800b300                thermistor_get_temp
 .text.MX_TIM2_Init
                0x0800b348       0xa4 build/debug/tim.o
                0x0800b348                MX_TIM2_Init
 .text.MX_TIM5_Init
                0x0800b3ec       0xb4 build/debug/tim.o
                0x0800b3ec                MX_TIM5_Init
 .text.HAL_TIM_Base_MspInit
                0x0800b4a0       0x88 build/debug/tim.o
                0x0800b4a0                HAL_TIM_Base_MspInit
 .text.HAL_TIM_MspPostInit
                0x0800b528       0x58 build/debug/tim.o
                0x0800b528                HAL_TIM_MspPostInit
 .text.MX_TIM3_Init
                0x0800b580       0xe8 build/debug/tim.o
                0x0800b580                MX_TIM3_Init
 .text.prvGetNextExpireTime
                0x0800b668       0x20 build/debug/timers.o
 .text.prvInsertTimerInActiveList
                0x0800b688       0x48 build/debug/timers.o
 .text.prvCheckForValidListAndQueue
                0x0800b6d0       0x70 build/debug/timers.o
 .text.prvInitialiseNewTimer
                0x0800b740       0x4c build/debug/timers.o
 .text.xTimerCreateTimerTask
                0x0800b78c       0x64 build/debug/timers.o
                0x0800b78c                xTimerCreateTimerTask
 .text.xTimerCreate
                0x0800b7f0       0x38 build/debug/timers.o
                0x0800b7f0                xTimerCreate
 .text.xTimerCreateStatic
                0x0800b828       0x54 build/debug/timers.o
                0x0800b828                xTimerCreateStatic
 .text.xTimerGenericCommand
                0x0800b87c       0x6c build/debug/timers.o
                0x0800b87c                xTimerGenericCommand
 .text.prvSwitchTimerLists
                0x0800b8e8       0x7c build/debug/timers.o
 .text.prvSampleTimeNow
                0x0800b964       0x2c build/debug/timers.o
 .text.prvProcessExpiredTimer
                0x0800b990       0x6c build/debug/timers.o
 .text.prvProcessTimerOrBlockTask
                0x0800b9fc       0x74 build/debug/timers.o
 .text.prvProcessReceivedCommands
                0x0800ba70      0x10c build/debug/timers.o
 .text.prvTimerTask
                0x0800bb7c       0x16 build/debug/timers.o
 .text.pvTimerGetTimerID
                0x0800bb92       0x26 build/debug/timers.o
                0x0800bb92                pvTimerGetTimerID
 .text.xTimerPendFunctionCallFromISR
                0x0800bbb8       0x28 build/debug/timers.o
                0x0800bbb8                xTimerPendFunctionCallFromISR
 .text.allocate_slot_locked
                0x0800bbe0       0x44 build/debug/timing.o
 .text.update_next_event_locked
                0x0800bc24       0x98 build/debug/timing.o
 .text.controller_timing_start
                0x0800bcbc       0x84 build/debug/timing.o
                0x0800bcbc                controller_timing_start
 .text.get_time_us
                0x0800bd40       0x14 build/debug/timing.o
                0x0800bd40                get_time_us
 .text.get_time_ms
                0x0800bd54       0x14 build/debug/timing.o
                0x0800bd54                get_time_ms
 .text.scheduler_schedule_event_with_arg_handle
                0x0800bd68       0x78 build/debug/timing.o
                0x0800bd68                scheduler_schedule_event_with_arg_handle
 .text.scheduler_schedule_event_with_arg
                0x0800bde0        0xe build/debug/timing.o
                0x0800bde0                scheduler_schedule_event_with_arg
 *fill*         0x0800bdee        0x2 
 .text.scheduler_timer_callback
                0x0800bdf0       0xb8 build/debug/timing.o
                0x0800bdf0                scheduler_timer_callback
 .text.crank_timeout_callback
                0x0800bea8       0x40 build/debug/trigger.o
 .text.trigger_crankshaft_init
                0x0800bee8       0x94 build/debug/trigger.o
                0x0800bee8                trigger_crankshaft_init
 .text.trigger_camshaft_init
                0x0800bf7c       0x34 build/debug/trigger.o
                0x0800bf7c                trigger_camshaft_init
 .text.trigger_camshaft_signal_handle
                0x0800bfb0      0x100 build/debug/trigger.o
                0x0800bfb0                trigger_camshaft_signal_handle
 .text.camshaft_get_phase
                0x0800c0b0        0xc build/debug/trigger.o
                0x0800c0b0                camshaft_get_phase
 .text.crankshaft_get_rpm
                0x0800c0bc        0xc build/debug/trigger.o
                0x0800c0bc                crankshaft_get_rpm
 .text.crankshaft_get_angle
                0x0800c0c8        0xc build/debug/trigger.o
                0x0800c0c8                crankshaft_get_angle
 .text.crankshaft_get_next_trigger_angle
                0x0800c0d4        0xc build/debug/trigger.o
                0x0800c0d4                crankshaft_get_next_trigger_angle
 .text.trigger_crankshaft_signal_handle
                0x0800c0e0      0x384 build/debug/trigger.o
                0x0800c0e0                trigger_crankshaft_signal_handle
 .text.trigger_tooth_logger_start
                0x0800c464       0x18 build/debug/trigger.o
                0x0800c464                trigger_tooth_logger_start
 .text.trigger_tooth_logger_stop
                0x0800c47c       0x14 build/debug/trigger.o
                0x0800c47c                trigger_tooth_logger_stop
 .text.trigger_tooth_logger_get_buffer
                0x0800c490        0x8 build/debug/trigger.o
                0x0800c490                trigger_tooth_logger_get_buffer
 .text.trigger_spinning_state_get
                0x0800c498        0xc build/debug/trigger.o
                0x0800c498                trigger_spinning_state_get
 .text.trigger_simulator_init
                0x0800c4a4       0x28 build/debug/trigger_simulator.o
                0x0800c4a4                trigger_simulator_init
 .text.trigger_simulator_start
                0x0800c4cc        0xc build/debug/trigger_simulator.o
                0x0800c4cc                trigger_simulator_start
 .text.trigger_simulator_stop
                0x0800c4d8        0xc build/debug/trigger_simulator.o
                0x0800c4d8                trigger_simulator_stop
 .text.trigger_simulator_update
                0x0800c4e4       0xdc build/debug/trigger_simulator.o
                0x0800c4e4                trigger_simulator_update
 .text.MX_USB_DEVICE_Init
                0x0800c5c0       0x54 build/debug/usb_device.o
                0x0800c5c0                MX_USB_DEVICE_Init
 .text.USBD_CDC_EP0_RxReady
                0x0800c614       0x40 build/debug/usbd_cdc.o
 .text.USBD_CDC_GetDeviceQualifierDescriptor
                0x0800c654        0xc build/debug/usbd_cdc.o
                0x0800c654                USBD_CDC_GetDeviceQualifierDescriptor
 .text.USBD_CDC_GetOtherSpeedCfgDesc
                0x0800c660       0x48 build/debug/usbd_cdc.o
 .text.USBD_CDC_GetFSCfgDesc
                0x0800c6a8       0x48 build/debug/usbd_cdc.o
 .text.USBD_CDC_GetHSCfgDesc
                0x0800c6f0       0x48 build/debug/usbd_cdc.o
 .text.USBD_CDC_DataOut
                0x0800c738       0x38 build/debug/usbd_cdc.o
 .text.USBD_CDC_DataIn
                0x0800c770       0x7c build/debug/usbd_cdc.o
 .text.USBD_CDC_Setup
                0x0800c7ec      0x114 build/debug/usbd_cdc.o
 .text.USBD_CDC_DeInit
                0x0800c900       0x64 build/debug/usbd_cdc.o
 .text.USBD_CDC_Init
                0x0800c964       0xee build/debug/usbd_cdc.o
 .text.USBD_CDC_RegisterInterface
                0x0800ca52       0x16 build/debug/usbd_cdc.o
                0x0800ca52                USBD_CDC_RegisterInterface
 .text.USBD_CDC_SetTxBuffer
                0x0800ca68       0x1c build/debug/usbd_cdc.o
                0x0800ca68                USBD_CDC_SetTxBuffer
 .text.USBD_CDC_SetRxBuffer
                0x0800ca84       0x18 build/debug/usbd_cdc.o
                0x0800ca84                USBD_CDC_SetRxBuffer
 .text.USBD_CDC_TransmitPacket
                0x0800ca9c       0x36 build/debug/usbd_cdc.o
                0x0800ca9c                USBD_CDC_TransmitPacket
 .text.USBD_CDC_ReceivePacket
                0x0800cad2       0x38 build/debug/usbd_cdc.o
                0x0800cad2                USBD_CDC_ReceivePacket
 .text.CDC_DeInit_FS
                0x0800cb0a        0x4 build/debug/usbd_cdc_if.o
 .text.CDC_Control_FS
                0x0800cb0e        0x4 build/debug/usbd_cdc_if.o
 .text.CDC_TransmitCplt_FS
                0x0800cb12        0x4 build/debug/usbd_cdc_if.o
 *fill*         0x0800cb16        0x2 
 .text.CDC_Receive_FS
                0x0800cb18       0x78 build/debug/usbd_cdc_if.o
 .text.CDC_Init_FS
                0x0800cb90       0x28 build/debug/usbd_cdc_if.o
 .text.CDC_Transmit_FS
                0x0800cbb8       0x2c build/debug/usbd_cdc_if.o
                0x0800cbb8                CDC_Transmit_FS
 .text.HAL_PCD_MspInit
                0x0800cbe4       0x88 build/debug/usbd_conf.o
                0x0800cbe4                HAL_PCD_MspInit
 .text.HAL_PCD_SetupStageCallback
                0x0800cc6c       0x10 build/debug/usbd_conf.o
                0x0800cc6c                HAL_PCD_SetupStageCallback
 .text.HAL_PCD_DataOutStageCallback
                0x0800cc7c       0x18 build/debug/usbd_conf.o
                0x0800cc7c                HAL_PCD_DataOutStageCallback
 .text.HAL_PCD_DataInStageCallback
                0x0800cc94       0x16 build/debug/usbd_conf.o
                0x0800cc94                HAL_PCD_DataInStageCallback
 .text.HAL_PCD_SOFCallback
                0x0800ccaa        0xc build/debug/usbd_conf.o
                0x0800ccaa                HAL_PCD_SOFCallback
 .text.HAL_PCD_ResetCallback
                0x0800ccb6       0x24 build/debug/usbd_conf.o
                0x0800ccb6                HAL_PCD_ResetCallback
 *fill*         0x0800ccda        0x2 
 .text.HAL_PCD_SuspendCallback
                0x0800ccdc       0x30 build/debug/usbd_conf.o
                0x0800ccdc                HAL_PCD_SuspendCallback
 .text.HAL_PCD_ResumeCallback
                0x0800cd0c        0xc build/debug/usbd_conf.o
                0x0800cd0c                HAL_PCD_ResumeCallback
 .text.HAL_PCD_ISOOUTIncompleteCallback
                0x0800cd18        0xc build/debug/usbd_conf.o
                0x0800cd18                HAL_PCD_ISOOUTIncompleteCallback
 .text.HAL_PCD_ISOINIncompleteCallback
                0x0800cd24        0xc build/debug/usbd_conf.o
                0x0800cd24                HAL_PCD_ISOINIncompleteCallback
 .text.HAL_PCD_ConnectCallback
                0x0800cd30        0xc build/debug/usbd_conf.o
                0x0800cd30                HAL_PCD_ConnectCallback
 .text.HAL_PCD_DisconnectCallback
                0x0800cd3c        0xc build/debug/usbd_conf.o
                0x0800cd3c                HAL_PCD_DisconnectCallback
 .text.USBD_LL_Init
                0x0800cd48       0x68 build/debug/usbd_conf.o
                0x0800cd48                USBD_LL_Init
 .text.USBD_LL_IsStallEP
                0x0800cdb0       0x2c build/debug/usbd_conf.o
                0x0800cdb0                USBD_LL_IsStallEP
 .text.USBD_LL_GetRxDataSize
                0x0800cddc        0xc build/debug/usbd_conf.o
                0x0800cddc                USBD_LL_GetRxDataSize
 .text.USBD_static_malloc
                0x0800cde8        0x8 build/debug/usbd_conf.o
                0x0800cde8                USBD_static_malloc
 .text.USBD_static_free
                0x0800cdf0        0x2 build/debug/usbd_conf.o
                0x0800cdf0                USBD_static_free
 .text.USBD_Get_USB_Status
                0x0800cdf2       0x14 build/debug/usbd_conf.o
                0x0800cdf2                USBD_Get_USB_Status
 .text.USBD_LL_Start
                0x0800ce06       0x10 build/debug/usbd_conf.o
                0x0800ce06                USBD_LL_Start
 .text.USBD_LL_OpenEP
                0x0800ce16       0x16 build/debug/usbd_conf.o
                0x0800ce16                USBD_LL_OpenEP
 .text.USBD_LL_CloseEP
                0x0800ce2c       0x10 build/debug/usbd_conf.o
                0x0800ce2c                USBD_LL_CloseEP
 .text.USBD_LL_StallEP
                0x0800ce3c       0x10 build/debug/usbd_conf.o
                0x0800ce3c                USBD_LL_StallEP
 .text.USBD_LL_ClearStallEP
                0x0800ce4c       0x10 build/debug/usbd_conf.o
                0x0800ce4c                USBD_LL_ClearStallEP
 .text.USBD_LL_SetUSBAddress
                0x0800ce5c       0x10 build/debug/usbd_conf.o
                0x0800ce5c                USBD_LL_SetUSBAddress
 .text.USBD_LL_Transmit
                0x0800ce6c       0x10 build/debug/usbd_conf.o
                0x0800ce6c                USBD_LL_Transmit
 .text.USBD_LL_PrepareReceive
                0x0800ce7c       0x10 build/debug/usbd_conf.o
                0x0800ce7c                USBD_LL_PrepareReceive
 .text.USBD_Init
                0x0800ce8c       0x2e build/debug/usbd_core.o
                0x0800ce8c                USBD_Init
 .text.USBD_RegisterClass
                0x0800ceba       0x40 build/debug/usbd_core.o
                0x0800ceba                USBD_RegisterClass
 .text.USBD_Start
                0x0800cefa        0x8 build/debug/usbd_core.o
                0x0800cefa                USBD_Start
 .text.USBD_SetClassConfig
                0x0800cf02       0x12 build/debug/usbd_core.o
                0x0800cf02                USBD_SetClassConfig
 .text.USBD_ClrClassConfig
                0x0800cf14       0x12 build/debug/usbd_core.o
                0x0800cf14                USBD_ClrClassConfig
 .text.USBD_LL_SetupStage
                0x0800cf26       0x58 build/debug/usbd_core.o
                0x0800cf26                USBD_LL_SetupStage
 .text.USBD_LL_Reset
                0x0800cf7e       0x64 build/debug/usbd_core.o
                0x0800cf7e                USBD_LL_Reset
 .text.USBD_LL_SetSpeed
                0x0800cfe2        0x6 build/debug/usbd_core.o
                0x0800cfe2                USBD_LL_SetSpeed
 .text.USBD_LL_Suspend
                0x0800cfe8       0x1c build/debug/usbd_core.o
                0x0800cfe8                USBD_LL_Suspend
 .text.USBD_LL_Resume
                0x0800d004       0x18 build/debug/usbd_core.o
                0x0800d004                USBD_LL_Resume
 .text.USBD_LL_SOF
                0x0800d01c       0x20 build/debug/usbd_core.o
                0x0800d01c                USBD_LL_SOF
 .text.USBD_LL_IsoINIncomplete
                0x0800d03c       0x2c build/debug/usbd_core.o
                0x0800d03c                USBD_LL_IsoINIncomplete
 .text.USBD_LL_IsoOUTIncomplete
                0x0800d068       0x2c build/debug/usbd_core.o
                0x0800d068                USBD_LL_IsoOUTIncomplete
 .text.USBD_LL_DevConnected
                0x0800d094        0x4 build/debug/usbd_core.o
                0x0800d094                USBD_LL_DevConnected
 .text.USBD_LL_DevDisconnected
                0x0800d098       0x20 build/debug/usbd_core.o
                0x0800d098                USBD_LL_DevDisconnected
 .text.USBD_CoreFindIF
                0x0800d0b8        0x4 build/debug/usbd_core.o
                0x0800d0b8                USBD_CoreFindIF
 .text.USBD_CoreFindEP
                0x0800d0bc        0x4 build/debug/usbd_core.o
                0x0800d0bc                USBD_CoreFindEP
 .text.USBD_LL_DataOutStage
                0x0800d0c0       0xc0 build/debug/usbd_core.o
                0x0800d0c0                USBD_LL_DataOutStage
 .text.USBD_LL_DataInStage
                0x0800d180       0xd2 build/debug/usbd_core.o
                0x0800d180                USBD_LL_DataInStage
 .text.USBD_GetNextDesc
                0x0800d252        0xe build/debug/usbd_core.o
                0x0800d252                USBD_GetNextDesc
 .text.USBD_GetEpDesc
                0x0800d260       0x3e build/debug/usbd_core.o
                0x0800d260                USBD_GetEpDesc
 .text.USBD_GetLen
                0x0800d29e       0x14 build/debug/usbd_ctlreq.o
 .text.USBD_ParseSetupRequest
                0x0800d2b2       0x28 build/debug/usbd_ctlreq.o
                0x0800d2b2                USBD_ParseSetupRequest
 .text.USBD_CtlError
                0x0800d2da       0x14 build/debug/usbd_ctlreq.o
                0x0800d2da                USBD_CtlError
 .text.USBD_GetDescriptor
                0x0800d2ee      0x18a build/debug/usbd_ctlreq.o
 .text.USBD_SetAddress
                0x0800d478       0x4e build/debug/usbd_ctlreq.o
 *fill*         0x0800d4c6        0x2 
 .text.USBD_SetConfig
                0x0800d4c8       0xcc build/debug/usbd_ctlreq.o
 .text.USBD_GetConfig
                0x0800d594       0x40 build/debug/usbd_ctlreq.o
 .text.USBD_GetStatus
                0x0800d5d4       0x38 build/debug/usbd_ctlreq.o
 .text.USBD_SetFeature
                0x0800d60c       0x2a build/debug/usbd_ctlreq.o
 .text.USBD_ClrFeature
                0x0800d636       0x26 build/debug/usbd_ctlreq.o
 .text.USBD_StdDevReq
                0x0800d65c       0x76 build/debug/usbd_ctlreq.o
                0x0800d65c                USBD_StdDevReq
 .text.USBD_StdItfReq
                0x0800d6d2       0x84 build/debug/usbd_ctlreq.o
                0x0800d6d2                USBD_StdItfReq
 .text.USBD_StdEPReq
                0x0800d756      0x238 build/debug/usbd_ctlreq.o
                0x0800d756                USBD_StdEPReq
 .text.USBD_GetString
                0x0800d98e       0x46 build/debug/usbd_ctlreq.o
                0x0800d98e                USBD_GetString
 .text.USBD_FS_DeviceDescriptor
                0x0800d9d4        0xc build/debug/usbd_desc.o
                0x0800d9d4                USBD_FS_DeviceDescriptor
 .text.USBD_FS_LangIDStrDescriptor
                0x0800d9e0        0xc build/debug/usbd_desc.o
                0x0800d9e0                USBD_FS_LangIDStrDescriptor
 .text.IntToUnicode
                0x0800d9ec       0x46 build/debug/usbd_desc.o
 *fill*         0x0800da32        0x2 
 .text.Get_SerialNum
                0x0800da34       0x38 build/debug/usbd_desc.o
 .text.USBD_FS_SerialStrDescriptor
                0x0800da6c       0x14 build/debug/usbd_desc.o
                0x0800da6c                USBD_FS_SerialStrDescriptor
 .text.USBD_FS_ProductStrDescriptor
                0x0800da80       0x24 build/debug/usbd_desc.o
                0x0800da80                USBD_FS_ProductStrDescriptor
 .text.USBD_FS_ManufacturerStrDescriptor
                0x0800daa4       0x1c build/debug/usbd_desc.o
                0x0800daa4                USBD_FS_ManufacturerStrDescriptor
 .text.USBD_FS_ConfigStrDescriptor
                0x0800dac0       0x24 build/debug/usbd_desc.o
                0x0800dac0                USBD_FS_ConfigStrDescriptor
 .text.USBD_FS_InterfaceStrDescriptor
                0x0800dae4       0x24 build/debug/usbd_desc.o
                0x0800dae4                USBD_FS_InterfaceStrDescriptor
 .text.USBD_CtlSendData
                0x0800db08       0x1a build/debug/usbd_ioreq.o
                0x0800db08                USBD_CtlSendData
 .text.USBD_CtlContinueSendData
                0x0800db22       0x10 build/debug/usbd_ioreq.o
                0x0800db22                USBD_CtlContinueSendData
 .text.USBD_CtlPrepareRx
                0x0800db32       0x1e build/debug/usbd_ioreq.o
                0x0800db32                USBD_CtlPrepareRx
 .text.USBD_CtlContinueRx
                0x0800db50       0x10 build/debug/usbd_ioreq.o
                0x0800db50                USBD_CtlContinueRx
 .text.USBD_CtlSendStatus
                0x0800db60       0x16 build/debug/usbd_ioreq.o
                0x0800db60                USBD_CtlSendStatus
 .text.USBD_CtlReceiveStatus
                0x0800db76       0x16 build/debug/usbd_ioreq.o
                0x0800db76                USBD_CtlReceiveStatus
 .text.is_phase_in_range
                0x0800db8c       0x4a build/debug/utils.o
                0x0800db8c                is_phase_in_range
 *fill*         0x0800dbd6        0x2 
 .text.crc32_inc
                0x0800dbd8       0x38 build/debug/utils.o
                0x0800dbd8                crc32_inc
 .text.nearest_index_float
                0x0800dc10       0x4c build/debug/utils.o
                0x0800dc10                nearest_index_float
 .text.rate_of_change_per_sec
                0x0800dc5c       0x4c build/debug/utils.o
                0x0800dc5c                rate_of_change_per_sec
 .text.Reset_Handler
                0x0800dca8       0x50 build/debug/startup_stm32f401xc.o
                0x0800dca8                Reset_Handler
 .text.Default_Handler
                0x0800dcf8        0x2 build/debug/startup_stm32f401xc.o
                0x0800dcf8                RTC_Alarm_IRQHandler
                0x0800dcf8                EXTI2_IRQHandler
                0x0800dcf8                SPI4_IRQHandler
                0x0800dcf8                TIM1_CC_IRQHandler
                0x0800dcf8                DMA2_Stream5_IRQHandler
                0x0800dcf8                DMA1_Stream5_IRQHandler
                0x0800dcf8                PVD_IRQHandler
                0x0800dcf8                SDIO_IRQHandler
                0x0800dcf8                TAMP_STAMP_IRQHandler
                0x0800dcf8                EXTI3_IRQHandler
                0x0800dcf8                TIM1_UP_TIM10_IRQHandler
                0x0800dcf8                I2C3_ER_IRQHandler
                0x0800dcf8                EXTI0_IRQHandler
                0x0800dcf8                I2C2_EV_IRQHandler
                0x0800dcf8                DMA1_Stream2_IRQHandler
                0x0800dcf8                FPU_IRQHandler
                0x0800dcf8                DMA2_Stream2_IRQHandler
                0x0800dcf8                SPI1_IRQHandler
                0x0800dcf8                TIM1_BRK_TIM9_IRQHandler
                0x0800dcf8                DMA2_Stream3_IRQHandler
                0x0800dcf8                USART6_IRQHandler
                0x0800dcf8                TIM4_IRQHandler
                0x0800dcf8                I2C1_EV_IRQHandler
                0x0800dcf8                DMA1_Stream6_IRQHandler
                0x0800dcf8                DMA1_Stream1_IRQHandler
                0x0800dcf8                TIM3_IRQHandler
                0x0800dcf8                RCC_IRQHandler
                0x0800dcf8                Default_Handler
                0x0800dcf8                EXTI15_10_IRQHandler
                0x0800dcf8                ADC_IRQHandler
                0x0800dcf8                DMA1_Stream7_IRQHandler
                0x0800dcf8                TIM5_IRQHandler
                0x0800dcf8                DMA2_Stream7_IRQHandler
                0x0800dcf8                I2C3_EV_IRQHandler
                0x0800dcf8                RTC_WKUP_IRQHandler
                0x0800dcf8                SPI2_IRQHandler
                0x0800dcf8                DMA1_Stream0_IRQHandler
                0x0800dcf8                EXTI4_IRQHandler
                0x0800dcf8                WWDG_IRQHandler
                0x0800dcf8                OTG_FS_WKUP_IRQHandler
                0x0800dcf8                EXTI1_IRQHandler
                0x0800dcf8                USART2_IRQHandler
                0x0800dcf8                I2C2_ER_IRQHandler
                0x0800dcf8                DMA2_Stream1_IRQHandler
                0x0800dcf8                FLASH_IRQHandler
                0x0800dcf8                DMA2_Stream4_IRQHandler
                0x0800dcf8                USART1_IRQHandler
                0x0800dcf8                SPI3_IRQHandler
                0x0800dcf8                DMA1_Stream4_IRQHandler
                0x0800dcf8                I2C1_ER_IRQHandler
                0x0800dcf8                DMA2_Stream6_IRQHandler
                0x0800dcf8                DMA1_Stream3_IRQHandler
 *fill*         0x0800dcfa        0x2 
 .text.snprintf
                0x0800dcfc       0x6c c:/Users/alireza/AppData/Roaming/Code/User/globalStorage/bmd.stm32-for-vscode/@xpack-dev-tools/arm-none-eabi-gcc/14.2.1-1.1.1/.content/bin/../lib/gcc/arm-none-eabi/14.2.1/../../../../arm-none-eabi/lib/thumb/v7e-m+fp/hard\libc_nano.a(libc_a-snprintf.o)
                0x0800dcfc                sniprintf
                0x0800dcfc                snprintf
 .text.memset   0x0800dd68       0x10 c:/Users/alireza/AppData/Roaming/Code/User/globalStorage/bmd.stm32-for-vscode/@xpack-dev-tools/arm-none-eabi-gcc/14.2.1-1.1.1/.content/bin/../lib/gcc/arm-none-eabi/14.2.1/../../../../arm-none-eabi/lib/thumb/v7e-m+fp/hard\libc_nano.a(libc_a-memset.o)
                0x0800dd68                memset
 .text.__errno  0x0800dd78        0xc c:/Users/alireza/AppData/Roaming/Code/User/globalStorage/bmd.stm32-for-vscode/@xpack-dev-tools/arm-none-eabi-gcc/14.2.1-1.1.1/.content/bin/../lib/gcc/arm-none-eabi/14.2.1/../../../../arm-none-eabi/lib/thumb/v7e-m+fp/hard\libc_nano.a(libc_a-errno.o)
                0x0800dd78                __errno
 .text.__libc_init_array
                0x0800dd84       0x48 c:/Users/alireza/AppData/Roaming/Code/User/globalStorage/bmd.stm32-for-vscode/@xpack-dev-tools/arm-none-eabi-gcc/14.2.1-1.1.1/.content/bin/../lib/gcc/arm-none-eabi/14.2.1/../../../../arm-none-eabi/lib/thumb/v7e-m+fp/hard\libc_nano.a(libc_a-init.o)
                0x0800dd84                __libc_init_array
 .text.__retarget_lock_acquire_recursive
                0x0800ddcc        0x2 c:/Users/alireza/AppData/Roaming/Code/User/globalStorage/bmd.stm32-for-vscode/@xpack-dev-tools/arm-none-eabi-gcc/14.2.1-1.1.1/.content/bin/../lib/gcc/arm-none-eabi/14.2.1/../../../../arm-none-eabi/lib/thumb/v7e-m+fp/hard\libc_nano.a(libc_a-lock.o)
                0x0800ddcc                __retarget_lock_acquire_recursive
 .text.__retarget_lock_release_recursive
                0x0800ddce        0x2 c:/Users/alireza/AppData/Roaming/Code/User/globalStorage/bmd.stm32-for-vscode/@xpack-dev-tools/arm-none-eabi-gcc/14.2.1-1.1.1/.content/bin/../lib/gcc/arm-none-eabi/14.2.1/../../../../arm-none-eabi/lib/thumb/v7e-m+fp/hard\libc_nano.a(libc_a-lock.o)
                0x0800ddce                __retarget_lock_release_recursive
 .text.memcpy   0x0800ddd0       0x1c c:/Users/alireza/AppData/Roaming/Code/User/globalStorage/bmd.stm32-for-vscode/@xpack-dev-tools/arm-none-eabi-gcc/14.2.1-1.1.1/.content/bin/../lib/gcc/arm-none-eabi/14.2.1/../../../../arm-none-eabi/lib/thumb/v7e-m+fp/hard\libc_nano.a(libc_a-memcpy-stub.o)
                0x0800ddd0                memcpy
 .text._free_r  0x0800ddec       0x94 c:/Users/alireza/AppData/Roaming/Code/User/globalStorage/bmd.stm32-for-vscode/@xpack-dev-tools/arm-none-eabi-gcc/14.2.1-1.1.1/.content/bin/../lib/gcc/arm-none-eabi/14.2.1/../../../../arm-none-eabi/lib/thumb/v7e-m+fp/hard\libc_nano.a(libc_a-freer.o)
                0x0800ddec                _free_r
 .text.sbrk_aligned
                0x0800de80       0x44 c:/Users/alireza/AppData/Roaming/Code/User/globalStorage/bmd.stm32-for-vscode/@xpack-dev-tools/arm-none-eabi-gcc/14.2.1-1.1.1/.content/bin/../lib/gcc/arm-none-eabi/14.2.1/../../../../arm-none-eabi/lib/thumb/v7e-m+fp/hard\libc_nano.a(libc_a-mallocr.o)
 .text._malloc_r
                0x0800dec4      0x100 c:/Users/alireza/AppData/Roaming/Code/User/globalStorage/bmd.stm32-for-vscode/@xpack-dev-tools/arm-none-eabi-gcc/14.2.1-1.1.1/.content/bin/../lib/gcc/arm-none-eabi/14.2.1/../../../../arm-none-eabi/lib/thumb/v7e-m+fp/hard\libc_nano.a(libc_a-mallocr.o)
                0x0800dec4                _malloc_r
 .text.__malloc_lock
                0x0800dfc4        0xc c:/Users/alireza/AppData/Roaming/Code/User/globalStorage/bmd.stm32-for-vscode/@xpack-dev-tools/arm-none-eabi-gcc/14.2.1-1.1.1/.content/bin/../lib/gcc/arm-none-eabi/14.2.1/../../../../arm-none-eabi/lib/thumb/v7e-m+fp/hard\libc_nano.a(libc_a-mlock.o)
                0x0800dfc4                __malloc_lock
 .text.__malloc_unlock
                0x0800dfd0        0xc c:/Users/alireza/AppData/Roaming/Code/User/globalStorage/bmd.stm32-for-vscode/@xpack-dev-tools/arm-none-eabi-gcc/14.2.1-1.1.1/.content/bin/../lib/gcc/arm-none-eabi/14.2.1/../../../../arm-none-eabi/lib/thumb/v7e-m+fp/hard\libc_nano.a(libc_a-mlock.o)
                0x0800dfd0                __malloc_unlock
 .text.__ssputs_r
                0x0800dfdc       0xc0 c:/Users/alireza/AppData/Roaming/Code/User/globalStorage/bmd.stm32-for-vscode/@xpack-dev-tools/arm-none-eabi-gcc/14.2.1-1.1.1/.content/bin/../lib/gcc/arm-none-eabi/14.2.1/../../../../arm-none-eabi/lib/thumb/v7e-m+fp/hard\libc_nano.a(libc_a-nano-svfprintf.o)
                0x0800dfdc                __ssputs_r
 .text._svfprintf_r
                0x0800e09c      0x1f8 c:/Users/alireza/AppData/Roaming/Code/User/globalStorage/bmd.stm32-for-vscode/@xpack-dev-tools/arm-none-eabi-gcc/14.2.1-1.1.1/.content/bin/../lib/gcc/arm-none-eabi/14.2.1/../../../../arm-none-eabi/lib/thumb/v7e-m+fp/hard\libc_nano.a(libc_a-nano-svfprintf.o)
                0x0800e09c                _svfiprintf_r
                0x0800e09c                _svfprintf_r
 .text._printf_common
                0x0800e294       0xda c:/Users/alireza/AppData/Roaming/Code/User/globalStorage/bmd.stm32-for-vscode/@xpack-dev-tools/arm-none-eabi-gcc/14.2.1-1.1.1/.content/bin/../lib/gcc/arm-none-eabi/14.2.1/../../../../arm-none-eabi/lib/thumb/v7e-m+fp/hard\libc_nano.a(libc_a-nano-vfprintf_i.o)
                0x0800e294                _printf_common
 *fill*         0x0800e36e        0x2 
 .text._printf_i
                0x0800e370      0x240 c:/Users/alireza/AppData/Roaming/Code/User/globalStorage/bmd.stm32-for-vscode/@xpack-dev-tools/arm-none-eabi-gcc/14.2.1-1.1.1/.content/bin/../lib/gcc/arm-none-eabi/14.2.1/../../../../arm-none-eabi/lib/thumb/v7e-m+fp/hard\libc_nano.a(libc_a-nano-vfprintf_i.o)
                0x0800e370                _printf_i
 .text.memmove  0x0800e5b0       0x32 c:/Users/alireza/AppData/Roaming/Code/User/globalStorage/bmd.stm32-for-vscode/@xpack-dev-tools/arm-none-eabi-gcc/14.2.1-1.1.1/.content/bin/../lib/gcc/arm-none-eabi/14.2.1/../../../../arm-none-eabi/lib/thumb/v7e-m+fp/hard\libc_nano.a(libc_a-memmove.o)
                0x0800e5b0                memmove
 *fill*         0x0800e5e2        0x2 
 .text._sbrk_r  0x0800e5e4       0x20 c:/Users/alireza/AppData/Roaming/Code/User/globalStorage/bmd.stm32-for-vscode/@xpack-dev-tools/arm-none-eabi-gcc/14.2.1-1.1.1/.content/bin/../lib/gcc/arm-none-eabi/14.2.1/../../../../arm-none-eabi/lib/thumb/v7e-m+fp/hard\libc_nano.a(libc_a-sbrkr.o)
                0x0800e5e4                _sbrk_r
 .text._realloc_r
                0x0800e604       0x5c c:/Users/alireza/AppData/Roaming/Code/User/globalStorage/bmd.stm32-for-vscode/@xpack-dev-tools/arm-none-eabi-gcc/14.2.1-1.1.1/.content/bin/../lib/gcc/arm-none-eabi/14.2.1/../../../../arm-none-eabi/lib/thumb/v7e-m+fp/hard\libc_nano.a(libc_a-reallocr.o)
                0x0800e604                _realloc_r
 .text._malloc_usable_size_r
                0x0800e660       0x10 c:/Users/alireza/AppData/Roaming/Code/User/globalStorage/bmd.stm32-for-vscode/@xpack-dev-tools/arm-none-eabi-gcc/14.2.1-1.1.1/.content/bin/../lib/gcc/arm-none-eabi/14.2.1/../../../../arm-none-eabi/lib/thumb/v7e-m+fp/hard\libc_nano.a(libc_a-msizer.o)
                0x0800e660                _malloc_usable_size_r
 .text.asinf    0x0800e670       0x58 c:/Users/alireza/AppData/Roaming/Code/User/globalStorage/bmd.stm32-for-vscode/@xpack-dev-tools/arm-none-eabi-gcc/14.2.1-1.1.1/.content/bin/../lib/gcc/arm-none-eabi/14.2.1/../../../../arm-none-eabi/lib/thumb/v7e-m+fp/hard\libm.a(libm_a-wf_asin.o)
                0x0800e670                asinf
 .text.logf     0x0800e6c8       0x60 c:/Users/alireza/AppData/Roaming/Code/User/globalStorage/bmd.stm32-for-vscode/@xpack-dev-tools/arm-none-eabi-gcc/14.2.1-1.1.1/.content/bin/../lib/gcc/arm-none-eabi/14.2.1/../../../../arm-none-eabi/lib/thumb/v7e-m+fp/hard\libm.a(libm_a-wf_log.o)
                0x0800e6c8                logf
 .text.fabsf    0x0800e728       0x10 c:/Users/alireza/AppData/Roaming/Code/User/globalStorage/bmd.stm32-for-vscode/@xpack-dev-tools/arm-none-eabi-gcc/14.2.1-1.1.1/.content/bin/../lib/gcc/arm-none-eabi/14.2.1/../../../../arm-none-eabi/lib/thumb/v7e-m+fp/hard\libm.a(libm_a-sf_fabs.o)
                0x0800e728                fabsf
 .text.sinf     0x0800e738       0x74 c:/Users/alireza/AppData/Roaming/Code/User/globalStorage/bmd.stm32-for-vscode/@xpack-dev-tools/arm-none-eabi-gcc/14.2.1-1.1.1/.content/bin/../lib/gcc/arm-none-eabi/14.2.1/../../../../arm-none-eabi/lib/thumb/v7e-m+fp/hard\libm.a(libm_a-sf_sin.o)
                0x0800e738                sinf
 .text.nanf     0x0800e7ac        0xc c:/Users/alireza/AppData/Roaming/Code/User/globalStorage/bmd.stm32-for-vscode/@xpack-dev-tools/arm-none-eabi-gcc/14.2.1-1.1.1/.content/bin/../lib/gcc/arm-none-eabi/14.2.1/../../../../arm-none-eabi/lib/thumb/v7e-m+fp/hard\libm.a(libm_a-sf_nan.o)
                0x0800e7ac                nanf
 .text.roundf   0x0800e7b8       0x4c c:/Users/alireza/AppData/Roaming/Code/User/globalStorage/bmd.stm32-for-vscode/@xpack-dev-tools/arm-none-eabi-gcc/14.2.1-1.1.1/.content/bin/../lib/gcc/arm-none-eabi/14.2.1/../../../../arm-none-eabi/lib/thumb/v7e-m+fp/hard\libm.a(libm_a-sf_round.o)
                0x0800e7b8                roundf
 .text.__kernel_cosf
                0x0800e804      0x104 c:/Users/alireza/AppData/Roaming/Code/User/globalStorage/bmd.stm32-for-vscode/@xpack-dev-tools/arm-none-eabi-gcc/14.2.1-1.1.1/.content/bin/../lib/gcc/arm-none-eabi/14.2.1/../../../../arm-none-eabi/lib/thumb/v7e-m+fp/hard\libm.a(libm_a-kf_cos.o)
                0x0800e804                __kernel_cosf
 .text.__kernel_sinf
                0x0800e908       0x90 c:/Users/alireza/AppData/Roaming/Code/User/globalStorage/bmd.stm32-for-vscode/@xpack-dev-tools/arm-none-eabi-gcc/14.2.1-1.1.1/.content/bin/../lib/gcc/arm-none-eabi/14.2.1/../../../../arm-none-eabi/lib/thumb/v7e-m+fp/hard\libm.a(libm_a-kf_sin.o)
                0x0800e908                __kernel_sinf
 .text.__ieee754_asinf
                0x0800e998      0x1f4 c:/Users/alireza/AppData/Roaming/Code/User/globalStorage/bmd.stm32-for-vscode/@xpack-dev-tools/arm-none-eabi-gcc/14.2.1-1.1.1/.content/bin/../lib/gcc/arm-none-eabi/14.2.1/../../../../arm-none-eabi/lib/thumb/v7e-m+fp/hard\libm.a(libm_a-ef_asin.o)
                0x0800e998                __ieee754_asinf
 .text.__ieee754_logf
                0x0800eb8c      0x1f4 c:/Users/alireza/AppData/Roaming/Code/User/globalStorage/bmd.stm32-for-vscode/@xpack-dev-tools/arm-none-eabi-gcc/14.2.1-1.1.1/.content/bin/../lib/gcc/arm-none-eabi/14.2.1/../../../../arm-none-eabi/lib/thumb/v7e-m+fp/hard\libm.a(libm_a-ef_log.o)
                0x0800eb8c                __ieee754_logf
 .text.__ieee754_rem_pio2f