Archive member included to satisfy reference by file (symbol)

c:/Users/alireza/AppData/Roaming/Code/User/globalStorage/bmd.stm32-for-vscode/@xpack-dev-tools/arm-none-eabi-gcc/14.2.1-1.1.1/.content/bin/../lib/gcc/arm-none-eabi/14.2.1/../../../../arm-none-eabi/lib/thumb/v7e-m+fp/hard\libc_nano.a(libc_a-atexit.o)
                              c:/Users/alireza/AppData/Roaming/Code/User/globalStorage/bmd.stm32-for-vscode/@xpack-dev-tools/arm-none-eabi-gcc/14.2.1-1.1.1/.content/bin/../lib/gcc/arm-none-eabi/14.2.1/../../../../arm-none-eabi/lib/thumb/v7e-m+fp/hard/crt0.o (atexit)
c:/Users/alireza/AppData/Roaming/Code/User/globalStorage/bmd.stm32-for-vscode/@xpack-dev-tools/arm-none-eabi-gcc/14.2.1-1.1.1/.content/bin/../lib/gcc/arm-none-eabi/14.2.1/../../../../arm-none-eabi/lib/thumb/v7e-m+fp/hard\libc_nano.a(libc_a-exit.o)
                              c:/Users/alireza/AppData/Roaming/Code/User/globalStorage/bmd.stm32-for-vscode/@xpack-dev-tools/arm-none-eabi-gcc/14.2.1-1.1.1/.content/bin/../lib/gcc/arm-none-eabi/14.2.1/../../../../arm-none-eabi/lib/thumb/v7e-m+fp/hard/crt0.o (exit)
c:/Users/alireza/AppData/Roaming/Code/User/globalStorage/bmd.stm32-for-vscode/@xpack-dev-tools/arm-none-eabi-gcc/14.2.1-1.1.1/.content/bin/../lib/gcc/arm-none-eabi/14.2.1/../../../../arm-none-eabi/lib/thumb/v7e-m+fp/hard\libc_nano.a(libc_a-findfp.o)
                              c:/Users/alireza/AppData/Roaming/Code/User/globalStorage/bmd.stm32-for-vscode/@xpack-dev-tools/arm-none-eabi-gcc/14.2.1-1.1.1/.content/bin/../lib/gcc/arm-none-eabi/14.2.1/../../../../arm-none-eabi/lib/thumb/v7e-m+fp/hard\libc_nano.a(libc_a-exit.o) (__stdio_exit_handler)
c:/Users/alireza/AppData/Roaming/Code/User/globalStorage/bmd.stm32-for-vscode/@xpack-dev-tools/arm-none-eabi-gcc/14.2.1-1.1.1/.content/bin/../lib/gcc/arm-none-eabi/14.2.1/../../../../arm-none-eabi/lib/thumb/v7e-m+fp/hard\libc_nano.a(libc_a-fwalk.o)
                              c:/Users/alireza/AppData/Roaming/Code/User/globalStorage/bmd.stm32-for-vscode/@xpack-dev-tools/arm-none-eabi-gcc/14.2.1-1.1.1/.content/bin/../lib/gcc/arm-none-eabi/14.2.1/../../../../arm-none-eabi/lib/thumb/v7e-m+fp/hard\libc_nano.a(libc_a-findfp.o) (_fwalk_sglue)
c:/Users/alireza/AppData/Roaming/Code/User/globalStorage/bmd.stm32-for-vscode/@xpack-dev-tools/arm-none-eabi-gcc/14.2.1-1.1.1/.content/bin/../lib/gcc/arm-none-eabi/14.2.1/../../../../arm-none-eabi/lib/thumb/v7e-m+fp/hard\libc_nano.a(libc_a-stdio.o)
                              c:/Users/alireza/AppData/Roaming/Code/User/globalStorage/bmd.stm32-for-vscode/@xpack-dev-tools/arm-none-eabi-gcc/14.2.1-1.1.1/.content/bin/../lib/gcc/arm-none-eabi/14.2.1/../../../../arm-none-eabi/lib/thumb/v7e-m+fp/hard\libc_nano.a(libc_a-findfp.o) (__sread)
c:/Users/alireza/AppData/Roaming/Code/User/globalStorage/bmd.stm32-for-vscode/@xpack-dev-tools/arm-none-eabi-gcc/14.2.1-1.1.1/.content/bin/../lib/gcc/arm-none-eabi/14.2.1/../../../../arm-none-eabi/lib/thumb/v7e-m+fp/hard\libc_nano.a(libc_a-memset.o)
                              c:/Users/alireza/AppData/Roaming/Code/User/globalStorage/bmd.stm32-for-vscode/@xpack-dev-tools/arm-none-eabi-gcc/14.2.1-1.1.1/.content/bin/../lib/gcc/arm-none-eabi/14.2.1/../../../../arm-none-eabi/lib/thumb/v7e-m+fp/hard/crt0.o (memset)
c:/Users/alireza/AppData/Roaming/Code/User/globalStorage/bmd.stm32-for-vscode/@xpack-dev-tools/arm-none-eabi-gcc/14.2.1-1.1.1/.content/bin/../lib/gcc/arm-none-eabi/14.2.1/../../../../arm-none-eabi/lib/thumb/v7e-m+fp/hard\libc_nano.a(libc_a-closer.o)
                              c:/Users/alireza/AppData/Roaming/Code/User/globalStorage/bmd.stm32-for-vscode/@xpack-dev-tools/arm-none-eabi-gcc/14.2.1-1.1.1/.content/bin/../lib/gcc/arm-none-eabi/14.2.1/../../../../arm-none-eabi/lib/thumb/v7e-m+fp/hard\libc_nano.a(libc_a-stdio.o) (_close_r)
c:/Users/alireza/AppData/Roaming/Code/User/globalStorage/bmd.stm32-for-vscode/@xpack-dev-tools/arm-none-eabi-gcc/14.2.1-1.1.1/.content/bin/../lib/gcc/arm-none-eabi/14.2.1/../../../../arm-none-eabi/lib/thumb/v7e-m+fp/hard\libc_nano.a(libc_a-reent.o)
                              c:/Users/alireza/AppData/Roaming/Code/User/globalStorage/bmd.stm32-for-vscode/@xpack-dev-tools/arm-none-eabi-gcc/14.2.1-1.1.1/.content/bin/../lib/gcc/arm-none-eabi/14.2.1/../../../../arm-none-eabi/lib/thumb/v7e-m+fp/hard\libc_nano.a(libc_a-closer.o) (errno)
c:/Users/alireza/AppData/Roaming/Code/User/globalStorage/bmd.stm32-for-vscode/@xpack-dev-tools/arm-none-eabi-gcc/14.2.1-1.1.1/.content/bin/../lib/gcc/arm-none-eabi/14.2.1/../../../../arm-none-eabi/lib/thumb/v7e-m+fp/hard\libc_nano.a(libc_a-impure.o)
                              c:/Users/alireza/AppData/Roaming/Code/User/globalStorage/bmd.stm32-for-vscode/@xpack-dev-tools/arm-none-eabi-gcc/14.2.1-1.1.1/.content/bin/../lib/gcc/arm-none-eabi/14.2.1/../../../../arm-none-eabi/lib/thumb/v7e-m+fp/hard\libc_nano.a(libc_a-reent.o) (_impure_ptr)
[...]
Memory Configuration

Name             Origin             Length             Attributes
RAM              0x20000000         0x00010000         xrw
FLASH            0x08000000         0x00040000         xr
*default*        0x00000000         0xffffffff

Linker script and memory map

LOAD c:/Users/alireza/AppData/Roaming/Code/User/globalStorage/bmd.stm32-for-vscode/@xpack-dev-tools/arm-none-eabi-gcc/14.2.1-1.1.1/.content/bin/../lib/gcc/arm-none-eabi/14.2.1/thumb/v7e-m+fp/hard/crti.o
LOAD c:/Users/alireza/AppData/Roaming/Code/User/globalStorage/bmd.stm32-for-vscode/@xpack-dev-tools/arm-none-eabi-gcc/14.2.1-1.1.1/.content/bin/../lib/gcc/arm-none-eabi/14.2.1/thumb/v7e-m+fp/hard/crtbegin.o
LOAD c:/Users/alireza/AppData/Roaming/Code/User/globalStorage/bmd.stm32-for-vscode/@xpack-dev-tools/arm-none-eabi-gcc/14.2.1-1.1.1/.content/bin/../lib/gcc/arm-none-eabi/14.2.1/../../../../arm-none-eabi/lib/thumb/v7e-m+fp/hard/crt0.o
LOAD build/debug/controller_time.o
LOAD build/debug/gpio.o
LOAD build/debug/main.o
LOAD build/debug/rpm_calculator.o
LOAD build/debug/stm32f4xx_hal.o
LOAD build/debug/stm32f4xx_hal_cortex.o
LOAD build/debug/stm32f4xx_hal_dma.o
LOAD build/debug/stm32f4xx_hal_dma_ex.o
LOAD build/debug/stm32f4xx_hal_exti.o
LOAD build/debug/stm32f4xx_hal_flash.o
LOAD build/debug/stm32f4xx_hal_flash_ex.o
LOAD build/debug/stm32f4xx_hal_flash_ramfunc.o
LOAD build/debug/stm32f4xx_hal_gpio.o
LOAD build/debug/stm32f4xx_hal_msp.o
LOAD build/debug/stm32f4xx_hal_pwr.o
LOAD build/debug/stm32f4xx_hal_pwr_ex.o
LOAD build/debug/stm32f4xx_hal_rcc.o
LOAD build/debug/stm32f4xx_hal_rcc_ex.o
LOAD build/debug/stm32f4xx_hal_tim.o
LOAD build/debug/stm32f4xx_hal_tim_ex.o
LOAD build/debug/stm32f4xx_it.o
LOAD build/debug/syscalls.o
LOAD build/debug/sysmem.o
LOAD build/debug/system_stm32f4xx.o
LOAD build/debug/tim.o
LOAD build/debug/trigger.o
LOAD build/debug/startup_stm32f401xc.o
LOAD c:/Users/alireza/AppData/Roaming/Code/User/globalStorage/bmd.stm32-for-vscode/@xpack-dev-tools/arm-none-eabi-gcc/14.2.1-1.1.1/.content/bin/../lib/gcc/arm-none-eabi/14.2.1/../../../../arm-none-eabi/lib/thumb/v7e-m+fp/hard\libc_nano.a
LOAD c:/Users/alireza/AppData/Roaming/Code/User/globalStorage/bmd.stm32-for-vscode/@xpack-dev-tools/arm-none-eabi-gcc/14.2.1-1.1.1/.content/bin/../lib/gcc/arm-none-eabi/14.2.1/../../../../arm-none-eabi/lib/thumb/v7e-m+fp/hard\libm.a
LOAD c:/Users/alireza/AppData/Roaming/Code/User/globalStorage/bmd.stm32-for-vscode/@xpack-dev-tools/arm-none-eabi-gcc/14.2.1-1.1.1/.content/bin/../lib/gcc/arm-none-eabi/14.2.1/../../../../arm-none-eabi/lib/thumb/v7e-m+fp/hard\libnosys.a
START GROUP
LOAD c:/Users/alireza/AppData/Roaming/Code/User/globalStorage/bmd.stm32-for-vscode/@xpack-dev-tools/arm-none-eabi-gcc/14.2.1-1.1.1/.content/bin/../lib/gcc/arm-none-eabi/14.2.1/thumb/v7e-m+fp/hard\libgcc.a
LOAD c:/Users/alireza/AppData/Roaming/Code/User/globalStorage/bmd.stm32-for-vscode/@xpack-dev-tools/arm-none-eabi-gcc/14.2.1-1.1.1/.content/bin/../lib/gcc/arm-none-eabi/14.2.1/../../../../arm-none-eabi/lib/thumb/v7e-m+fp/hard\libc_nano.a
END GROUP
START GROUP
LOAD c:/Users/alireza/AppData/Roaming/Code/User/globalStorage/bmd.stm32-for-vscode/@xpack-dev-tools/arm-none-eabi-gcc/14.2.1-1.1.1/.content/bin/../lib/gcc/arm-none-eabi/14.2.1/thumb/v7e-m+fp/hard\libgcc.a
LOAD c:/Users/alireza/AppData/Roaming/Code/User/globalStorage/bmd.stm32-for-vscode/@xpack-dev-tools/arm-none-eabi-gcc/14.2.1-1.1.1/.content/bin/../lib/gcc/arm-none-eabi/14.2.1/../../../../arm-none-eabi/lib/thumb/v7e-m+fp/hard\libc_nano.a
END GROUP
LOAD c:/Users/alireza/AppData/Roaming/Code/User/globalStorage/bmd.stm32-for-vscode/@xpack-dev-tools/arm-none-eabi-gcc/14.2.1-1.1.1/.content/bin/../lib/gcc/arm-none-eabi/14.2.1/thumb/v7e-m+fp/hard/crtend.o
LOAD c:/Users/alireza/AppData/Roaming/Code/User/globalStorage/bmd.stm32-for-vscode/@xpack-dev-tools/arm-none-eabi-gcc/14.2.1-1.1.1/.content/bin/../lib/gcc/arm-none-eabi/14.2.1/thumb/v7e-m+fp/hard/crtn.o
                0x20010000                        _estack = (ORIGIN (RAM) + LENGTH (RAM))
                0x00000200                        _Min_Heap_Size = 0x200
                0x00000400                        _Min_Stack_Size = 0x400

.isr_vector     0x08000000      0x194
                0x08000000                        . = ALIGN (0x4)
 *(.isr_vector)
 .isr_vector    0x08000000      0x194 build/debug/startup_stm32f401xc.o
                0x08000000                g_pfnVectors
                0x08000194                        . = ALIGN (0x4)

.text           0x08000194     0x15c4
                0x08000194                        . = ALIGN (0x4)
 *(.text)
 .text          0x08000194       0x30 c:/Users/alireza/AppData/Roaming/Code/User/globalStorage/bmd.stm32-for-vscode/@xpack-dev-tools/arm-none-eabi-gcc/14.2.1-1.1.1/.content/bin/../lib/gcc/arm-none-eabi/14.2.1/thumb/v7e-m+fp/hard\libgcc.a(_aeabi_uldivmod.o)
                0x08000194                __aeabi_uldivmod
 .text          0x080001c4        0x4 c:/Users/alireza/AppData/Roaming/Code/User/globalStorage/bmd.stm32-for-vscode/@xpack-dev-tools/arm-none-eabi-gcc/14.2.1-1.1.1/.content/bin/../lib/gcc/arm-none-eabi/14.2.1/thumb/v7e-m+fp/hard\libgcc.a(_dvmd_tls.o)
                0x080001c4                __aeabi_idiv0
                0x080001c4                __aeabi_ldiv0
 *(.text*)
 .text.__do_global_dtors_aux
                0x080001c8       0x24 c:/Users/alireza/AppData/Roaming/Code/User/globalStorage/bmd.stm32-for-vscode/@xpack-dev-tools/arm-none-eabi-gcc/14.2.1-1.1.1/.content/bin/../lib/gcc/arm-none-eabi/14.2.1/thumb/v7e-m+fp/hard/crtbegin.o
 .text.frame_dummy
                0x080001ec       0x1c c:/Users/alireza/AppData/Roaming/Code/User/globalStorage/bmd.stm32-for-vscode/@xpack-dev-tools/arm-none-eabi-gcc/14.2.1-1.1.1/.content/bin/../lib/gcc/arm-none-eabi/14.2.1/thumb/v7e-m+fp/hard/crtbegin.o
 .text.controller_time_start
                0x08000208       0x2c build/debug/controller_time.o
                0x08000208                controller_time_start
 .text.get_time_us
                0x08000234       0x10 build/debug/controller_time.o
                0x08000234                get_time_us
 .text.get_time_ms
                0x08000244       0x1c build/debug/controller_time.o
                0x08000244                get_time_ms
 .text.MX_GPIO_Init
                0x08000260       0x98 build/debug/gpio.o
                0x08000260                MX_GPIO_Init
 .text.HAL_GPIO_EXTI_Callback
                0x080002f8       0x10 build/debug/main.o
                0x080002f8                HAL_GPIO_EXTI_Callback
 .text.Error_Handler
                0x08000308        0x4 build/debug/main.o
                0x08000308                Error_Handler
 .text.SystemClock_Config
                0x0800030c       0xa8 build/debug/main.o
                0x0800030c                SystemClock_Config
 .text.main     0x080003b4       0x4c build/debug/main.o
                0x080003b4                main
 .text.HAL_InitTick
                0x08000400       0x4c build/debug/stm32f4xx_hal.o
                0x08000400                HAL_InitTick
 .text.HAL_Init
                0x0800044c       0x34 build/debug/stm32f4xx_hal.o
                0x0800044c                HAL_Init
 .text.HAL_IncTick
                0x08000480       0x18 build/debug/stm32f4xx_hal.o
                0x08000480                HAL_IncTick
 .text.HAL_GetTick
                0x08000498        0xc build/debug/stm32f4xx_hal.o
                0x08000498                HAL_GetTick
 .text.HAL_Delay
                0x080004a4       0x28 build/debug/stm32f4xx_hal.o
                0x080004a4                HAL_Delay
 .text.__NVIC_EnableIRQ
                0x080004cc       0x1c build/debug/stm32f4xx_hal_cortex.o
 .text.__NVIC_SetPriority
                0x080004e8       0x28 build/debug/stm32f4xx_hal_cortex.o
 .text.NVIC_EncodePriority
                0x08000510       0x3e build/debug/stm32f4xx_hal_cortex.o
 *fill*         0x0800054e        0x2 
 .text.HAL_NVIC_SetPriorityGrouping
                0x08000550       0x24 build/debug/stm32f4xx_hal_cortex.o
                0x08000550                HAL_NVIC_SetPriorityGrouping
 .text.HAL_NVIC_SetPriority
                0x08000574       0x20 build/debug/stm32f4xx_hal_cortex.o
                0x08000574                HAL_NVIC_SetPriority
 .text.HAL_NVIC_EnableIRQ
                0x08000594        0x8 build/debug/stm32f4xx_hal_cortex.o
                0x08000594                HAL_NVIC_EnableIRQ
 .text.HAL_SYSTICK_Config
                0x0800059c       0x28 build/debug/stm32f4xx_hal_cortex.o
                0x0800059c                HAL_SYSTICK_Config
 .text.HAL_GPIO_Init
                0x080005c4      0x1c8 build/debug/stm32f4xx_hal_gpio.o
                0x080005c4                HAL_GPIO_Init
 .text.HAL_GPIO_EXTI_IRQHandler
                0x0800078c       0x1c build/debug/stm32f4xx_hal_gpio.o
                0x0800078c                HAL_GPIO_EXTI_IRQHandler
 .text.HAL_MspInit
                0x080007a8       0x38 build/debug/stm32f4xx_hal_msp.o
                0x080007a8                HAL_MspInit
 .text.HAL_RCC_OscConfig
                0x080007e0      0x3f8 build/debug/stm32f4xx_hal_rcc.o
                0x080007e0                HAL_RCC_OscConfig
 .text.HAL_RCC_GetSysClockFreq
                0x08000bd8       0xa8 build/debug/stm32f4xx_hal_rcc.o
                0x08000bd8                HAL_RCC_GetSysClockFreq
 .text.HAL_RCC_ClockConfig
                0x08000c80      0x160 build/debug/stm32f4xx_hal_rcc.o
                0x08000c80                HAL_RCC_ClockConfig
 .text.TIM_TI1_ConfigInputStage
                0x08000de0       0x26 build/debug/stm32f4xx_hal_tim.o
 .text.TIM_TI2_ConfigInputStage
                0x08000e06       0x28 build/debug/stm32f4xx_hal_tim.o
 .text.TIM_ITRx_SetConfig
                0x08000e2e       0x10 build/debug/stm32f4xx_hal_tim.o
 *fill*         0x08000e3e        0x2 
 .text.HAL_TIM_Base_Start
                0x08000e40       0x6c build/debug/stm32f4xx_hal_tim.o
                0x08000e40                HAL_TIM_Base_Start
 .text.TIM_Base_SetConfig
                0x08000eac       0xac build/debug/stm32f4xx_hal_tim.o
                0x08000eac                TIM_Base_SetConfig
 .text.HAL_TIM_Base_Init
                0x08000f58       0x58 build/debug/stm32f4xx_hal_tim.o
                0x08000f58                HAL_TIM_Base_Init
 .text.TIM_ETR_SetConfig
                0x08000fb0       0x1a build/debug/stm32f4xx_hal_tim.o
                0x08000fb0                TIM_ETR_SetConfig
 .text.HAL_TIM_ConfigClockSource
                0x08000fca       0xfe build/debug/stm32f4xx_hal_tim.o
                0x08000fca                HAL_TIM_ConfigClockSource
 .text.HAL_TIMEx_MasterConfigSynchronization
                0x080010c8       0x7c build/debug/stm32f4xx_hal_tim_ex.o
                0x080010c8                HAL_TIMEx_MasterConfigSynchronization
 .text.NMI_Handler
                0x08001144        0x2 build/debug/stm32f4xx_it.o
                0x08001144                NMI_Handler
 .text.HardFault_Handler
                0x08001146        0x2 build/debug/stm32f4xx_it.o
                0x08001146                HardFault_Handler
 .text.MemManage_Handler
                0x08001148        0x2 build/debug/stm32f4xx_it.o
                0x08001148                MemManage_Handler
 .text.BusFault_Handler
                0x0800114a        0x2 build/debug/stm32f4xx_it.o
                0x0800114a                BusFault_Handler
 .text.UsageFault_Handler
                0x0800114c        0x2 build/debug/stm32f4xx_it.o
                0x0800114c                UsageFault_Handler
 .text.SVC_Handler
                0x0800114e        0x2 build/debug/stm32f4xx_it.o
                0x0800114e                SVC_Handler
 .text.DebugMon_Handler
                0x08001150        0x2 build/debug/stm32f4xx_it.o
                0x08001150                DebugMon_Handler
 .text.PendSV_Handler
                0x08001152        0x2 build/debug/stm32f4xx_it.o
                0x08001152                PendSV_Handler
 .text.SysTick_Handler
                0x08001154        0x8 build/debug/stm32f4xx_it.o
                0x08001154                SysTick_Handler
 .text.EXTI15_10_IRQHandler
                0x0800115c        0xc build/debug/stm32f4xx_it.o
                0x0800115c                EXTI15_10_IRQHandler
 .text.SystemInit
                0x08001168       0x14 build/debug/system_stm32f4xx.o
                0x08001168                SystemInit
 .text.MX_TIM5_Init
                0x0800117c       0x6c build/debug/tim.o
                0x0800117c                MX_TIM5_Init
 .text.HAL_TIM_Base_MspInit
                0x080011e8       0x30 build/debug/tim.o
                0x080011e8                HAL_TIM_Base_MspInit
 .text.set_filtering
                0x08001218       0x54 build/debug/trigger.o
                0x08001218                set_filtering
 .text.trigger_set_filtering
                0x0800126c       0x10 build/debug/trigger.o
                0x0800126c                trigger_set_filtering
 .text.trigger_init
                0x0800127c       0x2c build/debug/trigger.o
                0x0800127c                trigger_init
 .text.trigger_tooth_handle
                0x080012a8       0xf4 build/debug/trigger.o
                0x080012a8                trigger_tooth_handle
 .text.Reset_Handler
                0x0800139c       0x50 build/debug/startup_stm32f401xc.o
                0x0800139c                Reset_Handler
 .text.Default_Handler
                0x080013ec        0x2 build/debug/startup_stm32f401xc.o
                0x080013ec                RTC_Alarm_IRQHandler
                0x080013ec                EXTI2_IRQHandler
                0x080013ec                SPI4_IRQHandler
                0x080013ec                TIM1_CC_IRQHandler
                0x080013ec                DMA2_Stream5_IRQHandler
                0x080013ec                DMA1_Stream5_IRQHandler
                0x080013ec                PVD_IRQHandler
                0x080013ec                SDIO_IRQHandler
                0x080013ec                TAMP_STAMP_IRQHandler
                0x080013ec                EXTI3_IRQHandler
                0x080013ec                TIM1_UP_TIM10_IRQHandler
                0x080013ec                I2C3_ER_IRQHandler
                0x080013ec                EXTI0_IRQHandler
                0x080013ec                I2C2_EV_IRQHandler
                0x080013ec                DMA1_Stream2_IRQHandler
                0x080013ec                FPU_IRQHandler
                0x080013ec                DMA2_Stream2_IRQHandler
                0x080013ec                SPI1_IRQHandler
                0x080013ec                TIM1_BRK_TIM9_IRQHandler
                0x080013ec                DMA2_Stream3_IRQHandler
                0x080013ec                USART6_IRQHandler
                0x080013ec                DMA2_Stream0_IRQHandler
                0x080013ec                TIM4_IRQHandler
                0x080013ec                I2C1_EV_IRQHandler
                0x080013ec                DMA1_Stream6_IRQHandler
                0x080013ec                DMA1_Stream1_IRQHandler
                0x080013ec                TIM3_IRQHandler
                0x080013ec                RCC_IRQHandler
                0x080013ec                Default_Handler
                0x080013ec                ADC_IRQHandler
                0x080013ec                DMA1_Stream7_IRQHandler
                0x080013ec                TIM5_IRQHandler
                0x080013ec                DMA2_Stream7_IRQHandler
                0x080013ec                I2C3_EV_IRQHandler
                0x080013ec                EXTI9_5_IRQHandler
                0x080013ec                RTC_WKUP_IRQHandler
                0x080013ec                SPI2_IRQHandler
                0x080013ec                DMA1_Stream0_IRQHandler
                0x080013ec                EXTI4_IRQHandler
                0x080013ec                WWDG_IRQHandler
                0x080013ec                TIM2_IRQHandler
                0x080013ec                OTG_FS_WKUP_IRQHandler
                0x080013ec                TIM1_TRG_COM_TIM11_IRQHandler
                0x080013ec                EXTI1_IRQHandler
                0x080013ec                USART2_IRQHandler
                0x080013ec                I2C2_ER_IRQHandler
                0x080013ec                DMA2_Stream1_IRQHandler
                0x080013ec                FLASH_IRQHandler
                0x080013ec                DMA2_Stream4_IRQHandler
                0x080013ec                USART1_IRQHandler
                0x080013ec                OTG_FS_IRQHandler
                0x080013ec                SPI3_IRQHandler
                0x080013ec                DMA1_Stream4_IRQHandler
                0x080013ec                I2C1_ER_IRQHandler
                0x080013ec                DMA2_Stream6_IRQHandler
                0x080013ec                DMA1_Stream3_IRQHandler
 .text.memset   0x080013ee       0x10 c:/Users/alireza/AppData/Roaming/Code/User/globalStorage/bmd.stm32-for-vscode/@xpack-dev-tools/arm-none-eabi-gcc/14.2.1-1.1.1/.content/bin/../lib/gcc/arm-none-eabi/14.2.1/../../../../arm-none-eabi/lib/thumb/v7e-m+fp/hard\libc_nano.a(libc_a-memset.o)
                0x080013ee                memset
 *fill*         0x080013fe        0x2 
 .text.__libc_init_array
                0x08001400       0x48 c:/Users/alireza/AppData/Roaming/Code/User/globalStorage/bmd.stm32-for-vscode/@xpack-dev-tools/arm-none-eabi-gcc/14.2.1-1.1.1/.content/bin/../lib/gcc/arm-none-eabi/14.2.1/../../../../arm-none-eabi/lib/thumb/v7e-m+fp/hard\libc_nano.a(libc_a-init.o)
                0x08001400                __libc_init_array
 .text.__udivmoddi4
                0x08001448      0x2f8 c:/Users/alireza/AppData/Roaming/Code/User/globalStorage/bmd.stm32-for-vscode/@xpack-dev-tools/arm-none-eabi-gcc/14.2.1-1.1.1/.content/bin/../lib/gcc/arm-none-eabi/14.2.1/thumb/v7e-m+fp/hard\libgcc.a(_udivmoddi4.o)
                0x08001448                __udivmoddi4
 *(.glue_7)
 .glue_7        0x08001740        0x0 linker stubs
 *(.glue_7t)
 .glue_7t       0x08001740        0x0 linker stubs
 *(.eh_frame)
 .eh_frame      0x08001740        0x0 c:/Users/alireza/AppData/Roaming/Code/User/globalStorage/bmd.stm32-for-vscode/@xpack-dev-tools/arm-none-eabi-gcc/14.2.1-1.1.1/.content/bin/../lib/gcc/arm-none-eabi/14.2.1/thumb/v7e-m+fp/hard/crtbegin.o
 *(.init)
 .init          0x08001740        0x4 c:/Users/alireza/AppData/Roaming/Code/User/globalStorage/bmd.stm32-for-vscode/@xpack-dev-tools/arm-none-eabi-gcc/14.2.1-1.1.1/.content/bin/../lib/gcc/arm-none-eabi/14.2.1/thumb/v7e-m+fp/hard/crti.o
                0x08001740                _init
 .init          0x08001744        0x8 c:/Users/alireza/AppData/Roaming/Code/User/globalStorage/bmd.stm32-for-vscode/@xpack-dev-tools/arm-none-eabi-gcc/14.2.1-1.1.1/.content/bin/../lib/gcc/arm-none-eabi/14.2.1/thumb/v7e-m+fp/hard/crtn.o
 *(.fini)
 .fini          0x0800174c        0x4 c:/Users/alireza/AppData/Roaming/Code/User/globalStorage/bmd.stm32-for-vscode/@xpack-dev-tools/arm-none-eabi-gcc/14.2.1-1.1.1/.content/bin/../lib/gcc/arm-none-eabi/14.2.1/thumb/v7e-m+fp/hard/crti.o
                0x0800174c                _fini
 .fini          0x08001750        0x8 c:/Users/alireza/AppData/Roaming/Code/User/globalStorage/bmd.stm32-for-vscode/@xpack-dev-tools/arm-none-eabi-gcc/14.2.1-1.1.1/.content/bin/../lib/gcc/arm-none-eabi/14.2.1/thumb/v7e-m+fp/hard/crtn.o
                0x08001758                        . = ALIGN (0x4)
                0x08001758                        _etext = .

.vfp11_veneer   0x08001758        0x0
 .vfp11_veneer  0x08001758        0x0 linker stubs

.v4_bx          0x08001758        0x0
 .v4_bx         0x08001758        0x0 linker stubs

.iplt           0x08001758        0x0
 .iplt          0x08001758        0x0 c:/Users/alireza/AppData/Roaming/Code/User/globalStorage/bmd.stm32-for-vscode/@xpack-dev-tools/arm-none-eabi-gcc/14.2.1-1.1.1/.content/bin/../lib/gcc/arm-none-eabi/14.2.1/thumb/v7e-m+fp/hard/crtbegin.o

.rodata         0x08001758       0x10
                0x08001758                        . = ALIGN (0x4)
 *(.rodata)
 *(.rodata*)
 .rodata.AHBPrescTable
                0x08001758       0x10 build/debug/system_stm32f4xx.o
                0x08001758                AHBPrescTable
                0x08001768                        . = ALIGN (0x4)

.ARM.extab      0x08001768        0x0
                0x08001768                        . = ALIGN (0x4)
 *(.ARM.extab* .gnu.linkonce.armextab.*)
                0x08001768                        . = ALIGN (0x4)

.ARM            0x08001768        0x8
                0x08001768                        . = ALIGN (0x4)
                0x08001768                        __exidx_start = .
 *(.ARM.exidx*)
 .ARM.exidx.text.__udivmoddi4
                0x08001768        0x8 c:/Users/alireza/AppData/Roaming/Code/User/globalStorage/bmd.stm32-for-vscode/@xpack-dev-tools/arm-none-eabi-gcc/14.2.1-1.1.1/.content/bin/../lib/gcc/arm-none-eabi/14.2.1/thumb/v7e-m+fp/hard\libgcc.a(_udivmoddi4.o)
                0x08001770                        __exidx_end = .
                0x08001770                        . = ALIGN (0x4)

.preinit_array  0x08001770        0x0
                0x08001770                        . = ALIGN (0x4)
                0x08001770                        PROVIDE (__preinit_array_start = .)
 *(.preinit_array*)
                0x08001770                        PROVIDE (__preinit_array_end = .)
                0x08001770                        . = ALIGN (0x4)

.init_array     0x08001770        0x4
                0x08001770                        . = ALIGN (0x4)
                0x08001770                        PROVIDE (__init_array_start = .)
 *(SORT_BY_NAME(.init_array.*))
 *(.init_array*)
 .init_array    0x08001770        0x4 c:/Users/alireza/AppData/Roaming/Code/User/globalStorage/bmd.stm32-for-vscode/@xpack-dev-tools/arm-none-eabi-gcc/14.2.1-1.1.1/.content/bin/../lib/gcc/arm-none-eabi/14.2.1/thumb/v7e-m+fp/hard/crtbegin.o
                0x08001774                        PROVIDE (__init_array_end = .)
                0x08001774                        . = ALIGN (0x4)

.fini_array     0x08001774        0x4
                0x08001774                        . = ALIGN (0x4)
                0x08001774                        PROVIDE (__fini_array_start = .)
 *(SORT_BY_NAME(.fini_array.*))
 *(.fini_array*)
 .fini_array    0x08001774        0x4 c:/Users/alireza/AppData/Roaming/Code/User/globalStorage/bmd.stm32-for-vscode/@xpack-dev-tools/arm-none-eabi-gcc/14.2.1-1.1.1/.content/bin/../lib/gcc/arm-none-eabi/14.2.1/thumb/v7e-m+fp/hard/crtbegin.o
                0x08001778                        PROVIDE (__fini_array_end = .)
                0x08001778                        . = ALIGN (0x4)
                0x08001778                        _sidata = LOADADDR (.data)

.rel.dyn        0x08001778        0x0
 .rel.iplt      0x08001778        0x0 c:/Users/alireza/AppData/Roaming/Code/User/globalStorage/bmd.stm32-for-vscode/@xpack-dev-tools/arm-none-eabi-gcc/14.2.1-1.1.1/.content/bin/../lib/gcc/arm-none-eabi/14.2.1/thumb/v7e-m+fp/hard/crtbegin.o

.data           0x20000000        0xc load address 0x08001778
                0x20000000                        . = ALIGN (0x4)
                0x20000000                        _sdata = .
 *(.data)
 *(.data*)
 .data.uwTickFreq
                0x20000000        0x1 build/debug/stm32f4xx_hal.o
                0x20000000                uwTickFreq
 *fill*         0x20000001        0x3 
 .data.uwTickPrio
                0x20000004        0x4 build/debug/stm32f4xx_hal.o
                0x20000004                uwTickPrio
 .data.SystemCoreClock
                0x20000008        0x4 build/debug/system_stm32f4xx.o
                0x20000008                SystemCoreClock
 *(.RamFunc)
 *(.RamFunc*)
                0x2000000c                        . = ALIGN (0x4)
                0x2000000c                        _edata = .

.igot.plt       0x2000000c        0x0 load address 0x08001784
 .igot.plt      0x2000000c        0x0 c:/Users/alireza/AppData/Roaming/Code/User/globalStorage/bmd.stm32-for-vscode/@xpack-dev-tools/arm-none-eabi-gcc/14.2.1-1.1.1/.content/bin/../lib/gcc/arm-none-eabi/14.2.1/thumb/v7e-m+fp/hard/crtbegin.o
                0x2000000c                        . = ALIGN (0x4)

.bss            0x2000000c       0xa0 load address 0x08001784
                0x2000000c                        _sbss = .
                0x2000000c                        __bss_start__ = _sbss
 *(.bss)
 *(.bss*)
 .bss.completed.1
                0x2000000c        0x1 c:/Users/alireza/AppData/Roaming/Code/User/globalStorage/bmd.stm32-for-vscode/@xpack-dev-tools/arm-none-eabi-gcc/14.2.1-1.1.1/.content/bin/../lib/gcc/arm-none-eabi/14.2.1/thumb/v7e-m+fp/hard/crtbegin.o
 *fill*         0x2000000d        0x3 
 .bss.object.0  0x20000010       0x18 c:/Users/alireza/AppData/Roaming/Code/User/globalStorage/bmd.stm32-for-vscode/@xpack-dev-tools/arm-none-eabi-gcc/14.2.1-1.1.1/.content/bin/../lib/gcc/arm-none-eabi/14.2.1/thumb/v7e-m+fp/hard/crtbegin.o
 .bss.timer     0x20000028        0x4 build/debug/controller_time.o
                0x20000028                timer
 .bss.settings  0x2000002c        0x3 build/debug/main.o
                0x2000002c                settings
 *fill*         0x2000002f        0x1 
 .bss.engine_parameters
                0x20000030        0xc build/debug/main.o
                0x20000030                engine_parameters
 .bss.global_time
                0x2000003c        0x4 build/debug/main.o
                0x2000003c                global_time
 .bss.uwTick    0x20000040        0x4 build/debug/stm32f4xx_hal.o
                0x20000040                uwTick
 .bss.htim5     0x20000044       0x48 build/debug/tim.o
                0x20000044                htim5
 .bss.trigger_actual_teeth
                0x2000008c        0x1 build/debug/trigger.o
                0x2000008c                trigger_actual_teeth
 *fill*         0x2000008d        0x1 
 .bss.counted_tooth
                0x2000008e        0x2 build/debug/trigger.o
                0x2000008e                counted_tooth
 .bss.target_tooth_gap_us
                0x20000090        0x4 build/debug/trigger.o
                0x20000090                target_tooth_gap_us
 .bss.current_tooth_gap_us
                0x20000094        0x4 build/debug/trigger.o
                0x20000094                current_tooth_gap_us
 .bss.tooth_time_us
                0x20000098        0xc build/debug/trigger.o
                0x20000098                tooth_time_us
 .bss.trigger_filter_time_us
                0x200000a4        0x4 build/debug/trigger.o
                0x200000a4                trigger_filter_time_us
 .bss.trigger_status
                0x200000a8        0x4 build/debug/trigger.o
                0x200000a8                trigger_status
 *(COMMON)
                0x200000ac                        . = ALIGN (0x4)
                0x200000ac                        _ebss = .
                0x200000ac                        __bss_end__ = _ebss

._user_heap_stack
                0x200000ac      0x604 load address 0x08001784
                0x200000b0                        . = ALIGN (0x8)
 *fill*         0x200000ac        0x4 
                [!provide]                        PROVIDE (end = .)
                0x200000b0                        PROVIDE (_end = .)
                0x200002b0                        . = (. + _Min_Heap_Size)
 *fill*         0x200000b0      0x200 
                0x200006b0                        . = (. + _Min_Stack_Size)
 *fill*         0x200002b0      0x400 
                0x200006b0                        . = ALIGN (0x8)

/DISCARD/
 libc.a(*)
 libm.a(*)
 libgcc.a(*)
OUTPUT(build/debug/SGC.elf elf32-littlearm)
LOAD linker stubs
LOAD c:/Users/alireza/AppData/Roaming/Code/User/globalStorage/bmd.stm32-for-vscode/@xpack-dev-tools/arm-none-eabi-gcc/14.2.1-1.1.1/.content/bin/../lib/gcc/arm-none-eabi/14.2.1/../../../../arm-none-eabi/lib/thumb/v7e-m+fp/hard\libc.a
LOAD c:/Users/alireza/AppData/Roaming/Code/User/globalStorage/bmd.stm32-for-vscode/@xpack-dev-tools/arm-none-eabi-gcc/14.2.1-1.1.1/.content/bin/../lib/gcc/arm-none-eabi/14.2.1/../../../../arm-none-eabi/lib/thumb/v7e-m+fp/hard\libm.a
LOAD c:/Users/alireza/AppData/Roaming/Code/User/globalStorage/bmd.stm32-for-vscode/@xpack-dev-tools/arm-none-eabi-gcc/14.2.1-1.1.1/.content/bin/../lib/gcc/arm-none-eabi/14.2.1/thumb/v7e-m+fp/hard\libgcc.a

.ARM.attributes
                0x00000000       0x30
 .ARM.attributes
                0x00000000       0x22 c:/Users/alireza/AppData/Roaming/Code/User/globalStorage/bmd.stm32-for-vscode/@xpack-dev-tools/arm-none-eabi-gcc/14.2.1-1.1.1/.content/bin/../lib/gcc/arm-none-eabi/14.2.1/thumb/v7e-m+fp/hard/crti.o
 .ARM.attributes
                0x00000022       0x34 c:/Users/alireza/AppData/Roaming/Code/User/globalStorage/bmd.stm32-for-vscode/@xpack-dev-tools/arm-none-eabi-gcc/14.2.1-1.1.1/.content/bin/../lib/gcc/arm-none-eabi/14.2.1/thumb/v7e-m+fp/hard/crtbegin.o
 .ARM.attributes
                0x00000056       0x34 build/debug/controller_time.o
 .ARM.attributes
                0x0000008a       0x34 build/debug/gpio.o
 .ARM.attributes
                0x000000be       0x34 build/debug/main.o
 .ARM.attributes
                0x000000f2       0x34 build/debug/stm32f4xx_hal.o
 .ARM.attributes
                0x00000126       0x34 build/debug/stm32f4xx_hal_cortex.o
 .ARM.attributes
                0x0000015a       0x34 build/debug/stm32f4xx_hal_gpio.o
 .ARM.attributes
                0x0000018e       0x34 build/debug/stm32f4xx_hal_msp.o
 .ARM.attributes
                0x000001c2       0x34 build/debug/stm32f4xx_hal_rcc.o
 .ARM.attributes
                0x000001f6       0x34 build/debug/stm32f4xx_hal_tim.o
 .ARM.attributes
                0x0000022a       0x34 build/debug/stm32f4xx_hal_tim_ex.o
 .ARM.attributes
                0x0000025e       0x34 build/debug/stm32f4xx_it.o
 .ARM.attributes
                0x00000292       0x34 build/debug/system_stm32f4xx.o
 .ARM.attributes
                0x000002c6       0x34 build/debug/tim.o
 .ARM.attributes
                0x000002fa       0x34 build/debug/trigger.o
 .ARM.attributes
                0x0000032e       0x21 build/debug/startup_stm32f401xc.o
 .ARM.attributes
                0x0000034f       0x34 c:/Users/alireza/AppData/Roaming/Code/User/globalStorage/bmd.stm32-for-vscode/@xpack-dev-tools/arm-none-eabi-gcc/14.2.1-1.1.1/.content/bin/../lib/gcc/arm-none-eabi/14.2.1/../../../../arm-none-eabi/lib/thumb/v7e-m+fp/hard\libc_nano.a(libc_a-memset.o)
 .ARM.attributes
                0x00000383       0x34 c:/Users/alireza/AppData/Roaming/Code/User/globalStorage/bmd.stm32-for-vscode/@xpack-dev-tools/arm-none-eabi-gcc/14.2.1-1.1.1/.content/bin/../lib/gcc/arm-none-eabi/14.2.1/../../../../arm-none-eabi/lib/thumb/v7e-m+fp/hard\libc_nano.a(libc_a-init.o)
 .ARM.attributes
                0x000003b7       0x22 c:/Users/alireza/AppData/Roaming/Code/User/globalStorage/bmd.stm32-for-vscode/@xpack-dev-tools/arm-none-eabi-gcc/14.2.1-1.1.1/.content/bin/../lib/gcc/arm-none-eabi/14.2.1/thumb/v7e-m+fp/hard\libgcc.a(_aeabi_uldivmod.o)
 .ARM.attributes
                0x000003d9       0x34 c:/Users/alireza/AppData/Roaming/Code/User/globalStorage/bmd.stm32-for-vscode/@xpack-dev-tools/arm-none-eabi-gcc/14.2.1-1.1.1/.content/bin/../lib/gcc/arm-none-eabi/14.2.1/thumb/v7e-m+fp/hard\libgcc.a(_udivmoddi4.o)
 .ARM.attributes
                0x0000040d       0x22 c:/Users/alireza/AppData/Roaming/Code/User/globalStorage/bmd.stm32-for-vscode/@xpack-dev-tools/arm-none-eabi-gcc/14.2.1-1.1.1/.content/bin/../lib/gcc/arm-none-eabi/14.2.1/thumb/v7e-m+fp/hard\libgcc.a(_dvmd_tls.o)
 .ARM.attributes
                0x0000042f       0x22 c:/Users/alireza/AppData/Roaming/Code/User/globalStorage/bmd.stm32-for-vscode/@xpack-dev-tools/arm-none-eabi-gcc/14.2.1-1.1.1/.content/bin/../lib/gcc/arm-none-eabi/14.2.1/thumb/v7e-m+fp/hard/crtn.o

.comment        0x00000000       0x39
 .comment       0x00000000       0x39 c:/Users/alireza/AppData/Roaming/Code/User/globalStorage/bmd.stm32-for-vscode/@xpack-dev-tools/arm-none-eabi-gcc/14.2.1-1.1.1/.content/bin/../lib/gcc/arm-none-eabi/14.2.1/thumb/v7e-m+fp/hard/crtbegin.o
                                 0x3a (size before relaxing)
 .comment       0x00000039       0x3a build/debug/controller_time.o
 .comment       0x00000039       0x3a build/debug/gpio.o
 .comment       0x00000039       0x3a build/debug/main.o
 .comment       0x00000039       0x3a build/debug/stm32f4xx_hal.o
 .comment       0x00000039       0x3a build/debug/stm32f4xx_hal_cortex.o
 .comment       0x00000039       0x3a build/debug/stm32f4xx_hal_gpio.o
 .comment       0x00000039       0x3a build/debug/stm32f4xx_hal_msp.o
 .comment       0x00000039       0x3a build/debug/stm32f4xx_hal_rcc.o
 .comment       0x00000039       0x3a build/debug/stm32f4xx_hal_tim.o
 .comment       0x00000039       0x3a build/debug/stm32f4xx_hal_tim_ex.o
 .comment       0x00000039       0x3a build/debug/stm32f4xx_it.o
 .comment       0x00000039       0x3a build/debug/system_stm32f4xx.o
 .comment       0x00000039       0x3a build/debug/tim.o
 .comment       0x00000039       0x3a build/debug/trigger.o
 .comment       0x00000039       0x3a c:/Users/alireza/AppData/Roaming/Code/User/globalStorage/bmd.stm32-for-vscode/@xpack-dev-tools/arm-none-eabi-gcc/14.2.1-1.1.1/.content/bin/../lib/gcc/arm-none-eabi/14.2.1/../../../../arm-none-eabi/lib/thumb/v7e-m+fp/hard\libc_nano.a(libc_a-memset.o)
 .comment       0x00000039       0x3a c:/Users/alireza/AppData/Roaming/Code/User/globalStorage/bmd.stm32-for-vscode/@xpack-dev-tools/arm-none-eabi-gcc/14.2.1-1.1.1/.content/bin/../lib/gcc/arm-none-eabi/14.2.1/../../../../arm-none-eabi/lib/thumb/v7e-m+fp/hard\libc_nano.a(libc_a-init.o)
 .comment       0x00000039       0x3a c:/Users/alireza/AppData/Roaming/Code/User/globalStorage/bmd.stm32-for-vscode/@xpack-dev-tools/arm-none-eabi-gcc/14.2.1-1.1.1/.content/bin/../lib/gcc/arm-none-eabi/14.2.1/thumb/v7e-m+fp/hard\libgcc.a(_udivmoddi4.o)

.debug_info     0x00000000     0xba71
 .debug_info    0x00000000      0x6fc build/debug/controller_time.o
 .debug_info    0x000006fc      0x606 build/debug/gpio.o
 .debug_info    0x00000d02      0xd3d build/debug/main.o
 .debug_info    0x00001a3f      0x959 build/debug/stm32f4xx_hal.o
 .debug_info    0x00002398      0xf5f build/debug/stm32f4xx_hal_cortex.o
 .debug_info    0x000032f7      0x73a build/debug/stm32f4xx_hal_gpio.o
 .debug_info    0x00003a31      0x28d build/debug/stm32f4xx_hal_msp.o
 .debug_info    0x00003cbe      0xaaf build/debug/stm32f4xx_hal_rcc.o
 .debug_info    0x0000476d     0x3c4c build/debug/stm32f4xx_hal_tim.o
 .debug_info    0x000083b9     0x1ad7 build/debug/stm32f4xx_hal_tim_ex.o
 .debug_info    0x00009e90      0x16a build/debug/stm32f4xx_it.o
 .debug_info    0x00009ffa      0x553 build/debug/system_stm32f4xx.o
 .debug_info    0x0000a54d      0xa1f build/debug/tim.o
 .debug_info    0x0000af6c      0x372 build/debug/trigger.o
 .debug_info    0x0000b2de       0x30 build/debug/startup_stm32f401xc.o
 .debug_info    0x0000b30e       0x24 c:/Users/alireza/AppData/Roaming/Code/User/globalStorage/bmd.stm32-for-vscode/@xpack-dev-tools/arm-none-eabi-gcc/14.2.1-1.1.1/.content/bin/../lib/gcc/arm-none-eabi/14.2.1/thumb/v7e-m+fp/hard\libgcc.a(_aeabi_uldivmod.o)
 .debug_info    0x0000b332      0x703 c:/Users/alireza/AppData/Roaming/Code/User/globalStorage/bmd.stm32-for-vscode/@xpack-dev-tools/arm-none-eabi-gcc/14.2.1-1.1.1/.content/bin/../lib/gcc/arm-none-eabi/14.2.1/thumb/v7e-m+fp/hard\libgcc.a(_udivmoddi4.o)
 .debug_info    0x0000ba35       0x3c c:/Users/alireza/AppData/Roaming/Code/User/globalStorage/bmd.stm32-for-vscode/@xpack-dev-tools/arm-none-eabi-gcc/14.2.1-1.1.1/.content/bin/../lib/gcc/arm-none-eabi/14.2.1/thumb/v7e-m+fp/hard\libgcc.a(_dvmd_tls.o)

.debug_abbrev   0x00000000     0x1d75
 .debug_abbrev  0x00000000      0x1c4 build/debug/controller_time.o
 .debug_abbrev  0x000001c4      0x182 build/debug/gpio.o
 .debug_abbrev  0x00000346      0x27e build/debug/main.o
 .debug_abbrev  0x000005c4      0x277 build/debug/stm32f4xx_hal.o
 .debug_abbrev  0x0000083b      0x391 build/debug/stm32f4xx_hal_cortex.o
 .debug_abbrev  0x00000bcc      0x201 build/debug/stm32f4xx_hal_gpio.o
 .debug_abbrev  0x00000dcd       0xd6 build/debug/stm32f4xx_hal_msp.o
 .debug_abbrev  0x00000ea3      0x2c6 build/debug/stm32f4xx_hal_rcc.o
 .debug_abbrev  0x00001169      0x284 build/debug/stm32f4xx_hal_tim.o
 .debug_abbrev  0x000013ed      0x282 build/debug/stm32f4xx_hal_tim_ex.o
 .debug_abbrev  0x0000166f       0xbb build/debug/stm32f4xx_it.o
 .debug_abbrev  0x0000172a      0x11e build/debug/system_stm32f4xx.o
 .debug_abbrev  0x00001848      0x206 build/debug/tim.o
 .debug_abbrev  0x00001a4e      0x15f build/debug/trigger.o
 .debug_abbrev  0x00001bad       0x24 build/debug/startup_stm32f401xc.o
 .debug_abbrev  0x00001bd1       0x14 c:/Users/alireza/AppData/Roaming/Code/User/globalStorage/bmd.stm32-for-vscode/@xpack-dev-tools/arm-none-eabi-gcc/14.2.1-1.1.1/.content/bin/../lib/gcc/arm-none-eabi/14.2.1/thumb/v7e-m+fp/hard\libgcc.a(_aeabi_uldivmod.o)
 .debug_abbrev  0x00001be5      0x16a c:/Users/alireza/AppData/Roaming/Code/User/globalStorage/bmd.stm32-for-vscode/@xpack-dev-tools/arm-none-eabi-gcc/14.2.1-1.1.1/.content/bin/../lib/gcc/arm-none-eabi/14.2.1/thumb/v7e-m+fp/hard\libgcc.a(_udivmoddi4.o)
 .debug_abbrev  0x00001d4f       0x26 c:/Users/alireza/AppData/Roaming/Code/User/globalStorage/bmd.stm32-for-vscode/@xpack-dev-tools/arm-none-eabi-gcc/14.2.1-1.1.1/.content/bin/../lib/gcc/arm-none-eabi/14.2.1/thumb/v7e-m+fp/hard\libgcc.a(_dvmd_tls.o)

.debug_loclists
                0x00000000     0x6662
 .debug_loclists
                0x00000000       0x30 build/debug/controller_time.o
 .debug_loclists
                0x00000030       0x29 build/debug/main.o
 .debug_loclists
                0x00000059       0xe1 build/debug/stm32f4xx_hal.o
 .debug_loclists
                0x0000013a      0x54d build/debug/stm32f4xx_hal_cortex.o
 .debug_loclists
                0x00000687      0x386 build/debug/stm32f4xx_hal_gpio.o
 .debug_loclists
                0x00000a0d      0x3db build/debug/stm32f4xx_hal_rcc.o
 .debug_loclists
                0x00000de8     0x3805 build/debug/stm32f4xx_hal_tim.o
 .debug_loclists
                0x000045ed     0x13f6 build/debug/stm32f4xx_hal_tim_ex.o
 .debug_loclists
                0x000059e3       0xe7 build/debug/system_stm32f4xx.o
 .debug_loclists
                0x00005aca       0x83 build/debug/trigger.o
 .debug_loclists
                0x00005b4d      0xb15 c:/Users/alireza/AppData/Roaming/Code/User/globalStorage/bmd.stm32-for-vscode/@xpack-dev-tools/arm-none-eabi-gcc/14.2.1-1.1.1/.content/bin/../lib/gcc/arm-none-eabi/14.2.1/thumb/v7e-m+fp/hard\libgcc.a(_udivmoddi4.o)

.debug_aranges  0x00000000      0xa28
 .debug_aranges
                0x00000000       0x30 build/debug/controller_time.o
 .debug_aranges
                0x00000030       0x20 build/debug/gpio.o
 .debug_aranges
                0x00000050       0x38 build/debug/main.o
 .debug_aranges
                0x00000088       0xf0 build/debug/stm32f4xx_hal.o
 .debug_aranges
                0x00000178       0xf8 build/debug/stm32f4xx_hal_cortex.o
 .debug_aranges
                0x00000270       0x58 build/debug/stm32f4xx_hal_gpio.o
 .debug_aranges
                0x000002c8       0x20 build/debug/stm32f4xx_hal_msp.o
 .debug_aranges
                0x000002e8       0x88 build/debug/stm32f4xx_hal_rcc.o
 .debug_aranges
                0x00000370      0x3d0 build/debug/stm32f4xx_hal_tim.o
 .debug_aranges
                0x00000740      0x168 build/debug/stm32f4xx_hal_tim_ex.o
 .debug_aranges
                0x000008a8       0x68 build/debug/stm32f4xx_it.o
 .debug_aranges
                0x00000910       0x28 build/debug/system_stm32f4xx.o
 .debug_aranges
                0x00000938       0x30 build/debug/tim.o
 .debug_aranges
                0x00000968       0x38 build/debug/trigger.o
 .debug_aranges
                0x000009a0       0x28 build/debug/startup_stm32f401xc.o
 .debug_aranges
                0x000009c8       0x20 c:/Users/alireza/AppData/Roaming/Code/User/globalStorage/bmd.stm32-for-vscode/@xpack-dev-tools/arm-none-eabi-gcc/14.2.1-1.1.1/.content/bin/../lib/gcc/arm-none-eabi/14.2.1/thumb/v7e-m+fp/hard\libgcc.a(_aeabi_uldivmod.o)
 .debug_aranges
                0x000009e8       0x20 c:/Users/alireza/AppData/Roaming/Code/User/globalStorage/bmd.stm32-for-vscode/@xpack-dev-tools/arm-none-eabi-gcc/14.2.1-1.1.1/.content/bin/../lib/gcc/arm-none-eabi/14.2.1/thumb/v7e-m+fp/hard\libgcc.a(_udivmoddi4.o)
 .debug_aranges
                0x00000a08       0x20 c:/Users/alireza/AppData/Roaming/Code/User/globalStorage/bmd.stm32-for-vscode/@xpack-dev-tools/arm-none-eabi-gcc/14.2.1-1.1.1/.content/bin/../lib/gcc/arm-none-eabi/14.2.1/thumb/v7e-m+fp/hard\libgcc.a(_dvmd_tls.o)

.debug_rnglists
                0x00000000      0x7f7
 .debug_rnglists
                0x00000000       0x1f build/debug/controller_time.o
 .debug_rnglists
                0x0000001f       0x14 build/debug/gpio.o
 .debug_rnglists
                0x00000033       0x26 build/debug/main.o
 .debug_rnglists
                0x00000059       0xaf build/debug/stm32f4xx_hal.o
 .debug_rnglists
                0x00000108       0xb5 build/debug/stm32f4xx_hal_cortex.o
 .debug_rnglists
                0x000001bd       0x3f build/debug/stm32f4xx_hal_gpio.o
 .debug_rnglists
                0x000001fc       0x13 build/debug/stm32f4xx_hal_msp.o
 .debug_rnglists
                0x0000020f       0x75 build/debug/stm32f4xx_hal_rcc.o
 .debug_rnglists
                0x00000284      0x2ff build/debug/stm32f4xx_hal_tim.o
 .debug_rnglists
                0x00000583      0x11a build/debug/stm32f4xx_hal_tim_ex.o
 .debug_rnglists
                0x0000069d       0x49 build/debug/stm32f4xx_it.o
 .debug_rnglists
                0x000006e6       0x1a build/debug/system_stm32f4xx.o
 .debug_rnglists
                0x00000700       0x1f build/debug/tim.o
 .debug_rnglists
                0x0000071f       0x26 build/debug/trigger.o
 .debug_rnglists
                0x00000745       0x19 build/debug/startup_stm32f401xc.o
 .debug_rnglists
                0x0000075e       0x99 c:/Users/alireza/AppData/Roaming/Code/User/globalStorage/bmd.stm32-for-vscode/@xpack-dev-tools/arm-none-eabi-gcc/14.2.1-1.1.1/.content/bin/../lib/gcc/arm-none-eabi/14.2.1/thumb/v7e-m+fp/hard\libgcc.a(_udivmoddi4.o)

.debug_line     0x00000000     0xa484
 .debug_line    0x00000000      0x2ee build/debug/controller_time.o
 .debug_line    0x000002ee      0x277 build/debug/gpio.o
 .debug_line    0x00000565      0x492 build/debug/main.o
 .debug_line    0x000009f7      0x613 build/debug/stm32f4xx_hal.o
 .debug_line    0x0000100a      0x8d6 build/debug/stm32f4xx_hal_cortex.o
 .debug_line    0x000018e0      0x765 build/debug/stm32f4xx_hal_gpio.o
 .debug_line    0x00002045      0x202 build/debug/stm32f4xx_hal_msp.o
 .debug_line    0x00002247      0xc75 build/debug/stm32f4xx_hal_rcc.o
 .debug_line    0x00002ebc     0x46d3 build/debug/stm32f4xx_hal_tim.o
 .debug_line    0x0000758f     0x1a8f build/debug/stm32f4xx_hal_tim_ex.o
 .debug_line    0x0000901e      0x2d5 build/debug/stm32f4xx_it.o
 .debug_line    0x000092f3      0x2f9 build/debug/system_stm32f4xx.o
 .debug_line    0x000095ec      0x36a build/debug/tim.o
 .debug_line    0x00009956      0x3fb build/debug/trigger.o
 .debug_line    0x00009d51       0x76 build/debug/startup_stm32f401xc.o
 .debug_line    0x00009dc7       0x4e c:/Users/alireza/AppData/Roaming/Code/User/globalStorage/bmd.stm32-for-vscode/@xpack-dev-tools/arm-none-eabi-gcc/14.2.1-1.1.1/.content/bin/../lib/gcc/arm-none-eabi/14.2.1/thumb/v7e-m+fp/hard\libgcc.a(_aeabi_uldivmod.o)
 .debug_line    0x00009e15      0x625 c:/Users/alireza/AppData/Roaming/Code/User/globalStorage/bmd.stm32-for-vscode/@xpack-dev-tools/arm-none-eabi-gcc/14.2.1-1.1.1/.content/bin/../lib/gcc/arm-none-eabi/14.2.1/thumb/v7e-m+fp/hard\libgcc.a(_udivmoddi4.o)
 .debug_line    0x0000a43a       0x4a c:/Users/alireza/AppData/Roaming/Code/User/globalStorage/bmd.stm32-for-vscode/@xpack-dev-tools/arm-none-eabi-gcc/14.2.1-1.1.1/.content/bin/../lib/gcc/arm-none-eabi/14.2.1/thumb/v7e-m+fp/hard\libgcc.a(_dvmd_tls.o)

.debug_str      0x00000000     0x39ec
 .debug_str     0x00000000     0x39ec build/debug/controller_time.o
                                0x786 (size before relaxing)
 .debug_str     0x000039ec      0x6f6 build/debug/gpio.o
 .debug_str     0x000039ec      0xb99 build/debug/main.o
 .debug_str     0x000039ec      0x9fc build/debug/stm32f4xx_hal.o
 .debug_str     0x000039ec      0xafb build/debug/stm32f4xx_hal_cortex.o
 .debug_str     0x000039ec      0x4da build/debug/stm32f4xx_hal_gpio.o
 .debug_str     0x000039ec      0x2b5 build/debug/stm32f4xx_hal_msp.o
 .debug_str     0x000039ec      0x700 build/debug/stm32f4xx_hal_rcc.o
 .debug_str     0x000039ec     0x16e7 build/debug/stm32f4xx_hal_tim.o
 .debug_str     0x000039ec      0xef3 build/debug/stm32f4xx_hal_tim_ex.o
 .debug_str     0x000039ec      0x259 build/debug/stm32f4xx_it.o
 .debug_str     0x000039ec      0x36f build/debug/system_stm32f4xx.o
 .debug_str     0x000039ec      0x94b build/debug/tim.o
 .debug_str     0x000039ec      0x47f build/debug/trigger.o
 .debug_str     0x000039ec       0x66 build/debug/startup_stm32f401xc.o
 .debug_str     0x000039ec      0x13a c:/Users/alireza/AppData/Roaming/Code/User/globalStorage/bmd.stm32-for-vscode/@xpack-dev-tools/arm-none-eabi-gcc/14.2.1-1.1.1/.content/bin/../lib/gcc/arm-none-eabi/14.2.1/thumb/v7e-m+fp/hard\libgcc.a(_aeabi_uldivmod.o)
 .debug_str     0x000039ec      0x753 c:/Users/alireza/AppData/Roaming/Code/User/globalStorage/bmd.stm32-for-vscode/@xpack-dev-tools/arm-none-eabi-gcc/14.2.1-1.1.1/.content/bin/../lib/gcc/arm-none-eabi/14.2.1/thumb/v7e-m+fp/hard\libgcc.a(_udivmoddi4.o)
 .debug_str     0x000039ec      0x15a c:/Users/alireza/AppData/Roaming/Code/User/globalStorage/bmd.stm32-for-vscode/@xpack-dev-tools/arm-none-eabi-gcc/14.2.1-1.1.1/.content/bin/../lib/gcc/arm-none-eabi/14.2.1/thumb/v7e-m+fp/hard\libgcc.a(_dvmd_tls.o)

.debug_frame    0x00000000     0x18a8
 .debug_frame   0x00000000       0x4c build/debug/controller_time.o
 .debug_frame   0x0000004c       0x30 build/debug/gpio.o
 .debug_frame   0x0000007c       0x74 build/debug/main.o
 .debug_frame   0x000000f0      0x1ec build/debug/stm32f4xx_hal.o
 .debug_frame   0x000002dc      0x214 build/debug/stm32f4xx_hal_cortex.o
 .debug_frame   0x000004f0       0xd8 build/debug/stm32f4xx_hal_gpio.o
 .debug_frame   0x000005c8       0x28 build/debug/stm32f4xx_hal_msp.o
 .debug_frame   0x000005f0      0x16c build/debug/stm32f4xx_hal_rcc.o
 .debug_frame   0x0000075c      0xb20 build/debug/stm32f4xx_hal_tim.o
 .debug_frame   0x0000127c      0x418 build/debug/stm32f4xx_hal_tim_ex.o
 .debug_frame   0x00001694       0xc0 build/debug/stm32f4xx_it.o
 .debug_frame   0x00001754       0x30 build/debug/system_stm32f4xx.o
 .debug_frame   0x00001784       0x58 build/debug/tim.o
 .debug_frame   0x000017dc       0x6c build/debug/trigger.o
 .debug_frame   0x00001848       0x2c c:/Users/alireza/AppData/Roaming/Code/User/globalStorage/bmd.stm32-for-vscode/@xpack-dev-tools/arm-none-eabi-gcc/14.2.1-1.1.1/.content/bin/../lib/gcc/arm-none-eabi/14.2.1/thumb/v7e-m+fp/hard\libgcc.a(_aeabi_uldivmod.o)
 .debug_frame   0x00001874       0x34 c:/Users/alireza/AppData/Roaming/Code/User/globalStorage/bmd.stm32-for-vscode/@xpack-dev-tools/arm-none-eabi-gcc/14.2.1-1.1.1/.content/bin/../lib/gcc/arm-none-eabi/14.2.1/thumb/v7e-m+fp/hard\libgcc.a(_udivmoddi4.o)

.debug_line_str
                0x00000000      0x182
 .debug_line_str
                0x00000000      0x182 build/debug/startup_stm32f401xc.o
                                 0x4a (size before relaxing)
 .debug_line_str
                0x00000182      0x12c c:/Users/alireza/AppData/Roaming/Code/User/globalStorage/bmd.stm32-for-vscode/@xpack-dev-tools/arm-none-eabi-gcc/14.2.1-1.1.1/.content/bin/../lib/gcc/arm-none-eabi/14.2.1/thumb/v7e-m+fp/hard\libgcc.a(_aeabi_uldivmod.o)
 .debug_line_str
                0x00000182      0x130 c:/Users/alireza/AppData/Roaming/Code/User/globalStorage/bmd.stm32-for-vscode/@xpack-dev-tools/arm-none-eabi-gcc/14.2.1-1.1.1/.content/bin/../lib/gcc/arm-none-eabi/14.2.1/thumb/v7e-m+fp/hard\libgcc.a(_dvmd_tls.o)

Cross Reference Table

Symbol                                            File
ADC_IRQHandler                                    build/debug/startup_stm32f401xc.o
AHBPrescTable                                     build/debug/system_stm32f4xx.o
                                                  build/debug/stm32f4xx_hal_rcc.o
APBPrescTable                                     build/debug/system_stm32f4xx.o
                                                  build/debug/stm32f4xx_hal_rcc.o
BusFault_Handler                                  build/debug/stm32f4xx_it.o
DMA1_Stream0_IRQHandler                           build/debug/startup_stm32f401xc.o
DMA1_Stream1_IRQHandler                           build/debug/startup_stm32f401xc.o
DMA1_Stream2_IRQHandler                           build/debug/startup_stm32f401xc.o
DMA1_Stream3_IRQHandler                           build/debug/startup_stm32f401xc.o
DMA1_Stream4_IRQHandler                           build/debug/startup_stm32f401xc.o
DMA1_Stream5_IRQHandler                           build/debug/startup_stm32f401xc.o
DMA1_Stream6_IRQHandler                           build/debug/startup_stm32f401xc.o
DMA1_Stream7_IRQHandler                           build/debug/startup_stm32f401xc.o
DMA2_Stream0_IRQHandler                           build/debug/startup_stm32f401xc.o
DMA2_Stream1_IRQHandler                           build/debug/startup_stm32f401xc.o
DMA2_Stream2_IRQHandler                           build/debug/startup_stm32f401xc.o
DMA2_Stream3_IRQHandler                           build/debug/startup_stm32f401xc.o
DMA2_Stream4_IRQHandler                           build/debug/startup_stm32f401xc.o
DMA2_Stream5_IRQHandler                           build/debug/startup_stm32f401xc.o
DMA2_Stream6_IRQHandler                           build/debug/startup_stm32f401xc.o
DMA2_Stream7_IRQHandler                           build/debug/startup_stm32f401xc.o
DebugMon_Handler                                  build/debug/stm32f4xx_it.o
Default_Handler                                   build/debug/startup_stm32f401xc.o
EXTI0_IRQHandler                                  build/debug/startup_stm32f401xc.o
EXTI15_10_IRQHandler                              build/debug/stm32f4xx_it.o
EXTI1_IRQHandler                                  build/debug/startup_stm32f401xc.o
EXTI2_IRQHandler                                  build/debug/startup_stm32f401xc.o
EXTI3_IRQHandler                                  build/debug/startup_stm32f401xc.o
EXTI4_IRQHandler                                  build/debug/startup_stm32f401xc.o
EXTI9_5_IRQHandler                                build/debug/startup_stm32f401xc.o
Error_Handler                                     build/debug/main.o
                                                  build/debug/tim.o
FLASH_Erase_Sector                                build/debug/stm32f4xx_hal_flash_ex.o
                                                  build/debug/stm32f4xx_hal_flash.o
FLASH_FlushCaches                                 build/debug/stm32f4xx_hal_flash_ex.o
                                                  build/debug/stm32f4xx_hal_flash.o
FLASH_IRQHandler                                  build/debug/startup_stm32f401xc.o
FLASH_WaitForLastOperation                        build/debug/stm32f4xx_hal_flash.o
                                                  build/debug/stm32f4xx_hal_flash_ex.o
FPU_IRQHandler                                    build/debug/startup_stm32f401xc.o
HAL_CORTEX_ClearEvent                             build/debug/stm32f4xx_hal_cortex.o
HAL_DBGMCU_DisableDBGSleepMode                    build/debug/stm32f4xx_hal.o
HAL_DBGMCU_DisableDBGStandbyMode                  build/debug/stm32f4xx_hal.o
HAL_DBGMCU_DisableDBGStopMode                     build/debug/stm32f4xx_hal.o
HAL_DBGMCU_EnableDBGSleepMode                     build/debug/stm32f4xx_hal.o
HAL_DBGMCU_EnableDBGStandbyMode                   build/debug/stm32f4xx_hal.o
HAL_DBGMCU_EnableDBGStopMode                      build/debug/stm32f4xx_hal.o
HAL_DMAEx_ChangeMemory                            build/debug/stm32f4xx_hal_dma_ex.o
HAL_DMAEx_MultiBufferStart                        build/debug/stm32f4xx_hal_dma_ex.o
HAL_DMAEx_MultiBufferStart_IT                     build/debug/stm32f4xx_hal_dma_ex.o
HAL_DMA_Abort                                     build/debug/stm32f4xx_hal_dma.o
HAL_DMA_Abort_IT                                  build/debug/stm32f4xx_hal_dma.o
                                                  build/debug/stm32f4xx_hal_tim_ex.o
                                                  build/debug/stm32f4xx_hal_tim.o
HAL_DMA_DeInit                                    build/debug/stm32f4xx_hal_dma.o
HAL_DMA_GetError                                  build/debug/stm32f4xx_hal_dma.o
HAL_DMA_GetState                                  build/debug/stm32f4xx_hal_dma.o
HAL_DMA_IRQHandler                                build/debug/stm32f4xx_hal_dma.o
HAL_DMA_Init                                      build/debug/stm32f4xx_hal_dma.o
HAL_DMA_PollForTransfer                           build/debug/stm32f4xx_hal_dma.o
HAL_DMA_RegisterCallback                          build/debug/stm32f4xx_hal_dma.o
HAL_DMA_Start                                     build/debug/stm32f4xx_hal_dma.o
HAL_DMA_Start_IT                                  build/debug/stm32f4xx_hal_dma.o
                                                  build/debug/stm32f4xx_hal_tim_ex.o
                                                  build/debug/stm32f4xx_hal_tim.o
HAL_DMA_UnRegisterCallback                        build/debug/stm32f4xx_hal_dma.o
HAL_DeInit                                        build/debug/stm32f4xx_hal.o
HAL_Delay                                         build/debug/stm32f4xx_hal.o
                                                  build/debug/main.o
HAL_DisableCompensationCell                       build/debug/stm32f4xx_hal.o
HAL_EXTI_ClearConfigLine                          build/debug/stm32f4xx_hal_exti.o
HAL_EXTI_ClearPending                             build/debug/stm32f4xx_hal_exti.o
HAL_EXTI_GenerateSWI                              build/debug/stm32f4xx_hal_exti.o
HAL_EXTI_GetConfigLine                            build/debug/stm32f4xx_hal_exti.o
HAL_EXTI_GetHandle                                build/debug/stm32f4xx_hal_exti.o
HAL_EXTI_GetPending                               build/debug/stm32f4xx_hal_exti.o
HAL_EXTI_IRQHandler                               build/debug/stm32f4xx_hal_exti.o
HAL_EXTI_RegisterCallback                         build/debug/stm32f4xx_hal_exti.o
HAL_EXTI_SetConfigLine                            build/debug/stm32f4xx_hal_exti.o
HAL_EnableCompensationCell                        build/debug/stm32f4xx_hal.o
HAL_FLASHEx_AdvOBGetConfig                        build/debug/stm32f4xx_hal_flash_ex.o
HAL_FLASHEx_AdvOBProgram                          build/debug/stm32f4xx_hal_flash_ex.o
HAL_FLASHEx_Erase                                 build/debug/stm32f4xx_hal_flash_ex.o
HAL_FLASHEx_Erase_IT                              build/debug/stm32f4xx_hal_flash_ex.o
HAL_FLASHEx_OBGetConfig                           build/debug/stm32f4xx_hal_flash_ex.o
HAL_FLASHEx_OBProgram                             build/debug/stm32f4xx_hal_flash_ex.o
HAL_FLASHEx_OB_DeSelectPCROP                      build/debug/stm32f4xx_hal_flash_ex.o
HAL_FLASHEx_OB_SelectPCROP                        build/debug/stm32f4xx_hal_flash_ex.o
HAL_FLASH_EndOfOperationCallback                  build/debug/stm32f4xx_hal_flash.o
HAL_FLASH_GetError                                build/debug/stm32f4xx_hal_flash.o
HAL_FLASH_IRQHandler                              build/debug/stm32f4xx_hal_flash.o
HAL_FLASH_Lock                                    build/debug/stm32f4xx_hal_flash.o
HAL_FLASH_OB_Launch                               build/debug/stm32f4xx_hal_flash.o
HAL_FLASH_OB_Lock                                 build/debug/stm32f4xx_hal_flash.o
HAL_FLASH_OB_Unlock                               build/debug/stm32f4xx_hal_flash.o
HAL_FLASH_OperationErrorCallback                  build/debug/stm32f4xx_hal_flash.o
HAL_FLASH_Program                                 build/debug/stm32f4xx_hal_flash.o
HAL_FLASH_Program_IT                              build/debug/stm32f4xx_hal_flash.o
HAL_FLASH_Unlock                                  build/debug/stm32f4xx_hal_flash.o
HAL_GPIO_DeInit                                   build/debug/stm32f4xx_hal_gpio.o
HAL_GPIO_EXTI_Callback                            build/debug/main.o
HAL_GPIO_EXTI_IRQHandler                          build/debug/stm32f4xx_hal_gpio.o
                                                  build/debug/stm32f4xx_it.o
HAL_GPIO_Init                                     build/debug/stm32f4xx_hal_gpio.o
                                                  build/debug/stm32f4xx_hal_rcc.o
                                                  build/debug/gpio.o
HAL_GPIO_LockPin                                  build/debug/stm32f4xx_hal_gpio.o
HAL_GPIO_ReadPin                                  build/debug/stm32f4xx_hal_gpio.o
HAL_GPIO_TogglePin                                build/debug/stm32f4xx_hal_gpio.o
HAL_GPIO_WritePin                                 build/debug/stm32f4xx_hal_gpio.o
HAL_GetDEVID                                      build/debug/stm32f4xx_hal.o
HAL_GetHalVersion                                 build/debug/stm32f4xx_hal.o
HAL_GetREVID                                      build/debug/stm32f4xx_hal.o
HAL_GetTick                                       build/debug/stm32f4xx_hal.o
                                                  build/debug/stm32f4xx_hal_rcc_ex.o
                                                  build/debug/stm32f4xx_hal_rcc.o
                                                  build/debug/stm32f4xx_hal_pwr_ex.o
                                                  build/debug/stm32f4xx_hal_flash.o
                                                  build/debug/stm32f4xx_hal_dma.o
HAL_GetTickFreq                                   build/debug/stm32f4xx_hal.o
HAL_GetTickPrio                                   build/debug/stm32f4xx_hal.o
HAL_GetUIDw0                                      build/debug/stm32f4xx_hal.o
HAL_GetUIDw1                                      build/debug/stm32f4xx_hal.o
HAL_GetUIDw2                                      build/debug/stm32f4xx_hal.o
HAL_IncTick                                       build/debug/stm32f4xx_hal.o
                                                  build/debug/stm32f4xx_it.o
HAL_Init                                          build/debug/stm32f4xx_hal.o
                                                  build/debug/main.o
HAL_InitTick                                      build/debug/stm32f4xx_hal.o
                                                  build/debug/stm32f4xx_hal_rcc_ex.o
                                                  build/debug/stm32f4xx_hal_rcc.o
HAL_MPU_ConfigRegion                              build/debug/stm32f4xx_hal_cortex.o
HAL_MPU_Disable                                   build/debug/stm32f4xx_hal_cortex.o
HAL_MPU_DisableRegion                             build/debug/stm32f4xx_hal_cortex.o
HAL_MPU_Enable                                    build/debug/stm32f4xx_hal_cortex.o
HAL_MPU_EnableRegion                              build/debug/stm32f4xx_hal_cortex.o
HAL_MspDeInit                                     build/debug/stm32f4xx_hal.o
HAL_MspInit                                       build/debug/stm32f4xx_hal_msp.o
                                                  build/debug/stm32f4xx_hal.o
HAL_NVIC_ClearPendingIRQ                          build/debug/stm32f4xx_hal_cortex.o
HAL_NVIC_DisableIRQ                               build/debug/stm32f4xx_hal_cortex.o
HAL_NVIC_EnableIRQ                                build/debug/stm32f4xx_hal_cortex.o
                                                  build/debug/gpio.o
HAL_NVIC_GetActive                                build/debug/stm32f4xx_hal_cortex.o
HAL_NVIC_GetPendingIRQ                            build/debug/stm32f4xx_hal_cortex.o
HAL_NVIC_GetPriority                              build/debug/stm32f4xx_hal_cortex.o
HAL_NVIC_GetPriorityGrouping                      build/debug/stm32f4xx_hal_cortex.o
HAL_NVIC_SetPendingIRQ                            build/debug/stm32f4xx_hal_cortex.o
HAL_NVIC_SetPriority                              build/debug/stm32f4xx_hal_cortex.o
                                                  build/debug/stm32f4xx_hal.o
                                                  build/debug/gpio.o
HAL_NVIC_SetPriorityGrouping                      build/debug/stm32f4xx_hal_cortex.o
                                                  build/debug/stm32f4xx_hal.o
HAL_NVIC_SystemReset                              build/debug/stm32f4xx_hal_cortex.o
HAL_PWREx_ControlVoltageScaling                   build/debug/stm32f4xx_hal_pwr_ex.o
HAL_PWREx_DisableBkUpReg                          build/debug/stm32f4xx_hal_pwr_ex.o
HAL_PWREx_DisableFlashPowerDown                   build/debug/stm32f4xx_hal_pwr_ex.o
HAL_PWREx_DisableLowRegulatorLowVoltage           build/debug/stm32f4xx_hal_pwr_ex.o
HAL_PWREx_DisableMainRegulatorLowVoltage          build/debug/stm32f4xx_hal_pwr_ex.o
HAL_PWREx_EnableBkUpReg                           build/debug/stm32f4xx_hal_pwr_ex.o
HAL_PWREx_EnableFlashPowerDown                    build/debug/stm32f4xx_hal_pwr_ex.o
HAL_PWREx_EnableLowRegulatorLowVoltage            build/debug/stm32f4xx_hal_pwr_ex.o
HAL_PWREx_EnableMainRegulatorLowVoltage           build/debug/stm32f4xx_hal_pwr_ex.o
HAL_PWREx_GetVoltageRange                         build/debug/stm32f4xx_hal_pwr_ex.o
HAL_PWR_ConfigPVD                                 build/debug/stm32f4xx_hal_pwr.o
HAL_PWR_DeInit                                    build/debug/stm32f4xx_hal_pwr.o
HAL_PWR_DisableBkUpAccess                         build/debug/stm32f4xx_hal_pwr.o
HAL_PWR_DisablePVD                                build/debug/stm32f4xx_hal_pwr.o
HAL_PWR_DisableSEVOnPend                          build/debug/stm32f4xx_hal_pwr.o
HAL_PWR_DisableSleepOnExit                        build/debug/stm32f4xx_hal_pwr.o
HAL_PWR_DisableWakeUpPin                          build/debug/stm32f4xx_hal_pwr.o
HAL_PWR_EnableBkUpAccess                          build/debug/stm32f4xx_hal_pwr.o
HAL_PWR_EnablePVD                                 build/debug/stm32f4xx_hal_pwr.o
HAL_PWR_EnableSEVOnPend                           build/debug/stm32f4xx_hal_pwr.o
HAL_PWR_EnableSleepOnExit                         build/debug/stm32f4xx_hal_pwr.o
HAL_PWR_EnableWakeUpPin                           build/debug/stm32f4xx_hal_pwr.o
HAL_PWR_EnterSLEEPMode                            build/debug/stm32f4xx_hal_pwr.o
HAL_PWR_EnterSTANDBYMode                          build/debug/stm32f4xx_hal_pwr.o
HAL_PWR_EnterSTOPMode                             build/debug/stm32f4xx_hal_pwr.o
HAL_PWR_PVDCallback                               build/debug/stm32f4xx_hal_pwr.o
HAL_PWR_PVD_IRQHandler                            build/debug/stm32f4xx_hal_pwr.o
HAL_RCCEx_DisablePLLI2S                           build/debug/stm32f4xx_hal_rcc_ex.o
HAL_RCCEx_EnablePLLI2S                            build/debug/stm32f4xx_hal_rcc_ex.o
HAL_RCCEx_GetPeriphCLKConfig                      build/debug/stm32f4xx_hal_rcc_ex.o
HAL_RCCEx_GetPeriphCLKFreq                        build/debug/stm32f4xx_hal_rcc_ex.o
HAL_RCCEx_PeriphCLKConfig                         build/debug/stm32f4xx_hal_rcc_ex.o
HAL_RCC_CSSCallback                               build/debug/stm32f4xx_hal_rcc.o
HAL_RCC_ClockConfig                               build/debug/stm32f4xx_hal_rcc.o
                                                  build/debug/main.o
HAL_RCC_DeInit                                    build/debug/stm32f4xx_hal_rcc_ex.o
                                                  build/debug/stm32f4xx_hal_rcc.o
HAL_RCC_DisableCSS                                build/debug/stm32f4xx_hal_rcc.o
HAL_RCC_EnableCSS                                 build/debug/stm32f4xx_hal_rcc.o
HAL_RCC_GetClockConfig                            build/debug/stm32f4xx_hal_rcc.o
HAL_RCC_GetHCLKFreq                               build/debug/stm32f4xx_hal_rcc.o
HAL_RCC_GetOscConfig                              build/debug/stm32f4xx_hal_rcc.o
HAL_RCC_GetPCLK1Freq                              build/debug/stm32f4xx_hal_rcc.o
HAL_RCC_GetPCLK2Freq                              build/debug/stm32f4xx_hal_rcc.o
HAL_RCC_GetSysClockFreq                           build/debug/stm32f4xx_hal_rcc.o
                                                  build/debug/controller_time.o
HAL_RCC_MCOConfig                                 build/debug/stm32f4xx_hal_rcc.o
HAL_RCC_NMI_IRQHandler                            build/debug/stm32f4xx_hal_rcc.o
HAL_RCC_OscConfig                                 build/debug/stm32f4xx_hal_rcc.o
                                                  build/debug/main.o
HAL_ResumeTick                                    build/debug/stm32f4xx_hal.o
HAL_SYSTICK_CLKSourceConfig                       build/debug/stm32f4xx_hal_cortex.o
HAL_SYSTICK_Callback                              build/debug/stm32f4xx_hal_cortex.o
HAL_SYSTICK_Config                                build/debug/stm32f4xx_hal_cortex.o
                                                  build/debug/stm32f4xx_hal.o
HAL_SYSTICK_IRQHandler                            build/debug/stm32f4xx_hal_cortex.o
HAL_SetTickFreq                                   build/debug/stm32f4xx_hal.o
HAL_SuspendTick                                   build/debug/stm32f4xx_hal.o
HAL_TIMEx_BreakCallback                           build/debug/stm32f4xx_hal_tim_ex.o
                                                  build/debug/stm32f4xx_hal_tim.o
HAL_TIMEx_CommutCallback                          build/debug/stm32f4xx_hal_tim_ex.o
                                                  build/debug/stm32f4xx_hal_tim.o
HAL_TIMEx_CommutHalfCpltCallback                  build/debug/stm32f4xx_hal_tim_ex.o
HAL_TIMEx_ConfigBreakDeadTime                     build/debug/stm32f4xx_hal_tim_ex.o
HAL_TIMEx_ConfigCommutEvent                       build/debug/stm32f4xx_hal_tim_ex.o
HAL_TIMEx_ConfigCommutEvent_DMA                   build/debug/stm32f4xx_hal_tim_ex.o
HAL_TIMEx_ConfigCommutEvent_IT                    build/debug/stm32f4xx_hal_tim_ex.o
HAL_TIMEx_GetChannelNState                        build/debug/stm32f4xx_hal_tim_ex.o
HAL_TIMEx_HallSensor_DeInit                       build/debug/stm32f4xx_hal_tim_ex.o
HAL_TIMEx_HallSensor_GetState                     build/debug/stm32f4xx_hal_tim_ex.o
HAL_TIMEx_HallSensor_Init                         build/debug/stm32f4xx_hal_tim_ex.o
HAL_TIMEx_HallSensor_MspDeInit                    build/debug/stm32f4xx_hal_tim_ex.o
HAL_TIMEx_HallSensor_MspInit                      build/debug/stm32f4xx_hal_tim_ex.o
HAL_TIMEx_HallSensor_Start                        build/debug/stm32f4xx_hal_tim_ex.o
HAL_TIMEx_HallSensor_Start_DMA                    build/debug/stm32f4xx_hal_tim_ex.o
HAL_TIMEx_HallSensor_Start_IT                     build/debug/stm32f4xx_hal_tim_ex.o
HAL_TIMEx_HallSensor_Stop                         build/debug/stm32f4xx_hal_tim_ex.o
HAL_TIMEx_HallSensor_Stop_DMA                     build/debug/stm32f4xx_hal_tim_ex.o
HAL_TIMEx_HallSensor_Stop_IT                      build/debug/stm32f4xx_hal_tim_ex.o
HAL_TIMEx_MasterConfigSynchronization             build/debug/stm32f4xx_hal_tim_ex.o
                                                  build/debug/tim.o
HAL_TIMEx_OCN_Start                               build/debug/stm32f4xx_hal_tim_ex.o
HAL_TIMEx_OCN_Start_DMA                           build/debug/stm32f4xx_hal_tim_ex.o
HAL_TIMEx_OCN_Start_IT                            build/debug/stm32f4xx_hal_tim_ex.o
HAL_TIMEx_OCN_Stop                                build/debug/stm32f4xx_hal_tim_ex.o
HAL_TIMEx_OCN_Stop_DMA                            build/debug/stm32f4xx_hal_tim_ex.o
HAL_TIMEx_OCN_Stop_IT                             build/debug/stm32f4xx_hal_tim_ex.o
HAL_TIMEx_OnePulseN_Start                         build/debug/stm32f4xx_hal_tim_ex.o
HAL_TIMEx_OnePulseN_Start_IT                      build/debug/stm32f4xx_hal_tim_ex.o
HAL_TIMEx_OnePulseN_Stop                          build/debug/stm32f4xx_hal_tim_ex.o
HAL_TIMEx_OnePulseN_Stop_IT                       build/debug/stm32f4xx_hal_tim_ex.o
HAL_TIMEx_PWMN_Start                              build/debug/stm32f4xx_hal_tim_ex.o
HAL_TIMEx_PWMN_Start_DMA                          build/debug/stm32f4xx_hal_tim_ex.o
HAL_TIMEx_PWMN_Start_IT                           build/debug/stm32f4xx_hal_tim_ex.o
HAL_TIMEx_PWMN_Stop                               build/debug/stm32f4xx_hal_tim_ex.o
HAL_TIMEx_PWMN_Stop_DMA                           build/debug/stm32f4xx_hal_tim_ex.o
HAL_TIMEx_PWMN_Stop_IT                            build/debug/stm32f4xx_hal_tim_ex.o
HAL_TIMEx_RemapConfig                             build/debug/stm32f4xx_hal_tim_ex.o
HAL_TIM_Base_DeInit                               build/debug/stm32f4xx_hal_tim.o
HAL_TIM_Base_GetState                             build/debug/stm32f4xx_hal_tim.o
HAL_TIM_Base_Init                                 build/debug/stm32f4xx_hal_tim.o
                                                  build/debug/tim.o
HAL_TIM_Base_MspDeInit                            build/debug/tim.o
                                                  build/debug/stm32f4xx_hal_tim.o
HAL_TIM_Base_MspInit                              build/debug/tim.o
                                                  build/debug/stm32f4xx_hal_tim.o
HAL_TIM_Base_Start                                build/debug/stm32f4xx_hal_tim.o
                                                  build/debug/controller_time.o
HAL_TIM_Base_Start_DMA                            build/debug/stm32f4xx_hal_tim.o
HAL_TIM_Base_Start_IT                             build/debug/stm32f4xx_hal_tim.o
HAL_TIM_Base_Stop                                 build/debug/stm32f4xx_hal_tim.o
HAL_TIM_Base_Stop_DMA                             build/debug/stm32f4xx_hal_tim.o
HAL_TIM_Base_Stop_IT                              build/debug/stm32f4xx_hal_tim.o
HAL_TIM_ConfigClockSource                         build/debug/stm32f4xx_hal_tim.o
                                                  build/debug/tim.o
HAL_TIM_ConfigOCrefClear                          build/debug/stm32f4xx_hal_tim.o
HAL_TIM_ConfigTI1Input                            build/debug/stm32f4xx_hal_tim.o
HAL_TIM_DMABurstState                             build/debug/stm32f4xx_hal_tim.o
HAL_TIM_DMABurst_MultiReadStart                   build/debug/stm32f4xx_hal_tim.o
HAL_TIM_DMABurst_MultiWriteStart                  build/debug/stm32f4xx_hal_tim.o
HAL_TIM_DMABurst_ReadStart                        build/debug/stm32f4xx_hal_tim.o
HAL_TIM_DMABurst_ReadStop                         build/debug/stm32f4xx_hal_tim.o
HAL_TIM_DMABurst_WriteStart                       build/debug/stm32f4xx_hal_tim.o
HAL_TIM_DMABurst_WriteStop                        build/debug/stm32f4xx_hal_tim.o
HAL_TIM_Encoder_DeInit                            build/debug/stm32f4xx_hal_tim.o
HAL_TIM_Encoder_GetState                          build/debug/stm32f4xx_hal_tim.o
HAL_TIM_Encoder_Init                              build/debug/stm32f4xx_hal_tim.o
HAL_TIM_Encoder_MspDeInit                         build/debug/stm32f4xx_hal_tim.o
HAL_TIM_Encoder_MspInit                           build/debug/stm32f4xx_hal_tim.o
HAL_TIM_Encoder_Start                             build/debug/stm32f4xx_hal_tim.o
HAL_TIM_Encoder_Start_DMA                         build/debug/stm32f4xx_hal_tim.o
HAL_TIM_Encoder_Start_IT                          build/debug/stm32f4xx_hal_tim.o
HAL_TIM_Encoder_Stop                              build/debug/stm32f4xx_hal_tim.o
HAL_TIM_Encoder_Stop_DMA                          build/debug/stm32f4xx_hal_tim.o
HAL_TIM_Encoder_Stop_IT                           build/debug/stm32f4xx_hal_tim.o
HAL_TIM_ErrorCallback                             build/debug/stm32f4xx_hal_tim.o
                                                  build/debug/stm32f4xx_hal_tim_ex.o
HAL_TIM_GenerateEvent                             build/debug/stm32f4xx_hal_tim.o
HAL_TIM_GetActiveChannel                          build/debug/stm32f4xx_hal_tim.o
HAL_TIM_GetChannelState                           build/debug/stm32f4xx_hal_tim.o
HAL_TIM_IC_CaptureCallback                        build/debug/stm32f4xx_hal_tim.o
HAL_TIM_IC_CaptureHalfCpltCallback                build/debug/stm32f4xx_hal_tim.o
HAL_TIM_IC_ConfigChannel                          build/debug/stm32f4xx_hal_tim.o
HAL_TIM_IC_DeInit                                 build/debug/stm32f4xx_hal_tim.o
HAL_TIM_IC_GetState                               build/debug/stm32f4xx_hal_tim.o
HAL_TIM_IC_Init                                   build/debug/stm32f4xx_hal_tim.o
HAL_TIM_IC_MspDeInit                              build/debug/stm32f4xx_hal_tim.o
HAL_TIM_IC_MspInit                                build/debug/stm32f4xx_hal_tim.o
HAL_TIM_IC_Start                                  build/debug/stm32f4xx_hal_tim.o
HAL_TIM_IC_Start_DMA                              build/debug/stm32f4xx_hal_tim.o
HAL_TIM_IC_Start_IT                               build/debug/stm32f4xx_hal_tim.o
HAL_TIM_IC_Stop                                   build/debug/stm32f4xx_hal_tim.o
HAL_TIM_IC_Stop_DMA                               build/debug/stm32f4xx_hal_tim.o
HAL_TIM_IC_Stop_IT                                build/debug/stm32f4xx_hal_tim.o
HAL_TIM_IRQHandler                                build/debug/stm32f4xx_hal_tim.o
HAL_TIM_OC_ConfigChannel                          build/debug/stm32f4xx_hal_tim.o
HAL_TIM_OC_DeInit                                 build/debug/stm32f4xx_hal_tim.o
HAL_TIM_OC_DelayElapsedCallback                   build/debug/stm32f4xx_hal_tim.o
HAL_TIM_OC_GetState                               build/debug/stm32f4xx_hal_tim.o
HAL_TIM_OC_Init                                   build/debug/stm32f4xx_hal_tim.o
HAL_TIM_OC_MspDeInit                              build/debug/stm32f4xx_hal_tim.o
HAL_TIM_OC_MspInit                                build/debug/stm32f4xx_hal_tim.o
HAL_TIM_OC_Start                                  build/debug/stm32f4xx_hal_tim.o
HAL_TIM_OC_Start_DMA                              build/debug/stm32f4xx_hal_tim.o
HAL_TIM_OC_Start_IT                               build/debug/stm32f4xx_hal_tim.o
HAL_TIM_OC_Stop                                   build/debug/stm32f4xx_hal_tim.o
HAL_TIM_OC_Stop_DMA                               build/debug/stm32f4xx_hal_tim.o
HAL_TIM_OC_Stop_IT                                build/debug/stm32f4xx_hal_tim.o
HAL_TIM_OnePulse_ConfigChannel                    build/debug/stm32f4xx_hal_tim.o
HAL_TIM_OnePulse_DeInit                           build/debug/stm32f4xx_hal_tim.o
HAL_TIM_OnePulse_GetState                         build/debug/stm32f4xx_hal_tim.o
HAL_TIM_OnePulse_Init                             build/debug/stm32f4xx_hal_tim.o
HAL_TIM_OnePulse_MspDeInit                        build/debug/stm32f4xx_hal_tim.o
HAL_TIM_OnePulse_MspInit                          build/debug/stm32f4xx_hal_tim.o
HAL_TIM_OnePulse_Start                            build/debug/stm32f4xx_hal_tim.o
HAL_TIM_OnePulse_Start_IT                         build/debug/stm32f4xx_hal_tim.o
HAL_TIM_OnePulse_Stop                             build/debug/stm32f4xx_hal_tim.o
HAL_TIM_OnePulse_Stop_IT                          build/debug/stm32f4xx_hal_tim.o
HAL_TIM_PWM_ConfigChannel                         build/debug/stm32f4xx_hal_tim.o
HAL_TIM_PWM_DeInit                                build/debug/stm32f4xx_hal_tim.o
HAL_TIM_PWM_GetState                              build/debug/stm32f4xx_hal_tim.o
HAL_TIM_PWM_Init                                  build/debug/stm32f4xx_hal_tim.o
HAL_TIM_PWM_MspDeInit                             build/debug/stm32f4xx_hal_tim.o
HAL_TIM_PWM_MspInit                               build/debug/stm32f4xx_hal_tim.o
HAL_TIM_PWM_PulseFinishedCallback                 build/debug/stm32f4xx_hal_tim.o
                                                  build/debug/stm32f4xx_hal_tim_ex.o
HAL_TIM_PWM_PulseFinishedHalfCpltCallback         build/debug/stm32f4xx_hal_tim.o
HAL_TIM_PWM_Start                                 build/debug/stm32f4xx_hal_tim.o
HAL_TIM_PWM_Start_DMA                             build/debug/stm32f4xx_hal_tim.o
HAL_TIM_PWM_Start_IT                              build/debug/stm32f4xx_hal_tim.o
HAL_TIM_PWM_Stop                                  build/debug/stm32f4xx_hal_tim.o
HAL_TIM_PWM_Stop_DMA                              build/debug/stm32f4xx_hal_tim.o
HAL_TIM_PWM_Stop_IT                               build/debug/stm32f4xx_hal_tim.o
HAL_TIM_PeriodElapsedCallback                     build/debug/stm32f4xx_hal_tim.o
HAL_TIM_PeriodElapsedHalfCpltCallback             build/debug/stm32f4xx_hal_tim.o
HAL_TIM_ReadCapturedValue                         build/debug/stm32f4xx_hal_tim.o
HAL_TIM_SlaveConfigSynchro                        build/debug/stm32f4xx_hal_tim.o
HAL_TIM_SlaveConfigSynchro_IT                     build/debug/stm32f4xx_hal_tim.o
HAL_TIM_TriggerCallback                           build/debug/stm32f4xx_hal_tim.o
HAL_TIM_TriggerHalfCpltCallback                   build/debug/stm32f4xx_hal_tim.o
HardFault_Handler                                 build/debug/stm32f4xx_it.o
I2C1_ER_IRQHandler                                build/debug/startup_stm32f401xc.o
I2C1_EV_IRQHandler                                build/debug/startup_stm32f401xc.o
I2C2_ER_IRQHandler                                build/debug/startup_stm32f401xc.o
I2C2_EV_IRQHandler                                build/debug/startup_stm32f401xc.o
I2C3_ER_IRQHandler                                build/debug/startup_stm32f401xc.o
I2C3_EV_IRQHandler                                build/debug/startup_stm32f401xc.o
MX_GPIO_Init                                      build/debug/gpio.o
                                                  build/debug/main.o
MX_TIM5_Init                                      build/debug/tim.o
                                                  build/debug/main.o
MemManage_Handler                                 build/debug/stm32f4xx_it.o
NMI_Handler                                       build/debug/stm32f4xx_it.o
OTG_FS_IRQHandler                                 build/debug/startup_stm32f401xc.o
OTG_FS_WKUP_IRQHandler                            build/debug/startup_stm32f401xc.o
PVD_IRQHandler                                    build/debug/startup_stm32f401xc.o
PendSV_Handler                                    build/debug/stm32f4xx_it.o
RCC_IRQHandler                                    build/debug/startup_stm32f401xc.o
RTC_Alarm_IRQHandler                              build/debug/startup_stm32f401xc.o
RTC_WKUP_IRQHandler                               build/debug/startup_stm32f401xc.o
Reset_Handler                                     build/debug/startup_stm32f401xc.o
SDIO_IRQHandler                                   build/debug/startup_stm32f401xc.o
SPI1_IRQHandler                                   build/debug/startup_stm32f401xc.o
SPI2_IRQHandler                                   build/debug/startup_stm32f401xc.o
SPI3_IRQHandler                                   build/debug/startup_stm32f401xc.o
SPI4_IRQHandler                                   build/debug/startup_stm32f401xc.o
SVC_Handler                                       build/debug/stm32f4xx_it.o
SysTick_Handler                                   build/debug/stm32f4xx_it.o
SystemClock_Config                                build/debug/main.o
SystemCoreClock                                   build/debug/system_stm32f4xx.o
                                                  build/debug/stm32f4xx_hal_rcc_ex.o
                                                  build/debug/stm32f4xx_hal_rcc.o
                                                  build/debug/stm32f4xx_hal_dma.o
                                                  build/debug/stm32f4xx_hal.o
SystemCoreClockUpdate                             build/debug/system_stm32f4xx.o
SystemInit                                        build/debug/system_stm32f4xx.o
                                                  build/debug/startup_stm32f401xc.o
TAMP_STAMP_IRQHandler                             build/debug/startup_stm32f401xc.o
TIM1_BRK_TIM9_IRQHandler                          build/debug/startup_stm32f401xc.o
TIM1_CC_IRQHandler                                build/debug/startup_stm32f401xc.o
TIM1_TRG_COM_TIM11_IRQHandler                     build/debug/startup_stm32f401xc.o
TIM1_UP_TIM10_IRQHandler                          build/debug/startup_stm32f401xc.o
TIM2_IRQHandler                                   build/debug/startup_stm32f401xc.o
TIM3_IRQHandler                                   build/debug/startup_stm32f401xc.o
TIM4_IRQHandler                                   build/debug/startup_stm32f401xc.o
TIM5_IRQHandler                                   build/debug/startup_stm32f401xc.o
TIMEx_DMACommutationCplt                          build/debug/stm32f4xx_hal_tim_ex.o
                                                  build/debug/stm32f4xx_hal_tim.o
TIMEx_DMACommutationHalfCplt                      build/debug/stm32f4xx_hal_tim_ex.o
                                                  build/debug/stm32f4xx_hal_tim.o
TIM_Base_SetConfig                                build/debug/stm32f4xx_hal_tim.o
                                                  build/debug/stm32f4xx_hal_tim_ex.o
TIM_CCxChannelCmd                                 build/debug/stm32f4xx_hal_tim.o
                                                  build/debug/stm32f4xx_hal_tim_ex.o
TIM_DMACaptureCplt                                build/debug/stm32f4xx_hal_tim.o
                                                  build/debug/stm32f4xx_hal_tim_ex.o
TIM_DMACaptureHalfCplt                            build/debug/stm32f4xx_hal_tim.o
                                                  build/debug/stm32f4xx_hal_tim_ex.o
TIM_DMADelayPulseHalfCplt                         build/debug/stm32f4xx_hal_tim.o
                                                  build/debug/stm32f4xx_hal_tim_ex.o
TIM_DMAError                                      build/debug/stm32f4xx_hal_tim.o
                                                  build/debug/stm32f4xx_hal_tim_ex.o
TIM_ETR_SetConfig                                 build/debug/stm32f4xx_hal_tim.o
TIM_OC2_SetConfig                                 build/debug/stm32f4xx_hal_tim.o
                                                  build/debug/stm32f4xx_hal_tim_ex.o
TIM_TI1_SetConfig                                 build/debug/stm32f4xx_hal_tim.o
                                                  build/debug/stm32f4xx_hal_tim_ex.o
USART1_IRQHandler                                 build/debug/startup_stm32f401xc.o
USART2_IRQHandler                                 build/debug/startup_stm32f401xc.o
USART6_IRQHandler                                 build/debug/startup_stm32f401xc.o
UsageFault_Handler                                build/debug/stm32f4xx_it.o
WWDG_IRQHandler                                   build/debug/startup_stm32f401xc.o
_Min_Stack_Size                                   build/debug/sysmem.o
__aeabi_idiv0                                     c:/Users/alireza/AppData/Roaming/Code/User/globalStorage/bmd.stm32-for-vscode/@xpack-dev-tools/arm-none-eabi-gcc/14.2.1-1.1.1/.content/bin/../lib/gcc/arm-none-eabi/14.2.1/thumb/v7e-m+fp/hard\libgcc.a(_dvmd_tls.o)
__aeabi_ldiv0                                     c:/Users/alireza/AppData/Roaming/Code/User/globalStorage/bmd.stm32-for-vscode/@xpack-dev-tools/arm-none-eabi-gcc/14.2.1-1.1.1/.content/bin/../lib/gcc/arm-none-eabi/14.2.1/thumb/v7e-m+fp/hard\libgcc.a(_dvmd_tls.o)
                                                  c:/Users/alireza/AppData/Roaming/Code/User/globalStorage/bmd.stm32-for-vscode/@xpack-dev-tools/arm-none-eabi-gcc/14.2.1-1.1.1/.content/bin/../lib/gcc/arm-none-eabi/14.2.1/thumb/v7e-m+fp/hard\libgcc.a(_aeabi_uldivmod.o)
__aeabi_uldivmod                                  c:/Users/alireza/AppData/Roaming/Code/User/globalStorage/bmd.stm32-for-vscode/@xpack-dev-tools/arm-none-eabi-gcc/14.2.1-1.1.1/.content/bin/../lib/gcc/arm-none-eabi/14.2.1/thumb/v7e-m+fp/hard\libgcc.a(_aeabi_uldivmod.o)
                                                  build/debug/stm32f4xx_hal_rcc.o
__atexit                                          c:/Users/alireza/AppData/Roaming/Code/User/globalStorage/bmd.stm32-for-vscode/@xpack-dev-tools/arm-none-eabi-gcc/14.2.1-1.1.1/.content/bin/../lib/gcc/arm-none-eabi/14.2.1/../../../../arm-none-eabi/lib/thumb/v7e-m+fp/hard\libc_nano.a(libc_a-__call_atexit.o)
                                                  c:/Users/alireza/AppData/Roaming/Code/User/globalStorage/bmd.stm32-for-vscode/@xpack-dev-tools/arm-none-eabi-gcc/14.2.1-1.1.1/.content/bin/../lib/gcc/arm-none-eabi/14.2.1/../../../../arm-none-eabi/lib/thumb/v7e-m+fp/hard\libc_nano.a(libc_a-__atexit.o)
__atexit0                                         c:/Users/alireza/AppData/Roaming/Code/User/globalStorage/bmd.stm32-for-vscode/@xpack-dev-tools/arm-none-eabi-gcc/14.2.1-1.1.1/.content/bin/../lib/gcc/arm-none-eabi/14.2.1/../../../../arm-none-eabi/lib/thumb/v7e-m+fp/hard\libc_nano.a(libc_a-__atexit.o)
__atexit_dummy                                    c:/Users/alireza/AppData/Roaming/Code/User/globalStorage/bmd.stm32-for-vscode/@xpack-dev-tools/arm-none-eabi-gcc/14.2.1-1.1.1/.content/bin/../lib/gcc/arm-none-eabi/14.2.1/../../../../arm-none-eabi/lib/thumb/v7e-m+fp/hard\libc_nano.a(libc_a-__atexit.o)
__atexit_recursive_mutex                          c:/Users/alireza/AppData/Roaming/Code/User/globalStorage/bmd.stm32-for-vscode/@xpack-dev-tools/arm-none-eabi-gcc/14.2.1-1.1.1/.content/bin/../lib/gcc/arm-none-eabi/14.2.1/../../../../arm-none-eabi/lib/thumb/v7e-m+fp/hard\libc_nano.a(libc_a-__call_atexit.o)
                                                  c:/Users/alireza/AppData/Roaming/Code/User/globalStorage/bmd.stm32-for-vscode/@xpack-dev-tools/arm-none-eabi-gcc/14.2.1-1.1.1/.content/bin/../lib/gcc/arm-none-eabi/14.2.1/../../../../arm-none-eabi/lib/thumb/v7e-m+fp/hard\libc_nano.a(libc_a-__atexit.o)
__bss_end__                                       c:/Users/alireza/AppData/Roaming/Code/User/globalStorage/bmd.stm32-for-vscode/@xpack-dev-tools/arm-none-eabi-gcc/14.2.1-1.1.1/.content/bin/../lib/gcc/arm-none-eabi/14.2.1/../../../../arm-none-eabi/lib/thumb/v7e-m+fp/hard/crt0.o
__bss_start__                                     c:/Users/alireza/AppData/Roaming/Code/User/globalStorage/bmd.stm32-for-vscode/@xpack-dev-tools/arm-none-eabi-gcc/14.2.1-1.1.1/.content/bin/../lib/gcc/arm-none-eabi/14.2.1/../../../../arm-none-eabi/lib/thumb/v7e-m+fp/hard/crt0.o
__call_exitprocs                                  c:/Users/alireza/AppData/Roaming/Code/User/globalStorage/bmd.stm32-for-vscode/@xpack-dev-tools/arm-none-eabi-gcc/14.2.1-1.1.1/.content/bin/../lib/gcc/arm-none-eabi/14.2.1/../../../../arm-none-eabi/lib/thumb/v7e-m+fp/hard\libc_nano.a(libc_a-__call_atexit.o)
                                                  c:/Users/alireza/AppData/Roaming/Code/User/globalStorage/bmd.stm32-for-vscode/@xpack-dev-tools/arm-none-eabi-gcc/14.2.1-1.1.1/.content/bin/../lib/gcc/arm-none-eabi/14.2.1/../../../../arm-none-eabi/lib/thumb/v7e-m+fp/hard\libc_nano.a(libc_a-__atexit.o)
                                                  c:/Users/alireza/AppData/Roaming/Code/User/globalStorage/bmd.stm32-for-vscode/@xpack-dev-tools/arm-none-eabi-gcc/14.2.1-1.1.1/.content/bin/../lib/gcc/arm-none-eabi/14.2.1/../../../../arm-none-eabi/lib/thumb/v7e-m+fp/hard\libc_nano.a(libc_a-exit.o)
__deregister_frame_info                           c:/Users/alireza/AppData/Roaming/Code/User/globalStorage/bmd.stm32-for-vscode/@xpack-dev-tools/arm-none-eabi-gcc/14.2.1-1.1.1/.content/bin/../lib/gcc/arm-none-eabi/14.2.1/thumb/v7e-m+fp/hard/crtbegin.o
__dso_handle                                      c:/Users/alireza/AppData/Roaming/Code/User/globalStorage/bmd.stm32-for-vscode/@xpack-dev-tools/arm-none-eabi-gcc/14.2.1-1.1.1/.content/bin/../lib/gcc/arm-none-eabi/14.2.1/thumb/v7e-m+fp/hard/crtbegin.o
__env                                             build/debug/syscalls.o
__errno                                           c:/Users/alireza/AppData/Roaming/Code/User/globalStorage/bmd.stm32-for-vscode/@xpack-dev-tools/arm-none-eabi-gcc/14.2.1-1.1.1/.content/bin/../lib/gcc/arm-none-eabi/14.2.1/../../../../arm-none-eabi/lib/thumb/v7e-m+fp/hard\libc_nano.a(libc_a-errno.o)
                                                  build/debug/sysmem.o
                                                  build/debug/syscalls.o
__fini_array_end                                  c:/Users/alireza/AppData/Roaming/Code/User/globalStorage/bmd.stm32-for-vscode/@xpack-dev-tools/arm-none-eabi-gcc/14.2.1-1.1.1/.content/bin/../lib/gcc/arm-none-eabi/14.2.1/../../../../arm-none-eabi/lib/thumb/v7e-m+fp/hard\libc_nano.a(libc_a-fini.o)
__fini_array_start                                c:/Users/alireza/AppData/Roaming/Code/User/globalStorage/bmd.stm32-for-vscode/@xpack-dev-tools/arm-none-eabi-gcc/14.2.1-1.1.1/.content/bin/../lib/gcc/arm-none-eabi/14.2.1/../../../../arm-none-eabi/lib/thumb/v7e-m+fp/hard\libc_nano.a(libc_a-fini.o)
__fp_lock_all                                     c:/Users/alireza/AppData/Roaming/Code/User/globalStorage/bmd.stm32-for-vscode/@xpack-dev-tools/arm-none-eabi-gcc/14.2.1-1.1.1/.content/bin/../lib/gcc/arm-none-eabi/14.2.1/../../../../arm-none-eabi/lib/thumb/v7e-m+fp/hard\libc_nano.a(libc_a-findfp.o)
__fp_unlock_all                                   c:/Users/alireza/AppData/Roaming/Code/User/globalStorage/bmd.stm32-for-vscode/@xpack-dev-tools/arm-none-eabi-gcc/14.2.1-1.1.1/.content/bin/../lib/gcc/arm-none-eabi/14.2.1/../../../../arm-none-eabi/lib/thumb/v7e-m+fp/hard\libc_nano.a(libc_a-findfp.o)
__init_array_end                                  c:/Users/alireza/AppData/Roaming/Code/User/globalStorage/bmd.stm32-for-vscode/@xpack-dev-tools/arm-none-eabi-gcc/14.2.1-1.1.1/.content/bin/../lib/gcc/arm-none-eabi/14.2.1/../../../../arm-none-eabi/lib/thumb/v7e-m+fp/hard\libc_nano.a(libc_a-init.o)
__init_array_start                                c:/Users/alireza/AppData/Roaming/Code/User/globalStorage/bmd.stm32-for-vscode/@xpack-dev-tools/arm-none-eabi-gcc/14.2.1-1.1.1/.content/bin/../lib/gcc/arm-none-eabi/14.2.1/../../../../arm-none-eabi/lib/thumb/v7e-m+fp/hard\libc_nano.a(libc_a-init.o)
__io_getchar                                      build/debug/syscalls.o
__io_putchar                                      build/debug/syscalls.o
__libc_fini_array                                 c:/Users/alireza/AppData/Roaming/Code/User/globalStorage/bmd.stm32-for-vscode/@xpack-dev-tools/arm-none-eabi-gcc/14.2.1-1.1.1/.content/bin/../lib/gcc/arm-none-eabi/14.2.1/../../../../arm-none-eabi/lib/thumb/v7e-m+fp/hard\libc_nano.a(libc_a-fini.o)
                                                  c:/Users/alireza/AppData/Roaming/Code/User/globalStorage/bmd.stm32-for-vscode/@xpack-dev-tools/arm-none-eabi-gcc/14.2.1-1.1.1/.content/bin/../lib/gcc/arm-none-eabi/14.2.1/../../../../arm-none-eabi/lib/thumb/v7e-m+fp/hard/crt0.o
__libc_init_array                                 c:/Users/alireza/AppData/Roaming/Code/User/globalStorage/bmd.stm32-for-vscode/@xpack-dev-tools/arm-none-eabi-gcc/14.2.1-1.1.1/.content/bin/../lib/gcc/arm-none-eabi/14.2.1/../../../../arm-none-eabi/lib/thumb/v7e-m+fp/hard\libc_nano.a(libc_a-init.o)
                                                  build/debug/startup_stm32f401xc.o
                                                  c:/Users/alireza/AppData/Roaming/Code/User/globalStorage/bmd.stm32-for-vscode/@xpack-dev-tools/arm-none-eabi-gcc/14.2.1-1.1.1/.content/bin/../lib/gcc/arm-none-eabi/14.2.1/../../../../arm-none-eabi/lib/thumb/v7e-m+fp/hard/crt0.o
__lock___arc4random_mutex                         c:/Users/alireza/AppData/Roaming/Code/User/globalStorage/bmd.stm32-for-vscode/@xpack-dev-tools/arm-none-eabi-gcc/14.2.1-1.1.1/.content/bin/../lib/gcc/arm-none-eabi/14.2.1/../../../../arm-none-eabi/lib/thumb/v7e-m+fp/hard\libc_nano.a(libc_a-lock.o)
__lock___at_quick_exit_mutex                      c:/Users/alireza/AppData/Roaming/Code/User/globalStorage/bmd.stm32-for-vscode/@xpack-dev-tools/arm-none-eabi-gcc/14.2.1-1.1.1/.content/bin/../lib/gcc/arm-none-eabi/14.2.1/../../../../arm-none-eabi/lib/thumb/v7e-m+fp/hard\libc_nano.a(libc_a-lock.o)
__lock___atexit_recursive_mutex                   c:/Users/alireza/AppData/Roaming/Code/User/globalStorage/bmd.stm32-for-vscode/@xpack-dev-tools/arm-none-eabi-gcc/14.2.1-1.1.1/.content/bin/../lib/gcc/arm-none-eabi/14.2.1/../../../../arm-none-eabi/lib/thumb/v7e-m+fp/hard\libc_nano.a(libc_a-lock.o)
                                                  c:/Users/alireza/AppData/Roaming/Code/User/globalStorage/bmd.stm32-for-vscode/@xpack-dev-tools/arm-none-eabi-gcc/14.2.1-1.1.1/.content/bin/../lib/gcc/arm-none-eabi/14.2.1/../../../../arm-none-eabi/lib/thumb/v7e-m+fp/hard\libc_nano.a(libc_a-__call_atexit.o)
__lock___dd_hash_mutex                            c:/Users/alireza/AppData/Roaming/Code/User/globalStorage/bmd.stm32-for-vscode/@xpack-dev-tools/arm-none-eabi-gcc/14.2.1-1.1.1/.content/bin/../lib/gcc/arm-none-eabi/14.2.1/../../../../arm-none-eabi/lib/thumb/v7e-m+fp/hard\libc_nano.a(libc_a-lock.o)
__lock___env_recursive_mutex                      c:/Users/alireza/AppData/Roaming/Code/User/globalStorage/bmd.stm32-for-vscode/@xpack-dev-tools/arm-none-eabi-gcc/14.2.1-1.1.1/.content/bin/../lib/gcc/arm-none-eabi/14.2.1/../../../../arm-none-eabi/lib/thumb/v7e-m+fp/hard\libc_nano.a(libc_a-lock.o)
__lock___malloc_recursive_mutex                   c:/Users/alireza/AppData/Roaming/Code/User/globalStorage/bmd.stm32-for-vscode/@xpack-dev-tools/arm-none-eabi-gcc/14.2.1-1.1.1/.content/bin/../lib/gcc/arm-none-eabi/14.2.1/../../../../arm-none-eabi/lib/thumb/v7e-m+fp/hard\libc_nano.a(libc_a-lock.o)
                                                  c:/Users/alireza/AppData/Roaming/Code/User/globalStorage/bmd.stm32-for-vscode/@xpack-dev-tools/arm-none-eabi-gcc/14.2.1-1.1.1/.content/bin/../lib/gcc/arm-none-eabi/14.2.1/../../../../arm-none-eabi/lib/thumb/v7e-m+fp/hard\libc_nano.a(libc_a-mlock.o)