ARM GAS  C:\Users\alireza\AppData\Local\Temp\ccLsXOT5.s 			page 1


   1              		.cpu cortex-m4
   2              		.arch armv7e-m
   3              		.fpu fpv4-sp-d16
   4              		.eabi_attribute 27, 1
   5              		.eabi_attribute 28, 1
   6              		.eabi_attribute 20, 1
   7              		.eabi_attribute 21, 1
   8              		.eabi_attribute 23, 3
   9              		.eabi_attribute 24, 1
  10              		.eabi_attribute 25, 1
  11              		.eabi_attribute 26, 1
  12              		.eabi_attribute 30, 1
  13              		.eabi_attribute 34, 1
  14              		.eabi_attribute 18, 4
  15              		.file	"adc.c"
  16              		.text
  17              	.Ltext0:
  18              		.cfi_sections	.debug_frame
  19              		.file 1 "Core/Src/adc.c"
  20              		.section	.text.MX_ADC1_Init,"ax",%progbits
  21              		.align	1
  22              		.global	MX_ADC1_Init
  23              		.syntax unified
  24              		.thumb
  25              		.thumb_func
  27              	MX_ADC1_Init:
  28              	.LFB220:
   1:Core/Src/adc.c **** /* USER CODE BEGIN Header */
   2:Core/Src/adc.c **** /**
   3:Core/Src/adc.c ****   ******************************************************************************
   4:Core/Src/adc.c ****   * @file    adc.c
   5:Core/Src/adc.c ****   * @brief   This file provides code for the configuration
   6:Core/Src/adc.c ****   *          of the ADC instances.
   7:Core/Src/adc.c ****   ******************************************************************************
   8:Core/Src/adc.c ****   * @attention
   9:Core/Src/adc.c ****   *
  10:Core/Src/adc.c ****   * Copyright (c) 2025 STMicroelectronics.
  11:Core/Src/adc.c ****   * All rights reserved.
  12:Core/Src/adc.c ****   *
  13:Core/Src/adc.c ****   * This software is licensed under terms that can be found in the LICENSE file
  14:Core/Src/adc.c ****   * in the root directory of this software component.
  15:Core/Src/adc.c ****   * If no LICENSE file comes with this software, it is provided AS-IS.
  16:Core/Src/adc.c ****   *
  17:Core/Src/adc.c ****   ******************************************************************************
  18:Core/Src/adc.c ****   */
  19:Core/Src/adc.c **** /* USER CODE END Header */
  20:Core/Src/adc.c **** /* Includes ------------------------------------------------------------------*/
  21:Core/Src/adc.c **** #include "adc.h"
  22:Core/Src/adc.c **** 
  23:Core/Src/adc.c **** /* USER CODE BEGIN 0 */
  24:Core/Src/adc.c **** 
  25:Core/Src/adc.c **** /* USER CODE END 0 */
  26:Core/Src/adc.c **** 
  27:Core/Src/adc.c **** ADC_HandleTypeDef hadc1;
  28:Core/Src/adc.c **** DMA_HandleTypeDef hdma_adc1;
  29:Core/Src/adc.c **** 
  30:Core/Src/adc.c **** /* ADC1 init function */
ARM GAS  C:\Users\alireza\AppData\Local\Temp\ccLsXOT5.s 			page 2


  31:Core/Src/adc.c **** void MX_ADC1_Init(void)
  32:Core/Src/adc.c **** {
  29              		.loc 1 32 1 view -0
  30              		.cfi_startproc
  31              		@ args = 0, pretend = 0, frame = 48
  32              		@ frame_needed = 0, uses_anonymous_args = 0
  33 0000 10B5     		push	{r4, lr}
  34              		.cfi_def_cfa_offset 8
  35              		.cfi_offset 4, -8
  36              		.cfi_offset 14, -4
  37 0002 8CB0     		sub	sp, sp, #48
  38              		.cfi_def_cfa_offset 56
  33:Core/Src/adc.c **** 
  34:Core/Src/adc.c ****   /* USER CODE BEGIN ADC1_Init 0 */
  35:Core/Src/adc.c **** 
  36:Core/Src/adc.c ****   /* USER CODE END ADC1_Init 0 */
  37:Core/Src/adc.c **** 
  38:Core/Src/adc.c ****   ADC_ChannelConfTypeDef sConfig = {0};
  39              		.loc 1 38 3 view .LVU1
  40              		.loc 1 38 26 is_stmt 0 view .LVU2
  41 0004 0024     		movs	r4, #0
  42 0006 0894     		str	r4, [sp, #32]
  43 0008 0994     		str	r4, [sp, #36]
  44 000a 0A94     		str	r4, [sp, #40]
  45 000c 0B94     		str	r4, [sp, #44]
  39:Core/Src/adc.c ****   ADC_InjectionConfTypeDef sConfigInjected = {0};
  46              		.loc 1 39 3 is_stmt 1 view .LVU3
  47              		.loc 1 39 28 is_stmt 0 view .LVU4
  48 000e 2022     		movs	r2, #32
  49 0010 2146     		mov	r1, r4
  50 0012 6846     		mov	r0, sp
  51 0014 FFF7FEFF 		bl	memset
  52              	.LVL0:
  40:Core/Src/adc.c **** 
  41:Core/Src/adc.c ****   /* USER CODE BEGIN ADC1_Init 1 */
  42:Core/Src/adc.c **** 
  43:Core/Src/adc.c ****   /* USER CODE END ADC1_Init 1 */
  44:Core/Src/adc.c **** 
  45:Core/Src/adc.c ****   /** Configure the global features of the ADC (Clock, Resolution, Data Alignment and number of con
  46:Core/Src/adc.c ****   */
  47:Core/Src/adc.c ****   hadc1.Instance = ADC1;
  53              		.loc 1 47 3 is_stmt 1 view .LVU5
  54              		.loc 1 47 18 is_stmt 0 view .LVU6
  55 0018 8848     		ldr	r0, .L39
  56 001a 894B     		ldr	r3, .L39+4
  57 001c 0360     		str	r3, [r0]
  48:Core/Src/adc.c ****   hadc1.Init.ClockPrescaler = ADC_CLOCK_SYNC_PCLK_DIV2;
  58              		.loc 1 48 3 is_stmt 1 view .LVU7
  59              		.loc 1 48 29 is_stmt 0 view .LVU8
  60 001e 4460     		str	r4, [r0, #4]
  49:Core/Src/adc.c ****   hadc1.Init.Resolution = ADC_RESOLUTION_12B;
  61              		.loc 1 49 3 is_stmt 1 view .LVU9
  62              		.loc 1 49 25 is_stmt 0 view .LVU10
  63 0020 8460     		str	r4, [r0, #8]
  50:Core/Src/adc.c ****   hadc1.Init.ScanConvMode = ENABLE;
  64              		.loc 1 50 3 is_stmt 1 view .LVU11
  65              		.loc 1 50 27 is_stmt 0 view .LVU12
ARM GAS  C:\Users\alireza\AppData\Local\Temp\ccLsXOT5.s 			page 3


  66 0022 0123     		movs	r3, #1
  67 0024 0361     		str	r3, [r0, #16]
  51:Core/Src/adc.c ****   hadc1.Init.ContinuousConvMode = DISABLE;
  68              		.loc 1 51 3 is_stmt 1 view .LVU13
  69              		.loc 1 51 33 is_stmt 0 view .LVU14
  70 0026 0476     		strb	r4, [r0, #24]
  52:Core/Src/adc.c ****   hadc1.Init.DiscontinuousConvMode = DISABLE;
  71              		.loc 1 52 3 is_stmt 1 view .LVU15
  72              		.loc 1 52 36 is_stmt 0 view .LVU16
  73 0028 80F82040 		strb	r4, [r0, #32]
  53:Core/Src/adc.c ****   hadc1.Init.ExternalTrigConvEdge = ADC_EXTERNALTRIGCONVEDGE_RISING;
  74              		.loc 1 53 3 is_stmt 1 view .LVU17
  75              		.loc 1 53 35 is_stmt 0 view .LVU18
  76 002c 4FF08052 		mov	r2, #268435456
  77 0030 C262     		str	r2, [r0, #44]
  54:Core/Src/adc.c ****   hadc1.Init.ExternalTrigConv = ADC_EXTERNALTRIGCONV_T5_CC1;
  78              		.loc 1 54 3 is_stmt 1 view .LVU19
  79              		.loc 1 54 31 is_stmt 0 view .LVU20
  80 0032 4FF02062 		mov	r2, #167772160
  81 0036 8262     		str	r2, [r0, #40]
  55:Core/Src/adc.c ****   hadc1.Init.DataAlign = ADC_DATAALIGN_RIGHT;
  82              		.loc 1 55 3 is_stmt 1 view .LVU21
  83              		.loc 1 55 24 is_stmt 0 view .LVU22
  84 0038 C460     		str	r4, [r0, #12]
  56:Core/Src/adc.c ****   hadc1.Init.NbrOfConversion = 13;
  85              		.loc 1 56 3 is_stmt 1 view .LVU23
  86              		.loc 1 56 30 is_stmt 0 view .LVU24
  87 003a 0D22     		movs	r2, #13
  88 003c C261     		str	r2, [r0, #28]
  57:Core/Src/adc.c ****   hadc1.Init.DMAContinuousRequests = ENABLE;
  89              		.loc 1 57 3 is_stmt 1 view .LVU25
  90              		.loc 1 57 36 is_stmt 0 view .LVU26
  91 003e 80F83030 		strb	r3, [r0, #48]
  58:Core/Src/adc.c ****   hadc1.Init.EOCSelection = ADC_EOC_SEQ_CONV;
  92              		.loc 1 58 3 is_stmt 1 view .LVU27
  93              		.loc 1 58 27 is_stmt 0 view .LVU28
  94 0042 4461     		str	r4, [r0, #20]
  59:Core/Src/adc.c ****   if (HAL_ADC_Init(&hadc1) != HAL_OK)
  95              		.loc 1 59 3 is_stmt 1 view .LVU29
  96              		.loc 1 59 7 is_stmt 0 view .LVU30
  97 0044 FFF7FEFF 		bl	HAL_ADC_Init
  98              	.LVL1:
  99              		.loc 1 59 6 discriminator 1 view .LVU31
 100 0048 0028     		cmp	r0, #0
 101 004a 40F0C180 		bne	.L21
 102              	.L2:
  60:Core/Src/adc.c ****   {
  61:Core/Src/adc.c ****     Error_Handler();
  62:Core/Src/adc.c ****   }
  63:Core/Src/adc.c **** 
  64:Core/Src/adc.c ****   /** Configure for the selected ADC regular channel its corresponding rank in the sequencer and it
  65:Core/Src/adc.c ****   */
  66:Core/Src/adc.c ****   sConfig.Channel = ADC_CHANNEL_10;
 103              		.loc 1 66 3 is_stmt 1 view .LVU32
 104              		.loc 1 66 19 is_stmt 0 view .LVU33
 105 004e 0A23     		movs	r3, #10
 106 0050 0893     		str	r3, [sp, #32]
ARM GAS  C:\Users\alireza\AppData\Local\Temp\ccLsXOT5.s 			page 4


  67:Core/Src/adc.c ****   sConfig.Rank = 1;
 107              		.loc 1 67 3 is_stmt 1 view .LVU34
 108              		.loc 1 67 16 is_stmt 0 view .LVU35
 109 0052 0123     		movs	r3, #1
 110 0054 0993     		str	r3, [sp, #36]
  68:Core/Src/adc.c ****   sConfig.SamplingTime = ADC_SAMPLETIME_84CYCLES;
 111              		.loc 1 68 3 is_stmt 1 view .LVU36
 112              		.loc 1 68 24 is_stmt 0 view .LVU37
 113 0056 0423     		movs	r3, #4
 114 0058 0A93     		str	r3, [sp, #40]
  69:Core/Src/adc.c ****   if (HAL_ADC_ConfigChannel(&hadc1, &sConfig) != HAL_OK)
 115              		.loc 1 69 3 is_stmt 1 view .LVU38
 116              		.loc 1 69 7 is_stmt 0 view .LVU39
 117 005a 08A9     		add	r1, sp, #32
 118 005c 7748     		ldr	r0, .L39
 119 005e FFF7FEFF 		bl	HAL_ADC_ConfigChannel
 120              	.LVL2:
 121              		.loc 1 69 6 discriminator 1 view .LVU40
 122 0062 0028     		cmp	r0, #0
 123 0064 40F0B780 		bne	.L22
 124              	.L3:
  70:Core/Src/adc.c ****   {
  71:Core/Src/adc.c ****     Error_Handler();
  72:Core/Src/adc.c ****   }
  73:Core/Src/adc.c **** 
  74:Core/Src/adc.c ****   /** Configure for the selected ADC regular channel its corresponding rank in the sequencer and it
  75:Core/Src/adc.c ****   */
  76:Core/Src/adc.c ****   sConfig.Channel = ADC_CHANNEL_11;
 125              		.loc 1 76 3 is_stmt 1 view .LVU41
 126              		.loc 1 76 19 is_stmt 0 view .LVU42
 127 0068 0B23     		movs	r3, #11
 128 006a 0893     		str	r3, [sp, #32]
  77:Core/Src/adc.c ****   sConfig.Rank = 2;
 129              		.loc 1 77 3 is_stmt 1 view .LVU43
 130              		.loc 1 77 16 is_stmt 0 view .LVU44
 131 006c 0223     		movs	r3, #2
 132 006e 0993     		str	r3, [sp, #36]
  78:Core/Src/adc.c ****   sConfig.SamplingTime = ADC_SAMPLETIME_3CYCLES;
 133              		.loc 1 78 3 is_stmt 1 view .LVU45
 134              		.loc 1 78 24 is_stmt 0 view .LVU46
 135 0070 0023     		movs	r3, #0
 136 0072 0A93     		str	r3, [sp, #40]
  79:Core/Src/adc.c ****   if (HAL_ADC_ConfigChannel(&hadc1, &sConfig) != HAL_OK)
 137              		.loc 1 79 3 is_stmt 1 view .LVU47
 138              		.loc 1 79 7 is_stmt 0 view .LVU48
 139 0074 08A9     		add	r1, sp, #32
 140 0076 7148     		ldr	r0, .L39
 141 0078 FFF7FEFF 		bl	HAL_ADC_ConfigChannel
 142              	.LVL3:
 143              		.loc 1 79 6 discriminator 1 view .LVU49
 144 007c 0028     		cmp	r0, #0
 145 007e 40F0AD80 		bne	.L23
 146              	.L4:
  80:Core/Src/adc.c ****   {
  81:Core/Src/adc.c ****     Error_Handler();
  82:Core/Src/adc.c ****   }
  83:Core/Src/adc.c **** 
ARM GAS  C:\Users\alireza\AppData\Local\Temp\ccLsXOT5.s 			page 5


  84:Core/Src/adc.c ****   /** Configure for the selected ADC regular channel its corresponding rank in the sequencer and it
  85:Core/Src/adc.c ****   */
  86:Core/Src/adc.c ****   sConfig.Channel = ADC_CHANNEL_12;
 147              		.loc 1 86 3 is_stmt 1 view .LVU50
 148              		.loc 1 86 19 is_stmt 0 view .LVU51
 149 0082 0C23     		movs	r3, #12
 150 0084 0893     		str	r3, [sp, #32]
  87:Core/Src/adc.c ****   sConfig.Rank = 3;
 151              		.loc 1 87 3 is_stmt 1 view .LVU52
 152              		.loc 1 87 16 is_stmt 0 view .LVU53
 153 0086 0323     		movs	r3, #3
 154 0088 0993     		str	r3, [sp, #36]
  88:Core/Src/adc.c ****   if (HAL_ADC_ConfigChannel(&hadc1, &sConfig) != HAL_OK)
 155              		.loc 1 88 3 is_stmt 1 view .LVU54
 156              		.loc 1 88 7 is_stmt 0 view .LVU55
 157 008a 08A9     		add	r1, sp, #32
 158 008c 6B48     		ldr	r0, .L39
 159 008e FFF7FEFF 		bl	HAL_ADC_ConfigChannel
 160              	.LVL4:
 161              		.loc 1 88 6 discriminator 1 view .LVU56
 162 0092 0028     		cmp	r0, #0
 163 0094 40F0A580 		bne	.L24
 164              	.L5:
  89:Core/Src/adc.c ****   {
  90:Core/Src/adc.c ****     Error_Handler();
  91:Core/Src/adc.c ****   }
  92:Core/Src/adc.c **** 
  93:Core/Src/adc.c ****   /** Configure for the selected ADC regular channel its corresponding rank in the sequencer and it
  94:Core/Src/adc.c ****   */
  95:Core/Src/adc.c ****   sConfig.Channel = ADC_CHANNEL_13;
 165              		.loc 1 95 3 is_stmt 1 view .LVU57
 166              		.loc 1 95 19 is_stmt 0 view .LVU58
 167 0098 0D23     		movs	r3, #13
 168 009a 0893     		str	r3, [sp, #32]
  96:Core/Src/adc.c ****   sConfig.Rank = 4;
 169              		.loc 1 96 3 is_stmt 1 view .LVU59
 170              		.loc 1 96 16 is_stmt 0 view .LVU60
 171 009c 0423     		movs	r3, #4
 172 009e 0993     		str	r3, [sp, #36]
  97:Core/Src/adc.c ****   if (HAL_ADC_ConfigChannel(&hadc1, &sConfig) != HAL_OK)
 173              		.loc 1 97 3 is_stmt 1 view .LVU61
 174              		.loc 1 97 7 is_stmt 0 view .LVU62
 175 00a0 08A9     		add	r1, sp, #32
 176 00a2 6648     		ldr	r0, .L39
 177 00a4 FFF7FEFF 		bl	HAL_ADC_ConfigChannel
 178              	.LVL5:
 179              		.loc 1 97 6 discriminator 1 view .LVU63
 180 00a8 0028     		cmp	r0, #0
 181 00aa 40F09D80 		bne	.L25
 182              	.L6:
  98:Core/Src/adc.c ****   {
  99:Core/Src/adc.c ****     Error_Handler();
 100:Core/Src/adc.c ****   }
 101:Core/Src/adc.c **** 
 102:Core/Src/adc.c ****   /** Configure for the selected ADC regular channel its corresponding rank in the sequencer and it
 103:Core/Src/adc.c ****   */
 104:Core/Src/adc.c ****   sConfig.Channel = ADC_CHANNEL_0;
ARM GAS  C:\Users\alireza\AppData\Local\Temp\ccLsXOT5.s 			page 6


 183              		.loc 1 104 3 is_stmt 1 view .LVU64
 184              		.loc 1 104 19 is_stmt 0 view .LVU65
 185 00ae 0023     		movs	r3, #0
 186 00b0 0893     		str	r3, [sp, #32]
 105:Core/Src/adc.c ****   sConfig.Rank = 5;
 187              		.loc 1 105 3 is_stmt 1 view .LVU66
 188              		.loc 1 105 16 is_stmt 0 view .LVU67
 189 00b2 0523     		movs	r3, #5
 190 00b4 0993     		str	r3, [sp, #36]
 106:Core/Src/adc.c ****   if (HAL_ADC_ConfigChannel(&hadc1, &sConfig) != HAL_OK)
 191              		.loc 1 106 3 is_stmt 1 view .LVU68
 192              		.loc 1 106 7 is_stmt 0 view .LVU69
 193 00b6 08A9     		add	r1, sp, #32
 194 00b8 6048     		ldr	r0, .L39
 195 00ba FFF7FEFF 		bl	HAL_ADC_ConfigChannel
 196              	.LVL6:
 197              		.loc 1 106 6 discriminator 1 view .LVU70
 198 00be 0028     		cmp	r0, #0
 199 00c0 40F09580 		bne	.L26
 200              	.L7:
 107:Core/Src/adc.c ****   {
 108:Core/Src/adc.c ****     Error_Handler();
 109:Core/Src/adc.c ****   }
 110:Core/Src/adc.c **** 
 111:Core/Src/adc.c ****   /** Configure for the selected ADC regular channel its corresponding rank in the sequencer and it
 112:Core/Src/adc.c ****   */
 113:Core/Src/adc.c ****   sConfig.Channel = ADC_CHANNEL_1;
 201              		.loc 1 113 3 is_stmt 1 view .LVU71
 202              		.loc 1 113 19 is_stmt 0 view .LVU72
 203 00c4 0123     		movs	r3, #1
 204 00c6 0893     		str	r3, [sp, #32]
 114:Core/Src/adc.c ****   sConfig.Rank = 6;
 205              		.loc 1 114 3 is_stmt 1 view .LVU73
 206              		.loc 1 114 16 is_stmt 0 view .LVU74
 207 00c8 0623     		movs	r3, #6
 208 00ca 0993     		str	r3, [sp, #36]
 115:Core/Src/adc.c ****   if (HAL_ADC_ConfigChannel(&hadc1, &sConfig) != HAL_OK)
 209              		.loc 1 115 3 is_stmt 1 view .LVU75
 210              		.loc 1 115 7 is_stmt 0 view .LVU76
 211 00cc 08A9     		add	r1, sp, #32
 212 00ce 5B48     		ldr	r0, .L39
 213 00d0 FFF7FEFF 		bl	HAL_ADC_ConfigChannel
 214              	.LVL7:
 215              		.loc 1 115 6 discriminator 1 view .LVU77
 216 00d4 0028     		cmp	r0, #0
 217 00d6 40F08D80 		bne	.L27
 218              	.L8:
 116:Core/Src/adc.c ****   {
 117:Core/Src/adc.c ****     Error_Handler();
 118:Core/Src/adc.c ****   }
 119:Core/Src/adc.c **** 
 120:Core/Src/adc.c ****   /** Configure for the selected ADC regular channel its corresponding rank in the sequencer and it
 121:Core/Src/adc.c ****   */
 122:Core/Src/adc.c ****   sConfig.Channel = ADC_CHANNEL_2;
 219              		.loc 1 122 3 is_stmt 1 view .LVU78
 220              		.loc 1 122 19 is_stmt 0 view .LVU79
 221 00da 0223     		movs	r3, #2
ARM GAS  C:\Users\alireza\AppData\Local\Temp\ccLsXOT5.s 			page 7


 222 00dc 0893     		str	r3, [sp, #32]
 123:Core/Src/adc.c ****   sConfig.Rank = 7;
 223              		.loc 1 123 3 is_stmt 1 view .LVU80
 224              		.loc 1 123 16 is_stmt 0 view .LVU81
 225 00de 0723     		movs	r3, #7
 226 00e0 0993     		str	r3, [sp, #36]
 124:Core/Src/adc.c ****   if (HAL_ADC_ConfigChannel(&hadc1, &sConfig) != HAL_OK)
 227              		.loc 1 124 3 is_stmt 1 view .LVU82
 228              		.loc 1 124 7 is_stmt 0 view .LVU83
 229 00e2 08A9     		add	r1, sp, #32
 230 00e4 5548     		ldr	r0, .L39
 231 00e6 FFF7FEFF 		bl	HAL_ADC_ConfigChannel
 232              	.LVL8:
 233              		.loc 1 124 6 discriminator 1 view .LVU84
 234 00ea 0028     		cmp	r0, #0
 235 00ec 40F08580 		bne	.L28
 236              	.L9:
 125:Core/Src/adc.c ****   {
 126:Core/Src/adc.c ****     Error_Handler();
 127:Core/Src/adc.c ****   }
 128:Core/Src/adc.c **** 
 129:Core/Src/adc.c ****   /** Configure for the selected ADC regular channel its corresponding rank in the sequencer and it
 130:Core/Src/adc.c ****   */
 131:Core/Src/adc.c ****   sConfig.Channel = ADC_CHANNEL_3;
 237              		.loc 1 131 3 is_stmt 1 view .LVU85
 238              		.loc 1 131 19 is_stmt 0 view .LVU86
 239 00f0 0323     		movs	r3, #3
 240 00f2 0893     		str	r3, [sp, #32]
 132:Core/Src/adc.c ****   sConfig.Rank = 8;
 241              		.loc 1 132 3 is_stmt 1 view .LVU87
 242              		.loc 1 132 16 is_stmt 0 view .LVU88
 243 00f4 0823     		movs	r3, #8
 244 00f6 0993     		str	r3, [sp, #36]
 133:Core/Src/adc.c ****   if (HAL_ADC_ConfigChannel(&hadc1, &sConfig) != HAL_OK)
 245              		.loc 1 133 3 is_stmt 1 view .LVU89
 246              		.loc 1 133 7 is_stmt 0 view .LVU90
 247 00f8 08A9     		add	r1, sp, #32
 248 00fa 5048     		ldr	r0, .L39
 249 00fc FFF7FEFF 		bl	HAL_ADC_ConfigChannel
 250              	.LVL9:
 251              		.loc 1 133 6 discriminator 1 view .LVU91
 252 0100 0028     		cmp	r0, #0
 253 0102 7DD1     		bne	.L29
 254              	.L10:
 134:Core/Src/adc.c ****   {
 135:Core/Src/adc.c ****     Error_Handler();
 136:Core/Src/adc.c ****   }
 137:Core/Src/adc.c **** 
 138:Core/Src/adc.c ****   /** Configure for the selected ADC regular channel its corresponding rank in the sequencer and it
 139:Core/Src/adc.c ****   */
 140:Core/Src/adc.c ****   sConfig.Channel = ADC_CHANNEL_4;
 255              		.loc 1 140 3 is_stmt 1 view .LVU92
 256              		.loc 1 140 19 is_stmt 0 view .LVU93
 257 0104 0423     		movs	r3, #4
 258 0106 0893     		str	r3, [sp, #32]
 141:Core/Src/adc.c ****   sConfig.Rank = 9;
 259              		.loc 1 141 3 is_stmt 1 view .LVU94
ARM GAS  C:\Users\alireza\AppData\Local\Temp\ccLsXOT5.s 			page 8


 260              		.loc 1 141 16 is_stmt 0 view .LVU95
 261 0108 0923     		movs	r3, #9
 262 010a 0993     		str	r3, [sp, #36]
 142:Core/Src/adc.c ****   if (HAL_ADC_ConfigChannel(&hadc1, &sConfig) != HAL_OK)
 263              		.loc 1 142 3 is_stmt 1 view .LVU96
 264              		.loc 1 142 7 is_stmt 0 view .LVU97
 265 010c 08A9     		add	r1, sp, #32
 266 010e 4B48     		ldr	r0, .L39
 267 0110 FFF7FEFF 		bl	HAL_ADC_ConfigChannel
 268              	.LVL10:
 269              		.loc 1 142 6 discriminator 1 view .LVU98
 270 0114 0028     		cmp	r0, #0
 271 0116 76D1     		bne	.L30
 272              	.L11:
 143:Core/Src/adc.c ****   {
 144:Core/Src/adc.c ****     Error_Handler();
 145:Core/Src/adc.c ****   }
 146:Core/Src/adc.c **** 
 147:Core/Src/adc.c ****   /** Configure for the selected ADC regular channel its corresponding rank in the sequencer and it
 148:Core/Src/adc.c ****   */
 149:Core/Src/adc.c ****   sConfig.Channel = ADC_CHANNEL_5;
 273              		.loc 1 149 3 is_stmt 1 view .LVU99
 274              		.loc 1 149 19 is_stmt 0 view .LVU100
 275 0118 0523     		movs	r3, #5
 276 011a 0893     		str	r3, [sp, #32]
 150:Core/Src/adc.c ****   sConfig.Rank = 10;
 277              		.loc 1 150 3 is_stmt 1 view .LVU101
 278              		.loc 1 150 16 is_stmt 0 view .LVU102
 279 011c 0A23     		movs	r3, #10
 280 011e 0993     		str	r3, [sp, #36]
 151:Core/Src/adc.c ****   if (HAL_ADC_ConfigChannel(&hadc1, &sConfig) != HAL_OK)
 281              		.loc 1 151 3 is_stmt 1 view .LVU103
 282              		.loc 1 151 7 is_stmt 0 view .LVU104
 283 0120 08A9     		add	r1, sp, #32
 284 0122 4648     		ldr	r0, .L39
 285 0124 FFF7FEFF 		bl	HAL_ADC_ConfigChannel
 286              	.LVL11:
 287              		.loc 1 151 6 discriminator 1 view .LVU105
 288 0128 0028     		cmp	r0, #0
 289 012a 6FD1     		bne	.L31
 290              	.L12:
 152:Core/Src/adc.c ****   {
 153:Core/Src/adc.c ****     Error_Handler();
 154:Core/Src/adc.c ****   }
 155:Core/Src/adc.c **** 
 156:Core/Src/adc.c ****   /** Configure for the selected ADC regular channel its corresponding rank in the sequencer and it
 157:Core/Src/adc.c ****   */
 158:Core/Src/adc.c ****   sConfig.Channel = ADC_CHANNEL_6;
 291              		.loc 1 158 3 is_stmt 1 view .LVU106
 292              		.loc 1 158 19 is_stmt 0 view .LVU107
 293 012c 0623     		movs	r3, #6
 294 012e 0893     		str	r3, [sp, #32]
 159:Core/Src/adc.c ****   sConfig.Rank = 11;
 295              		.loc 1 159 3 is_stmt 1 view .LVU108
 296              		.loc 1 159 16 is_stmt 0 view .LVU109
 297 0130 0B23     		movs	r3, #11
 298 0132 0993     		str	r3, [sp, #36]
ARM GAS  C:\Users\alireza\AppData\Local\Temp\ccLsXOT5.s 			page 9


 160:Core/Src/adc.c ****   if (HAL_ADC_ConfigChannel(&hadc1, &sConfig) != HAL_OK)
 299              		.loc 1 160 3 is_stmt 1 view .LVU110
 300              		.loc 1 160 7 is_stmt 0 view .LVU111
 301 0134 08A9     		add	r1, sp, #32
 302 0136 4148     		ldr	r0, .L39
 303 0138 FFF7FEFF 		bl	HAL_ADC_ConfigChannel
 304              	.LVL12:
 305              		.loc 1 160 6 discriminator 1 view .LVU112
 306 013c 0028     		cmp	r0, #0
 307 013e 68D1     		bne	.L32
 308              	.L13:
 161:Core/Src/adc.c ****   {
 162:Core/Src/adc.c ****     Error_Handler();
 163:Core/Src/adc.c ****   }
 164:Core/Src/adc.c **** 
 165:Core/Src/adc.c ****   /** Configure for the selected ADC regular channel its corresponding rank in the sequencer and it
 166:Core/Src/adc.c ****   */
 167:Core/Src/adc.c ****   sConfig.Channel = ADC_CHANNEL_7;
 309              		.loc 1 167 3 is_stmt 1 view .LVU113
 310              		.loc 1 167 19 is_stmt 0 view .LVU114
 311 0140 0723     		movs	r3, #7
 312 0142 0893     		str	r3, [sp, #32]
 168:Core/Src/adc.c ****   sConfig.Rank = 12;
 313              		.loc 1 168 3 is_stmt 1 view .LVU115
 314              		.loc 1 168 16 is_stmt 0 view .LVU116
 315 0144 0C23     		movs	r3, #12
 316 0146 0993     		str	r3, [sp, #36]
 169:Core/Src/adc.c ****   if (HAL_ADC_ConfigChannel(&hadc1, &sConfig) != HAL_OK)
 317              		.loc 1 169 3 is_stmt 1 view .LVU117
 318              		.loc 1 169 7 is_stmt 0 view .LVU118
 319 0148 08A9     		add	r1, sp, #32
 320 014a 3C48     		ldr	r0, .L39
 321 014c FFF7FEFF 		bl	HAL_ADC_ConfigChannel
 322              	.LVL13:
 323              		.loc 1 169 6 discriminator 1 view .LVU119
 324 0150 0028     		cmp	r0, #0
 325 0152 61D1     		bne	.L33
 326              	.L14:
 170:Core/Src/adc.c ****   {
 171:Core/Src/adc.c ****     Error_Handler();
 172:Core/Src/adc.c ****   }
 173:Core/Src/adc.c **** 
 174:Core/Src/adc.c ****   /** Configure for the selected ADC regular channel its corresponding rank in the sequencer and it
 175:Core/Src/adc.c ****   */
 176:Core/Src/adc.c ****   sConfig.Channel = ADC_CHANNEL_14;
 327              		.loc 1 176 3 is_stmt 1 view .LVU120
 328              		.loc 1 176 19 is_stmt 0 view .LVU121
 329 0154 0E23     		movs	r3, #14
 330 0156 0893     		str	r3, [sp, #32]
 177:Core/Src/adc.c ****   sConfig.Rank = 13;
 331              		.loc 1 177 3 is_stmt 1 view .LVU122
 332              		.loc 1 177 16 is_stmt 0 view .LVU123
 333 0158 0D23     		movs	r3, #13
 334 015a 0993     		str	r3, [sp, #36]
 178:Core/Src/adc.c ****   if (HAL_ADC_ConfigChannel(&hadc1, &sConfig) != HAL_OK)
 335              		.loc 1 178 3 is_stmt 1 view .LVU124
 336              		.loc 1 178 7 is_stmt 0 view .LVU125
ARM GAS  C:\Users\alireza\AppData\Local\Temp\ccLsXOT5.s 			page 10


 337 015c 08A9     		add	r1, sp, #32
 338 015e 3748     		ldr	r0, .L39
 339 0160 FFF7FEFF 		bl	HAL_ADC_ConfigChannel
 340              	.LVL14:
 341              		.loc 1 178 6 discriminator 1 view .LVU126
 342 0164 0028     		cmp	r0, #0
 343 0166 5AD1     		bne	.L34
 344              	.L15:
 179:Core/Src/adc.c ****   {
 180:Core/Src/adc.c ****     Error_Handler();
 181:Core/Src/adc.c ****   }
 182:Core/Src/adc.c **** 
 183:Core/Src/adc.c ****   /** Configures for the selected ADC injected channel its corresponding rank in the sequencer and 
 184:Core/Src/adc.c ****   */
 185:Core/Src/adc.c ****   sConfigInjected.InjectedChannel = ADC_CHANNEL_11;
 345              		.loc 1 185 3 is_stmt 1 view .LVU127
 346              		.loc 1 185 35 is_stmt 0 view .LVU128
 347 0168 0B23     		movs	r3, #11
 348 016a 0093     		str	r3, [sp]
 186:Core/Src/adc.c ****   sConfigInjected.InjectedRank = 1;
 349              		.loc 1 186 3 is_stmt 1 view .LVU129
 350              		.loc 1 186 32 is_stmt 0 view .LVU130
 351 016c 0122     		movs	r2, #1
 352 016e 0192     		str	r2, [sp, #4]
 187:Core/Src/adc.c ****   sConfigInjected.InjectedNbrOfConversion = 4;
 353              		.loc 1 187 3 is_stmt 1 view .LVU131
 354              		.loc 1 187 43 is_stmt 0 view .LVU132
 355 0170 0423     		movs	r3, #4
 356 0172 0493     		str	r3, [sp, #16]
 188:Core/Src/adc.c ****   sConfigInjected.InjectedSamplingTime = ADC_SAMPLETIME_3CYCLES;
 357              		.loc 1 188 3 is_stmt 1 view .LVU133
 358              		.loc 1 188 40 is_stmt 0 view .LVU134
 359 0174 0023     		movs	r3, #0
 360 0176 0293     		str	r3, [sp, #8]
 189:Core/Src/adc.c ****   sConfigInjected.ExternalTrigInjecConvEdge = ADC_EXTERNALTRIGINJECCONVEDGE_NONE;
 361              		.loc 1 189 3 is_stmt 1 view .LVU135
 362              		.loc 1 189 45 is_stmt 0 view .LVU136
 363 0178 0793     		str	r3, [sp, #28]
 190:Core/Src/adc.c ****   sConfigInjected.ExternalTrigInjecConv = ADC_INJECTED_SOFTWARE_START;
 364              		.loc 1 190 3 is_stmt 1 view .LVU137
 365              		.loc 1 190 41 is_stmt 0 view .LVU138
 366 017a 3249     		ldr	r1, .L39+8
 367 017c 0691     		str	r1, [sp, #24]
 191:Core/Src/adc.c ****   sConfigInjected.AutoInjectedConv = ENABLE;
 368              		.loc 1 191 3 is_stmt 1 view .LVU139
 369              		.loc 1 191 36 is_stmt 0 view .LVU140
 370 017e 8DF81520 		strb	r2, [sp, #21]
 192:Core/Src/adc.c ****   sConfigInjected.InjectedDiscontinuousConvMode = DISABLE;
 371              		.loc 1 192 3 is_stmt 1 view .LVU141
 372              		.loc 1 192 49 is_stmt 0 view .LVU142
 373 0182 8DF81430 		strb	r3, [sp, #20]
 193:Core/Src/adc.c ****   sConfigInjected.InjectedOffset = 0;
 374              		.loc 1 193 3 is_stmt 1 view .LVU143
 375              		.loc 1 193 34 is_stmt 0 view .LVU144
 376 0186 0393     		str	r3, [sp, #12]
 194:Core/Src/adc.c ****   if (HAL_ADCEx_InjectedConfigChannel(&hadc1, &sConfigInjected) != HAL_OK)
 377              		.loc 1 194 3 is_stmt 1 view .LVU145
ARM GAS  C:\Users\alireza\AppData\Local\Temp\ccLsXOT5.s 			page 11


 378              		.loc 1 194 7 is_stmt 0 view .LVU146
 379 0188 6946     		mov	r1, sp
 380 018a 2C48     		ldr	r0, .L39
 381 018c FFF7FEFF 		bl	HAL_ADCEx_InjectedConfigChannel
 382              	.LVL15:
 383              		.loc 1 194 6 discriminator 1 view .LVU147
 384 0190 0028     		cmp	r0, #0
 385 0192 47D1     		bne	.L35
 386              	.L16:
 195:Core/Src/adc.c ****   {
 196:Core/Src/adc.c ****     Error_Handler();
 197:Core/Src/adc.c ****   }
 198:Core/Src/adc.c **** 
 199:Core/Src/adc.c ****   /** Configures for the selected ADC injected channel its corresponding rank in the sequencer and 
 200:Core/Src/adc.c ****   */
 201:Core/Src/adc.c ****   sConfigInjected.InjectedChannel = ADC_CHANNEL_12;
 387              		.loc 1 201 3 is_stmt 1 view .LVU148
 388              		.loc 1 201 35 is_stmt 0 view .LVU149
 389 0194 0C23     		movs	r3, #12
 390 0196 0093     		str	r3, [sp]
 202:Core/Src/adc.c ****   sConfigInjected.InjectedRank = 2;
 391              		.loc 1 202 3 is_stmt 1 view .LVU150
 392              		.loc 1 202 32 is_stmt 0 view .LVU151
 393 0198 0223     		movs	r3, #2
 394 019a 0193     		str	r3, [sp, #4]
 203:Core/Src/adc.c ****   if (HAL_ADCEx_InjectedConfigChannel(&hadc1, &sConfigInjected) != HAL_OK)
 395              		.loc 1 203 3 is_stmt 1 view .LVU152
 396              		.loc 1 203 7 is_stmt 0 view .LVU153
 397 019c 6946     		mov	r1, sp
 398 019e 2748     		ldr	r0, .L39
 399 01a0 FFF7FEFF 		bl	HAL_ADCEx_InjectedConfigChannel
 400              	.LVL16:
 401              		.loc 1 203 6 discriminator 1 view .LVU154
 402 01a4 0028     		cmp	r0, #0
 403 01a6 40D1     		bne	.L36
 404              	.L17:
 204:Core/Src/adc.c ****   {
 205:Core/Src/adc.c ****     Error_Handler();
 206:Core/Src/adc.c ****   }
 207:Core/Src/adc.c **** 
 208:Core/Src/adc.c ****   /** Configures for the selected ADC injected channel its corresponding rank in the sequencer and 
 209:Core/Src/adc.c ****   */
 210:Core/Src/adc.c ****   sConfigInjected.InjectedChannel = ADC_CHANNEL_13;
 405              		.loc 1 210 3 is_stmt 1 view .LVU155
 406              		.loc 1 210 35 is_stmt 0 view .LVU156
 407 01a8 0D23     		movs	r3, #13
 408 01aa 0093     		str	r3, [sp]
 211:Core/Src/adc.c ****   sConfigInjected.InjectedRank = 3;
 409              		.loc 1 211 3 is_stmt 1 view .LVU157
 410              		.loc 1 211 32 is_stmt 0 view .LVU158
 411 01ac 0323     		movs	r3, #3
 412 01ae 0193     		str	r3, [sp, #4]
 212:Core/Src/adc.c ****   if (HAL_ADCEx_InjectedConfigChannel(&hadc1, &sConfigInjected) != HAL_OK)
 413              		.loc 1 212 3 is_stmt 1 view .LVU159
 414              		.loc 1 212 7 is_stmt 0 view .LVU160
 415 01b0 6946     		mov	r1, sp
 416 01b2 2248     		ldr	r0, .L39
ARM GAS  C:\Users\alireza\AppData\Local\Temp\ccLsXOT5.s 			page 12


 417 01b4 FFF7FEFF 		bl	HAL_ADCEx_InjectedConfigChannel
 418              	.LVL17:
 419              		.loc 1 212 6 discriminator 1 view .LVU161
 420 01b8 D0BB     		cbnz	r0, .L37
 421              	.L18:
 213:Core/Src/adc.c ****   {
 214:Core/Src/adc.c ****     Error_Handler();
 215:Core/Src/adc.c ****   }
 216:Core/Src/adc.c **** 
 217:Core/Src/adc.c ****   /** Configures for the selected ADC injected channel its corresponding rank in the sequencer and 
 218:Core/Src/adc.c ****   */
 219:Core/Src/adc.c ****   sConfigInjected.InjectedChannel = ADC_CHANNEL_0;
 422              		.loc 1 219 3 is_stmt 1 view .LVU162
 423              		.loc 1 219 35 is_stmt 0 view .LVU163
 424 01ba 0023     		movs	r3, #0
 425 01bc 0093     		str	r3, [sp]
 220:Core/Src/adc.c ****   sConfigInjected.InjectedRank = 4;
 426              		.loc 1 220 3 is_stmt 1 view .LVU164
 427              		.loc 1 220 32 is_stmt 0 view .LVU165
 428 01be 0423     		movs	r3, #4
 429 01c0 0193     		str	r3, [sp, #4]
 221:Core/Src/adc.c ****   if (HAL_ADCEx_InjectedConfigChannel(&hadc1, &sConfigInjected) != HAL_OK)
 430              		.loc 1 221 3 is_stmt 1 view .LVU166
 431              		.loc 1 221 7 is_stmt 0 view .LVU167
 432 01c2 6946     		mov	r1, sp
 433 01c4 1D48     		ldr	r0, .L39
 434 01c6 FFF7FEFF 		bl	HAL_ADCEx_InjectedConfigChannel
 435              	.LVL18:
 436              		.loc 1 221 6 discriminator 1 view .LVU168
 437 01ca A0BB     		cbnz	r0, .L38
 438              	.L1:
 222:Core/Src/adc.c ****   {
 223:Core/Src/adc.c ****     Error_Handler();
 224:Core/Src/adc.c ****   }
 225:Core/Src/adc.c ****   /* USER CODE BEGIN ADC1_Init 2 */
 226:Core/Src/adc.c **** 
 227:Core/Src/adc.c ****   /* USER CODE END ADC1_Init 2 */
 228:Core/Src/adc.c **** 
 229:Core/Src/adc.c **** }
 439              		.loc 1 229 1 view .LVU169
 440 01cc 0CB0     		add	sp, sp, #48
 441              		.cfi_remember_state
 442              		.cfi_def_cfa_offset 8
 443              		@ sp needed
 444 01ce 10BD     		pop	{r4, pc}
 445              	.L21:
 446              		.cfi_restore_state
  61:Core/Src/adc.c ****   }
 447              		.loc 1 61 5 is_stmt 1 view .LVU170
 448 01d0 FFF7FEFF 		bl	Error_Handler
 449              	.LVL19:
 450 01d4 3BE7     		b	.L2
 451              	.L22:
  71:Core/Src/adc.c ****   }
 452              		.loc 1 71 5 view .LVU171
 453 01d6 FFF7FEFF 		bl	Error_Handler
 454              	.LVL20:
ARM GAS  C:\Users\alireza\AppData\Local\Temp\ccLsXOT5.s 			page 13


 455 01da 45E7     		b	.L3
 456              	.L23:
  81:Core/Src/adc.c ****   }
 457              		.loc 1 81 5 view .LVU172
 458 01dc FFF7FEFF 		bl	Error_Handler
 459              	.LVL21:
 460 01e0 4FE7     		b	.L4
 461              	.L24:
  90:Core/Src/adc.c ****   }
 462              		.loc 1 90 5 view .LVU173
 463 01e2 FFF7FEFF 		bl	Error_Handler
 464              	.LVL22:
 465 01e6 57E7     		b	.L5
 466              	.L25:
  99:Core/Src/adc.c ****   }
 467              		.loc 1 99 5 view .LVU174
 468 01e8 FFF7FEFF 		bl	Error_Handler
 469              	.LVL23:
 470 01ec 5FE7     		b	.L6
 471              	.L26:
 108:Core/Src/adc.c ****   }
 472              		.loc 1 108 5 view .LVU175
 473 01ee FFF7FEFF 		bl	Error_Handler
 474              	.LVL24:
 475 01f2 67E7     		b	.L7
 476              	.L27:
 117:Core/Src/adc.c ****   }
 477              		.loc 1 117 5 view .LVU176
 478 01f4 FFF7FEFF 		bl	Error_Handler
 479              	.LVL25:
 480 01f8 6FE7     		b	.L8
 481              	.L28:
 126:Core/Src/adc.c ****   }
 482              		.loc 1 126 5 view .LVU177
 483 01fa FFF7FEFF 		bl	Error_Handler
 484              	.LVL26:
 485 01fe 77E7     		b	.L9
 486              	.L29:
 135:Core/Src/adc.c ****   }
 487              		.loc 1 135 5 view .LVU178
 488 0200 FFF7FEFF 		bl	Error_Handler
 489              	.LVL27:
 490 0204 7EE7     		b	.L10
 491              	.L30:
 144:Core/Src/adc.c ****   }
 492              		.loc 1 144 5 view .LVU179
 493 0206 FFF7FEFF 		bl	Error_Handler
 494              	.LVL28:
 495 020a 85E7     		b	.L11
 496              	.L31:
 153:Core/Src/adc.c ****   }
 497              		.loc 1 153 5 view .LVU180
 498 020c FFF7FEFF 		bl	Error_Handler
 499              	.LVL29:
 500 0210 8CE7     		b	.L12
 501              	.L32:
 162:Core/Src/adc.c ****   }
ARM GAS  C:\Users\alireza\AppData\Local\Temp\ccLsXOT5.s 			page 14


 502              		.loc 1 162 5 view .LVU181
 503 0212 FFF7FEFF 		bl	Error_Handler
 504              	.LVL30:
 505 0216 93E7     		b	.L13
 506              	.L33:
 171:Core/Src/adc.c ****   }
 507              		.loc 1 171 5 view .LVU182
 508 0218 FFF7FEFF 		bl	Error_Handler
 509              	.LVL31:
 510 021c 9AE7     		b	.L14
 511              	.L34:
 180:Core/Src/adc.c ****   }
 512              		.loc 1 180 5 view .LVU183
 513 021e FFF7FEFF 		bl	Error_Handler
 514              	.LVL32:
 515 0222 A1E7     		b	.L15
 516              	.L35:
 196:Core/Src/adc.c ****   }
 517              		.loc 1 196 5 view .LVU184
 518 0224 FFF7FEFF 		bl	Error_Handler
 519              	.LVL33:
 520 0228 B4E7     		b	.L16
 521              	.L36:
 205:Core/Src/adc.c ****   }
 522              		.loc 1 205 5 view .LVU185
 523 022a FFF7FEFF 		bl	Error_Handler
 524              	.LVL34:
 525 022e BBE7     		b	.L17
 526              	.L37:
 214:Core/Src/adc.c ****   }
 527              		.loc 1 214 5 view .LVU186
 528 0230 FFF7FEFF 		bl	Error_Handler
 529              	.LVL35:
 530 0234 C1E7     		b	.L18
 531              	.L38:
 223:Core/Src/adc.c ****   }
 532              		.loc 1 223 5 view .LVU187
 533 0236 FFF7FEFF 		bl	Error_Handler
 534              	.LVL36:
 535              		.loc 1 229 1 is_stmt 0 view .LVU188
 536 023a C7E7     		b	.L1
 537              	.L40:
 538              		.align	2
 539              	.L39:
 540 023c 00000000 		.word	hadc1
 541 0240 00200140 		.word	1073815552
 542 0244 01000F00 		.word	983041
 543              		.cfi_endproc
 544              	.LFE220:
 546              		.section	.text.HAL_ADC_MspInit,"ax",%progbits
 547              		.align	1
 548              		.global	HAL_ADC_MspInit
 549              		.syntax unified
 550              		.thumb
 551              		.thumb_func
 553              	HAL_ADC_MspInit:
 554              	.LVL37:
ARM GAS  C:\Users\alireza\AppData\Local\Temp\ccLsXOT5.s 			page 15


 555              	.LFB221:
 230:Core/Src/adc.c **** 
 231:Core/Src/adc.c **** void HAL_ADC_MspInit(ADC_HandleTypeDef* adcHandle)
 232:Core/Src/adc.c **** {
 556              		.loc 1 232 1 is_stmt 1 view -0
 557              		.cfi_startproc
 558              		@ args = 0, pretend = 0, frame = 32
 559              		@ frame_needed = 0, uses_anonymous_args = 0
 560              		.loc 1 232 1 is_stmt 0 view .LVU190
 561 0000 F0B5     		push	{r4, r5, r6, r7, lr}
 562              		.cfi_def_cfa_offset 20
 563              		.cfi_offset 4, -20
 564              		.cfi_offset 5, -16
 565              		.cfi_offset 6, -12
 566              		.cfi_offset 7, -8
 567              		.cfi_offset 14, -4
 568 0002 89B0     		sub	sp, sp, #36
 569              		.cfi_def_cfa_offset 56
 233:Core/Src/adc.c **** 
 234:Core/Src/adc.c ****   GPIO_InitTypeDef GPIO_InitStruct = {0};
 570              		.loc 1 234 3 is_stmt 1 view .LVU191
 571              		.loc 1 234 20 is_stmt 0 view .LVU192
 572 0004 0023     		movs	r3, #0
 573 0006 0393     		str	r3, [sp, #12]
 574 0008 0493     		str	r3, [sp, #16]
 575 000a 0593     		str	r3, [sp, #20]
 576 000c 0693     		str	r3, [sp, #24]
 577 000e 0793     		str	r3, [sp, #28]
 235:Core/Src/adc.c ****   if(adcHandle->Instance==ADC1)
 578              		.loc 1 235 3 is_stmt 1 view .LVU193
 579              		.loc 1 235 15 is_stmt 0 view .LVU194
 580 0010 0268     		ldr	r2, [r0]
 581              		.loc 1 235 5 view .LVU195
 582 0012 03F18043 		add	r3, r3, #1073741824
 583 0016 03F59033 		add	r3, r3, #73728
 584 001a 9A42     		cmp	r2, r3
 585 001c 01D0     		beq	.L45
 586              	.LVL38:
 587              	.L41:
 236:Core/Src/adc.c ****   {
 237:Core/Src/adc.c ****   /* USER CODE BEGIN ADC1_MspInit 0 */
 238:Core/Src/adc.c **** 
 239:Core/Src/adc.c ****   /* USER CODE END ADC1_MspInit 0 */
 240:Core/Src/adc.c ****     /* ADC1 clock enable */
 241:Core/Src/adc.c ****     __HAL_RCC_ADC1_CLK_ENABLE();
 242:Core/Src/adc.c **** 
 243:Core/Src/adc.c ****     __HAL_RCC_GPIOC_CLK_ENABLE();
 244:Core/Src/adc.c ****     __HAL_RCC_GPIOA_CLK_ENABLE();
 245:Core/Src/adc.c ****     /**ADC1 GPIO Configuration
 246:Core/Src/adc.c ****     PC0     ------> ADC1_IN10
 247:Core/Src/adc.c ****     PC1     ------> ADC1_IN11
 248:Core/Src/adc.c ****     PC2     ------> ADC1_IN12
 249:Core/Src/adc.c ****     PC3     ------> ADC1_IN13
 250:Core/Src/adc.c ****     PA0-WKUP     ------> ADC1_IN0
 251:Core/Src/adc.c ****     PA1     ------> ADC1_IN1
 252:Core/Src/adc.c ****     PA2     ------> ADC1_IN2
 253:Core/Src/adc.c ****     PA3     ------> ADC1_IN3
ARM GAS  C:\Users\alireza\AppData\Local\Temp\ccLsXOT5.s 			page 16


 254:Core/Src/adc.c ****     PA4     ------> ADC1_IN4
 255:Core/Src/adc.c ****     PA5     ------> ADC1_IN5
 256:Core/Src/adc.c ****     PA6     ------> ADC1_IN6
 257:Core/Src/adc.c ****     PA7     ------> ADC1_IN7
 258:Core/Src/adc.c ****     PC4     ------> ADC1_IN14
 259:Core/Src/adc.c ****     */
 260:Core/Src/adc.c ****     GPIO_InitStruct.Pin = SENSOR_EGT_PIN_Pin|ETB1_SENSE1_Pin|ETB1_SENSE2_Pin|ETB2_SENSE1_Pin
 261:Core/Src/adc.c ****                           |AD_INPUT_3_Pin;
 262:Core/Src/adc.c ****     GPIO_InitStruct.Mode = GPIO_MODE_ANALOG;
 263:Core/Src/adc.c ****     GPIO_InitStruct.Pull = GPIO_NOPULL;
 264:Core/Src/adc.c ****     HAL_GPIO_Init(GPIOC, &GPIO_InitStruct);
 265:Core/Src/adc.c **** 
 266:Core/Src/adc.c ****     GPIO_InitStruct.Pin = ETB2_SENSE2_Pin|SENSOR_MAP_PIN_Pin|SENSOR_IAT_PIN_Pin|SENSOR_CLT_PIN_Pin
 267:Core/Src/adc.c ****                           |SENSOR_OIL_PIN_Pin|VBAT_SENSE_PIN_Pin|AD_INPUT_1_Pin|AD_INPUT_2_Pin;
 268:Core/Src/adc.c ****     GPIO_InitStruct.Mode = GPIO_MODE_ANALOG;
 269:Core/Src/adc.c ****     GPIO_InitStruct.Pull = GPIO_NOPULL;
 270:Core/Src/adc.c ****     HAL_GPIO_Init(GPIOA, &GPIO_InitStruct);
 271:Core/Src/adc.c **** 
 272:Core/Src/adc.c ****     /* ADC1 DMA Init */
 273:Core/Src/adc.c ****     /* ADC1 Init */
 274:Core/Src/adc.c ****     hdma_adc1.Instance = DMA2_Stream0;
 275:Core/Src/adc.c ****     hdma_adc1.Init.Channel = DMA_CHANNEL_0;
 276:Core/Src/adc.c ****     hdma_adc1.Init.Direction = DMA_PERIPH_TO_MEMORY;
 277:Core/Src/adc.c ****     hdma_adc1.Init.PeriphInc = DMA_PINC_DISABLE;
 278:Core/Src/adc.c ****     hdma_adc1.Init.MemInc = DMA_MINC_ENABLE;
 279:Core/Src/adc.c ****     hdma_adc1.Init.PeriphDataAlignment = DMA_PDATAALIGN_HALFWORD;
 280:Core/Src/adc.c ****     hdma_adc1.Init.MemDataAlignment = DMA_MDATAALIGN_HALFWORD;
 281:Core/Src/adc.c ****     hdma_adc1.Init.Mode = DMA_CIRCULAR;
 282:Core/Src/adc.c ****     hdma_adc1.Init.Priority = DMA_PRIORITY_HIGH;
 283:Core/Src/adc.c ****     hdma_adc1.Init.FIFOMode = DMA_FIFOMODE_DISABLE;
 284:Core/Src/adc.c ****     if (HAL_DMA_Init(&hdma_adc1) != HAL_OK)
 285:Core/Src/adc.c ****     {
 286:Core/Src/adc.c ****       Error_Handler();
 287:Core/Src/adc.c ****     }
 288:Core/Src/adc.c **** 
 289:Core/Src/adc.c ****     __HAL_LINKDMA(adcHandle,DMA_Handle,hdma_adc1);
 290:Core/Src/adc.c **** 
 291:Core/Src/adc.c ****   /* USER CODE BEGIN ADC1_MspInit 1 */
 292:Core/Src/adc.c **** 
 293:Core/Src/adc.c ****   /* USER CODE END ADC1_MspInit 1 */
 294:Core/Src/adc.c ****   }
 295:Core/Src/adc.c **** }
 588              		.loc 1 295 1 view .LVU196
 589 001e 09B0     		add	sp, sp, #36
 590              		.cfi_remember_state
 591              		.cfi_def_cfa_offset 20
 592              		@ sp needed
 593 0020 F0BD     		pop	{r4, r5, r6, r7, pc}
 594              	.LVL39:
 595              	.L45:
 596              		.cfi_restore_state
 597              		.loc 1 295 1 view .LVU197
 598 0022 0446     		mov	r4, r0
 241:Core/Src/adc.c **** 
 599              		.loc 1 241 5 is_stmt 1 view .LVU198
 600              	.LBB2:
 241:Core/Src/adc.c **** 
ARM GAS  C:\Users\alireza\AppData\Local\Temp\ccLsXOT5.s 			page 17


 601              		.loc 1 241 5 view .LVU199
 602 0024 0025     		movs	r5, #0
 603 0026 0095     		str	r5, [sp]
 241:Core/Src/adc.c **** 
 604              		.loc 1 241 5 view .LVU200
 605 0028 03F58C33 		add	r3, r3, #71680
 606 002c 5A6C     		ldr	r2, [r3, #68]
 607 002e 42F48072 		orr	r2, r2, #256
 608 0032 5A64     		str	r2, [r3, #68]
 241:Core/Src/adc.c **** 
 609              		.loc 1 241 5 view .LVU201
 610 0034 5A6C     		ldr	r2, [r3, #68]
 611 0036 02F48072 		and	r2, r2, #256
 612 003a 0092     		str	r2, [sp]
 241:Core/Src/adc.c **** 
 613              		.loc 1 241 5 view .LVU202
 614 003c 009A     		ldr	r2, [sp]
 615              	.LBE2:
 241:Core/Src/adc.c **** 
 616              		.loc 1 241 5 view .LVU203
 243:Core/Src/adc.c ****     __HAL_RCC_GPIOA_CLK_ENABLE();
 617              		.loc 1 243 5 view .LVU204
 618              	.LBB3:
 243:Core/Src/adc.c ****     __HAL_RCC_GPIOA_CLK_ENABLE();
 619              		.loc 1 243 5 view .LVU205
 620 003e 0195     		str	r5, [sp, #4]
 243:Core/Src/adc.c ****     __HAL_RCC_GPIOA_CLK_ENABLE();
 621              		.loc 1 243 5 view .LVU206
 622 0040 1A6B     		ldr	r2, [r3, #48]
 623 0042 42F00402 		orr	r2, r2, #4
 624 0046 1A63     		str	r2, [r3, #48]
 243:Core/Src/adc.c ****     __HAL_RCC_GPIOA_CLK_ENABLE();
 625              		.loc 1 243 5 view .LVU207
 626 0048 1A6B     		ldr	r2, [r3, #48]
 627 004a 02F00402 		and	r2, r2, #4
 628 004e 0192     		str	r2, [sp, #4]
 243:Core/Src/adc.c ****     __HAL_RCC_GPIOA_CLK_ENABLE();
 629              		.loc 1 243 5 view .LVU208
 630 0050 019A     		ldr	r2, [sp, #4]
 631              	.LBE3:
 243:Core/Src/adc.c ****     __HAL_RCC_GPIOA_CLK_ENABLE();
 632              		.loc 1 243 5 view .LVU209
 244:Core/Src/adc.c ****     /**ADC1 GPIO Configuration
 633              		.loc 1 244 5 view .LVU210
 634              	.LBB4:
 244:Core/Src/adc.c ****     /**ADC1 GPIO Configuration
 635              		.loc 1 244 5 view .LVU211
 636 0052 0295     		str	r5, [sp, #8]
 244:Core/Src/adc.c ****     /**ADC1 GPIO Configuration
 637              		.loc 1 244 5 view .LVU212
 638 0054 1A6B     		ldr	r2, [r3, #48]
 639 0056 42F00102 		orr	r2, r2, #1
 640 005a 1A63     		str	r2, [r3, #48]
 244:Core/Src/adc.c ****     /**ADC1 GPIO Configuration
 641              		.loc 1 244 5 view .LVU213
 642 005c 1B6B     		ldr	r3, [r3, #48]
 643 005e 03F00103 		and	r3, r3, #1
ARM GAS  C:\Users\alireza\AppData\Local\Temp\ccLsXOT5.s 			page 18


 644 0062 0293     		str	r3, [sp, #8]
 244:Core/Src/adc.c ****     /**ADC1 GPIO Configuration
 645              		.loc 1 244 5 view .LVU214
 646 0064 029B     		ldr	r3, [sp, #8]
 647              	.LBE4:
 244:Core/Src/adc.c ****     /**ADC1 GPIO Configuration
 648              		.loc 1 244 5 view .LVU215
 260:Core/Src/adc.c ****                           |AD_INPUT_3_Pin;
 649              		.loc 1 260 5 view .LVU216
 260:Core/Src/adc.c ****                           |AD_INPUT_3_Pin;
 650              		.loc 1 260 25 is_stmt 0 view .LVU217
 651 0066 1F23     		movs	r3, #31
 652 0068 0393     		str	r3, [sp, #12]
 262:Core/Src/adc.c ****     GPIO_InitStruct.Pull = GPIO_NOPULL;
 653              		.loc 1 262 5 is_stmt 1 view .LVU218
 262:Core/Src/adc.c ****     GPIO_InitStruct.Pull = GPIO_NOPULL;
 654              		.loc 1 262 26 is_stmt 0 view .LVU219
 655 006a 0327     		movs	r7, #3
 656 006c 0497     		str	r7, [sp, #16]
 263:Core/Src/adc.c ****     HAL_GPIO_Init(GPIOC, &GPIO_InitStruct);
 657              		.loc 1 263 5 is_stmt 1 view .LVU220
 264:Core/Src/adc.c **** 
 658              		.loc 1 264 5 view .LVU221
 659 006e 03AE     		add	r6, sp, #12
 660 0070 3146     		mov	r1, r6
 661 0072 1548     		ldr	r0, .L47
 662              	.LVL40:
 264:Core/Src/adc.c **** 
 663              		.loc 1 264 5 is_stmt 0 view .LVU222
 664 0074 FFF7FEFF 		bl	HAL_GPIO_Init
 665              	.LVL41:
 266:Core/Src/adc.c ****                           |SENSOR_OIL_PIN_Pin|VBAT_SENSE_PIN_Pin|AD_INPUT_1_Pin|AD_INPUT_2_Pin;
 666              		.loc 1 266 5 is_stmt 1 view .LVU223
 266:Core/Src/adc.c ****                           |SENSOR_OIL_PIN_Pin|VBAT_SENSE_PIN_Pin|AD_INPUT_1_Pin|AD_INPUT_2_Pin;
 667              		.loc 1 266 25 is_stmt 0 view .LVU224
 668 0078 FF23     		movs	r3, #255
 669 007a 0393     		str	r3, [sp, #12]
 268:Core/Src/adc.c ****     GPIO_InitStruct.Pull = GPIO_NOPULL;
 670              		.loc 1 268 5 is_stmt 1 view .LVU225
 268:Core/Src/adc.c ****     GPIO_InitStruct.Pull = GPIO_NOPULL;
 671              		.loc 1 268 26 is_stmt 0 view .LVU226
 672 007c 0497     		str	r7, [sp, #16]
 269:Core/Src/adc.c ****     HAL_GPIO_Init(GPIOA, &GPIO_InitStruct);
 673              		.loc 1 269 5 is_stmt 1 view .LVU227
 269:Core/Src/adc.c ****     HAL_GPIO_Init(GPIOA, &GPIO_InitStruct);
 674              		.loc 1 269 26 is_stmt 0 view .LVU228
 675 007e 0595     		str	r5, [sp, #20]
 270:Core/Src/adc.c **** 
 676              		.loc 1 270 5 is_stmt 1 view .LVU229
 677 0080 3146     		mov	r1, r6
 678 0082 1248     		ldr	r0, .L47+4
 679 0084 FFF7FEFF 		bl	HAL_GPIO_Init
 680              	.LVL42:
 274:Core/Src/adc.c ****     hdma_adc1.Init.Channel = DMA_CHANNEL_0;
 681              		.loc 1 274 5 view .LVU230
 274:Core/Src/adc.c ****     hdma_adc1.Init.Channel = DMA_CHANNEL_0;
 682              		.loc 1 274 24 is_stmt 0 view .LVU231
ARM GAS  C:\Users\alireza\AppData\Local\Temp\ccLsXOT5.s 			page 19


 683 0088 1148     		ldr	r0, .L47+8
 684 008a 124B     		ldr	r3, .L47+12
 685 008c 0360     		str	r3, [r0]
 275:Core/Src/adc.c ****     hdma_adc1.Init.Direction = DMA_PERIPH_TO_MEMORY;
 686              		.loc 1 275 5 is_stmt 1 view .LVU232
 275:Core/Src/adc.c ****     hdma_adc1.Init.Direction = DMA_PERIPH_TO_MEMORY;
 687              		.loc 1 275 28 is_stmt 0 view .LVU233
 688 008e 4560     		str	r5, [r0, #4]
 276:Core/Src/adc.c ****     hdma_adc1.Init.PeriphInc = DMA_PINC_DISABLE;
 689              		.loc 1 276 5 is_stmt 1 view .LVU234
 276:Core/Src/adc.c ****     hdma_adc1.Init.PeriphInc = DMA_PINC_DISABLE;
 690              		.loc 1 276 30 is_stmt 0 view .LVU235
 691 0090 8560     		str	r5, [r0, #8]
 277:Core/Src/adc.c ****     hdma_adc1.Init.MemInc = DMA_MINC_ENABLE;
 692              		.loc 1 277 5 is_stmt 1 view .LVU236
 277:Core/Src/adc.c ****     hdma_adc1.Init.MemInc = DMA_MINC_ENABLE;
 693              		.loc 1 277 30 is_stmt 0 view .LVU237
 694 0092 C560     		str	r5, [r0, #12]
 278:Core/Src/adc.c ****     hdma_adc1.Init.PeriphDataAlignment = DMA_PDATAALIGN_HALFWORD;
 695              		.loc 1 278 5 is_stmt 1 view .LVU238
 278:Core/Src/adc.c ****     hdma_adc1.Init.PeriphDataAlignment = DMA_PDATAALIGN_HALFWORD;
 696              		.loc 1 278 27 is_stmt 0 view .LVU239
 697 0094 4FF48063 		mov	r3, #1024
 698 0098 0361     		str	r3, [r0, #16]
 279:Core/Src/adc.c ****     hdma_adc1.Init.MemDataAlignment = DMA_MDATAALIGN_HALFWORD;
 699              		.loc 1 279 5 is_stmt 1 view .LVU240
 279:Core/Src/adc.c ****     hdma_adc1.Init.MemDataAlignment = DMA_MDATAALIGN_HALFWORD;
 700              		.loc 1 279 40 is_stmt 0 view .LVU241
 701 009a 4FF40063 		mov	r3, #2048
 702 009e 4361     		str	r3, [r0, #20]
 280:Core/Src/adc.c ****     hdma_adc1.Init.Mode = DMA_CIRCULAR;
 703              		.loc 1 280 5 is_stmt 1 view .LVU242
 280:Core/Src/adc.c ****     hdma_adc1.Init.Mode = DMA_CIRCULAR;
 704              		.loc 1 280 37 is_stmt 0 view .LVU243
 705 00a0 4FF40053 		mov	r3, #8192
 706 00a4 8361     		str	r3, [r0, #24]
 281:Core/Src/adc.c ****     hdma_adc1.Init.Priority = DMA_PRIORITY_HIGH;
 707              		.loc 1 281 5 is_stmt 1 view .LVU244
 281:Core/Src/adc.c ****     hdma_adc1.Init.Priority = DMA_PRIORITY_HIGH;
 708              		.loc 1 281 25 is_stmt 0 view .LVU245
 709 00a6 4FF48073 		mov	r3, #256
 710 00aa C361     		str	r3, [r0, #28]
 282:Core/Src/adc.c ****     hdma_adc1.Init.FIFOMode = DMA_FIFOMODE_DISABLE;
 711              		.loc 1 282 5 is_stmt 1 view .LVU246
 282:Core/Src/adc.c ****     hdma_adc1.Init.FIFOMode = DMA_FIFOMODE_DISABLE;
 712              		.loc 1 282 29 is_stmt 0 view .LVU247
 713 00ac 4FF40033 		mov	r3, #131072
 714 00b0 0362     		str	r3, [r0, #32]
 283:Core/Src/adc.c ****     if (HAL_DMA_Init(&hdma_adc1) != HAL_OK)
 715              		.loc 1 283 5 is_stmt 1 view .LVU248
 283:Core/Src/adc.c ****     if (HAL_DMA_Init(&hdma_adc1) != HAL_OK)
 716              		.loc 1 283 29 is_stmt 0 view .LVU249
 717 00b2 4562     		str	r5, [r0, #36]
 284:Core/Src/adc.c ****     {
 718              		.loc 1 284 5 is_stmt 1 view .LVU250
 284:Core/Src/adc.c ****     {
 719              		.loc 1 284 9 is_stmt 0 view .LVU251
ARM GAS  C:\Users\alireza\AppData\Local\Temp\ccLsXOT5.s 			page 20


 720 00b4 FFF7FEFF 		bl	HAL_DMA_Init
 721              	.LVL43:
 284:Core/Src/adc.c ****     {
 722              		.loc 1 284 8 discriminator 1 view .LVU252
 723 00b8 18B9     		cbnz	r0, .L46
 724              	.L43:
 289:Core/Src/adc.c **** 
 725              		.loc 1 289 5 is_stmt 1 view .LVU253
 289:Core/Src/adc.c **** 
 726              		.loc 1 289 5 view .LVU254
 727 00ba 054B     		ldr	r3, .L47+8
 728 00bc A363     		str	r3, [r4, #56]
 289:Core/Src/adc.c **** 
 729              		.loc 1 289 5 view .LVU255
 730 00be 9C63     		str	r4, [r3, #56]
 289:Core/Src/adc.c **** 
 731              		.loc 1 289 5 discriminator 1 view .LVU256
 732              		.loc 1 295 1 is_stmt 0 view .LVU257
 733 00c0 ADE7     		b	.L41
 734              	.L46:
 286:Core/Src/adc.c ****     }
 735              		.loc 1 286 7 is_stmt 1 view .LVU258
 736 00c2 FFF7FEFF 		bl	Error_Handler
 737              	.LVL44:
 738 00c6 F8E7     		b	.L43
 739              	.L48:
 740              		.align	2
 741              	.L47:
 742 00c8 00080240 		.word	1073874944
 743 00cc 00000240 		.word	1073872896
 744 00d0 00000000 		.word	hdma_adc1
 745 00d4 10640240 		.word	1073898512
 746              		.cfi_endproc
 747              	.LFE221:
 749              		.section	.text.HAL_ADC_MspDeInit,"ax",%progbits
 750              		.align	1
 751              		.global	HAL_ADC_MspDeInit
 752              		.syntax unified
 753              		.thumb
 754              		.thumb_func
 756              	HAL_ADC_MspDeInit:
 757              	.LVL45:
 758              	.LFB222:
 296:Core/Src/adc.c **** 
 297:Core/Src/adc.c **** void HAL_ADC_MspDeInit(ADC_HandleTypeDef* adcHandle)
 298:Core/Src/adc.c **** {
 759              		.loc 1 298 1 view -0
 760              		.cfi_startproc
 761              		@ args = 0, pretend = 0, frame = 0
 762              		@ frame_needed = 0, uses_anonymous_args = 0
 299:Core/Src/adc.c **** 
 300:Core/Src/adc.c ****   if(adcHandle->Instance==ADC1)
 763              		.loc 1 300 3 view .LVU260
 764              		.loc 1 300 15 is_stmt 0 view .LVU261
 765 0000 0268     		ldr	r2, [r0]
 766              		.loc 1 300 5 view .LVU262
 767 0002 0B4B     		ldr	r3, .L56
ARM GAS  C:\Users\alireza\AppData\Local\Temp\ccLsXOT5.s 			page 21


 768 0004 9A42     		cmp	r2, r3
 769 0006 00D0     		beq	.L55
 770 0008 7047     		bx	lr
 771              	.L55:
 298:Core/Src/adc.c **** 
 772              		.loc 1 298 1 view .LVU263
 773 000a 10B5     		push	{r4, lr}
 774              		.cfi_def_cfa_offset 8
 775              		.cfi_offset 4, -8
 776              		.cfi_offset 14, -4
 777 000c 0446     		mov	r4, r0
 301:Core/Src/adc.c ****   {
 302:Core/Src/adc.c ****   /* USER CODE BEGIN ADC1_MspDeInit 0 */
 303:Core/Src/adc.c **** 
 304:Core/Src/adc.c ****   /* USER CODE END ADC1_MspDeInit 0 */
 305:Core/Src/adc.c ****     /* Peripheral clock disable */
 306:Core/Src/adc.c ****     __HAL_RCC_ADC1_CLK_DISABLE();
 778              		.loc 1 306 5 is_stmt 1 view .LVU264
 779 000e 094A     		ldr	r2, .L56+4
 780 0010 536C     		ldr	r3, [r2, #68]
 781 0012 23F48073 		bic	r3, r3, #256
 782 0016 5364     		str	r3, [r2, #68]
 307:Core/Src/adc.c **** 
 308:Core/Src/adc.c ****     /**ADC1 GPIO Configuration
 309:Core/Src/adc.c ****     PC0     ------> ADC1_IN10
 310:Core/Src/adc.c ****     PC1     ------> ADC1_IN11
 311:Core/Src/adc.c ****     PC2     ------> ADC1_IN12
 312:Core/Src/adc.c ****     PC3     ------> ADC1_IN13
 313:Core/Src/adc.c ****     PA0-WKUP     ------> ADC1_IN0
 314:Core/Src/adc.c ****     PA1     ------> ADC1_IN1
 315:Core/Src/adc.c ****     PA2     ------> ADC1_IN2
 316:Core/Src/adc.c ****     PA3     ------> ADC1_IN3
 317:Core/Src/adc.c ****     PA4     ------> ADC1_IN4
 318:Core/Src/adc.c ****     PA5     ------> ADC1_IN5
 319:Core/Src/adc.c ****     PA6     ------> ADC1_IN6
 320:Core/Src/adc.c ****     PA7     ------> ADC1_IN7
 321:Core/Src/adc.c ****     PC4     ------> ADC1_IN14
 322:Core/Src/adc.c ****     */
 323:Core/Src/adc.c ****     HAL_GPIO_DeInit(GPIOC, SENSOR_EGT_PIN_Pin|ETB1_SENSE1_Pin|ETB1_SENSE2_Pin|ETB2_SENSE1_Pin
 783              		.loc 1 323 5 view .LVU265
 784 0018 1F21     		movs	r1, #31
 785 001a 0748     		ldr	r0, .L56+8
 786              	.LVL46:
 787              		.loc 1 323 5 is_stmt 0 view .LVU266
 788 001c FFF7FEFF 		bl	HAL_GPIO_DeInit
 789              	.LVL47:
 324:Core/Src/adc.c ****                           |AD_INPUT_3_Pin);
 325:Core/Src/adc.c **** 
 326:Core/Src/adc.c ****     HAL_GPIO_DeInit(GPIOA, ETB2_SENSE2_Pin|SENSOR_MAP_PIN_Pin|SENSOR_IAT_PIN_Pin|SENSOR_CLT_PIN_Pin
 790              		.loc 1 326 5 is_stmt 1 view .LVU267
 791 0020 FF21     		movs	r1, #255
 792 0022 0648     		ldr	r0, .L56+12
 793 0024 FFF7FEFF 		bl	HAL_GPIO_DeInit
 794              	.LVL48:
 327:Core/Src/adc.c ****                           |SENSOR_OIL_PIN_Pin|VBAT_SENSE_PIN_Pin|AD_INPUT_1_Pin|AD_INPUT_2_Pin);
 328:Core/Src/adc.c **** 
 329:Core/Src/adc.c ****     /* ADC1 DMA DeInit */
ARM GAS  C:\Users\alireza\AppData\Local\Temp\ccLsXOT5.s 			page 22


 330:Core/Src/adc.c ****     HAL_DMA_DeInit(adcHandle->DMA_Handle);
 795              		.loc 1 330 5 view .LVU268
 796 0028 A06B     		ldr	r0, [r4, #56]
 797 002a FFF7FEFF 		bl	HAL_DMA_DeInit
 798              	.LVL49:
 331:Core/Src/adc.c ****   /* USER CODE BEGIN ADC1_MspDeInit 1 */
 332:Core/Src/adc.c **** 
 333:Core/Src/adc.c ****   /* USER CODE END ADC1_MspDeInit 1 */
 334:Core/Src/adc.c ****   }
 335:Core/Src/adc.c **** }
 799              		.loc 1 335 1 is_stmt 0 view .LVU269
 800 002e 10BD     		pop	{r4, pc}
 801              	.LVL50:
 802              	.L57:
 803              		.loc 1 335 1 view .LVU270
 804              		.align	2
 805              	.L56:
 806 0030 00200140 		.word	1073815552
 807 0034 00380240 		.word	1073887232
 808 0038 00080240 		.word	1073874944
 809 003c 00000240 		.word	1073872896
 810              		.cfi_endproc
 811              	.LFE222:
 813              		.global	hdma_adc1
 814              		.section	.bss.hdma_adc1,"aw",%nobits
 815              		.align	2
 818              	hdma_adc1:
 819 0000 00000000 		.space	96
 819      00000000 
 819      00000000 
 819      00000000 
 819      00000000 
 820              		.global	hadc1
 821              		.section	.bss.hadc1,"aw",%nobits
 822              		.align	2
 825              	hadc1:
 826 0000 00000000 		.space	72
 826      00000000 
 826      00000000 
 826      00000000 
 826      00000000 
 827              		.text
 828              	.Letext0:
 829              		.file 2 "C:/Users/alireza/AppData/Roaming/Code/User/globalStorage/bmd.stm32-for-vscode/@xpack-dev-
 830              		.file 3 "C:/Users/alireza/AppData/Roaming/Code/User/globalStorage/bmd.stm32-for-vscode/@xpack-dev-
 831              		.file 4 "Drivers/CMSIS/Device/ST/STM32F4xx/Include/stm32f401xc.h"
 832              		.file 5 "Drivers/CMSIS/Device/ST/STM32F4xx/Include/stm32f4xx.h"
 833              		.file 6 "Drivers/STM32F4xx_HAL_Driver/Inc/stm32f4xx_hal_def.h"
 834              		.file 7 "Drivers/STM32F4xx_HAL_Driver/Inc/stm32f4xx_hal_gpio.h"
 835              		.file 8 "Drivers/STM32F4xx_HAL_Driver/Inc/stm32f4xx_hal_dma.h"
 836              		.file 9 "Drivers/STM32F4xx_HAL_Driver/Inc/stm32f4xx_hal_adc.h"
 837              		.file 10 "Drivers/STM32F4xx_HAL_Driver/Inc/stm32f4xx_hal_adc_ex.h"
 838              		.file 11 "Core/Inc/adc.h"
 839              		.file 12 "Core/Inc/main.h"
 840              		.file 13 "<built-in>"
ARM GAS  C:\Users\alireza\AppData\Local\Temp\ccLsXOT5.s 			page 23


DEFINED SYMBOLS
                            *ABS*:00000000 adc.c
C:\Users\alireza\AppData\Local\Temp\ccLsXOT5.s:21     .text.MX_ADC1_Init:00000000 $t
C:\Users\alireza\AppData\Local\Temp\ccLsXOT5.s:27     .text.MX_ADC1_Init:00000000 MX_ADC1_Init
C:\Users\alireza\AppData\Local\Temp\ccLsXOT5.s:540    .text.MX_ADC1_Init:0000023c $d
C:\Users\alireza\AppData\Local\Temp\ccLsXOT5.s:825    .bss.hadc1:00000000 hadc1
C:\Users\alireza\AppData\Local\Temp\ccLsXOT5.s:547    .text.HAL_ADC_MspInit:00000000 $t
C:\Users\alireza\AppData\Local\Temp\ccLsXOT5.s:553    .text.HAL_ADC_MspInit:00000000 HAL_ADC_MspInit
C:\Users\alireza\AppData\Local\Temp\ccLsXOT5.s:742    .text.HAL_ADC_MspInit:000000c8 $d
C:\Users\alireza\AppData\Local\Temp\ccLsXOT5.s:818    .bss.hdma_adc1:00000000 hdma_adc1
C:\Users\alireza\AppData\Local\Temp\ccLsXOT5.s:750    .text.HAL_ADC_MspDeInit:00000000 $t
C:\Users\alireza\AppData\Local\Temp\ccLsXOT5.s:756    .text.HAL_ADC_MspDeInit:00000000 HAL_ADC_MspDeInit
C:\Users\alireza\AppData\Local\Temp\ccLsXOT5.s:806    .text.HAL_ADC_MspDeInit:00000030 $d
C:\Users\alireza\AppData\Local\Temp\ccLsXOT5.s:815    .bss.hdma_adc1:00000000 $d
C:\Users\alireza\AppData\Local\Temp\ccLsXOT5.s:822    .bss.hadc1:00000000 $d

UNDEFINED SYMBOLS
memset
HAL_ADC_Init
HAL_ADC_ConfigChannel
HAL_ADCEx_InjectedConfigChannel
Error_Handler
HAL_GPIO_Init
HAL_DMA_Init
HAL_GPIO_DeInit
HAL_DMA_DeInit
