ARM GAS  C:\Users\alireza\AppData\Local\Temp\ccRCL63g.s 			page 1


   1              		.cpu cortex-m4
   2              		.arch armv7e-m
   3              		.fpu fpv4-sp-d16
   4              		.eabi_attribute 27, 1
   5              		.eabi_attribute 28, 1
   6              		.eabi_attribute 20, 1
   7              		.eabi_attribute 21, 1
   8              		.eabi_attribute 23, 3
   9              		.eabi_attribute 24, 1
  10              		.eabi_attribute 25, 1
  11              		.eabi_attribute 26, 1
  12              		.eabi_attribute 30, 1
  13              		.eabi_attribute 34, 1
  14              		.eabi_attribute 18, 4
  15              		.file	"comms.c"
  16              		.text
  17              	.Ltext0:
  18              		.cfi_sections	.debug_frame
  19              		.file 1 "controller/utils/comms.c"
  20              		.section	.text.transmit_crc_packet,"ax",%progbits
  21              		.align	1
  22              		.global	transmit_crc_packet
  23              		.syntax unified
  24              		.thumb
  25              		.thumb_func
  27              	transmit_crc_packet:
  28              	.LVL0:
  29              	.LFB244:
   1:controller/utils/comms.c **** #if COMMS_ENABLED == true
   2:controller/utils/comms.c **** 
   3:controller/utils/comms.c **** #include "comms.h"
   4:controller/utils/comms.c **** #include <string.h>
   5:controller/utils/comms.c **** #include "utils.h"
   6:controller/utils/comms.c **** #include "crc.h"
   7:controller/utils/comms.c **** #include "timing.h"
   8:controller/utils/comms.c **** #include "controller.h"
   9:controller/utils/comms.c **** /*******************************************************************************
  10:controller/utils/comms.c ****  *                          TUNERSTUDIO PROTOCOL PACKET FORMAT
  11:controller/utils/comms.c ****  *
  12:controller/utils/comms.c ****  * ┌───────────────────────────────
  13:controller/utils/comms.c ****  * │                            HOST → ECU REQUEST                            │
  14:controller/utils/comms.c ****  * ├──────────┬────────────────────
  15:controller/utils/comms.c ****  * │   SIZE   │              PAYLOAD (CMD + DATA)              │    CRC32     │
  16:controller/utils/comms.c ****  * └──────────┴────────────────────
  17:controller/utils/comms.c ****  *
  18:controller/utils/comms.c ****  *    2 bytes                      N bytes                         4 bytes
  19:controller/utils/comms.c ****  *
  20:controller/utils/comms.c ****  *
  21:controller/utils/comms.c ****  * ┌───────────────────────────────
  22:controller/utils/comms.c ****  * │                            ECU → HOST RESPONSE                            │
  23:controller/utils/comms.c ****  * ├──────────┬──────────┬─────────
  24:controller/utils/comms.c ****  * │   SIZE   │   FLAG   │           PAYLOAD (DATA)             │    CRC32     │
  25:controller/utils/comms.c ****  * └──────────┴──────────┴─────────
  26:controller/utils/comms.c ****  *
  27:controller/utils/comms.c ****  *    2 bytes    1 byte                 N bytes                    4 bytes
  28:controller/utils/comms.c ****  *
  29:controller/utils/comms.c ****  * NOTES:
ARM GAS  C:\Users\alireza\AppData\Local\Temp\ccRCL63g.s 			page 2


  30:controller/utils/comms.c ****  * - SIZE: Big-endian uint16 (payload length EXCLUDING CRC)
  31:controller/utils/comms.c ****  * - FLAG: 0x00=OK, 0x7F=ERROR, 0x5A=DATA_PENDING
  32:controller/utils/comms.c ****  * - CRC32: Calculated over Size+Payload (EXCLUDING the CRC itself)
  33:controller/utils/comms.c ****  * - All multi-byte fields use BIG-ENDIAN byte order
  34:controller/utils/comms.c ****  * - Minimum packet size: 7 bytes (2+1+0+4 for empty response)
  35:controller/utils/comms.c ****  * For every packet sent to the Megasquirt, there will be a response packet, so the sender can vali
  36:controller/utils/comms.c **** reception. The sender MUST act on the response code and MUST check the CRC32.
  37:controller/utils/comms.c ****  ******************************************************************************/
  38:controller/utils/comms.c **** // ==================== Global Variables ====================
  39:controller/utils/comms.c **** osMessageQueueId_t usb_rx_queue;
  40:controller/utils/comms.c **** 
  41:controller/utils/comms.c **** usb_rx_packet_t rx_packet;
  42:controller/utils/comms.c **** /**
  43:controller/utils/comms.c ****  * See 'blockingFactor' in .ini
  44:controller/utils/comms.c ****  */
  45:controller/utils/comms.c **** uint8_t tx_buffer[TS_BLOCKING_FACTOR + 30];
  46:controller/utils/comms.c **** uint8_t rx_buffer[TS_BLOCKING_FACTOR + 30];
  47:controller/utils/comms.c **** 
  48:controller/utils/comms.c **** osEventFlagsId_t controller_command_flag = 0;
  49:controller/utils/comms.c **** osEventFlagsId_t comms_os_flags = 0;
  50:controller/utils/comms.c **** /* Function delcearations  */
  51:controller/utils/comms.c **** /**
  52:controller/utils/comms.c ****  * @note size can be zero to transmit an empty packet
  53:controller/utils/comms.c ****  */
  54:controller/utils/comms.c **** void send_response(uint8_t flag, uint8_t *data, size_t size, comms_response_format_t mode);
  55:controller/utils/comms.c **** void transmit_crc_packet(uint8_t flag, const uint8_t *buf, size_t size);
  56:controller/utils/comms.c **** bool process_plain_command(uint8_t *request, uint16_t size);
  57:controller/utils/comms.c **** void process_command(uint8_t *request, uint16_t size);
  58:controller/utils/comms.c **** void handle_page_read_command(uint16_t page, uint16_t offset, uint16_t count);
  59:controller/utils/comms.c **** void handle_page_write_command(uint16_t page, uint16_t offset, uint16_t count);
  60:controller/utils/comms.c **** 
  61:controller/utils/comms.c **** /* Function definations */
  62:controller/utils/comms.c **** 
  63:controller/utils/comms.c **** static uint8_t task_comms_cb[sizeof(StaticTask_t)];
  64:controller/utils/comms.c **** static uint8_t task_comms_mem[2 * 1024]; // Stack size in bytes
  65:controller/utils/comms.c **** const osThreadAttr_t task_comms_attrs = {
  66:controller/utils/comms.c ****     .name = "task_comms",
  67:controller/utils/comms.c ****     .cb_mem = task_comms_cb,
  68:controller/utils/comms.c ****     .cb_size = sizeof(task_comms_cb),
  69:controller/utils/comms.c ****     .stack_mem = task_comms_mem,
  70:controller/utils/comms.c ****     .stack_size = sizeof(task_comms_mem),
  71:controller/utils/comms.c ****     .priority = osPriorityNormal,
  72:controller/utils/comms.c **** };
  73:controller/utils/comms.c **** void task_comms(void *arg);
  74:controller/utils/comms.c **** 
  75:controller/utils/comms.c **** static uint8_t task_controller_cmds_cb[sizeof(StaticTask_t)];
  76:controller/utils/comms.c **** static uint8_t task_controller_cmds_mem[512];
  77:controller/utils/comms.c **** const osThreadAttr_t task_controller_cmds_attr = {
  78:controller/utils/comms.c ****     .name = "controller_cmds",
  79:controller/utils/comms.c ****     .stack_mem = task_controller_cmds_mem,
  80:controller/utils/comms.c ****     .stack_size = sizeof(task_controller_cmds_mem),
  81:controller/utils/comms.c ****     .cb_mem = task_controller_cmds_cb,
  82:controller/utils/comms.c ****     .cb_size = sizeof(task_controller_cmds_cb),
  83:controller/utils/comms.c ****     .priority = osPriorityNormal,
  84:controller/utils/comms.c **** };
  85:controller/utils/comms.c **** void task_controller_cmds(void *arg);
  86:controller/utils/comms.c **** 
ARM GAS  C:\Users\alireza\AppData\Local\Temp\ccRCL63g.s 			page 3


  87:controller/utils/comms.c **** void send_response(uint8_t flag, uint8_t *data, size_t size, comms_response_format_t mode)
  88:controller/utils/comms.c **** {
  89:controller/utils/comms.c **** 
  90:controller/utils/comms.c ****     if (mode == TS_CRC)
  91:controller/utils/comms.c ****     {
  92:controller/utils/comms.c ****         transmit_crc_packet(flag, data, size);
  93:controller/utils/comms.c ****     }
  94:controller/utils/comms.c ****     else
  95:controller/utils/comms.c ****     {
  96:controller/utils/comms.c ****         if (size > 0)
  97:controller/utils/comms.c ****         {
  98:controller/utils/comms.c ****             memcpy(tx_buffer, data, size);
  99:controller/utils/comms.c ****             CDC_Transmit_FS(tx_buffer, size);
 100:controller/utils/comms.c ****         }
 101:controller/utils/comms.c ****     }
 102:controller/utils/comms.c ****     HAL_GPIO_WritePin(LED_GPIO_Port, LED_Pin, GPIO_PIN_SET);
 103:controller/utils/comms.c **** }
 104:controller/utils/comms.c **** 
 105:controller/utils/comms.c **** void transmit_crc_packet(uint8_t flag, const uint8_t *buf, size_t size)
 106:controller/utils/comms.c **** {
  30              		.loc 1 106 1 view -0
  31              		.cfi_startproc
  32              		@ args = 0, pretend = 0, frame = 8
  33              		@ frame_needed = 0, uses_anonymous_args = 0
  34              		.loc 1 106 1 is_stmt 0 view .LVU1
  35 0000 2DE9F043 		push	{r4, r5, r6, r7, r8, r9, lr}
  36              		.cfi_def_cfa_offset 28
  37              		.cfi_offset 4, -28
  38              		.cfi_offset 5, -24
  39              		.cfi_offset 6, -20
  40              		.cfi_offset 7, -16
  41              		.cfi_offset 8, -12
  42              		.cfi_offset 9, -8
  43              		.cfi_offset 14, -4
  44 0004 83B0     		sub	sp, sp, #12
  45              		.cfi_def_cfa_offset 40
  46 0006 0F46     		mov	r7, r1
  47 0008 1546     		mov	r5, r2
  48 000a 8DF80700 		strb	r0, [sp, #7]
 107:controller/utils/comms.c **** 
 108:controller/utils/comms.c ****     /* We first calculate the prefix */
 109:controller/utils/comms.c ****     uint16_t packet_size = 0;
  49              		.loc 1 109 5 is_stmt 1 view .LVU2
  50              	.LVL1:
 110:controller/utils/comms.c ****     packet_size += 2;    // prefix
  51              		.loc 1 110 5 view .LVU3
 111:controller/utils/comms.c ****     packet_size += 1;    // flag
  52              		.loc 1 111 5 view .LVU4
 112:controller/utils/comms.c ****     packet_size += 4;    // CRC
  53              		.loc 1 112 5 view .LVU5
 113:controller/utils/comms.c ****     packet_size += size; // payload
  54              		.loc 1 113 5 view .LVU6
  55              		.loc 1 113 17 is_stmt 0 view .LVU7
  56 000e 96B2     		uxth	r6, r2
  57 0010 06F10708 		add	r8, r6, #7
  58 0014 1FFA88F8 		uxth	r8, r8
  59              	.LVL2:
ARM GAS  C:\Users\alireza\AppData\Local\Temp\ccRCL63g.s 			page 4


 114:controller/utils/comms.c **** 
 115:controller/utils/comms.c ****     /* Converte the size to big endian */
 116:controller/utils/comms.c ****     uint16_t prefix = 0;
  60              		.loc 1 116 5 is_stmt 1 view .LVU8
 117:controller/utils/comms.c ****     prefix = swap_endian_uint16(sizeof(flag) + size);
  61              		.loc 1 117 5 view .LVU9
  62              		.loc 1 117 14 is_stmt 0 view .LVU10
  63 0018 0136     		adds	r6, r6, #1
  64              	.LVL3:
  65              	.LBB22:
  66              	.LBI22:
  67              		.file 2 "controller/utils/utils.h"
   1:controller/utils/utils.h **** /**
   2:controller/utils/utils.h ****  * @file utils.h
   3:controller/utils/utils.h ****  * @brief Header file containing utility functions and definitions for the smart generator controll
   4:controller/utils/utils.h ****  *
   5:controller/utils/utils.h ****  * This file provides declarations for utility functions and macros that are
   6:controller/utils/utils.h ****  * used throughout the firmware to support various functionalities.
   7:controller/utils/utils.h ****  *
   8:controller/utils/utils.h ****  * @note Ensure that this file is included wherever utility functions are required.
   9:controller/utils/utils.h ****  */
  10:controller/utils/utils.h **** #ifndef UTILS_H
  11:controller/utils/utils.h **** #define UTILS_H
  12:controller/utils/utils.h **** 
  13:controller/utils/utils.h **** #include "types.h"
  14:controller/utils/utils.h **** #include "math.h"
  15:controller/utils/utils.h **** 
  16:controller/utils/utils.h **** #define PI 3.14159265358979323846f
  17:controller/utils/utils.h **** #define IS_IN_RANGE(value, min, max) ((value) >= (min) && (value) <= (max))
  18:controller/utils/utils.h **** #define ABS(value) ((value) < 0 ? -(value) : (value))
  19:controller/utils/utils.h **** #define CLAMP(value, min, max) ((value) < (min) ? (min) : ((value) > (max) ? (max) : (value)))
  20:controller/utils/utils.h **** 
  21:controller/utils/utils.h **** #define SIZE_OF_ARRAY(arr) (sizeof(arr) / sizeof(arr[0]))
  22:controller/utils/utils.h **** 
  23:controller/utils/utils.h **** bool is_phase_in_range(float test, float current, float next);
  24:controller/utils/utils.h **** 
  25:controller/utils/utils.h **** size_t nearest_index_float(const float *arr, size_t size, float target);
  26:controller/utils/utils.h **** size_t nearest_index_u8(const uint8_t *arr, size_t size, uint8_t target);
  27:controller/utils/utils.h **** size_t nearest_index_u16(const uint16_t *arr, size_t size, uint16_t target);
  28:controller/utils/utils.h **** size_t nearest_index_u32(const uint32_t *arr, size_t size, uint32_t target);
  29:controller/utils/utils.h **** 
  30:controller/utils/utils.h **** static inline void change_bit(uint32_t *var, uint8_t bit, bool state)
  31:controller/utils/utils.h **** {
  32:controller/utils/utils.h ****     if (bit > 31)
  33:controller/utils/utils.h ****     {
  34:controller/utils/utils.h ****         return;
  35:controller/utils/utils.h ****     }
  36:controller/utils/utils.h ****     if (state)
  37:controller/utils/utils.h ****     {
  38:controller/utils/utils.h ****         *var |= (1u << bit);
  39:controller/utils/utils.h ****     }
  40:controller/utils/utils.h ****     else
  41:controller/utils/utils.h ****     {
  42:controller/utils/utils.h ****         *var &= ~(1u << bit);
  43:controller/utils/utils.h ****     }
  44:controller/utils/utils.h **** }
  45:controller/utils/utils.h **** static inline void change_bit8(uint8_t *var, uint8_t bit, bool state)
ARM GAS  C:\Users\alireza\AppData\Local\Temp\ccRCL63g.s 			page 5


  46:controller/utils/utils.h **** {
  47:controller/utils/utils.h ****     if (bit > 7)
  48:controller/utils/utils.h ****     {
  49:controller/utils/utils.h ****         return;   // invalid bit index
  50:controller/utils/utils.h ****     }
  51:controller/utils/utils.h **** 
  52:controller/utils/utils.h ****     if (state)
  53:controller/utils/utils.h ****     {
  54:controller/utils/utils.h ****         *var |= (uint8_t)(1u << bit);     // set bit
  55:controller/utils/utils.h ****     }
  56:controller/utils/utils.h ****     else
  57:controller/utils/utils.h ****     {
  58:controller/utils/utils.h ****         *var &= (uint8_t)~(1u << bit);    // clear bit
  59:controller/utils/utils.h ****     }
  60:controller/utils/utils.h **** }
  61:controller/utils/utils.h **** static inline bool get_bit(uint32_t flags, uint8_t bit)
  62:controller/utils/utils.h **** {
  63:controller/utils/utils.h ****     if (bit < 32)
  64:controller/utils/utils.h ****     {
  65:controller/utils/utils.h ****         return (flags >> bit) & 1u;
  66:controller/utils/utils.h ****     }
  67:controller/utils/utils.h ****     return false;
  68:controller/utils/utils.h **** }
  69:controller/utils/utils.h **** 
  70:controller/utils/utils.h **** /**
  71:controller/utils/utils.h ****  * @brief Maps a value from one range to another.
  72:controller/utils/utils.h ****  *
  73:controller/utils/utils.h ****  * @param x The value to map.
  74:controller/utils/utils.h ****  * @param in_min The lower bound of the input range.
  75:controller/utils/utils.h ****  * @param in_max The upper bound of the input range.
  76:controller/utils/utils.h ****  * @param out_min The lower bound of the output range.
  77:controller/utils/utils.h ****  * @param out_max The upper bound of the output range.
  78:controller/utils/utils.h ****  * @return The mapped value in the output range.
  79:controller/utils/utils.h ****  */
  80:controller/utils/utils.h **** #define MAP(x, in_min, in_max, out_min, out_max) \
  81:controller/utils/utils.h ****     (((x) - (in_min)) * ((out_max) - (out_min)) / ((in_max) - (in_min)) + (out_min))
  82:controller/utils/utils.h **** 
  83:controller/utils/utils.h **** /**
  84:controller/utils/utils.h ****  * @brief Maps a uint16_t value from one range to another.
  85:controller/utils/utils.h ****  *
  86:controller/utils/utils.h ****  * @param x The value to map.
  87:controller/utils/utils.h ****  * @param in_min The lower bound of the input range.
  88:controller/utils/utils.h ****  * @param in_max The upper bound of the input range.
  89:controller/utils/utils.h ****  * @param out_min The lower bound of the output range.
  90:controller/utils/utils.h ****  * @param out_max The upper bound of the output range.
  91:controller/utils/utils.h ****  * @return The mapped value in the output range.
  92:controller/utils/utils.h ****  */
  93:controller/utils/utils.h **** static inline uint16_t map_uint16(uint16_t x, uint16_t in_min, uint16_t in_max, uint16_t out_min, u
  94:controller/utils/utils.h **** {
  95:controller/utils/utils.h ****     if (in_max == in_min)
  96:controller/utils/utils.h ****     {
  97:controller/utils/utils.h ****         return 0; // Avoid division by zero
  98:controller/utils/utils.h ****     }
  99:controller/utils/utils.h ****     return (uint16_t)((x - in_min) * (out_max - out_min) / (in_max - in_min) + out_min);
 100:controller/utils/utils.h **** }
 101:controller/utils/utils.h **** 
 102:controller/utils/utils.h **** static inline float mapf(float x, float in_min, float in_max, float out_min, float out_max)
ARM GAS  C:\Users\alireza\AppData\Local\Temp\ccRCL63g.s 			page 6


 103:controller/utils/utils.h **** {
 104:controller/utils/utils.h ****     if (in_max == in_min)
 105:controller/utils/utils.h ****     {
 106:controller/utils/utils.h ****         return 0.0f; // Avoid division by zero
 107:controller/utils/utils.h ****     }
 108:controller/utils/utils.h ****     return (x - in_min) * (out_max - out_min) / (in_max - in_min) + out_min;
 109:controller/utils/utils.h **** }
 110:controller/utils/utils.h **** 
 111:controller/utils/utils.h **** // http://en.wikipedia.org/wiki/Endianness
 112:controller/utils/utils.h **** inline uint16_t swap_endian_uint16(uint16_t x)
  68              		.loc 2 112 17 is_stmt 1 view .LVU11
  69              	.LBB23:
 113:controller/utils/utils.h **** {
 114:controller/utils/utils.h ****     return ((x << 8) | (x >> 8));
  70              		.loc 2 114 5 view .LVU12
  71              		.loc 2 114 22 is_stmt 0 view .LVU13
  72 001a 76BA     		rev16	r6, r6
  73              	.LVL4:
  74              		.loc 2 114 22 view .LVU14
  75              	.LBE23:
  76              	.LBE22:
 118:controller/utils/comms.c **** 
 119:controller/utils/comms.c ****     /* Now we calculate the CRC, over the flag and payload */
 120:controller/utils/comms.c ****     uint32_t crc = 0;
  77              		.loc 1 120 5 is_stmt 1 view .LVU15
 121:controller/utils/comms.c ****     crc = crc32_inc(0, (void *)&flag, 1); // flag
  78              		.loc 1 121 5 view .LVU16
  79              		.loc 1 121 11 is_stmt 0 view .LVU17
  80 001c 0122     		movs	r2, #1
  81              	.LVL5:
  82              		.loc 1 121 11 view .LVU18
  83 001e 0DF10701 		add	r1, sp, #7
  84              	.LVL6:
  85              		.loc 1 121 11 view .LVU19
  86 0022 0020     		movs	r0, #0
  87              	.LVL7:
  88              		.loc 1 121 11 view .LVU20
  89 0024 FFF7FEFF 		bl	crc32_inc
  90              	.LVL8:
 122:controller/utils/comms.c ****     crc = crc32_inc(crc, buf, size);      // payload
  91              		.loc 1 122 5 is_stmt 1 view .LVU21
  92              		.loc 1 122 11 is_stmt 0 view .LVU22
  93 0028 2A46     		mov	r2, r5
  94 002a 3946     		mov	r1, r7
  95 002c FFF7FEFF 		bl	crc32_inc
  96              	.LVL9:
 123:controller/utils/comms.c **** 
 124:controller/utils/comms.c ****     /* Converte the crc to big endian */
 125:controller/utils/comms.c ****     uint32_t suffix = 0;
  97              		.loc 1 125 5 is_stmt 1 view .LVU23
 126:controller/utils/comms.c ****     suffix = swap_endian_uint32(crc);
  98              		.loc 1 126 5 view .LVU24
  99              	.LBB24:
 100              	.LBI24:
 115:controller/utils/utils.h **** }
 116:controller/utils/utils.h **** inline uint32_t swap_endian_uint32(uint32_t x)
 101              		.loc 2 116 17 view .LVU25
ARM GAS  C:\Users\alireza\AppData\Local\Temp\ccRCL63g.s 			page 7


 102              	.LBB25:
 117:controller/utils/utils.h **** {
 118:controller/utils/utils.h ****     return (((x >> 24) & 0x000000ff) | ((x << 8) & 0x00ff0000) |
 103              		.loc 2 118 5 view .LVU26
 104              		.loc 2 118 44 is_stmt 0 view .LVU27
 105 0030 0402     		lsls	r4, r0, #8
 106              		.loc 2 118 50 view .LVU28
 107 0032 04F47F04 		and	r4, r4, #16711680
 108              		.loc 2 118 38 view .LVU29
 109 0036 44EA1064 		orr	r4, r4, r0, lsr #24
 119:controller/utils/utils.h ****             ((x >> 8) & 0x0000ff00) | ((x << 24) & 0xff000000));
 110              		.loc 2 119 17 view .LVU30
 111 003a 030A     		lsrs	r3, r0, #8
 112              		.loc 2 119 23 view .LVU31
 113 003c 03F47F43 		and	r3, r3, #65280
 118:controller/utils/utils.h ****             ((x >> 8) & 0x0000ff00) | ((x << 24) & 0xff000000));
 114              		.loc 2 118 64 view .LVU32
 115 0040 1C43     		orrs	r4, r4, r3
 116              		.loc 2 119 37 view .LVU33
 117 0042 44EA0064 		orr	r4, r4, r0, lsl #24
 118              	.LVL10:
 119              		.loc 2 119 37 view .LVU34
 120              	.LBE25:
 121              	.LBE24:
 127:controller/utils/comms.c **** 
 128:controller/utils/comms.c ****     /* Form the packet in the transmit buffer */
 129:controller/utils/comms.c ****     size_t tx_buffer_index = 0;
 122              		.loc 1 129 5 is_stmt 1 view .LVU35
 130:controller/utils/comms.c ****     memcpy(tx_buffer, &prefix, sizeof(prefix)); // prefix to buffer
 123              		.loc 1 130 5 view .LVU36
 124 0046 DFF83090 		ldr	r9, .L3
 125 004a A9F80060 		strh	r6, [r9]	@ movhi
 131:controller/utils/comms.c ****     tx_buffer_index += sizeof(prefix);
 126              		.loc 1 131 5 view .LVU37
 127              	.LVL11:
 132:controller/utils/comms.c ****     memcpy(tx_buffer + tx_buffer_index, &flag, sizeof(flag)); // flag to buffer
 128              		.loc 1 132 5 view .LVU38
 129 004e 9DF80730 		ldrb	r3, [sp, #7]	@ zero_extendqisi2
 130 0052 89F80230 		strb	r3, [r9, #2]
 133:controller/utils/comms.c ****     tx_buffer_index += sizeof(flag);
 131              		.loc 1 133 5 view .LVU39
 132              	.LVL12:
 134:controller/utils/comms.c ****     memcpy(tx_buffer + tx_buffer_index, buf, size); // payload to buffer
 133              		.loc 1 134 5 view .LVU40
 134 0056 2A46     		mov	r2, r5
 135 0058 3946     		mov	r1, r7
 136 005a 09F10300 		add	r0, r9, #3
 137              	.LVL13:
 138              		.loc 1 134 5 is_stmt 0 view .LVU41
 139 005e FFF7FEFF 		bl	memcpy
 140              	.LVL14:
 135:controller/utils/comms.c ****     tx_buffer_index += size;
 141              		.loc 1 135 5 is_stmt 1 view .LVU42
 142              		.loc 1 135 21 is_stmt 0 view .LVU43
 143 0062 0335     		adds	r5, r5, #3
 144              	.LVL15:
 136:controller/utils/comms.c ****     memcpy(tx_buffer + tx_buffer_index, &suffix, sizeof(suffix)); // suffix to buffer
ARM GAS  C:\Users\alireza\AppData\Local\Temp\ccRCL63g.s 			page 8


 145              		.loc 1 136 5 is_stmt 1 view .LVU44
 146 0064 49F80540 		str	r4, [r9, r5]	@ unaligned
 137:controller/utils/comms.c ****     tx_buffer_index += sizeof(suffix);
 147              		.loc 1 137 5 view .LVU45
 148              	.LVL16:
 138:controller/utils/comms.c **** 
 139:controller/utils/comms.c ****     /* Finally transmit over USB */
 140:controller/utils/comms.c **** 
 141:controller/utils/comms.c ****     CDC_Transmit_FS(tx_buffer, packet_size);
 149              		.loc 1 141 5 view .LVU46
 150 0068 4146     		mov	r1, r8
 151 006a 4846     		mov	r0, r9
 152 006c FFF7FEFF 		bl	CDC_Transmit_FS
 153              	.LVL17:
 142:controller/utils/comms.c **** }
 154              		.loc 1 142 1 is_stmt 0 view .LVU47
 155 0070 03B0     		add	sp, sp, #12
 156              		.cfi_def_cfa_offset 28
 157              		@ sp needed
 158 0072 BDE8F083 		pop	{r4, r5, r6, r7, r8, r9, pc}
 159              	.LVL18:
 160              	.L4:
 161              		.loc 1 142 1 view .LVU48
 162 0076 00BF     		.align	2
 163              	.L3:
 164 0078 00000000 		.word	tx_buffer
 165              		.cfi_endproc
 166              	.LFE244:
 168              		.section	.text.send_response,"ax",%progbits
 169              		.align	1
 170              		.global	send_response
 171              		.syntax unified
 172              		.thumb
 173              		.thumb_func
 175              	send_response:
 176              	.LVL19:
 177              	.LFB243:
  88:controller/utils/comms.c **** 
 178              		.loc 1 88 1 is_stmt 1 view -0
 179              		.cfi_startproc
 180              		@ args = 0, pretend = 0, frame = 0
 181              		@ frame_needed = 0, uses_anonymous_args = 0
  88:controller/utils/comms.c **** 
 182              		.loc 1 88 1 is_stmt 0 view .LVU50
 183 0000 38B5     		push	{r3, r4, r5, lr}
 184              		.cfi_def_cfa_offset 16
 185              		.cfi_offset 3, -16
 186              		.cfi_offset 4, -12
 187              		.cfi_offset 5, -8
 188              		.cfi_offset 14, -4
 189 0002 1446     		mov	r4, r2
  90:controller/utils/comms.c ****     {
 190              		.loc 1 90 5 is_stmt 1 view .LVU51
  90:controller/utils/comms.c ****     {
 191              		.loc 1 90 8 is_stmt 0 view .LVU52
 192 0004 012B     		cmp	r3, #1
 193 0006 07D0     		beq	.L9
ARM GAS  C:\Users\alireza\AppData\Local\Temp\ccRCL63g.s 			page 9


  96:controller/utils/comms.c ****         {
 194              		.loc 1 96 9 is_stmt 1 view .LVU53
  96:controller/utils/comms.c ****         {
 195              		.loc 1 96 12 is_stmt 0 view .LVU54
 196 0008 4AB9     		cbnz	r2, .L10
 197              	.LVL20:
 198              	.L7:
 102:controller/utils/comms.c **** }
 199              		.loc 1 102 5 is_stmt 1 view .LVU55
 200 000a 0122     		movs	r2, #1
 201 000c 4FF40051 		mov	r1, #8192
 202 0010 0748     		ldr	r0, .L11
 203 0012 FFF7FEFF 		bl	HAL_GPIO_WritePin
 204              	.LVL21:
 103:controller/utils/comms.c **** 
 205              		.loc 1 103 1 is_stmt 0 view .LVU56
 206 0016 38BD     		pop	{r3, r4, r5, pc}
 207              	.LVL22:
 208              	.L9:
  92:controller/utils/comms.c ****     }
 209              		.loc 1 92 9 is_stmt 1 view .LVU57
 210 0018 FFF7FEFF 		bl	transmit_crc_packet
 211              	.LVL23:
  92:controller/utils/comms.c ****     }
 212              		.loc 1 92 9 is_stmt 0 view .LVU58
 213 001c F5E7     		b	.L7
 214              	.LVL24:
 215              	.L10:
  98:controller/utils/comms.c ****             CDC_Transmit_FS(tx_buffer, size);
 216              		.loc 1 98 13 is_stmt 1 view .LVU59
 217 001e 054D     		ldr	r5, .L11+4
 218 0020 2846     		mov	r0, r5
 219              	.LVL25:
  98:controller/utils/comms.c ****             CDC_Transmit_FS(tx_buffer, size);
 220              		.loc 1 98 13 is_stmt 0 view .LVU60
 221 0022 FFF7FEFF 		bl	memcpy
 222              	.LVL26:
  99:controller/utils/comms.c ****         }
 223              		.loc 1 99 13 is_stmt 1 view .LVU61
 224 0026 A1B2     		uxth	r1, r4
 225 0028 2846     		mov	r0, r5
 226 002a FFF7FEFF 		bl	CDC_Transmit_FS
 227              	.LVL27:
 228 002e ECE7     		b	.L7
 229              	.L12:
 230              		.align	2
 231              	.L11:
 232 0030 00080240 		.word	1073874944
 233 0034 00000000 		.word	tx_buffer
 234              		.cfi_endproc
 235              	.LFE243:
 237              		.section	.text.comms_init,"ax",%progbits
 238              		.align	1
 239              		.global	comms_init
 240              		.syntax unified
 241              		.thumb
 242              		.thumb_func
ARM GAS  C:\Users\alireza\AppData\Local\Temp\ccRCL63g.s 			page 10


 244              	comms_init:
 245              	.LFB245:
 143:controller/utils/comms.c **** 
 144:controller/utils/comms.c **** // ==================== Initialization ====================
 145:controller/utils/comms.c **** void comms_init(void)
 146:controller/utils/comms.c **** {
 246              		.loc 1 146 1 view -0
 247              		.cfi_startproc
 248              		@ args = 0, pretend = 0, frame = 0
 249              		@ frame_needed = 0, uses_anonymous_args = 0
 250 0000 08B5     		push	{r3, lr}
 251              		.cfi_def_cfa_offset 8
 252              		.cfi_offset 3, -8
 253              		.cfi_offset 14, -4
 147:controller/utils/comms.c ****     usb_rx_queue = osMessageQueueNew(10, sizeof(usb_packet_ptr_t), NULL);
 254              		.loc 1 147 5 view .LVU63
 255              		.loc 1 147 20 is_stmt 0 view .LVU64
 256 0002 0022     		movs	r2, #0
 257 0004 0821     		movs	r1, #8
 258 0006 0A20     		movs	r0, #10
 259 0008 FFF7FEFF 		bl	osMessageQueueNew
 260              	.LVL28:
 261              		.loc 1 147 18 discriminator 1 view .LVU65
 262 000c 084B     		ldr	r3, .L15
 263 000e 1860     		str	r0, [r3]
 148:controller/utils/comms.c **** 
 149:controller/utils/comms.c ****     osThreadNew(task_comms, NULL, &task_comms_attrs);
 264              		.loc 1 149 5 is_stmt 1 view .LVU66
 265 0010 084A     		ldr	r2, .L15+4
 266 0012 0021     		movs	r1, #0
 267 0014 0848     		ldr	r0, .L15+8
 268 0016 FFF7FEFF 		bl	osThreadNew
 269              	.LVL29:
 150:controller/utils/comms.c **** 
 151:controller/utils/comms.c ****     controller_command_flag = osEventFlagsNew(NULL);
 270              		.loc 1 151 5 view .LVU67
 271              		.loc 1 151 31 is_stmt 0 view .LVU68
 272 001a 0020     		movs	r0, #0
 273 001c FFF7FEFF 		bl	osEventFlagsNew
 274              	.LVL30:
 275              		.loc 1 151 29 discriminator 1 view .LVU69
 276 0020 064B     		ldr	r3, .L15+12
 277 0022 1860     		str	r0, [r3]
 152:controller/utils/comms.c ****     osThreadNew(task_controller_cmds, NULL, &task_controller_cmds_attr);
 278              		.loc 1 152 5 is_stmt 1 view .LVU70
 279 0024 064A     		ldr	r2, .L15+16
 280 0026 0021     		movs	r1, #0
 281 0028 0648     		ldr	r0, .L15+20
 282 002a FFF7FEFF 		bl	osThreadNew
 283              	.LVL31:
 153:controller/utils/comms.c **** }
 284              		.loc 1 153 1 is_stmt 0 view .LVU71
 285 002e 08BD     		pop	{r3, pc}
 286              	.L16:
 287              		.align	2
 288              	.L15:
 289 0030 00000000 		.word	usb_rx_queue
ARM GAS  C:\Users\alireza\AppData\Local\Temp\ccRCL63g.s 			page 11


 290 0034 00000000 		.word	task_comms_attrs
 291 0038 00000000 		.word	task_comms
 292 003c 00000000 		.word	controller_command_flag
 293 0040 00000000 		.word	task_controller_cmds_attr
 294 0044 00000000 		.word	task_controller_cmds
 295              		.cfi_endproc
 296              	.LFE245:
 298              		.section	.rodata.process_plain_command.str1.4,"aMS",%progbits,1
 299              		.align	2
 300              	.LC0:
 301 0000 30303200 		.ascii	"002\000"
 302              		.align	2
 303              	.LC1:
 304 0004 4A696D53 		.ascii	"JimStim 2025.12\000"
 304      74696D20 
 304      32303235 
 304      2E313200 
 305              		.section	.text.process_plain_command,"ax",%progbits
 306              		.align	1
 307              		.global	process_plain_command
 308              		.syntax unified
 309              		.thumb
 310              		.thumb_func
 312              	process_plain_command:
 313              	.LVL32:
 314              	.LFB247:
 154:controller/utils/comms.c **** 
 155:controller/utils/comms.c **** // ==================== Communication Task ====================
 156:controller/utils/comms.c **** void task_comms(void *argument)
 157:controller/utils/comms.c **** {
 158:controller/utils/comms.c ****     usb_packet_ptr_t packet;
 159:controller/utils/comms.c ****     for (;;)
 160:controller/utils/comms.c ****     {
 161:controller/utils/comms.c ****         if (osMessageQueueGet(usb_rx_queue, &packet, NULL, osWaitForever) == osOK)
 162:controller/utils/comms.c ****         {
 163:controller/utils/comms.c ****             process_command(packet.data, packet.len);
 164:controller/utils/comms.c ****         }
 165:controller/utils/comms.c ****     }
 166:controller/utils/comms.c **** }
 167:controller/utils/comms.c **** 
 168:controller/utils/comms.c **** // ==================== Command Processing ====================
 169:controller/utils/comms.c **** bool process_plain_command(uint8_t *request, uint16_t size)
 170:controller/utils/comms.c **** {
 315              		.loc 1 170 1 is_stmt 1 view -0
 316              		.cfi_startproc
 317              		@ args = 0, pretend = 0, frame = 0
 318              		@ frame_needed = 0, uses_anonymous_args = 0
 319              		.loc 1 170 1 is_stmt 0 view .LVU73
 320 0000 08B5     		push	{r3, lr}
 321              		.cfi_def_cfa_offset 8
 322              		.cfi_offset 3, -8
 323              		.cfi_offset 14, -4
 171:controller/utils/comms.c ****     uint8_t first_byte = request[0];
 324              		.loc 1 171 5 is_stmt 1 view .LVU74
 325              		.loc 1 171 13 is_stmt 0 view .LVU75
 326 0002 0378     		ldrb	r3, [r0]	@ zero_extendqisi2
 327              	.LVL33:
ARM GAS  C:\Users\alireza\AppData\Local\Temp\ccRCL63g.s 			page 12


 172:controller/utils/comms.c ****     switch (first_byte)
 328              		.loc 1 172 5 is_stmt 1 view .LVU76
 329 0004 433B     		subs	r3, r3, #67
 330 0006 102B     		cmp	r3, #16
 331 0008 32D8     		bhi	.L25
 332 000a DFE803F0 		tbb	[pc, r3]
 333              	.L20:
 334 000e 21       		.byte	(.L24-.L20)/2
 335 000f 31       		.byte	(.L25-.L20)/2
 336 0010 31       		.byte	(.L25-.L20)/2
 337 0011 09       		.byte	(.L23-.L20)/2
 338 0012 31       		.byte	(.L25-.L20)/2
 339 0013 31       		.byte	(.L25-.L20)/2
 340 0014 29       		.byte	(.L22-.L20)/2
 341 0015 31       		.byte	(.L25-.L20)/2
 342 0016 31       		.byte	(.L25-.L20)/2
 343 0017 31       		.byte	(.L25-.L20)/2
 344 0018 31       		.byte	(.L25-.L20)/2
 345 0019 31       		.byte	(.L25-.L20)/2
 346 001a 31       		.byte	(.L25-.L20)/2
 347 001b 31       		.byte	(.L25-.L20)/2
 348 001c 19       		.byte	(.L21-.L20)/2
 349 001d 31       		.byte	(.L25-.L20)/2
 350 001e 11       		.byte	(.L19-.L20)/2
 351 001f 00       		.p2align 1
 352              	.L23:
 173:controller/utils/comms.c ****     {
 174:controller/utils/comms.c ****     case TS_COMMAND_F:
 175:controller/utils/comms.c **** #ifndef TS_USE_OLD_PROTOCOL
 176:controller/utils/comms.c ****         send_response(0, (uint8_t *)TS_PROTOCOL, sizeof(TS_PROTOCOL) - 1, TS_PLAIN);
 353              		.loc 1 176 9 view .LVU77
 354 0020 0023     		movs	r3, #0
 355 0022 0322     		movs	r2, #3
 356 0024 1349     		ldr	r1, .L27
 357              	.LVL34:
 358              		.loc 1 176 9 is_stmt 0 view .LVU78
 359 0026 1846     		mov	r0, r3
 360              	.LVL35:
 361              		.loc 1 176 9 view .LVU79
 362 0028 FFF7FEFF 		bl	send_response
 363              	.LVL36:
 177:controller/utils/comms.c ****         return true;
 364              		.loc 1 177 9 is_stmt 1 view .LVU80
 365              		.loc 1 177 16 is_stmt 0 view .LVU81
 366 002c 0120     		movs	r0, #1
 367 002e 20E0     		b	.L18
 368              	.LVL37:
 369              	.L19:
 178:controller/utils/comms.c **** #endif
 179:controller/utils/comms.c ****         break;
 370              		.loc 1 179 9 is_stmt 1 view .LVU82
 180:controller/utils/comms.c ****     case TS_HELLO_COMMAND:
 181:controller/utils/comms.c ****         send_response(0, (uint8_t *)TS_SIGNATURE, sizeof(TS_SIGNATURE) - 1, TS_PLAIN);
 371              		.loc 1 181 9 view .LVU83
 372 0030 0023     		movs	r3, #0
 373 0032 0F22     		movs	r2, #15
 374 0034 1049     		ldr	r1, .L27+4
ARM GAS  C:\Users\alireza\AppData\Local\Temp\ccRCL63g.s 			page 13


 375              	.LVL38:
 376              		.loc 1 181 9 is_stmt 0 view .LVU84
 377 0036 1846     		mov	r0, r3
 378              	.LVL39:
 379              		.loc 1 181 9 view .LVU85
 380 0038 FFF7FEFF 		bl	send_response
 381              	.LVL40:
 182:controller/utils/comms.c ****         return true;
 382              		.loc 1 182 9 is_stmt 1 view .LVU86
 383              		.loc 1 182 16 is_stmt 0 view .LVU87
 384 003c 0120     		movs	r0, #1
 385 003e 18E0     		b	.L18
 386              	.LVL41:
 387              	.L21:
 183:controller/utils/comms.c ****         break;
 388              		.loc 1 183 9 is_stmt 1 view .LVU88
 184:controller/utils/comms.c ****     case TS_QUERY_COMMAND:
 185:controller/utils/comms.c ****         send_response(0, (uint8_t *)TS_SIGNATURE, sizeof(TS_SIGNATURE) - 1, TS_PLAIN);
 389              		.loc 1 185 9 view .LVU89
 390 0040 0023     		movs	r3, #0
 391 0042 0F22     		movs	r2, #15
 392 0044 0C49     		ldr	r1, .L27+4
 393              	.LVL42:
 394              		.loc 1 185 9 is_stmt 0 view .LVU90
 395 0046 1846     		mov	r0, r3
 396              	.LVL43:
 397              		.loc 1 185 9 view .LVU91
 398 0048 FFF7FEFF 		bl	send_response
 399              	.LVL44:
 186:controller/utils/comms.c ****         return true;
 400              		.loc 1 186 9 is_stmt 1 view .LVU92
 401              		.loc 1 186 16 is_stmt 0 view .LVU93
 402 004c 0120     		movs	r0, #1
 403 004e 10E0     		b	.L18
 404              	.LVL45:
 405              	.L24:
 187:controller/utils/comms.c ****         break;
 406              		.loc 1 187 9 is_stmt 1 view .LVU94
 188:controller/utils/comms.c ****     case TS_TEST_COMMS_COMMAND:
 189:controller/utils/comms.c ****         send_response(0, (uint8_t *)0xFF, 1, TS_PLAIN);
 407              		.loc 1 189 9 view .LVU95
 408 0050 0023     		movs	r3, #0
 409 0052 0122     		movs	r2, #1
 410 0054 FF21     		movs	r1, #255
 411              	.LVL46:
 412              		.loc 1 189 9 is_stmt 0 view .LVU96
 413 0056 1846     		mov	r0, r3
 414              	.LVL47:
 415              		.loc 1 189 9 view .LVU97
 416 0058 FFF7FEFF 		bl	send_response
 417              	.LVL48:
 190:controller/utils/comms.c ****         return true;
 418              		.loc 1 190 9 is_stmt 1 view .LVU98
 419              		.loc 1 190 16 is_stmt 0 view .LVU99
 420 005c 0120     		movs	r0, #1
 421 005e 08E0     		b	.L18
 422              	.LVL49:
ARM GAS  C:\Users\alireza\AppData\Local\Temp\ccRCL63g.s 			page 14


 423              	.L22:
 191:controller/utils/comms.c ****         break;
 424              		.loc 1 191 9 is_stmt 1 view .LVU100
 192:controller/utils/comms.c ****     case TS_CAN_ID_COMMAND:
 193:controller/utils/comms.c ****         send_response(0, (uint8_t *)TS_CAN_ID, sizeof(TS_CAN_ID) - 1, TS_PLAIN);
 425              		.loc 1 193 9 view .LVU101
 426 0060 0023     		movs	r3, #0
 427 0062 1A46     		mov	r2, r3
 428 0064 1946     		mov	r1, r3
 429              	.LVL50:
 430              		.loc 1 193 9 is_stmt 0 view .LVU102
 431 0066 1846     		mov	r0, r3
 432              	.LVL51:
 433              		.loc 1 193 9 view .LVU103
 434 0068 FFF7FEFF 		bl	send_response
 435              	.LVL52:
 194:controller/utils/comms.c ****         return true;
 436              		.loc 1 194 9 is_stmt 1 view .LVU104
 437              		.loc 1 194 16 is_stmt 0 view .LVU105
 438 006c 0120     		movs	r0, #1
 439 006e 00E0     		b	.L18
 440              	.LVL53:
 441              	.L25:
 172:controller/utils/comms.c ****     {
 442              		.loc 1 172 5 view .LVU106
 443 0070 0020     		movs	r0, #0
 444              	.LVL54:
 445              	.L18:
 195:controller/utils/comms.c ****         break;
 196:controller/utils/comms.c **** 
 197:controller/utils/comms.c ****     default:
 198:controller/utils/comms.c ****         break;
 199:controller/utils/comms.c ****     }
 200:controller/utils/comms.c ****     // This wasn't a valid command
 201:controller/utils/comms.c ****     return false;
 202:controller/utils/comms.c **** }
 446              		.loc 1 202 1 view .LVU107
 447 0072 08BD     		pop	{r3, pc}
 448              	.L28:
 449              		.align	2
 450              	.L27:
 451 0074 00000000 		.word	.LC0
 452 0078 04000000 		.word	.LC1
 453              		.cfi_endproc
 454              	.LFE247:
 456              		.section	.text.handle_page_read_command,"ax",%progbits
 457              		.align	1
 458              		.global	handle_page_read_command
 459              		.syntax unified
 460              		.thumb
 461              		.thumb_func
 463              	handle_page_read_command:
 464              	.LVL55:
 465              	.LFB249:
 203:controller/utils/comms.c **** 
 204:controller/utils/comms.c **** void process_command(uint8_t *request, uint16_t size)
 205:controller/utils/comms.c **** {
ARM GAS  C:\Users\alireza\AppData\Local\Temp\ccRCL63g.s 			page 15


 206:controller/utils/comms.c ****     if (process_plain_command(request, size))
 207:controller/utils/comms.c ****     {
 208:controller/utils/comms.c ****         return;
 209:controller/utils/comms.c ****     }
 210:controller/utils/comms.c ****     uint16_t packet_size = 0;
 211:controller/utils/comms.c ****     uint32_t packet_crc = 0;
 212:controller/utils/comms.c ****     uint32_t calculated_packet_crc = 0;
 213:controller/utils/comms.c ****     bool is_packet_valid = false;
 214:controller/utils/comms.c ****     if (size > 5)
 215:controller/utils/comms.c ****     {
 216:controller/utils/comms.c ****         packet_size = swap_endian_uint16(*(uint16_t *)request);
 217:controller/utils/comms.c ****         packet_crc = swap_endian_uint32(*(uint32_t *)request[size - 1 - TS_PACKET_CRC_SIZE]);
 218:controller/utils/comms.c ****         calculated_packet_crc = crc32_inc(0, (void *)(request + TS_PACKET_PREFIX_SIZE), size - TS_P
 219:controller/utils/comms.c ****     }
 220:controller/utils/comms.c ****     if (calculated_packet_crc == packet_crc)
 221:controller/utils/comms.c ****     {
 222:controller/utils/comms.c ****         is_packet_valid = true;
 223:controller/utils/comms.c ****     }
 224:controller/utils/comms.c **** 
 225:controller/utils/comms.c ****     uint8_t command = request[2];
 226:controller/utils/comms.c **** 
 227:controller/utils/comms.c ****     switch (command)
 228:controller/utils/comms.c ****     {
 229:controller/utils/comms.c ****     case TS_TEST_COMMS_COMMAND:
 230:controller/utils/comms.c ****         send_response(TS_RESPONSE_OK, (uint8_t *)0xFF, 1, TS_CRC);
 231:controller/utils/comms.c ****         return;
 232:controller/utils/comms.c ****         break;
 233:controller/utils/comms.c **** 
 234:controller/utils/comms.c ****     case TS_COMMAND_F:
 235:controller/utils/comms.c **** #ifndef TS_USE_OLD_PROTOCOL
 236:controller/utils/comms.c ****         send_response(TS_RESPONSE_OK, (uint8_t *)TS_PROTOCOL, sizeof(TS_PROTOCOL) - 1, TS_CRC);
 237:controller/utils/comms.c **** #endif
 238:controller/utils/comms.c ****         return;
 239:controller/utils/comms.c ****         break;
 240:controller/utils/comms.c **** 
 241:controller/utils/comms.c ****     case TS_CAN_ID_COMMAND:
 242:controller/utils/comms.c ****         send_response(TS_RESPONSE_OK, (uint8_t *)TS_CAN_ID, sizeof(TS_CAN_ID), TS_CRC);
 243:controller/utils/comms.c ****         return;
 244:controller/utils/comms.c ****         break;
 245:controller/utils/comms.c **** 
 246:controller/utils/comms.c ****     case TS_QUERY_COMMAND:
 247:controller/utils/comms.c ****         send_response(TS_RESPONSE_OK, (uint8_t *)TS_SIGNATURE, sizeof(TS_SIGNATURE) - 1, TS_CRC);
 248:controller/utils/comms.c ****         return;
 249:controller/utils/comms.c ****         break;
 250:controller/utils/comms.c **** 
 251:controller/utils/comms.c ****     case TS_HELLO_COMMAND:
 252:controller/utils/comms.c ****         send_response(TS_RESPONSE_OK, (uint8_t *)TS_SIGNATURE, sizeof(TS_SIGNATURE), TS_CRC);
 253:controller/utils/comms.c ****         return;
 254:controller/utils/comms.c ****         break;
 255:controller/utils/comms.c ****     case TS_SERIAL_INFO_COMMAND:
 256:controller/utils/comms.c ****         uint8_t response[5];
 257:controller/utils/comms.c ****         response[0] = 2; // serial version
 258:controller/utils/comms.c ****         *(uint16_t *)&response[1] = swap_endian_uint16(TS_TABLE_BLOCKING_FACTOR);
 259:controller/utils/comms.c ****         *(uint16_t *)&response[3] = swap_endian_uint16(TS_BLOCKING_FACTOR);
 260:controller/utils/comms.c ****         send_response(TS_RESPONSE_OK, (uint8_t *)response, sizeof(response), TS_CRC);
 261:controller/utils/comms.c ****         return;
 262:controller/utils/comms.c ****         break;
ARM GAS  C:\Users\alireza\AppData\Local\Temp\ccRCL63g.s 			page 16


 263:controller/utils/comms.c **** 
 264:controller/utils/comms.c ****     case TS_OUTPUT_COMMAND:
 265:controller/utils/comms.c ****         send_response(TS_RESPONSE_OK, (uint8_t *)&runtime, sizeof(runtime), TS_CRC);
 266:controller/utils/comms.c ****         return;
 267:controller/utils/comms.c ****         break;
 268:controller/utils/comms.c ****     case TS_READ_COMMAND:
 269:controller/utils/comms.c ****         uint16_t page = 0;
 270:controller/utils/comms.c ****         uint16_t offset = *(uint16_t *)&request[3];
 271:controller/utils/comms.c ****         uint16_t size = *(uint16_t *)&request[5];
 272:controller/utils/comms.c ****         handle_page_read_command(page, offset, size);
 273:controller/utils/comms.c ****         return;
 274:controller/utils/comms.c ****         break;
 275:controller/utils/comms.c ****     case TS_CRC_CHECK_COMMAND:
 276:controller/utils/comms.c ****         uint32_t page_crc = crc32_inc(0, (uint8_t *)&config, sizeof(config));
 277:controller/utils/comms.c ****         page_crc = swap_endian_uint32(page_crc);
 278:controller/utils/comms.c ****         send_response(TS_RESPONSE_OK, (uint8_t *)&page_crc, sizeof(page_crc), TS_CRC);
 279:controller/utils/comms.c ****         return;
 280:controller/utils/comms.c ****         break;
 281:controller/utils/comms.c **** 
 282:controller/utils/comms.c ****     case TS_CHUNK_WRITE_COMMAND:
 283:controller/utils/comms.c ****     {
 284:controller/utils/comms.c ****         uint16_t page = 0;
 285:controller/utils/comms.c ****         uint16_t offset = *(uint16_t *)&request[3];
 286:controller/utils/comms.c ****         uint16_t size = *(uint16_t *)&request[5];
 287:controller/utils/comms.c ****         memcpy((uint8_t *)&config + offset, &request[7], size);
 288:controller/utils/comms.c ****         send_response(TS_RESPONSE_OK, NULL, 0, TS_CRC);
 289:controller/utils/comms.c ****         return;
 290:controller/utils/comms.c ****         break;
 291:controller/utils/comms.c ****     }
 292:controller/utils/comms.c ****     case TS_SINGLE_WRITE_COMMAND:
 293:controller/utils/comms.c ****     {
 294:controller/utils/comms.c ****         uint16_t page = 0;
 295:controller/utils/comms.c ****         uint16_t offset = *(uint16_t *)&request[3];
 296:controller/utils/comms.c ****         uint16_t size = *(uint16_t *)&request[5];
 297:controller/utils/comms.c ****         memcpy((uint8_t *)&config + offset, &request[7], size);
 298:controller/utils/comms.c ****         send_response(TS_RESPONSE_OK, NULL, 0, TS_CRC);
 299:controller/utils/comms.c ****         return;
 300:controller/utils/comms.c ****         break;
 301:controller/utils/comms.c ****     }
 302:controller/utils/comms.c **** 
 303:controller/utils/comms.c ****     case TS_BURN_COMMAND:
 304:controller/utils/comms.c ****         // handle burn command and if it was ok, then send ok status
 305:controller/utils/comms.c ****         controller_save_configuration();
 306:controller/utils/comms.c ****         send_response(TS_RESPONSE_BURN_OK, NULL, 0, TS_CRC);
 307:controller/utils/comms.c ****         return;
 308:controller/utils/comms.c ****         break;
 309:controller/utils/comms.c **** 
 310:controller/utils/comms.c ****     case TS_SET_LOGGER_SWITCH:
 311:controller/utils/comms.c ****         switch (request[3])
 312:controller/utils/comms.c ****         {
 313:controller/utils/comms.c ****         case TS_COMPOSITE_ENABLE:
 314:controller/utils/comms.c ****             trigger_logger_composite_start();
 315:controller/utils/comms.c ****             break;
 316:controller/utils/comms.c ****         case TS_COMPOSITE_DISABLE:
 317:controller/utils/comms.c ****             trigger_logger_composite_stop();
 318:controller/utils/comms.c ****             break;
 319:controller/utils/comms.c ****         case TS_COMPOSITE_READ:
ARM GAS  C:\Users\alireza\AppData\Local\Temp\ccRCL63g.s 			page 17


 320:controller/utils/comms.c ****         {
 321:controller/utils/comms.c ****             bool is_buffer_ready = trigger_logger_get_buffer_status();
 322:controller/utils/comms.c ****             send_response(TS_RESPONSE_OK, trigger_logger_get_composite_data(), trigger_logger_get_c
 323:controller/utils/comms.c ****         }
 324:controller/utils/comms.c ****         break;
 325:controller/utils/comms.c ****         }
 326:controller/utils/comms.c ****     case TS_CONTROLLER_COMMANDS:
 327:controller/utils/comms.c ****         uint16_t controller_command = swap_endian_uint16(*(uint16_t *)&request[3]);
 328:controller/utils/comms.c ****         osEventFlagsSet(controller_command_flag, controller_command);
 329:controller/utils/comms.c ****         break;
 330:controller/utils/comms.c ****     default:
 331:controller/utils/comms.c ****         break;
 332:controller/utils/comms.c ****     }
 333:controller/utils/comms.c **** 
 334:controller/utils/comms.c ****     HAL_GPIO_TogglePin(LED_GPIO_Port, LED_Pin);
 335:controller/utils/comms.c **** }
 336:controller/utils/comms.c **** 
 337:controller/utils/comms.c **** void handle_page_read_command(uint16_t page, uint16_t offset, uint16_t count)
 338:controller/utils/comms.c **** {
 466              		.loc 1 338 1 is_stmt 1 view -0
 467              		.cfi_startproc
 468              		@ args = 0, pretend = 0, frame = 0
 469              		@ frame_needed = 0, uses_anonymous_args = 0
 339:controller/utils/comms.c ****     if (page > 1)
 470              		.loc 1 339 5 view .LVU109
 471              		.loc 1 339 8 is_stmt 0 view .LVU110
 472 0000 0128     		cmp	r0, #1
 473 0002 0DD8     		bhi	.L32
 338:controller/utils/comms.c ****     if (page > 1)
 474              		.loc 1 338 1 view .LVU111
 475 0004 08B5     		push	{r3, lr}
 476              		.cfi_def_cfa_offset 8
 477              		.cfi_offset 3, -8
 478              		.cfi_offset 14, -4
 340:controller/utils/comms.c ****     {
 341:controller/utils/comms.c ****         return;
 342:controller/utils/comms.c ****     }
 343:controller/utils/comms.c ****     if ((offset + count) > TS_PAGE_SIZE)
 479              		.loc 1 343 5 is_stmt 1 view .LVU112
 480              		.loc 1 343 17 is_stmt 0 view .LVU113
 481 0006 8818     		adds	r0, r1, r2
 482              	.LVL56:
 483              		.loc 1 343 8 view .LVU114
 484 0008 41F6ED23 		movw	r3, #6893
 485 000c 9842     		cmp	r0, r3
 486 000e 00D9     		bls	.L35
 487              	.LVL57:
 488              	.L29:
 344:controller/utils/comms.c ****     {
 345:controller/utils/comms.c ****         return;
 346:controller/utils/comms.c ****     }
 347:controller/utils/comms.c **** 
 348:controller/utils/comms.c ****     send_response(TS_RESPONSE_OK, (uint8_t *)&config + offset, count, TS_CRC);
 349:controller/utils/comms.c **** }
 489              		.loc 1 349 1 view .LVU115
 490 0010 08BD     		pop	{r3, pc}
 491              	.LVL58:
ARM GAS  C:\Users\alireza\AppData\Local\Temp\ccRCL63g.s 			page 18


 492              	.L35:
 348:controller/utils/comms.c **** }
 493              		.loc 1 348 5 is_stmt 1 view .LVU116
 494 0012 0123     		movs	r3, #1
 495 0014 0348     		ldr	r0, .L36
 496 0016 0144     		add	r1, r1, r0
 497              	.LVL59:
 348:controller/utils/comms.c **** }
 498              		.loc 1 348 5 is_stmt 0 view .LVU117
 499 0018 0020     		movs	r0, #0
 500 001a FFF7FEFF 		bl	send_response
 501              	.LVL60:
 348:controller/utils/comms.c **** }
 502              		.loc 1 348 5 view .LVU118
 503 001e F7E7     		b	.L29
 504              	.LVL61:
 505              	.L32:
 506              		.cfi_def_cfa_offset 0
 507              		.cfi_restore 3
 508              		.cfi_restore 14
 348:controller/utils/comms.c **** }
 509              		.loc 1 348 5 view .LVU119
 510 0020 7047     		bx	lr
 511              	.L37:
 512 0022 00BF     		.align	2
 513              	.L36:
 514 0024 00000000 		.word	config
 515              		.cfi_endproc
 516              	.LFE249:
 518              		.section	.text.process_command,"ax",%progbits
 519              		.align	1
 520              		.global	process_command
 521              		.syntax unified
 522              		.thumb
 523              		.thumb_func
 525              	process_command:
 526              	.LVL62:
 527              	.LFB248:
 205:controller/utils/comms.c ****     if (process_plain_command(request, size))
 528              		.loc 1 205 1 is_stmt 1 view -0
 529              		.cfi_startproc
 530              		@ args = 0, pretend = 0, frame = 8
 531              		@ frame_needed = 0, uses_anonymous_args = 0
 205:controller/utils/comms.c ****     if (process_plain_command(request, size))
 532              		.loc 1 205 1 is_stmt 0 view .LVU121
 533 0000 30B5     		push	{r4, r5, lr}
 534              		.cfi_def_cfa_offset 12
 535              		.cfi_offset 4, -12
 536              		.cfi_offset 5, -8
 537              		.cfi_offset 14, -4
 538 0002 83B0     		sub	sp, sp, #12
 539              		.cfi_def_cfa_offset 24
 540 0004 0446     		mov	r4, r0
 541 0006 0D46     		mov	r5, r1
 206:controller/utils/comms.c ****     {
 542              		.loc 1 206 5 is_stmt 1 view .LVU122
 206:controller/utils/comms.c ****     {
ARM GAS  C:\Users\alireza\AppData\Local\Temp\ccRCL63g.s 			page 19


 543              		.loc 1 206 9 is_stmt 0 view .LVU123
 544 0008 FFF7FEFF 		bl	process_plain_command
 545              	.LVL63:
 206:controller/utils/comms.c ****     {
 546              		.loc 1 206 8 discriminator 1 view .LVU124
 547 000c 0028     		cmp	r0, #0
 548 000e 40F0C380 		bne	.L38
 210:controller/utils/comms.c ****     uint32_t packet_crc = 0;
 549              		.loc 1 210 5 is_stmt 1 view .LVU125
 550              	.LVL64:
 211:controller/utils/comms.c ****     uint32_t calculated_packet_crc = 0;
 551              		.loc 1 211 5 view .LVU126
 212:controller/utils/comms.c ****     bool is_packet_valid = false;
 552              		.loc 1 212 5 view .LVU127
 213:controller/utils/comms.c ****     if (size > 5)
 553              		.loc 1 213 5 view .LVU128
 214:controller/utils/comms.c ****     {
 554              		.loc 1 214 5 view .LVU129
 214:controller/utils/comms.c ****     {
 555              		.loc 1 214 8 is_stmt 0 view .LVU130
 556 0012 052D     		cmp	r5, #5
 557 0014 21D8     		bhi	.L63
 558              	.LVL65:
 559              	.L40:
 220:controller/utils/comms.c ****     {
 560              		.loc 1 220 5 is_stmt 1 view .LVU131
 222:controller/utils/comms.c ****     }
 561              		.loc 1 222 9 view .LVU132
 225:controller/utils/comms.c **** 
 562              		.loc 1 225 5 view .LVU133
 225:controller/utils/comms.c **** 
 563              		.loc 1 225 13 is_stmt 0 view .LVU134
 564 0016 A378     		ldrb	r3, [r4, #2]	@ zero_extendqisi2
 565              	.LVL66:
 227:controller/utils/comms.c ****     {
 566              		.loc 1 227 5 is_stmt 1 view .LVU135
 567 0018 423B     		subs	r3, r3, #66
 568 001a 352B     		cmp	r3, #53
 569 001c 00F2B780 		bhi	.L41
 570 0020 DFE803F0 		tbb	[pc, r3]
 571              	.L43:
 572 0024 9B       		.byte	(.L56-.L43)/2
 573 0025 20       		.byte	(.L55-.L43)/2
 574 0026 B5       		.byte	(.L41-.L43)/2
 575 0027 AD       		.byte	(.L54-.L43)/2
 576 0028 27       		.byte	(.L53-.L43)/2
 577 0029 B5       		.byte	(.L41-.L43)/2
 578 002a B5       		.byte	(.L41-.L43)/2
 579 002b 2E       		.byte	(.L52-.L43)/2
 580 002c B5       		.byte	(.L41-.L43)/2
 581 002d B5       		.byte	(.L41-.L43)/2
 582 002e B5       		.byte	(.L41-.L43)/2
 583 002f B5       		.byte	(.L41-.L43)/2
 584 0030 B5       		.byte	(.L41-.L43)/2
 585 0031 52       		.byte	(.L51-.L43)/2
 586 0032 B5       		.byte	(.L41-.L43)/2
 587 0033 35       		.byte	(.L50-.L43)/2
ARM GAS  C:\Users\alireza\AppData\Local\Temp\ccRCL63g.s 			page 20


 588 0034 B5       		.byte	(.L41-.L43)/2
 589 0035 3C       		.byte	(.L49-.L43)/2
 590 0036 B5       		.byte	(.L41-.L43)/2
 591 0037 B5       		.byte	(.L41-.L43)/2
 592 0038 B5       		.byte	(.L41-.L43)/2
 593 0039 7B       		.byte	(.L48-.L43)/2
 594 003a B5       		.byte	(.L41-.L43)/2
 595 003b B5       		.byte	(.L41-.L43)/2
 596 003c B5       		.byte	(.L41-.L43)/2
 597 003d B5       		.byte	(.L41-.L43)/2
 598 003e B5       		.byte	(.L41-.L43)/2
 599 003f B5       		.byte	(.L41-.L43)/2
 600 0040 B5       		.byte	(.L41-.L43)/2
 601 0041 B5       		.byte	(.L41-.L43)/2
 602 0042 B5       		.byte	(.L41-.L43)/2
 603 0043 B5       		.byte	(.L41-.L43)/2
 604 0044 B5       		.byte	(.L41-.L43)/2
 605 0045 B5       		.byte	(.L41-.L43)/2
 606 0046 B5       		.byte	(.L41-.L43)/2
 607 0047 B5       		.byte	(.L41-.L43)/2
 608 0048 43       		.byte	(.L47-.L43)/2
 609 0049 B5       		.byte	(.L41-.L43)/2
 610 004a B5       		.byte	(.L41-.L43)/2
 611 004b B5       		.byte	(.L41-.L43)/2
 612 004c B5       		.byte	(.L41-.L43)/2
 613 004d 61       		.byte	(.L46-.L43)/2
 614 004e A4       		.byte	(.L45-.L43)/2
 615 004f B5       		.byte	(.L41-.L43)/2
 616 0050 B5       		.byte	(.L41-.L43)/2
 617 0051 B5       		.byte	(.L41-.L43)/2
 618 0052 B5       		.byte	(.L41-.L43)/2
 619 0053 B5       		.byte	(.L41-.L43)/2
 620 0054 59       		.byte	(.L44-.L43)/2
 621 0055 B5       		.byte	(.L41-.L43)/2
 622 0056 B5       		.byte	(.L41-.L43)/2
 623 0057 B5       		.byte	(.L41-.L43)/2
 624 0058 B5       		.byte	(.L41-.L43)/2
 625 0059 8B       		.byte	(.L42-.L43)/2
 626              	.LVL67:
 627              		.p2align 1
 628              	.L63:
 216:controller/utils/comms.c ****         packet_crc = swap_endian_uint32(*(uint32_t *)request[size - 1 - TS_PACKET_CRC_SIZE]);
 629              		.loc 1 216 9 view .LVU136
 217:controller/utils/comms.c ****         calculated_packet_crc = crc32_inc(0, (void *)(request + TS_PACKET_PREFIX_SIZE), size - TS_P
 630              		.loc 1 217 9 view .LVU137
 218:controller/utils/comms.c ****     }
 631              		.loc 1 218 9 view .LVU138
 218:controller/utils/comms.c ****     }
 632              		.loc 1 218 33 is_stmt 0 view .LVU139
 633 005a AA1F     		subs	r2, r5, #6
 634 005c A11C     		adds	r1, r4, #2
 635 005e FFF7FEFF 		bl	crc32_inc
 636              	.LVL68:
 218:controller/utils/comms.c ****     }
 637              		.loc 1 218 33 view .LVU140
 638 0062 D8E7     		b	.L40
 639              	.LVL69:
ARM GAS  C:\Users\alireza\AppData\Local\Temp\ccRCL63g.s 			page 21


 640              	.L55:
 641              	.LBB26:
 230:controller/utils/comms.c ****         return;
 642              		.loc 1 230 9 is_stmt 1 view .LVU141
 643 0064 0123     		movs	r3, #1
 644 0066 1A46     		mov	r2, r3
 645 0068 FF21     		movs	r1, #255
 646 006a 0020     		movs	r0, #0
 647 006c FFF7FEFF 		bl	send_response
 648              	.LVL70:
 231:controller/utils/comms.c ****         break;
 649              		.loc 1 231 9 view .LVU142
 650 0070 92E0     		b	.L38
 651              	.LVL71:
 652              	.L53:
 232:controller/utils/comms.c **** 
 653              		.loc 1 232 9 view .LVU143
 236:controller/utils/comms.c **** #endif
 654              		.loc 1 236 9 view .LVU144
 655 0072 0123     		movs	r3, #1
 656 0074 0322     		movs	r2, #3
 657 0076 5249     		ldr	r1, .L64
 658 0078 0020     		movs	r0, #0
 659 007a FFF7FEFF 		bl	send_response
 660              	.LVL72:
 238:controller/utils/comms.c ****         break;
 661              		.loc 1 238 9 view .LVU145
 662 007e 8BE0     		b	.L38
 663              	.LVL73:
 664              	.L52:
 239:controller/utils/comms.c **** 
 665              		.loc 1 239 9 view .LVU146
 242:controller/utils/comms.c ****         return;
 666              		.loc 1 242 9 view .LVU147
 667 0080 0123     		movs	r3, #1
 668 0082 1A46     		mov	r2, r3
 669 0084 0021     		movs	r1, #0
 670 0086 0846     		mov	r0, r1
 671 0088 FFF7FEFF 		bl	send_response
 672              	.LVL74:
 243:controller/utils/comms.c ****         break;
 673              		.loc 1 243 9 view .LVU148
 674 008c 84E0     		b	.L38
 675              	.LVL75:
 676              	.L50:
 244:controller/utils/comms.c **** 
 677              		.loc 1 244 9 view .LVU149
 247:controller/utils/comms.c ****         return;
 678              		.loc 1 247 9 view .LVU150
 679 008e 0123     		movs	r3, #1
 680 0090 0F22     		movs	r2, #15
 681 0092 4C49     		ldr	r1, .L64+4
 682 0094 0020     		movs	r0, #0
 683 0096 FFF7FEFF 		bl	send_response
 684              	.LVL76:
 248:controller/utils/comms.c ****         break;
 685              		.loc 1 248 9 view .LVU151
ARM GAS  C:\Users\alireza\AppData\Local\Temp\ccRCL63g.s 			page 22


 686 009a 7DE0     		b	.L38
 687              	.LVL77:
 688              	.L49:
 249:controller/utils/comms.c **** 
 689              		.loc 1 249 9 view .LVU152
 252:controller/utils/comms.c ****         return;
 690              		.loc 1 252 9 view .LVU153
 691 009c 0123     		movs	r3, #1
 692 009e 1022     		movs	r2, #16
 693 00a0 4849     		ldr	r1, .L64+4
 694 00a2 0020     		movs	r0, #0
 695 00a4 FFF7FEFF 		bl	send_response
 696              	.LVL78:
 253:controller/utils/comms.c ****         break;
 697              		.loc 1 253 9 view .LVU154
 698 00a8 76E0     		b	.L38
 699              	.LVL79:
 700              	.L47:
 254:controller/utils/comms.c ****     case TS_SERIAL_INFO_COMMAND:
 701              		.loc 1 254 9 view .LVU155
 256:controller/utils/comms.c ****         response[0] = 2; // serial version
 702              		.loc 1 256 9 view .LVU156
 257:controller/utils/comms.c ****         *(uint16_t *)&response[1] = swap_endian_uint16(TS_TABLE_BLOCKING_FACTOR);
 703              		.loc 1 257 9 view .LVU157
 257:controller/utils/comms.c ****         *(uint16_t *)&response[1] = swap_endian_uint16(TS_TABLE_BLOCKING_FACTOR);
 704              		.loc 1 257 21 is_stmt 0 view .LVU158
 705 00aa 0223     		movs	r3, #2
 706 00ac 8DF80030 		strb	r3, [sp]
 707              	.LVL80:
 258:controller/utils/comms.c ****         *(uint16_t *)&response[3] = swap_endian_uint16(TS_BLOCKING_FACTOR);
 708              		.loc 1 258 9 is_stmt 1 view .LVU159
 258:controller/utils/comms.c ****         *(uint16_t *)&response[3] = swap_endian_uint16(TS_BLOCKING_FACTOR);
 709              		.loc 1 258 35 is_stmt 0 discriminator 1 view .LVU160
 710 00b0 0423     		movs	r3, #4
 711 00b2 ADF80130 		strh	r3, [sp, #1]	@ unaligned
 259:controller/utils/comms.c ****         send_response(TS_RESPONSE_OK, (uint8_t *)response, sizeof(response), TS_CRC);
 712              		.loc 1 259 9 is_stmt 1 view .LVU161
 259:controller/utils/comms.c ****         send_response(TS_RESPONSE_OK, (uint8_t *)response, sizeof(response), TS_CRC);
 713              		.loc 1 259 35 is_stmt 0 discriminator 1 view .LVU162
 714 00b6 ADF80330 		strh	r3, [sp, #3]	@ unaligned
 260:controller/utils/comms.c ****         return;
 715              		.loc 1 260 9 is_stmt 1 view .LVU163
 716 00ba 0123     		movs	r3, #1
 717 00bc 0522     		movs	r2, #5
 718 00be 6946     		mov	r1, sp
 719 00c0 0020     		movs	r0, #0
 720 00c2 FFF7FEFF 		bl	send_response
 721              	.LVL81:
 261:controller/utils/comms.c ****         break;
 722              		.loc 1 261 9 view .LVU164
 723 00c6 67E0     		b	.L38
 724              	.LVL82:
 725              	.L51:
 262:controller/utils/comms.c **** 
 726              		.loc 1 262 9 view .LVU165
 265:controller/utils/comms.c ****         return;
 727              		.loc 1 265 9 view .LVU166
ARM GAS  C:\Users\alireza\AppData\Local\Temp\ccRCL63g.s 			page 23


 728 00c8 0123     		movs	r3, #1
 729 00ca 7C22     		movs	r2, #124
 730 00cc 3E49     		ldr	r1, .L64+8
 731 00ce 0020     		movs	r0, #0
 732 00d0 FFF7FEFF 		bl	send_response
 733              	.LVL83:
 266:controller/utils/comms.c ****         break;
 734              		.loc 1 266 9 view .LVU167
 735 00d4 60E0     		b	.L38
 736              	.LVL84:
 737              	.L44:
 267:controller/utils/comms.c ****     case TS_READ_COMMAND:
 738              		.loc 1 267 9 view .LVU168
 269:controller/utils/comms.c ****         uint16_t offset = *(uint16_t *)&request[3];
 739              		.loc 1 269 9 view .LVU169
 270:controller/utils/comms.c ****         uint16_t size = *(uint16_t *)&request[5];
 740              		.loc 1 270 9 view .LVU170
 271:controller/utils/comms.c ****         handle_page_read_command(page, offset, size);
 741              		.loc 1 271 9 view .LVU171
 272:controller/utils/comms.c ****         return;
 742              		.loc 1 272 9 view .LVU172
 743 00d6 B4F80520 		ldrh	r2, [r4, #5]
 744 00da B4F80310 		ldrh	r1, [r4, #3]
 745 00de 0020     		movs	r0, #0
 746 00e0 FFF7FEFF 		bl	handle_page_read_command
 747              	.LVL85:
 273:controller/utils/comms.c ****         break;
 748              		.loc 1 273 9 view .LVU173
 749 00e4 58E0     		b	.L38
 750              	.LVL86:
 751              	.L46:
 274:controller/utils/comms.c ****     case TS_CRC_CHECK_COMMAND:
 752              		.loc 1 274 9 view .LVU174
 276:controller/utils/comms.c ****         page_crc = swap_endian_uint32(page_crc);
 753              		.loc 1 276 9 view .LVU175
 276:controller/utils/comms.c ****         page_crc = swap_endian_uint32(page_crc);
 754              		.loc 1 276 29 is_stmt 0 view .LVU176
 755 00e6 41F6ED22 		movw	r2, #6893
 756 00ea 3849     		ldr	r1, .L64+12
 757 00ec 0020     		movs	r0, #0
 758 00ee FFF7FEFF 		bl	crc32_inc
 759              	.LVL87:
 276:controller/utils/comms.c ****         page_crc = swap_endian_uint32(page_crc);
 760              		.loc 1 276 18 discriminator 1 view .LVU177
 761 00f2 0090     		str	r0, [sp]
 277:controller/utils/comms.c ****         send_response(TS_RESPONSE_OK, (uint8_t *)&page_crc, sizeof(page_crc), TS_CRC);
 762              		.loc 1 277 9 is_stmt 1 view .LVU178
 763              	.LVL88:
 764              	.LBB27:
 765              	.LBI27:
 116:controller/utils/utils.h **** {
 766              		.loc 2 116 17 view .LVU179
 767              	.LBB28:
 118:controller/utils/utils.h ****             ((x >> 8) & 0x0000ff00) | ((x << 24) & 0xff000000));
 768              		.loc 2 118 5 view .LVU180
 118:controller/utils/utils.h ****             ((x >> 8) & 0x0000ff00) | ((x << 24) & 0xff000000));
 769              		.loc 2 118 44 is_stmt 0 view .LVU181
ARM GAS  C:\Users\alireza\AppData\Local\Temp\ccRCL63g.s 			page 24


 770 00f4 0302     		lsls	r3, r0, #8
 118:controller/utils/utils.h ****             ((x >> 8) & 0x0000ff00) | ((x << 24) & 0xff000000));
 771              		.loc 2 118 50 view .LVU182
 772 00f6 03F47F03 		and	r3, r3, #16711680
 118:controller/utils/utils.h ****             ((x >> 8) & 0x0000ff00) | ((x << 24) & 0xff000000));
 773              		.loc 2 118 38 view .LVU183
 774 00fa 43EA1063 		orr	r3, r3, r0, lsr #24
 775              		.loc 2 119 17 view .LVU184
 776 00fe 020A     		lsrs	r2, r0, #8
 777              		.loc 2 119 23 view .LVU185
 778 0100 02F47F42 		and	r2, r2, #65280
 118:controller/utils/utils.h ****             ((x >> 8) & 0x0000ff00) | ((x << 24) & 0xff000000));
 779              		.loc 2 118 64 view .LVU186
 780 0104 1343     		orrs	r3, r3, r2
 781              		.loc 2 119 37 view .LVU187
 782 0106 43EA0063 		orr	r3, r3, r0, lsl #24
 783              	.LVL89:
 784              		.loc 2 119 37 view .LVU188
 785              	.LBE28:
 786              	.LBE27:
 277:controller/utils/comms.c ****         send_response(TS_RESPONSE_OK, (uint8_t *)&page_crc, sizeof(page_crc), TS_CRC);
 787              		.loc 1 277 18 discriminator 1 view .LVU189
 788 010a 0093     		str	r3, [sp]
 278:controller/utils/comms.c ****         return;
 789              		.loc 1 278 9 is_stmt 1 view .LVU190
 790 010c 0123     		movs	r3, #1
 791 010e 0422     		movs	r2, #4
 792 0110 6946     		mov	r1, sp
 793 0112 0020     		movs	r0, #0
 794 0114 FFF7FEFF 		bl	send_response
 795              	.LVL90:
 279:controller/utils/comms.c ****         break;
 796              		.loc 1 279 9 view .LVU191
 797 0118 3EE0     		b	.L38
 798              	.LVL91:
 799              	.L48:
 280:controller/utils/comms.c **** 
 800              		.loc 1 280 9 view .LVU192
 801              	.LBB29:
 284:controller/utils/comms.c ****         uint16_t offset = *(uint16_t *)&request[3];
 802              		.loc 1 284 9 view .LVU193
 285:controller/utils/comms.c ****         uint16_t size = *(uint16_t *)&request[5];
 803              		.loc 1 285 9 view .LVU194
 285:controller/utils/comms.c ****         uint16_t size = *(uint16_t *)&request[5];
 804              		.loc 1 285 18 is_stmt 0 view .LVU195
 805 011a B4F80330 		ldrh	r3, [r4, #3]
 806              	.LVL92:
 286:controller/utils/comms.c ****         memcpy((uint8_t *)&config + offset, &request[7], size);
 807              		.loc 1 286 9 is_stmt 1 view .LVU196
 287:controller/utils/comms.c ****         send_response(TS_RESPONSE_OK, NULL, 0, TS_CRC);
 808              		.loc 1 287 9 view .LVU197
 809 011e B4F80520 		ldrh	r2, [r4, #5]
 810 0122 E11D     		adds	r1, r4, #7
 811 0124 2948     		ldr	r0, .L64+12
 812 0126 1844     		add	r0, r0, r3
 813 0128 FFF7FEFF 		bl	memcpy
 814              	.LVL93:
ARM GAS  C:\Users\alireza\AppData\Local\Temp\ccRCL63g.s 			page 25


 288:controller/utils/comms.c ****         return;
 815              		.loc 1 288 9 view .LVU198
 816 012c 0123     		movs	r3, #1
 817 012e 0022     		movs	r2, #0
 818 0130 1146     		mov	r1, r2
 819 0132 1046     		mov	r0, r2
 820 0134 FFF7FEFF 		bl	send_response
 821              	.LVL94:
 289:controller/utils/comms.c ****         break;
 822              		.loc 1 289 9 view .LVU199
 823 0138 2EE0     		b	.L38
 824              	.LVL95:
 825              	.L42:
 290:controller/utils/comms.c ****     }
 826              		.loc 1 290 9 view .LVU200
 827              	.LBE29:
 828              	.LBB30:
 294:controller/utils/comms.c ****         uint16_t offset = *(uint16_t *)&request[3];
 829              		.loc 1 294 9 view .LVU201
 295:controller/utils/comms.c ****         uint16_t size = *(uint16_t *)&request[5];
 830              		.loc 1 295 9 view .LVU202
 295:controller/utils/comms.c ****         uint16_t size = *(uint16_t *)&request[5];
 831              		.loc 1 295 18 is_stmt 0 view .LVU203
 832 013a B4F80330 		ldrh	r3, [r4, #3]
 833              	.LVL96:
 296:controller/utils/comms.c ****         memcpy((uint8_t *)&config + offset, &request[7], size);
 834              		.loc 1 296 9 is_stmt 1 view .LVU204
 297:controller/utils/comms.c ****         send_response(TS_RESPONSE_OK, NULL, 0, TS_CRC);
 835              		.loc 1 297 9 view .LVU205
 836 013e B4F80520 		ldrh	r2, [r4, #5]
 837 0142 E11D     		adds	r1, r4, #7
 838 0144 2148     		ldr	r0, .L64+12
 839 0146 1844     		add	r0, r0, r3
 840 0148 FFF7FEFF 		bl	memcpy
 841              	.LVL97:
 298:controller/utils/comms.c ****         return;
 842              		.loc 1 298 9 view .LVU206
 843 014c 0123     		movs	r3, #1
 844 014e 0022     		movs	r2, #0
 845 0150 1146     		mov	r1, r2
 846 0152 1046     		mov	r0, r2
 847 0154 FFF7FEFF 		bl	send_response
 848              	.LVL98:
 299:controller/utils/comms.c ****         break;
 849              		.loc 1 299 9 view .LVU207
 850 0158 1EE0     		b	.L38
 851              	.LVL99:
 852              	.L56:
 300:controller/utils/comms.c ****     }
 853              		.loc 1 300 9 view .LVU208
 854              	.LBE30:
 305:controller/utils/comms.c ****         send_response(TS_RESPONSE_BURN_OK, NULL, 0, TS_CRC);
 855              		.loc 1 305 9 view .LVU209
 856 015a FFF7FEFF 		bl	controller_save_configuration
 857              	.LVL100:
 306:controller/utils/comms.c ****         return;
 858              		.loc 1 306 9 view .LVU210
ARM GAS  C:\Users\alireza\AppData\Local\Temp\ccRCL63g.s 			page 26


 859 015e 0123     		movs	r3, #1
 860 0160 0022     		movs	r2, #0
 861 0162 1146     		mov	r1, r2
 862 0164 0420     		movs	r0, #4
 863 0166 FFF7FEFF 		bl	send_response
 864              	.LVL101:
 307:controller/utils/comms.c ****         break;
 865              		.loc 1 307 9 view .LVU211
 866 016a 15E0     		b	.L38
 867              	.LVL102:
 868              	.L45:
 308:controller/utils/comms.c **** 
 869              		.loc 1 308 9 view .LVU212
 311:controller/utils/comms.c ****         {
 870              		.loc 1 311 9 view .LVU213
 311:controller/utils/comms.c ****         {
 871              		.loc 1 311 24 is_stmt 0 view .LVU214
 872 016c E378     		ldrb	r3, [r4, #3]	@ zero_extendqisi2
 311:controller/utils/comms.c ****         {
 873              		.loc 1 311 9 view .LVU215
 874 016e 022B     		cmp	r3, #2
 875 0170 14D0     		beq	.L58
 876 0172 032B     		cmp	r3, #3
 877 0174 15D0     		beq	.L59
 878 0176 012B     		cmp	r3, #1
 879 0178 01D1     		bne	.L54
 314:controller/utils/comms.c ****             break;
 880              		.loc 1 314 13 is_stmt 1 view .LVU216
 881 017a FFF7FEFF 		bl	trigger_logger_composite_start
 882              	.LVL103:
 315:controller/utils/comms.c ****         case TS_COMPOSITE_DISABLE:
 883              		.loc 1 315 13 view .LVU217
 884              	.L54:
 327:controller/utils/comms.c ****         osEventFlagsSet(controller_command_flag, controller_command);
 885              		.loc 1 327 9 view .LVU218
 327:controller/utils/comms.c ****         osEventFlagsSet(controller_command_flag, controller_command);
 886              		.loc 1 327 39 is_stmt 0 view .LVU219
 887 017e B4F80310 		ldrh	r1, [r4, #3]
 888              	.LVL104:
 889              	.LBB31:
 890              	.LBI31:
 112:controller/utils/utils.h **** {
 891              		.loc 2 112 17 is_stmt 1 view .LVU220
 892              	.LBB32:
 114:controller/utils/utils.h **** }
 893              		.loc 2 114 5 view .LVU221
 114:controller/utils/utils.h **** }
 894              		.loc 2 114 22 is_stmt 0 view .LVU222
 895 0182 49BA     		rev16	r1, r1
 896              	.LVL105:
 114:controller/utils/utils.h **** }
 897              		.loc 2 114 22 view .LVU223
 898              	.LBE32:
 899              	.LBE31:
 328:controller/utils/comms.c ****         break;
 900              		.loc 1 328 9 is_stmt 1 view .LVU224
 901 0184 89B2     		uxth	r1, r1
ARM GAS  C:\Users\alireza\AppData\Local\Temp\ccRCL63g.s 			page 27


 328:controller/utils/comms.c ****         break;
 902              		.loc 1 328 9 is_stmt 0 view .LVU225
 903 0186 124B     		ldr	r3, .L64+16
 904 0188 1868     		ldr	r0, [r3]
 905 018a FFF7FEFF 		bl	osEventFlagsSet
 906              	.LVL106:
 329:controller/utils/comms.c ****     default:
 907              		.loc 1 329 9 is_stmt 1 view .LVU226
 908              	.L41:
 329:controller/utils/comms.c ****     default:
 909              		.loc 1 329 9 is_stmt 0 view .LVU227
 910              	.LBE26:
 334:controller/utils/comms.c **** }
 911              		.loc 1 334 5 is_stmt 1 view .LVU228
 912 018e 4FF40051 		mov	r1, #8192
 913 0192 1048     		ldr	r0, .L64+20
 914 0194 FFF7FEFF 		bl	HAL_GPIO_TogglePin
 915              	.LVL107:
 916              	.L38:
 335:controller/utils/comms.c **** 
 917              		.loc 1 335 1 is_stmt 0 view .LVU229
 918 0198 03B0     		add	sp, sp, #12
 919              		.cfi_remember_state
 920              		.cfi_def_cfa_offset 12
 921              		@ sp needed
 922 019a 30BD     		pop	{r4, r5, pc}
 923              	.LVL108:
 924              	.L58:
 925              		.cfi_restore_state
 926              	.LBB34:
 317:controller/utils/comms.c ****             break;
 927              		.loc 1 317 13 is_stmt 1 view .LVU230
 928 019c FFF7FEFF 		bl	trigger_logger_composite_stop
 929              	.LVL109:
 318:controller/utils/comms.c ****         case TS_COMPOSITE_READ:
 930              		.loc 1 318 13 view .LVU231
 931 01a0 EDE7     		b	.L54
 932              	.LVL110:
 933              	.L59:
 934              	.LBB33:
 321:controller/utils/comms.c ****             send_response(TS_RESPONSE_OK, trigger_logger_get_composite_data(), trigger_logger_get_c
 935              		.loc 1 321 13 view .LVU232
 321:controller/utils/comms.c ****             send_response(TS_RESPONSE_OK, trigger_logger_get_composite_data(), trigger_logger_get_c
 936              		.loc 1 321 36 is_stmt 0 view .LVU233
 937 01a2 FFF7FEFF 		bl	trigger_logger_get_buffer_status
 938              	.LVL111:
 322:controller/utils/comms.c ****         }
 939              		.loc 1 322 13 is_stmt 1 view .LVU234
 940 01a6 FFF7FEFF 		bl	trigger_logger_get_composite_data
 941              	.LVL112:
 942 01aa 0546     		mov	r5, r0
 322:controller/utils/comms.c ****         }
 943              		.loc 1 322 13 is_stmt 0 discriminator 1 view .LVU235
 944 01ac FFF7FEFF 		bl	trigger_logger_get_composite_data_size
 945              	.LVL113:
 946 01b0 0246     		mov	r2, r0
 322:controller/utils/comms.c ****         }
ARM GAS  C:\Users\alireza\AppData\Local\Temp\ccRCL63g.s 			page 28


 947              		.loc 1 322 13 discriminator 2 view .LVU236
 948 01b2 0123     		movs	r3, #1
 949 01b4 2946     		mov	r1, r5
 950 01b6 0020     		movs	r0, #0
 951 01b8 FFF7FEFF 		bl	send_response
 952              	.LVL114:
 953              	.LBE33:
 324:controller/utils/comms.c ****         }
 954              		.loc 1 324 9 is_stmt 1 view .LVU237
 955 01bc DFE7     		b	.L54
 956              	.L65:
 957 01be 00BF     		.align	2
 958              	.L64:
 959 01c0 00000000 		.word	.LC0
 960 01c4 04000000 		.word	.LC1
 961 01c8 00000000 		.word	runtime
 962 01cc 00000000 		.word	config
 963 01d0 00000000 		.word	controller_command_flag
 964 01d4 00080240 		.word	1073874944
 965              	.LBE34:
 966              		.cfi_endproc
 967              	.LFE248:
 969              		.section	.text.task_comms,"ax",%progbits
 970              		.align	1
 971              		.global	task_comms
 972              		.syntax unified
 973              		.thumb
 974              		.thumb_func
 976              	task_comms:
 977              	.LFB246:
 157:controller/utils/comms.c ****     usb_packet_ptr_t packet;
 978              		.loc 1 157 1 view -0
 979              		.cfi_startproc
 980              		@ Volatile: function does not return.
 981              		@ args = 0, pretend = 0, frame = 8
 982              		@ frame_needed = 0, uses_anonymous_args = 0
 983              	.LVL115:
 157:controller/utils/comms.c ****     usb_packet_ptr_t packet;
 984              		.loc 1 157 1 is_stmt 0 view .LVU239
 985 0000 00B5     		push	{lr}
 986              		.cfi_def_cfa_offset 4
 987              		.cfi_offset 14, -4
 988 0002 83B0     		sub	sp, sp, #12
 989              		.cfi_def_cfa_offset 16
 990              	.LVL116:
 991              	.L67:
 158:controller/utils/comms.c ****     for (;;)
 992              		.loc 1 158 5 is_stmt 1 view .LVU240
 159:controller/utils/comms.c ****     {
 993              		.loc 1 159 5 view .LVU241
 161:controller/utils/comms.c ****         {
 994              		.loc 1 161 9 view .LVU242
 161:controller/utils/comms.c ****         {
 995              		.loc 1 161 13 is_stmt 0 view .LVU243
 996 0004 4FF0FF33 		mov	r3, #-1
 997 0008 0022     		movs	r2, #0
 998 000a 6946     		mov	r1, sp
ARM GAS  C:\Users\alireza\AppData\Local\Temp\ccRCL63g.s 			page 29


 999 000c 0548     		ldr	r0, .L70
 1000 000e 0068     		ldr	r0, [r0]
 1001 0010 FFF7FEFF 		bl	osMessageQueueGet
 1002              	.LVL117:
 161:controller/utils/comms.c ****         {
 1003              		.loc 1 161 12 discriminator 1 view .LVU244
 1004 0014 0028     		cmp	r0, #0
 1005 0016 F5D1     		bne	.L67
 163:controller/utils/comms.c ****         }
 1006              		.loc 1 163 13 is_stmt 1 view .LVU245
 1007 0018 BDF80410 		ldrh	r1, [sp, #4]
 1008 001c 0098     		ldr	r0, [sp]
 1009 001e FFF7FEFF 		bl	process_command
 1010              	.LVL118:
 1011 0022 EFE7     		b	.L67
 1012              	.L71:
 1013              		.align	2
 1014              	.L70:
 1015 0024 00000000 		.word	usb_rx_queue
 1016              		.cfi_endproc
 1017              	.LFE246:
 1019              		.section	.text.handle_page_write_command,"ax",%progbits
 1020              		.align	1
 1021              		.global	handle_page_write_command
 1022              		.syntax unified
 1023              		.thumb
 1024              		.thumb_func
 1026              	handle_page_write_command:
 1027              	.LVL119:
 1028              	.LFB250:
 350:controller/utils/comms.c **** 
 351:controller/utils/comms.c **** void handle_page_write_command(uint16_t page, uint16_t offset, uint16_t count)
 352:controller/utils/comms.c **** {
 1029              		.loc 1 352 1 view -0
 1030              		.cfi_startproc
 1031              		@ args = 0, pretend = 0, frame = 0
 1032              		@ frame_needed = 0, uses_anonymous_args = 0
 1033              		@ link register save eliminated.
 353:controller/utils/comms.c ****     if (page > 1)
 1034              		.loc 1 353 5 view .LVU247
 354:controller/utils/comms.c ****     {
 355:controller/utils/comms.c ****         return;
 356:controller/utils/comms.c ****     }
 357:controller/utils/comms.c ****     if ((offset + count) > TS_PAGE_SIZE)
 1035              		.loc 1 357 5 view .LVU248
 358:controller/utils/comms.c ****     {
 359:controller/utils/comms.c ****         return;
 1036              		.loc 1 359 9 view .LVU249
 360:controller/utils/comms.c ****     }
 361:controller/utils/comms.c **** }
 1037              		.loc 1 361 1 is_stmt 0 view .LVU250
 1038 0000 7047     		bx	lr
 1039              		.cfi_endproc
 1040              	.LFE250:
 1042              		.global	task_controller_cmds_attr
 1043              		.section	.rodata.str1.4,"aMS",%progbits,1
 1044              		.align	2
ARM GAS  C:\Users\alireza\AppData\Local\Temp\ccRCL63g.s 			page 30


 1045              	.LC2:
 1046 0000 636F6E74 		.ascii	"controller_cmds\000"
 1046      726F6C6C 
 1046      65725F63 
 1046      6D647300 
 1047              		.section	.rodata.task_controller_cmds_attr,"a"
 1048              		.align	2
 1051              	task_controller_cmds_attr:
 1052 0000 00000000 		.word	.LC2
 1053 0004 00000000 		.space	4
 1054 0008 00000000 		.word	task_controller_cmds_cb
 1055 000c 5C000000 		.word	92
 1056 0010 00000000 		.word	task_controller_cmds_mem
 1057 0014 00020000 		.word	512
 1058 0018 18000000 		.word	24
 1059 001c 00000000 		.space	8
 1059      00000000 
 1060              		.section	.bss.task_controller_cmds_mem,"aw",%nobits
 1061              		.align	2
 1064              	task_controller_cmds_mem:
 1065 0000 00000000 		.space	512
 1065      00000000 
 1065      00000000 
 1065      00000000 
 1065      00000000 
 1066              		.section	.bss.task_controller_cmds_cb,"aw",%nobits
 1067              		.align	2
 1070              	task_controller_cmds_cb:
 1071 0000 00000000 		.space	92
 1071      00000000 
 1071      00000000 
 1071      00000000 
 1071      00000000 
 1072              		.global	task_comms_attrs
 1073              		.section	.rodata.str1.4
 1074              		.align	2
 1075              	.LC3:
 1076 0010 7461736B 		.ascii	"task_comms\000"
 1076      5F636F6D 
 1076      6D7300
 1077              		.section	.rodata.task_comms_attrs,"a"
 1078              		.align	2
 1081              	task_comms_attrs:
 1082 0000 10000000 		.word	.LC3
 1083 0004 00000000 		.space	4
 1084 0008 00000000 		.word	task_comms_cb
 1085 000c 5C000000 		.word	92
 1086 0010 00000000 		.word	task_comms_mem
 1087 0014 00080000 		.word	2048
 1088 0018 18000000 		.word	24
 1089 001c 00000000 		.space	8
 1089      00000000 
 1090              		.section	.bss.task_comms_mem,"aw",%nobits
 1091              		.align	2
 1094              	task_comms_mem:
 1095 0000 00000000 		.space	2048
 1095      00000000 
ARM GAS  C:\Users\alireza\AppData\Local\Temp\ccRCL63g.s 			page 31


 1095      00000000 
 1095      00000000 
 1095      00000000 
 1096              		.section	.bss.task_comms_cb,"aw",%nobits
 1097              		.align	2
 1100              	task_comms_cb:
 1101 0000 00000000 		.space	92
 1101      00000000 
 1101      00000000 
 1101      00000000 
 1101      00000000 
 1102              		.global	comms_os_flags
 1103              		.section	.bss.comms_os_flags,"aw",%nobits
 1104              		.align	2
 1107              	comms_os_flags:
 1108 0000 00000000 		.space	4
 1109              		.global	controller_command_flag
 1110              		.section	.bss.controller_command_flag,"aw",%nobits
 1111              		.align	2
 1114              	controller_command_flag:
 1115 0000 00000000 		.space	4
 1116              		.global	rx_buffer
 1117              		.section	.bss.rx_buffer,"aw",%nobits
 1118              		.align	2
 1121              	rx_buffer:
 1122 0000 00000000 		.space	1054
 1122      00000000 
 1122      00000000 
 1122      00000000 
 1122      00000000 
 1123              		.global	tx_buffer
 1124              		.section	.bss.tx_buffer,"aw",%nobits
 1125              		.align	2
 1128              	tx_buffer:
 1129 0000 00000000 		.space	1054
 1129      00000000 
 1129      00000000 
 1129      00000000 
 1129      00000000 
 1130              		.global	rx_packet
 1131              		.section	.bss.rx_packet,"aw",%nobits
 1132              		.align	2
 1135              	rx_packet:
 1136 0000 00000000 		.space	66
 1136      00000000 
 1136      00000000 
 1136      00000000 
 1136      00000000 
 1137              		.global	usb_rx_queue
 1138              		.section	.bss.usb_rx_queue,"aw",%nobits
 1139              		.align	2
 1142              	usb_rx_queue:
 1143 0000 00000000 		.space	4
 1144              		.text
 1145              	.Letext0:
 1146              		.file 3 "C:/Users/alireza/AppData/Roaming/Code/User/globalStorage/bmd.stm32-for-vscode/@xpack-dev-
 1147              		.file 4 "C:/Users/alireza/AppData/Roaming/Code/User/globalStorage/bmd.stm32-for-vscode/@xpack-dev-
ARM GAS  C:\Users\alireza\AppData\Local\Temp\ccRCL63g.s 			page 32


 1148              		.file 5 "Drivers/CMSIS/Device/ST/STM32F4xx/Include/stm32f401xc.h"
 1149              		.file 6 "C:/Users/alireza/AppData/Roaming/Code/User/globalStorage/bmd.stm32-for-vscode/@xpack-dev-
 1150              		.file 7 "Drivers/STM32F4xx_HAL_Driver/Inc/stm32f4xx_hal_gpio.h"
 1151              		.file 8 "Middlewares/Third_Party/FreeRTOS/Source/CMSIS_RTOS_V2/cmsis_os2.h"
 1152              		.file 9 "controller/types.h"
 1153              		.file 10 "controller/tables.h"
 1154              		.file 11 "controller/config_and_runtime.h"
 1155              		.file 12 "controller/utils/comms.h"
 1156              		.file 13 "controller/utils/trigger_logger.h"
 1157              		.file 14 "controller/controller.h"
 1158              		.file 15 "USB_DEVICE/App/usbd_cdc_if.h"
 1159              		.file 16 "C:/Users/alireza/AppData/Roaming/Code/User/globalStorage/bmd.stm32-for-vscode/@xpack-dev
 1160              		.file 17 "<built-in>"
ARM GAS  C:\Users\alireza\AppData\Local\Temp\ccRCL63g.s 			page 33


DEFINED SYMBOLS
                            *ABS*:00000000 comms.c
C:\Users\alireza\AppData\Local\Temp\ccRCL63g.s:21     .text.transmit_crc_packet:00000000 $t
C:\Users\alireza\AppData\Local\Temp\ccRCL63g.s:27     .text.transmit_crc_packet:00000000 transmit_crc_packet
C:\Users\alireza\AppData\Local\Temp\ccRCL63g.s:164    .text.transmit_crc_packet:00000078 $d
C:\Users\alireza\AppData\Local\Temp\ccRCL63g.s:1128   .bss.tx_buffer:00000000 tx_buffer
C:\Users\alireza\AppData\Local\Temp\ccRCL63g.s:169    .text.send_response:00000000 $t
C:\Users\alireza\AppData\Local\Temp\ccRCL63g.s:175    .text.send_response:00000000 send_response
C:\Users\alireza\AppData\Local\Temp\ccRCL63g.s:232    .text.send_response:00000030 $d
C:\Users\alireza\AppData\Local\Temp\ccRCL63g.s:238    .text.comms_init:00000000 $t
C:\Users\alireza\AppData\Local\Temp\ccRCL63g.s:244    .text.comms_init:00000000 comms_init
C:\Users\alireza\AppData\Local\Temp\ccRCL63g.s:289    .text.comms_init:00000030 $d
C:\Users\alireza\AppData\Local\Temp\ccRCL63g.s:1142   .bss.usb_rx_queue:00000000 usb_rx_queue
C:\Users\alireza\AppData\Local\Temp\ccRCL63g.s:1081   .rodata.task_comms_attrs:00000000 task_comms_attrs
C:\Users\alireza\AppData\Local\Temp\ccRCL63g.s:976    .text.task_comms:00000000 task_comms
C:\Users\alireza\AppData\Local\Temp\ccRCL63g.s:1114   .bss.controller_command_flag:00000000 controller_command_flag
C:\Users\alireza\AppData\Local\Temp\ccRCL63g.s:1051   .rodata.task_controller_cmds_attr:00000000 task_controller_cmds_attr
C:\Users\alireza\AppData\Local\Temp\ccRCL63g.s:299    .rodata.process_plain_command.str1.4:00000000 $d
C:\Users\alireza\AppData\Local\Temp\ccRCL63g.s:306    .text.process_plain_command:00000000 $t
C:\Users\alireza\AppData\Local\Temp\ccRCL63g.s:312    .text.process_plain_command:00000000 process_plain_command
C:\Users\alireza\AppData\Local\Temp\ccRCL63g.s:334    .text.process_plain_command:0000000e $d
C:\Users\alireza\AppData\Local\Temp\ccRCL63g.s:451    .text.process_plain_command:00000074 $d
C:\Users\alireza\AppData\Local\Temp\ccRCL63g.s:457    .text.handle_page_read_command:00000000 $t
C:\Users\alireza\AppData\Local\Temp\ccRCL63g.s:463    .text.handle_page_read_command:00000000 handle_page_read_command
C:\Users\alireza\AppData\Local\Temp\ccRCL63g.s:514    .text.handle_page_read_command:00000024 $d
C:\Users\alireza\AppData\Local\Temp\ccRCL63g.s:519    .text.process_command:00000000 $t
C:\Users\alireza\AppData\Local\Temp\ccRCL63g.s:525    .text.process_command:00000000 process_command
C:\Users\alireza\AppData\Local\Temp\ccRCL63g.s:572    .text.process_command:00000024 $d
C:\Users\alireza\AppData\Local\Temp\ccRCL63g.s:627    .text.process_command:0000005a $t
C:\Users\alireza\AppData\Local\Temp\ccRCL63g.s:959    .text.process_command:000001c0 $d
C:\Users\alireza\AppData\Local\Temp\ccRCL63g.s:970    .text.task_comms:00000000 $t
C:\Users\alireza\AppData\Local\Temp\ccRCL63g.s:1015   .text.task_comms:00000024 $d
C:\Users\alireza\AppData\Local\Temp\ccRCL63g.s:1020   .text.handle_page_write_command:00000000 $t
C:\Users\alireza\AppData\Local\Temp\ccRCL63g.s:1026   .text.handle_page_write_command:00000000 handle_page_write_command
C:\Users\alireza\AppData\Local\Temp\ccRCL63g.s:1044   .rodata.str1.4:00000000 $d
C:\Users\alireza\AppData\Local\Temp\ccRCL63g.s:1048   .rodata.task_controller_cmds_attr:00000000 $d
C:\Users\alireza\AppData\Local\Temp\ccRCL63g.s:1070   .bss.task_controller_cmds_cb:00000000 task_controller_cmds_cb
C:\Users\alireza\AppData\Local\Temp\ccRCL63g.s:1064   .bss.task_controller_cmds_mem:00000000 task_controller_cmds_mem
C:\Users\alireza\AppData\Local\Temp\ccRCL63g.s:1061   .bss.task_controller_cmds_mem:00000000 $d
C:\Users\alireza\AppData\Local\Temp\ccRCL63g.s:1067   .bss.task_controller_cmds_cb:00000000 $d
C:\Users\alireza\AppData\Local\Temp\ccRCL63g.s:1078   .rodata.task_comms_attrs:00000000 $d
C:\Users\alireza\AppData\Local\Temp\ccRCL63g.s:1100   .bss.task_comms_cb:00000000 task_comms_cb
C:\Users\alireza\AppData\Local\Temp\ccRCL63g.s:1094   .bss.task_comms_mem:00000000 task_comms_mem
C:\Users\alireza\AppData\Local\Temp\ccRCL63g.s:1091   .bss.task_comms_mem:00000000 $d
C:\Users\alireza\AppData\Local\Temp\ccRCL63g.s:1097   .bss.task_comms_cb:00000000 $d
C:\Users\alireza\AppData\Local\Temp\ccRCL63g.s:1107   .bss.comms_os_flags:00000000 comms_os_flags
C:\Users\alireza\AppData\Local\Temp\ccRCL63g.s:1104   .bss.comms_os_flags:00000000 $d
C:\Users\alireza\AppData\Local\Temp\ccRCL63g.s:1111   .bss.controller_command_flag:00000000 $d
C:\Users\alireza\AppData\Local\Temp\ccRCL63g.s:1121   .bss.rx_buffer:00000000 rx_buffer
C:\Users\alireza\AppData\Local\Temp\ccRCL63g.s:1118   .bss.rx_buffer:00000000 $d
C:\Users\alireza\AppData\Local\Temp\ccRCL63g.s:1125   .bss.tx_buffer:00000000 $d
C:\Users\alireza\AppData\Local\Temp\ccRCL63g.s:1135   .bss.rx_packet:00000000 rx_packet
C:\Users\alireza\AppData\Local\Temp\ccRCL63g.s:1132   .bss.rx_packet:00000000 $d
C:\Users\alireza\AppData\Local\Temp\ccRCL63g.s:1139   .bss.usb_rx_queue:00000000 $d
C:\Users\alireza\AppData\Local\Temp\ccRCL63g.s:351    .text.process_plain_command:0000001f $d
C:\Users\alireza\AppData\Local\Temp\ccRCL63g.s:351    .text.process_plain_command:00000020 $t

ARM GAS  C:\Users\alireza\AppData\Local\Temp\ccRCL63g.s 			page 34


UNDEFINED SYMBOLS
crc32_inc
memcpy
CDC_Transmit_FS
HAL_GPIO_WritePin
osMessageQueueNew
osThreadNew
osEventFlagsNew
task_controller_cmds
config
controller_save_configuration
trigger_logger_composite_start
osEventFlagsSet
HAL_GPIO_TogglePin
trigger_logger_composite_stop
trigger_logger_get_buffer_status
trigger_logger_get_composite_data
trigger_logger_get_composite_data_size
runtime
osMessageQueueGet
