ARM GAS  C:\Users\alireza\AppData\Local\Temp\ccbZe9GG.s 			page 1


   1              		.cpu cortex-m4
   2              		.arch armv7e-m
   3              		.fpu fpv4-sp-d16
   4              		.eabi_attribute 27, 1
   5              		.eabi_attribute 28, 1
   6              		.eabi_attribute 20, 1
   7              		.eabi_attribute 21, 1
   8              		.eabi_attribute 23, 3
   9              		.eabi_attribute 24, 1
  10              		.eabi_attribute 25, 1
  11              		.eabi_attribute 26, 1
  12              		.eabi_attribute 30, 1
  13              		.eabi_attribute 34, 1
  14              		.eabi_attribute 18, 4
  15              		.file	"fan_control.c"
  16              		.text
  17              	.Ltext0:
  18              		.cfi_sections	.debug_frame
  19              		.file 1 "controller/actuators/fan_control.c"
  20              		.section	.text.fan_control_update,"ax",%progbits
  21              		.align	1
  22              		.global	fan_control_update
  23              		.syntax unified
  24              		.thumb
  25              		.thumb_func
  27              	fan_control_update:
  28              	.LFB239:
   1:controller/actuators/fan_control.c **** #include "fan_control.h"
   2:controller/actuators/fan_control.c **** 
   3:controller/actuators/fan_control.c **** static bool thermostat(temperature_t temp, temperature_t on_temp, temperature_t off_temp)
   4:controller/actuators/fan_control.c **** {
   5:controller/actuators/fan_control.c ****     if (temp > on_temp)
   6:controller/actuators/fan_control.c ****     {
   7:controller/actuators/fan_control.c ****         return true;
   8:controller/actuators/fan_control.c ****     }
   9:controller/actuators/fan_control.c ****     else if (temp < off_temp)
  10:controller/actuators/fan_control.c ****     {
  11:controller/actuators/fan_control.c ****         return false;
  12:controller/actuators/fan_control.c ****     }
  13:controller/actuators/fan_control.c **** }
  14:controller/actuators/fan_control.c **** void fan_control_update()
  15:controller/actuators/fan_control.c **** {
  29              		.loc 1 15 1 view -0
  30              		.cfi_startproc
  31              		@ args = 0, pretend = 0, frame = 0
  32              		@ frame_needed = 0, uses_anonymous_args = 0
  33 0000 38B5     		push	{r3, r4, r5, lr}
  34              		.cfi_def_cfa_offset 16
  35              		.cfi_offset 3, -16
  36              		.cfi_offset 4, -12
  37              		.cfi_offset 5, -8
  38              		.cfi_offset 14, -4
  16:controller/actuators/fan_control.c ****     temperature_t current_temp = sensor_clt_get();
  39              		.loc 1 16 5 view .LVU1
  40              		.loc 1 16 34 is_stmt 0 view .LVU2
  41 0002 FFF7FEFF 		bl	sensor_clt_get
  42              	.LVL0:
ARM GAS  C:\Users\alireza\AppData\Local\Temp\ccbZe9GG.s 			page 2


  17:controller/actuators/fan_control.c **** 
  18:controller/actuators/fan_control.c ****     bool fan1_command = false;
  43              		.loc 1 18 5 is_stmt 1 view .LVU3
  19:controller/actuators/fan_control.c ****     bool fan2_command = false;
  44              		.loc 1 19 5 view .LVU4
  20:controller/actuators/fan_control.c ****     
  21:controller/actuators/fan_control.c ****     if (config.fan1_enabled)
  45              		.loc 1 21 5 view .LVU5
  46              		.loc 1 21 15 is_stmt 0 view .LVU6
  47 0006 254B     		ldr	r3, .L19
  48 0008 93F8E73A 		ldrb	r3, [r3, #2791]	@ zero_extendqisi2
  49              		.loc 1 21 8 view .LVU7
  50 000c 5BB1     		cbz	r3, .L10
  22:controller/actuators/fan_control.c ****     {
  23:controller/actuators/fan_control.c ****         if (current_temp > config.fan1_on_temp)
  51              		.loc 1 23 9 is_stmt 1 view .LVU8
  52              		.loc 1 23 34 is_stmt 0 view .LVU9
  53 000e 234B     		ldr	r3, .L19
  54 0010 D3F82C38 		ldr	r3, [r3, #2092]	@ unaligned
  55              		.loc 1 23 12 view .LVU10
  56 0014 07EE903A 		vmov	s15, r3
  57 0018 F4EEC07A 		vcmpe.f32	s15, s0
  58 001c F1EE10FA 		vmrs	APSR_nzcv, FPSCR
  59 0020 12D5     		bpl	.L16
  24:controller/actuators/fan_control.c ****         {
  25:controller/actuators/fan_control.c ****             fan1_command = true;
  60              		.loc 1 25 26 view .LVU11
  61 0022 0125     		movs	r5, #1
  62 0024 00E0     		b	.L2
  63              	.L10:
  26:controller/actuators/fan_control.c ****         }
  27:controller/actuators/fan_control.c ****         else if (current_temp < config.fan1_off_temp)
  28:controller/actuators/fan_control.c ****         {
  29:controller/actuators/fan_control.c ****             fan1_command = false;
  30:controller/actuators/fan_control.c ****         }
  31:controller/actuators/fan_control.c ****     }
  32:controller/actuators/fan_control.c ****     else
  33:controller/actuators/fan_control.c ****     {
  34:controller/actuators/fan_control.c ****         fan1_command = false;
  64              		.loc 1 34 22 view .LVU12
  65 0026 0025     		movs	r5, #0
  66              	.L2:
  67              	.LVL1:
  35:controller/actuators/fan_control.c ****     }
  36:controller/actuators/fan_control.c ****     
  37:controller/actuators/fan_control.c ****     if (config.fan2_enabled)
  68              		.loc 1 37 5 is_stmt 1 view .LVU13
  69              		.loc 1 37 15 is_stmt 0 view .LVU14
  70 0028 1C4B     		ldr	r3, .L19
  71 002a 93F8E83A 		ldrb	r3, [r3, #2792]	@ zero_extendqisi2
  72              		.loc 1 37 8 view .LVU15
  73 002e 6BB1     		cbz	r3, .L12
  38:controller/actuators/fan_control.c ****     {
  39:controller/actuators/fan_control.c ****         if (current_temp > config.fan2_on_temp)
  74              		.loc 1 39 9 is_stmt 1 view .LVU16
  75              		.loc 1 39 34 is_stmt 0 view .LVU17
  76 0030 1A4B     		ldr	r3, .L19
ARM GAS  C:\Users\alireza\AppData\Local\Temp\ccbZe9GG.s 			page 3


  77 0032 D3F83438 		ldr	r3, [r3, #2100]	@ unaligned
  78              		.loc 1 39 12 view .LVU18
  79 0036 07EE903A 		vmov	s15, r3
  80 003a F4EEC07A 		vcmpe.f32	s15, s0
  81 003e F1EE10FA 		vmrs	APSR_nzcv, FPSCR
  82 0042 1CD5     		bpl	.L17
  40:controller/actuators/fan_control.c ****         {
  41:controller/actuators/fan_control.c ****             fan2_command = true;
  83              		.loc 1 41 26 view .LVU19
  84 0044 0124     		movs	r4, #1
  85 0046 02E0     		b	.L4
  86              	.LVL2:
  87              	.L16:
  18:controller/actuators/fan_control.c ****     bool fan2_command = false;
  88              		.loc 1 18 10 view .LVU20
  89 0048 0025     		movs	r5, #0
  90 004a EDE7     		b	.L2
  91              	.LVL3:
  92              	.L12:
  42:controller/actuators/fan_control.c ****         }
  43:controller/actuators/fan_control.c ****         else if (current_temp < config.fan2_off_temp)
  44:controller/actuators/fan_control.c ****         {
  45:controller/actuators/fan_control.c ****             fan2_command = false;
  46:controller/actuators/fan_control.c ****         }
  47:controller/actuators/fan_control.c ****     }
  48:controller/actuators/fan_control.c ****     else
  49:controller/actuators/fan_control.c ****     {
  50:controller/actuators/fan_control.c ****        fan2_command = false;
  93              		.loc 1 50 21 view .LVU21
  94 004c 0024     		movs	r4, #0
  95              	.L4:
  96              	.LVL4:
  51:controller/actuators/fan_control.c ****     }
  52:controller/actuators/fan_control.c ****     
  53:controller/actuators/fan_control.c ****     HAL_GPIO_WritePin(FAN_1_GPIO_Port, FAN_1_Pin, fan1_command);
  97              		.loc 1 53 5 is_stmt 1 view .LVU22
  98 004e 2A46     		mov	r2, r5
  99 0050 0421     		movs	r1, #4
 100 0052 1348     		ldr	r0, .L19+4
 101 0054 FFF7FEFF 		bl	HAL_GPIO_WritePin
 102              	.LVL5:
  54:controller/actuators/fan_control.c ****     change_bit(&runtime.status, STATUS_FAN1_ON, fan1_command);
 103              		.loc 1 54 5 view .LVU23
 104              	.LBB6:
 105              	.LBI6:
 106              		.file 2 "controller/utils/utils.h"
   1:controller/utils/utils.h **** /**
   2:controller/utils/utils.h ****  * @file utils.h
   3:controller/utils/utils.h ****  * @brief Header file containing utility functions and definitions for the smart generator controll
   4:controller/utils/utils.h ****  *
   5:controller/utils/utils.h ****  * This file provides declarations for utility functions and macros that are
   6:controller/utils/utils.h ****  * used throughout the firmware to support various functionalities.
   7:controller/utils/utils.h ****  *
   8:controller/utils/utils.h ****  * @note Ensure that this file is included wherever utility functions are required.
   9:controller/utils/utils.h ****  */
  10:controller/utils/utils.h **** #ifndef UTILS_H
  11:controller/utils/utils.h **** #define UTILS_H
ARM GAS  C:\Users\alireza\AppData\Local\Temp\ccbZe9GG.s 			page 4


  12:controller/utils/utils.h **** 
  13:controller/utils/utils.h **** #include "types.h"
  14:controller/utils/utils.h **** #include "math.h"
  15:controller/utils/utils.h **** 
  16:controller/utils/utils.h **** #define PI 3.14159265358979323846f
  17:controller/utils/utils.h **** #define IS_IN_RANGE(value, min, max) ((value) >= (min) && (value) <= (max))
  18:controller/utils/utils.h **** #define ABS(value) ((value) < 0 ? -(value) : (value))
  19:controller/utils/utils.h **** #define CLAMP(value, min, max) ((value) < (min) ? (min) : ((value) > (max) ? (max) : (value)))
  20:controller/utils/utils.h **** 
  21:controller/utils/utils.h **** #define SIZE_OF_ARRAY(arr) (sizeof(arr) / sizeof(arr[0]))
  22:controller/utils/utils.h **** 
  23:controller/utils/utils.h **** bool is_phase_in_range(float test, float current, float next);
  24:controller/utils/utils.h **** 
  25:controller/utils/utils.h **** size_t nearest_index_float(const float *arr, size_t size, float target);
  26:controller/utils/utils.h **** size_t nearest_index_u8(const uint8_t *arr, size_t size, uint8_t target);
  27:controller/utils/utils.h **** size_t nearest_index_u16(const uint16_t *arr, size_t size, uint16_t target);
  28:controller/utils/utils.h **** size_t nearest_index_u32(const uint32_t *arr, size_t size, uint32_t target);
  29:controller/utils/utils.h **** 
  30:controller/utils/utils.h **** static inline void change_bit(uint32_t *var, uint8_t bit, bool state)
 107              		.loc 2 30 20 view .LVU24
 108              	.LBB7:
  31:controller/utils/utils.h **** {
  32:controller/utils/utils.h ****     if (bit > 31)
 109              		.loc 2 32 5 view .LVU25
  33:controller/utils/utils.h ****     {
  34:controller/utils/utils.h ****         return;
  35:controller/utils/utils.h ****     }
  36:controller/utils/utils.h ****     if (state)
 110              		.loc 2 36 5 view .LVU26
 111              		.loc 2 36 8 is_stmt 0 view .LVU27
 112 0058 9DB1     		cbz	r5, .L6
  37:controller/utils/utils.h ****     {
  38:controller/utils/utils.h ****         *var |= (1u << bit);
 113              		.loc 2 38 9 is_stmt 1 view .LVU28
 114 005a 124A     		ldr	r2, .L19+8
 115 005c 1368     		ldr	r3, [r2]
 116              		.loc 2 38 14 is_stmt 0 view .LVU29
 117 005e 43F04003 		orr	r3, r3, #64
 118 0062 1360     		str	r3, [r2]
 119              	.L7:
 120              	.LVL6:
 121              		.loc 2 38 14 view .LVU30
 122              	.LBE7:
 123              	.LBE6:
  55:controller/actuators/fan_control.c ****     
  56:controller/actuators/fan_control.c ****     HAL_GPIO_WritePin(FAN_2_GPIO_Port, FAN_2_Pin, fan2_command);
 124              		.loc 1 56 5 is_stmt 1 view .LVU31
 125 0064 2246     		mov	r2, r4
 126 0066 4FF48061 		mov	r1, #1024
 127 006a 0D48     		ldr	r0, .L19+4
 128 006c FFF7FEFF 		bl	HAL_GPIO_WritePin
 129              	.LVL7:
  57:controller/actuators/fan_control.c ****     change_bit(&runtime.status, STATUS_FAN2_ON, fan2_command);
 130              		.loc 1 57 5 view .LVU32
 131              	.LBB9:
 132              	.LBI9:
  30:controller/utils/utils.h **** {
ARM GAS  C:\Users\alireza\AppData\Local\Temp\ccbZe9GG.s 			page 5


 133              		.loc 2 30 20 view .LVU33
 134              	.LBB10:
  32:controller/utils/utils.h ****     {
 135              		.loc 2 32 5 view .LVU34
  36:controller/utils/utils.h ****     {
 136              		.loc 2 36 5 view .LVU35
  36:controller/utils/utils.h ****     {
 137              		.loc 2 36 8 is_stmt 0 view .LVU36
 138 0070 6CB1     		cbz	r4, .L8
 139              		.loc 2 38 9 is_stmt 1 view .LVU37
 140 0072 0C4A     		ldr	r2, .L19+8
 141 0074 1368     		ldr	r3, [r2]
 142              		.loc 2 38 14 is_stmt 0 view .LVU38
 143 0076 43F08003 		orr	r3, r3, #128
 144 007a 1360     		str	r3, [r2]
 145              	.LVL8:
 146              	.L1:
 147              		.loc 2 38 14 view .LVU39
 148              	.LBE10:
 149              	.LBE9:
  58:controller/actuators/fan_control.c **** 
  59:controller/actuators/fan_control.c **** }...
 150              		.loc 1 59 1 view .LVU40
 151 007c 38BD     		pop	{r3, r4, r5, pc}
 152              	.LVL9:
 153              	.L17:
  19:controller/actuators/fan_control.c ****     bool fan2_command = false;
 154              		.loc 1 19 10 view .LVU41
 155 007e 0024     		movs	r4, #0
 156 0080 E5E7     		b	.L4
 157              	.LVL10:
 158              	.L6:
 159              	.LBB12:
 160              	.LBB8:
  39:controller/utils/utils.h ****     }
  40:controller/utils/utils.h ****     else
  41:controller/utils/utils.h ****     {
  42:controller/utils/utils.h ****         *var &= ~(1u << bit);
 161              		.loc 2 42 9 is_stmt 1 view .LVU42
 162 0082 084A     		ldr	r2, .L19+8
 163 0084 1368     		ldr	r3, [r2]
 164              		.loc 2 42 14 is_stmt 0 view .LVU43
 165 0086 23F04003 		bic	r3, r3, #64
 166 008a 1360     		str	r3, [r2]
 167 008c EAE7     		b	.L7
 168              	.LVL11:
 169              	.L8:
 170              		.loc 2 42 14 view .LVU44
 171              	.LBE8:
 172              	.LBE12:
 173              	.LBB13:
 174              	.LBB11:
 175              		.loc 2 42 9 is_stmt 1 view .LVU45
 176 008e 054A     		ldr	r2, .L19+8
 177 0090 1368     		ldr	r3, [r2]
 178              		.loc 2 42 14 is_stmt 0 view .LVU46
 179 0092 23F08003 		bic	r3, r3, #128
ARM GAS  C:\Users\alireza\AppData\Local\Temp\ccbZe9GG.s 			page 6


 180 0096 1360     		str	r3, [r2]
 181              	.LVL12:
 182              		.loc 2 42 14 view .LVU47
 183              	.LBE11:
 184              	.LBE13:
 185              		.loc 1 59 1 view .LVU48
 186 0098 F0E7     		b	.L1
 187              	.L20:
 188 009a 00BF     		.align	2
 189              	.L19:
 190 009c 00100000 		.word	config+4096
 191 00a0 00040240 		.word	1073873920
 192 00a4 00000000 		.word	runtime
 193              		.cfi_endproc
 194              	.LFE239:
 196              		.text
 197              	.Letext0:
 198              		.file 3 "C:/Users/alireza/AppData/Roaming/Code/User/globalStorage/bmd.stm32-for-vscode/@xpack-dev-
 199              		.file 4 "C:/Users/alireza/AppData/Roaming/Code/User/globalStorage/bmd.stm32-for-vscode/@xpack-dev-
 200              		.file 5 "Drivers/CMSIS/Device/ST/STM32F4xx/Include/stm32f401xc.h"
 201              		.file 6 "Drivers/STM32F4xx_HAL_Driver/Inc/stm32f4xx_hal_def.h"
 202              		.file 7 "Drivers/STM32F4xx_HAL_Driver/Inc/stm32f4xx_hal_gpio.h"
 203              		.file 8 "Drivers/STM32F4xx_HAL_Driver/Inc/stm32f4xx_hal_dma.h"
 204              		.file 9 "Drivers/STM32F4xx_HAL_Driver/Inc/stm32f4xx_hal_tim.h"
 205              		.file 10 "controller/types.h"
 206              		.file 11 "controller/IO/analog_inputs.h"
 207              		.file 12 "controller/IO/resistor.h"
 208              		.file 13 "controller/IO/thermistor.h"
 209              		.file 14 "controller/tables.h"
 210              		.file 15 "controller/config_and_runtime.h"
 211              		.file 16 "controller/IO/sensors.h"
 212              		.file 17 "controller/actuators/dc_motors.h"
 213              		.file 18 "controller/utils/pid.h"
 214              		.file 19 "controller/actuators/electronic_throttle.h"
 215              		.file 20 "controller/controller.h"
ARM GAS  C:\Users\alireza\AppData\Local\Temp\ccbZe9GG.s 			page 7


DEFINED SYMBOLS
                            *ABS*:00000000 fan_control.c
C:\Users\alireza\AppData\Local\Temp\ccbZe9GG.s:21     .text.fan_control_update:00000000 $t
C:\Users\alireza\AppData\Local\Temp\ccbZe9GG.s:27     .text.fan_control_update:00000000 fan_control_update
C:\Users\alireza\AppData\Local\Temp\ccbZe9GG.s:190    .text.fan_control_update:0000009c $d

UNDEFINED SYMBOLS
sensor_clt_get
HAL_GPIO_WritePin
config
runtime
