ARM GAS  C:\Users\alireza\AppData\Local\Temp\ccs39DyZ.s 			page 1


   1              		.cpu cortex-m4
   2              		.arch armv7e-m
   3              		.fpu fpv4-sp-d16
   4              		.eabi_attribute 27, 1
   5              		.eabi_attribute 28, 1
   6              		.eabi_attribute 20, 1
   7              		.eabi_attribute 21, 1
   8              		.eabi_attribute 23, 3
   9              		.eabi_attribute 24, 1
  10              		.eabi_attribute 25, 1
  11              		.eabi_attribute 26, 1
  12              		.eabi_attribute 30, 1
  13              		.eabi_attribute 34, 1
  14              		.eabi_attribute 18, 4
  15              		.file	"protection.c"
  16              		.text
  17              	.Ltext0:
  18              		.cfi_sections	.debug_frame
  19              		.file 1 "controller/algorithm/protection.c"
  20              		.section	.text.protections_update,"ax",%progbits
  21              		.align	1
  22              		.global	protections_update
  23              		.syntax unified
  24              		.thumb
  25              		.thumb_func
  27              	protections_update:
  28              	.LFB238:
   1:controller/algorithm/protection.c **** #include "protection.h"
   2:controller/algorithm/protection.c **** 
   3:controller/algorithm/protection.c **** 
   4:controller/algorithm/protection.c **** void protections_update()
   5:controller/algorithm/protection.c **** {
  29              		.loc 1 5 1 view -0
  30              		.cfi_startproc
  31              		@ args = 0, pretend = 0, frame = 0
  32              		@ frame_needed = 0, uses_anonymous_args = 0
  33              		@ link register save eliminated.
   6:controller/algorithm/protection.c **** 
   7:controller/algorithm/protection.c **** 
   8:controller/algorithm/protection.c **** }
  34              		.loc 1 8 1 view .LVU1
  35 0000 7047     		bx	lr
  36              		.cfi_endproc
  37              	.LFE238:
  39              		.text
  40              	.Letext0:
ARM GAS  C:\Users\alireza\AppData\Local\Temp\ccs39DyZ.s 			page 2


DEFINED SYMBOLS
                            *ABS*:00000000 protection.c
C:\Users\alireza\AppData\Local\Temp\ccs39DyZ.s:21     .text.protections_update:00000000 $t
C:\Users\alireza\AppData\Local\Temp\ccs39DyZ.s:27     .text.protections_update:00000000 protections_update

NO UNDEFINED SYMBOLS
