ARM GAS  C:\Users\alireza\AppData\Local\Temp\cclduab8.s 			page 1


   1              		.cpu cortex-m4
   2              		.arch armv7e-m
   3              		.fpu fpv4-sp-d16
   4              		.eabi_attribute 27, 1
   5              		.eabi_attribute 28, 1
   6              		.eabi_attribute 20, 1
   7              		.eabi_attribute 21, 1
   8              		.eabi_attribute 23, 3
   9              		.eabi_attribute 24, 1
  10              		.eabi_attribute 25, 1
  11              		.eabi_attribute 26, 1
  12              		.eabi_attribute 30, 1
  13              		.eabi_attribute 34, 1
  14              		.eabi_attribute 18, 4
  15              		.file	"tim.c"
  16              		.text
  17              	.Ltext0:
  18              		.cfi_sections	.debug_frame
  19              		.file 1 "Core/Src/tim.c"
  20              		.section	.text.MX_TIM2_Init,"ax",%progbits
  21              		.align	1
  22              		.global	MX_TIM2_Init
  23              		.syntax unified
  24              		.thumb
  25              		.thumb_func
  27              	MX_TIM2_Init:
  28              	.LFB221:
   1:Core/Src/tim.c **** /* USER CODE BEGIN Header */
   2:Core/Src/tim.c **** /**
   3:Core/Src/tim.c ****   ******************************************************************************
   4:Core/Src/tim.c ****   * @file    tim.c
   5:Core/Src/tim.c ****   * @brief   This file provides code for the configuration
   6:Core/Src/tim.c ****   *          of the TIM instances.
   7:Core/Src/tim.c ****   ******************************************************************************
   8:Core/Src/tim.c ****   * @attention
   9:Core/Src/tim.c ****   *
  10:Core/Src/tim.c ****   * Copyright (c) 2025 STMicroelectronics.
  11:Core/Src/tim.c ****   * All rights reserved.
  12:Core/Src/tim.c ****   *
  13:Core/Src/tim.c ****   * This software is licensed under terms that can be found in the LICENSE file
  14:Core/Src/tim.c ****   * in the root directory of this software component.
  15:Core/Src/tim.c ****   * If no LICENSE file comes with this software, it is provided AS-IS.
  16:Core/Src/tim.c ****   *
  17:Core/Src/tim.c ****   ******************************************************************************
  18:Core/Src/tim.c ****   */
  19:Core/Src/tim.c **** /* USER CODE END Header */
  20:Core/Src/tim.c **** /* Includes ------------------------------------------------------------------*/
  21:Core/Src/tim.c **** #include "tim.h"
  22:Core/Src/tim.c **** 
  23:Core/Src/tim.c **** /* USER CODE BEGIN 0 */
  24:Core/Src/tim.c **** 
  25:Core/Src/tim.c **** /* USER CODE END 0 */
  26:Core/Src/tim.c **** 
  27:Core/Src/tim.c **** TIM_HandleTypeDef htim1;
  28:Core/Src/tim.c **** TIM_HandleTypeDef htim2;
  29:Core/Src/tim.c **** TIM_HandleTypeDef htim3;
  30:Core/Src/tim.c **** TIM_HandleTypeDef htim5;
ARM GAS  C:\Users\alireza\AppData\Local\Temp\cclduab8.s 			page 2


  31:Core/Src/tim.c **** 
  32:Core/Src/tim.c **** /* TIM1 init function */
  33:Core/Src/tim.c **** void MX_TIM1_Init(void)
  34:Core/Src/tim.c **** {
  35:Core/Src/tim.c **** 
  36:Core/Src/tim.c ****   /* USER CODE BEGIN TIM1_Init 0 */
  37:Core/Src/tim.c **** 
  38:Core/Src/tim.c ****   /* USER CODE END TIM1_Init 0 */
  39:Core/Src/tim.c **** 
  40:Core/Src/tim.c ****   TIM_ClockConfigTypeDef sClockSourceConfig = {0};
  41:Core/Src/tim.c ****   TIM_MasterConfigTypeDef sMasterConfig = {0};
  42:Core/Src/tim.c ****   TIM_OC_InitTypeDef sConfigOC = {0};
  43:Core/Src/tim.c ****   TIM_BreakDeadTimeConfigTypeDef sBreakDeadTimeConfig = {0};
  44:Core/Src/tim.c **** 
  45:Core/Src/tim.c ****   /* USER CODE BEGIN TIM1_Init 1 */
  46:Core/Src/tim.c **** 
  47:Core/Src/tim.c ****   /* USER CODE END TIM1_Init 1 */
  48:Core/Src/tim.c ****   htim1.Instance = TIM1;
  49:Core/Src/tim.c ****   htim1.Init.Prescaler = 0;
  50:Core/Src/tim.c ****   htim1.Init.CounterMode = TIM_COUNTERMODE_UP;
  51:Core/Src/tim.c ****   htim1.Init.Period = 65535;
  52:Core/Src/tim.c ****   htim1.Init.ClockDivision = TIM_CLOCKDIVISION_DIV1;
  53:Core/Src/tim.c ****   htim1.Init.RepetitionCounter = 0;
  54:Core/Src/tim.c ****   htim1.Init.AutoReloadPreload = TIM_AUTORELOAD_PRELOAD_DISABLE;
  55:Core/Src/tim.c ****   if (HAL_TIM_Base_Init(&htim1) != HAL_OK)
  56:Core/Src/tim.c ****   {
  57:Core/Src/tim.c ****     Error_Handler();
  58:Core/Src/tim.c ****   }
  59:Core/Src/tim.c ****   sClockSourceConfig.ClockSource = TIM_CLOCKSOURCE_INTERNAL;
  60:Core/Src/tim.c ****   if (HAL_TIM_ConfigClockSource(&htim1, &sClockSourceConfig) != HAL_OK)
  61:Core/Src/tim.c ****   {
  62:Core/Src/tim.c ****     Error_Handler();
  63:Core/Src/tim.c ****   }
  64:Core/Src/tim.c ****   if (HAL_TIM_PWM_Init(&htim1) != HAL_OK)
  65:Core/Src/tim.c ****   {
  66:Core/Src/tim.c ****     Error_Handler();
  67:Core/Src/tim.c ****   }
  68:Core/Src/tim.c ****   sMasterConfig.MasterOutputTrigger = TIM_TRGO_RESET;
  69:Core/Src/tim.c ****   sMasterConfig.MasterSlaveMode = TIM_MASTERSLAVEMODE_DISABLE;
  70:Core/Src/tim.c ****   if (HAL_TIMEx_MasterConfigSynchronization(&htim1, &sMasterConfig) != HAL_OK)
  71:Core/Src/tim.c ****   {
  72:Core/Src/tim.c ****     Error_Handler();
  73:Core/Src/tim.c ****   }
  74:Core/Src/tim.c ****   sConfigOC.OCMode = TIM_OCMODE_PWM1;
  75:Core/Src/tim.c ****   sConfigOC.Pulse = 0;
  76:Core/Src/tim.c ****   sConfigOC.OCPolarity = TIM_OCPOLARITY_HIGH;
  77:Core/Src/tim.c ****   sConfigOC.OCNPolarity = TIM_OCNPOLARITY_HIGH;
  78:Core/Src/tim.c ****   sConfigOC.OCFastMode = TIM_OCFAST_DISABLE;
  79:Core/Src/tim.c ****   sConfigOC.OCIdleState = TIM_OCIDLESTATE_RESET;
  80:Core/Src/tim.c ****   sConfigOC.OCNIdleState = TIM_OCNIDLESTATE_RESET;
  81:Core/Src/tim.c ****   if (HAL_TIM_PWM_ConfigChannel(&htim1, &sConfigOC, TIM_CHANNEL_1) != HAL_OK)
  82:Core/Src/tim.c ****   {
  83:Core/Src/tim.c ****     Error_Handler();
  84:Core/Src/tim.c ****   }
  85:Core/Src/tim.c ****   if (HAL_TIM_PWM_ConfigChannel(&htim1, &sConfigOC, TIM_CHANNEL_2) != HAL_OK)
  86:Core/Src/tim.c ****   {
  87:Core/Src/tim.c ****     Error_Handler();
ARM GAS  C:\Users\alireza\AppData\Local\Temp\cclduab8.s 			page 3


  88:Core/Src/tim.c ****   }
  89:Core/Src/tim.c ****   if (HAL_TIM_PWM_ConfigChannel(&htim1, &sConfigOC, TIM_CHANNEL_3) != HAL_OK)
  90:Core/Src/tim.c ****   {
  91:Core/Src/tim.c ****     Error_Handler();
  92:Core/Src/tim.c ****   }
  93:Core/Src/tim.c ****   sBreakDeadTimeConfig.OffStateRunMode = TIM_OSSR_DISABLE;
  94:Core/Src/tim.c ****   sBreakDeadTimeConfig.OffStateIDLEMode = TIM_OSSI_DISABLE;
  95:Core/Src/tim.c ****   sBreakDeadTimeConfig.LockLevel = TIM_LOCKLEVEL_OFF;
  96:Core/Src/tim.c ****   sBreakDeadTimeConfig.DeadTime = 0;
  97:Core/Src/tim.c ****   sBreakDeadTimeConfig.BreakState = TIM_BREAK_DISABLE;
  98:Core/Src/tim.c ****   sBreakDeadTimeConfig.BreakPolarity = TIM_BREAKPOLARITY_HIGH;
  99:Core/Src/tim.c ****   sBreakDeadTimeConfig.AutomaticOutput = TIM_AUTOMATICOUTPUT_DISABLE;
 100:Core/Src/tim.c ****   if (HAL_TIMEx_ConfigBreakDeadTime(&htim1, &sBreakDeadTimeConfig) != HAL_OK)
 101:Core/Src/tim.c ****   {
 102:Core/Src/tim.c ****     Error_Handler();
 103:Core/Src/tim.c ****   }
 104:Core/Src/tim.c ****   /* USER CODE BEGIN TIM1_Init 2 */
 105:Core/Src/tim.c **** 
 106:Core/Src/tim.c ****   /* USER CODE END TIM1_Init 2 */
 107:Core/Src/tim.c ****   HAL_TIM_MspPostInit(&htim1);
 108:Core/Src/tim.c **** 
 109:Core/Src/tim.c **** }
 110:Core/Src/tim.c **** /* TIM2 init function */
 111:Core/Src/tim.c **** void MX_TIM2_Init(void)
 112:Core/Src/tim.c **** {
  29              		.loc 1 112 1 view -0
  30              		.cfi_startproc
  31              		@ args = 0, pretend = 0, frame = 56
  32              		@ frame_needed = 0, uses_anonymous_args = 0
  33 0000 00B5     		push	{lr}
  34              		.cfi_def_cfa_offset 4
  35              		.cfi_offset 14, -4
  36 0002 8FB0     		sub	sp, sp, #60
  37              		.cfi_def_cfa_offset 64
 113:Core/Src/tim.c **** 
 114:Core/Src/tim.c ****   /* USER CODE BEGIN TIM2_Init 0 */
 115:Core/Src/tim.c **** 
 116:Core/Src/tim.c ****   /* USER CODE END TIM2_Init 0 */
 117:Core/Src/tim.c **** 
 118:Core/Src/tim.c ****   TIM_ClockConfigTypeDef sClockSourceConfig = {0};
  38              		.loc 1 118 3 view .LVU1
  39              		.loc 1 118 26 is_stmt 0 view .LVU2
  40 0004 0023     		movs	r3, #0
  41 0006 0A93     		str	r3, [sp, #40]
  42 0008 0B93     		str	r3, [sp, #44]
  43 000a 0C93     		str	r3, [sp, #48]
  44 000c 0D93     		str	r3, [sp, #52]
 119:Core/Src/tim.c ****   TIM_MasterConfigTypeDef sMasterConfig = {0};
  45              		.loc 1 119 3 is_stmt 1 view .LVU3
  46              		.loc 1 119 27 is_stmt 0 view .LVU4
  47 000e 0893     		str	r3, [sp, #32]
  48 0010 0993     		str	r3, [sp, #36]
 120:Core/Src/tim.c ****   TIM_OC_InitTypeDef sConfigOC = {0};
  49              		.loc 1 120 3 is_stmt 1 view .LVU5
  50              		.loc 1 120 22 is_stmt 0 view .LVU6
  51 0012 0193     		str	r3, [sp, #4]
  52 0014 0293     		str	r3, [sp, #8]
ARM GAS  C:\Users\alireza\AppData\Local\Temp\cclduab8.s 			page 4


  53 0016 0393     		str	r3, [sp, #12]
  54 0018 0493     		str	r3, [sp, #16]
  55 001a 0593     		str	r3, [sp, #20]
  56 001c 0693     		str	r3, [sp, #24]
  57 001e 0793     		str	r3, [sp, #28]
 121:Core/Src/tim.c **** 
 122:Core/Src/tim.c ****   /* USER CODE BEGIN TIM2_Init 1 */
 123:Core/Src/tim.c **** 
 124:Core/Src/tim.c ****   /* USER CODE END TIM2_Init 1 */
 125:Core/Src/tim.c ****   htim2.Instance = TIM2;
  58              		.loc 1 125 3 is_stmt 1 view .LVU7
  59              		.loc 1 125 18 is_stmt 0 view .LVU8
  60 0020 1F48     		ldr	r0, .L13
  61 0022 4FF08042 		mov	r2, #1073741824
  62 0026 0260     		str	r2, [r0]
 126:Core/Src/tim.c ****   htim2.Init.Prescaler = 84-1;
  63              		.loc 1 126 3 is_stmt 1 view .LVU9
  64              		.loc 1 126 24 is_stmt 0 view .LVU10
  65 0028 5322     		movs	r2, #83
  66 002a 4260     		str	r2, [r0, #4]
 127:Core/Src/tim.c ****   htim2.Init.CounterMode = TIM_COUNTERMODE_UP;
  67              		.loc 1 127 3 is_stmt 1 view .LVU11
  68              		.loc 1 127 26 is_stmt 0 view .LVU12
  69 002c 8360     		str	r3, [r0, #8]
 128:Core/Src/tim.c ****   htim2.Init.Period = 4294967295;
  70              		.loc 1 128 3 is_stmt 1 view .LVU13
  71              		.loc 1 128 21 is_stmt 0 view .LVU14
  72 002e 4FF0FF32 		mov	r2, #-1
  73 0032 C260     		str	r2, [r0, #12]
 129:Core/Src/tim.c ****   htim2.Init.ClockDivision = TIM_CLOCKDIVISION_DIV1;
  74              		.loc 1 129 3 is_stmt 1 view .LVU15
  75              		.loc 1 129 28 is_stmt 0 view .LVU16
  76 0034 0361     		str	r3, [r0, #16]
 130:Core/Src/tim.c ****   htim2.Init.AutoReloadPreload = TIM_AUTORELOAD_PRELOAD_DISABLE;
  77              		.loc 1 130 3 is_stmt 1 view .LVU17
  78              		.loc 1 130 32 is_stmt 0 view .LVU18
  79 0036 8361     		str	r3, [r0, #24]
 131:Core/Src/tim.c ****   if (HAL_TIM_Base_Init(&htim2) != HAL_OK)
  80              		.loc 1 131 3 is_stmt 1 view .LVU19
  81              		.loc 1 131 7 is_stmt 0 view .LVU20
  82 0038 FFF7FEFF 		bl	HAL_TIM_Base_Init
  83              	.LVL0:
  84              		.loc 1 131 6 discriminator 1 view .LVU21
  85 003c 00BB     		cbnz	r0, .L8
  86              	.L2:
 132:Core/Src/tim.c ****   {
 133:Core/Src/tim.c ****     Error_Handler();
 134:Core/Src/tim.c ****   }
 135:Core/Src/tim.c ****   sClockSourceConfig.ClockSource = TIM_CLOCKSOURCE_INTERNAL;
  87              		.loc 1 135 3 is_stmt 1 view .LVU22
  88              		.loc 1 135 34 is_stmt 0 view .LVU23
  89 003e 4FF48053 		mov	r3, #4096
  90 0042 0A93     		str	r3, [sp, #40]
 136:Core/Src/tim.c ****   if (HAL_TIM_ConfigClockSource(&htim2, &sClockSourceConfig) != HAL_OK)
  91              		.loc 1 136 3 is_stmt 1 view .LVU24
  92              		.loc 1 136 7 is_stmt 0 view .LVU25
  93 0044 0AA9     		add	r1, sp, #40
ARM GAS  C:\Users\alireza\AppData\Local\Temp\cclduab8.s 			page 5


  94 0046 1648     		ldr	r0, .L13
  95 0048 FFF7FEFF 		bl	HAL_TIM_ConfigClockSource
  96              	.LVL1:
  97              		.loc 1 136 6 discriminator 1 view .LVU26
  98 004c D8B9     		cbnz	r0, .L9
  99              	.L3:
 137:Core/Src/tim.c ****   {
 138:Core/Src/tim.c ****     Error_Handler();
 139:Core/Src/tim.c ****   }
 140:Core/Src/tim.c ****   if (HAL_TIM_OC_Init(&htim2) != HAL_OK)
 100              		.loc 1 140 3 is_stmt 1 view .LVU27
 101              		.loc 1 140 7 is_stmt 0 view .LVU28
 102 004e 1448     		ldr	r0, .L13
 103 0050 FFF7FEFF 		bl	HAL_TIM_OC_Init
 104              	.LVL2:
 105              		.loc 1 140 6 discriminator 1 view .LVU29
 106 0054 D0B9     		cbnz	r0, .L10
 107              	.L4:
 141:Core/Src/tim.c ****   {
 142:Core/Src/tim.c ****     Error_Handler();
 143:Core/Src/tim.c ****   }
 144:Core/Src/tim.c ****   sMasterConfig.MasterOutputTrigger = TIM_TRGO_RESET;
 108              		.loc 1 144 3 is_stmt 1 view .LVU30
 109              		.loc 1 144 37 is_stmt 0 view .LVU31
 110 0056 0023     		movs	r3, #0
 111 0058 0893     		str	r3, [sp, #32]
 145:Core/Src/tim.c ****   sMasterConfig.MasterSlaveMode = TIM_MASTERSLAVEMODE_DISABLE;
 112              		.loc 1 145 3 is_stmt 1 view .LVU32
 113              		.loc 1 145 33 is_stmt 0 view .LVU33
 114 005a 0993     		str	r3, [sp, #36]
 146:Core/Src/tim.c ****   if (HAL_TIMEx_MasterConfigSynchronization(&htim2, &sMasterConfig) != HAL_OK)
 115              		.loc 1 146 3 is_stmt 1 view .LVU34
 116              		.loc 1 146 7 is_stmt 0 view .LVU35
 117 005c 08A9     		add	r1, sp, #32
 118 005e 1048     		ldr	r0, .L13
 119 0060 FFF7FEFF 		bl	HAL_TIMEx_MasterConfigSynchronization
 120              	.LVL3:
 121              		.loc 1 146 6 discriminator 1 view .LVU36
 122 0064 A8B9     		cbnz	r0, .L11
 123              	.L5:
 147:Core/Src/tim.c ****   {
 148:Core/Src/tim.c ****     Error_Handler();
 149:Core/Src/tim.c ****   }
 150:Core/Src/tim.c ****   sConfigOC.OCMode = TIM_OCMODE_TIMING;
 124              		.loc 1 150 3 is_stmt 1 view .LVU37
 125              		.loc 1 150 20 is_stmt 0 view .LVU38
 126 0066 0022     		movs	r2, #0
 127 0068 0192     		str	r2, [sp, #4]
 151:Core/Src/tim.c ****   sConfigOC.Pulse = 0;
 128              		.loc 1 151 3 is_stmt 1 view .LVU39
 129              		.loc 1 151 19 is_stmt 0 view .LVU40
 130 006a 0292     		str	r2, [sp, #8]
 152:Core/Src/tim.c ****   sConfigOC.OCPolarity = TIM_OCPOLARITY_HIGH;
 131              		.loc 1 152 3 is_stmt 1 view .LVU41
 132              		.loc 1 152 24 is_stmt 0 view .LVU42
 133 006c 0392     		str	r2, [sp, #12]
 153:Core/Src/tim.c ****   sConfigOC.OCFastMode = TIM_OCFAST_DISABLE;
ARM GAS  C:\Users\alireza\AppData\Local\Temp\cclduab8.s 			page 6


 134              		.loc 1 153 3 is_stmt 1 view .LVU43
 135              		.loc 1 153 24 is_stmt 0 view .LVU44
 136 006e 0592     		str	r2, [sp, #20]
 154:Core/Src/tim.c ****   if (HAL_TIM_OC_ConfigChannel(&htim2, &sConfigOC, TIM_CHANNEL_1) != HAL_OK)
 137              		.loc 1 154 3 is_stmt 1 view .LVU45
 138              		.loc 1 154 7 is_stmt 0 view .LVU46
 139 0070 01A9     		add	r1, sp, #4
 140 0072 0B48     		ldr	r0, .L13
 141 0074 FFF7FEFF 		bl	HAL_TIM_OC_ConfigChannel
 142              	.LVL4:
 143              		.loc 1 154 6 discriminator 1 view .LVU47
 144 0078 70B9     		cbnz	r0, .L12
 145              	.L1:
 155:Core/Src/tim.c ****   {
 156:Core/Src/tim.c ****     Error_Handler();
 157:Core/Src/tim.c ****   }
 158:Core/Src/tim.c ****   /* USER CODE BEGIN TIM2_Init 2 */
 159:Core/Src/tim.c **** 
 160:Core/Src/tim.c ****   /* USER CODE END TIM2_Init 2 */
 161:Core/Src/tim.c **** 
 162:Core/Src/tim.c **** }
 146              		.loc 1 162 1 view .LVU48
 147 007a 0FB0     		add	sp, sp, #60
 148              		.cfi_remember_state
 149              		.cfi_def_cfa_offset 4
 150              		@ sp needed
 151 007c 5DF804FB 		ldr	pc, [sp], #4
 152              	.L8:
 153              		.cfi_restore_state
 133:Core/Src/tim.c ****   }
 154              		.loc 1 133 5 is_stmt 1 view .LVU49
 155 0080 FFF7FEFF 		bl	Error_Handler
 156              	.LVL5:
 157 0084 DBE7     		b	.L2
 158              	.L9:
 138:Core/Src/tim.c ****   }
 159              		.loc 1 138 5 view .LVU50
 160 0086 FFF7FEFF 		bl	Error_Handler
 161              	.LVL6:
 162 008a E0E7     		b	.L3
 163              	.L10:
 142:Core/Src/tim.c ****   }
 164              		.loc 1 142 5 view .LVU51
 165 008c FFF7FEFF 		bl	Error_Handler
 166              	.LVL7:
 167 0090 E1E7     		b	.L4
 168              	.L11:
 148:Core/Src/tim.c ****   }
 169              		.loc 1 148 5 view .LVU52
 170 0092 FFF7FEFF 		bl	Error_Handler
 171              	.LVL8:
 172 0096 E6E7     		b	.L5
 173              	.L12:
 156:Core/Src/tim.c ****   }
 174              		.loc 1 156 5 view .LVU53
 175 0098 FFF7FEFF 		bl	Error_Handler
 176              	.LVL9:
ARM GAS  C:\Users\alireza\AppData\Local\Temp\cclduab8.s 			page 7


 177              		.loc 1 162 1 is_stmt 0 view .LVU54
 178 009c EDE7     		b	.L1
 179              	.L14:
 180 009e 00BF     		.align	2
 181              	.L13:
 182 00a0 00000000 		.word	htim2
 183              		.cfi_endproc
 184              	.LFE221:
 186              		.section	.text.MX_TIM5_Init,"ax",%progbits
 187              		.align	1
 188              		.global	MX_TIM5_Init
 189              		.syntax unified
 190              		.thumb
 191              		.thumb_func
 193              	MX_TIM5_Init:
 194              	.LFB223:
 163:Core/Src/tim.c **** /* TIM3 init function */
 164:Core/Src/tim.c **** void MX_TIM3_Init(void)
 165:Core/Src/tim.c **** {
 166:Core/Src/tim.c **** 
 167:Core/Src/tim.c ****   /* USER CODE BEGIN TIM3_Init 0 */
 168:Core/Src/tim.c **** 
 169:Core/Src/tim.c ****   /* USER CODE END TIM3_Init 0 */
 170:Core/Src/tim.c **** 
 171:Core/Src/tim.c ****   TIM_ClockConfigTypeDef sClockSourceConfig = {0};
 172:Core/Src/tim.c ****   TIM_MasterConfigTypeDef sMasterConfig = {0};
 173:Core/Src/tim.c ****   TIM_OC_InitTypeDef sConfigOC = {0};
 174:Core/Src/tim.c **** 
 175:Core/Src/tim.c ****   /* USER CODE BEGIN TIM3_Init 1 */
 176:Core/Src/tim.c **** 
 177:Core/Src/tim.c ****   /* USER CODE END TIM3_Init 1 */
 178:Core/Src/tim.c ****   htim3.Instance = TIM3;
 179:Core/Src/tim.c ****   htim3.Init.Prescaler = 0;
 180:Core/Src/tim.c ****   htim3.Init.CounterMode = TIM_COUNTERMODE_UP;
 181:Core/Src/tim.c ****   htim3.Init.Period = 65535;
 182:Core/Src/tim.c ****   htim3.Init.ClockDivision = TIM_CLOCKDIVISION_DIV1;
 183:Core/Src/tim.c ****   htim3.Init.AutoReloadPreload = TIM_AUTORELOAD_PRELOAD_DISABLE;
 184:Core/Src/tim.c ****   if (HAL_TIM_Base_Init(&htim3) != HAL_OK)
 185:Core/Src/tim.c ****   {
 186:Core/Src/tim.c ****     Error_Handler();
 187:Core/Src/tim.c ****   }
 188:Core/Src/tim.c ****   sClockSourceConfig.ClockSource = TIM_CLOCKSOURCE_INTERNAL;
 189:Core/Src/tim.c ****   if (HAL_TIM_ConfigClockSource(&htim3, &sClockSourceConfig) != HAL_OK)
 190:Core/Src/tim.c ****   {
 191:Core/Src/tim.c ****     Error_Handler();
 192:Core/Src/tim.c ****   }
 193:Core/Src/tim.c ****   if (HAL_TIM_PWM_Init(&htim3) != HAL_OK)
 194:Core/Src/tim.c ****   {
 195:Core/Src/tim.c ****     Error_Handler();
 196:Core/Src/tim.c ****   }
 197:Core/Src/tim.c ****   sMasterConfig.MasterOutputTrigger = TIM_TRGO_RESET;
 198:Core/Src/tim.c ****   sMasterConfig.MasterSlaveMode = TIM_MASTERSLAVEMODE_DISABLE;
 199:Core/Src/tim.c ****   if (HAL_TIMEx_MasterConfigSynchronization(&htim3, &sMasterConfig) != HAL_OK)
 200:Core/Src/tim.c ****   {
 201:Core/Src/tim.c ****     Error_Handler();
 202:Core/Src/tim.c ****   }
 203:Core/Src/tim.c ****   sConfigOC.OCMode = TIM_OCMODE_PWM1;
ARM GAS  C:\Users\alireza\AppData\Local\Temp\cclduab8.s 			page 8


 204:Core/Src/tim.c ****   sConfigOC.Pulse = 0;
 205:Core/Src/tim.c ****   sConfigOC.OCPolarity = TIM_OCPOLARITY_HIGH;
 206:Core/Src/tim.c ****   sConfigOC.OCFastMode = TIM_OCFAST_DISABLE;
 207:Core/Src/tim.c ****   if (HAL_TIM_PWM_ConfigChannel(&htim3, &sConfigOC, TIM_CHANNEL_1) != HAL_OK)
 208:Core/Src/tim.c ****   {
 209:Core/Src/tim.c ****     Error_Handler();
 210:Core/Src/tim.c ****   }
 211:Core/Src/tim.c ****   if (HAL_TIM_PWM_ConfigChannel(&htim3, &sConfigOC, TIM_CHANNEL_2) != HAL_OK)
 212:Core/Src/tim.c ****   {
 213:Core/Src/tim.c ****     Error_Handler();
 214:Core/Src/tim.c ****   }
 215:Core/Src/tim.c ****   if (HAL_TIM_PWM_ConfigChannel(&htim3, &sConfigOC, TIM_CHANNEL_3) != HAL_OK)
 216:Core/Src/tim.c ****   {
 217:Core/Src/tim.c ****     Error_Handler();
 218:Core/Src/tim.c ****   }
 219:Core/Src/tim.c ****   if (HAL_TIM_PWM_ConfigChannel(&htim3, &sConfigOC, TIM_CHANNEL_4) != HAL_OK)
 220:Core/Src/tim.c ****   {
 221:Core/Src/tim.c ****     Error_Handler();
 222:Core/Src/tim.c ****   }
 223:Core/Src/tim.c ****   /* USER CODE BEGIN TIM3_Init 2 */
 224:Core/Src/tim.c **** 
 225:Core/Src/tim.c ****   /* USER CODE END TIM3_Init 2 */
 226:Core/Src/tim.c ****   HAL_TIM_MspPostInit(&htim3);
 227:Core/Src/tim.c **** 
 228:Core/Src/tim.c **** }
 229:Core/Src/tim.c **** /* TIM5 init function */
 230:Core/Src/tim.c **** void MX_TIM5_Init(void)
 231:Core/Src/tim.c **** {
 195              		.loc 1 231 1 is_stmt 1 view -0
 196              		.cfi_startproc
 197              		@ args = 0, pretend = 0, frame = 56
 198              		@ frame_needed = 0, uses_anonymous_args = 0
 199 0000 00B5     		push	{lr}
 200              		.cfi_def_cfa_offset 4
 201              		.cfi_offset 14, -4
 202 0002 8FB0     		sub	sp, sp, #60
 203              		.cfi_def_cfa_offset 64
 232:Core/Src/tim.c **** 
 233:Core/Src/tim.c ****   /* USER CODE BEGIN TIM5_Init 0 */
 234:Core/Src/tim.c **** 
 235:Core/Src/tim.c ****   /* USER CODE END TIM5_Init 0 */
 236:Core/Src/tim.c **** 
 237:Core/Src/tim.c ****   TIM_ClockConfigTypeDef sClockSourceConfig = {0};
 204              		.loc 1 237 3 view .LVU56
 205              		.loc 1 237 26 is_stmt 0 view .LVU57
 206 0004 0023     		movs	r3, #0
 207 0006 0A93     		str	r3, [sp, #40]
 208 0008 0B93     		str	r3, [sp, #44]
 209 000a 0C93     		str	r3, [sp, #48]
 210 000c 0D93     		str	r3, [sp, #52]
 238:Core/Src/tim.c ****   TIM_MasterConfigTypeDef sMasterConfig = {0};
 211              		.loc 1 238 3 is_stmt 1 view .LVU58
 212              		.loc 1 238 27 is_stmt 0 view .LVU59
 213 000e 0893     		str	r3, [sp, #32]
 214 0010 0993     		str	r3, [sp, #36]
 239:Core/Src/tim.c ****   TIM_OC_InitTypeDef sConfigOC = {0};
 215              		.loc 1 239 3 is_stmt 1 view .LVU60
ARM GAS  C:\Users\alireza\AppData\Local\Temp\cclduab8.s 			page 9


 216              		.loc 1 239 22 is_stmt 0 view .LVU61
 217 0012 0193     		str	r3, [sp, #4]
 218 0014 0293     		str	r3, [sp, #8]
 219 0016 0393     		str	r3, [sp, #12]
 220 0018 0493     		str	r3, [sp, #16]
 221 001a 0593     		str	r3, [sp, #20]
 222 001c 0693     		str	r3, [sp, #24]
 223 001e 0793     		str	r3, [sp, #28]
 240:Core/Src/tim.c **** 
 241:Core/Src/tim.c ****   /* USER CODE BEGIN TIM5_Init 1 */
 242:Core/Src/tim.c **** 
 243:Core/Src/tim.c ****   /* USER CODE END TIM5_Init 1 */
 244:Core/Src/tim.c ****   htim5.Instance = TIM5;
 224              		.loc 1 244 3 is_stmt 1 view .LVU62
 225              		.loc 1 244 18 is_stmt 0 view .LVU63
 226 0020 2248     		ldr	r0, .L27
 227 0022 234A     		ldr	r2, .L27+4
 228 0024 0260     		str	r2, [r0]
 245:Core/Src/tim.c ****   htim5.Init.Prescaler = 64-1;
 229              		.loc 1 245 3 is_stmt 1 view .LVU64
 230              		.loc 1 245 24 is_stmt 0 view .LVU65
 231 0026 3F22     		movs	r2, #63
 232 0028 4260     		str	r2, [r0, #4]
 246:Core/Src/tim.c ****   htim5.Init.CounterMode = TIM_COUNTERMODE_UP;
 233              		.loc 1 246 3 is_stmt 1 view .LVU66
 234              		.loc 1 246 26 is_stmt 0 view .LVU67
 235 002a 8360     		str	r3, [r0, #8]
 247:Core/Src/tim.c ****   htim5.Init.Period = 4294967295;
 236              		.loc 1 247 3 is_stmt 1 view .LVU68
 237              		.loc 1 247 21 is_stmt 0 view .LVU69
 238 002c 4FF0FF32 		mov	r2, #-1
 239 0030 C260     		str	r2, [r0, #12]
 248:Core/Src/tim.c ****   htim5.Init.ClockDivision = TIM_CLOCKDIVISION_DIV1;
 240              		.loc 1 248 3 is_stmt 1 view .LVU70
 241              		.loc 1 248 28 is_stmt 0 view .LVU71
 242 0032 0361     		str	r3, [r0, #16]
 249:Core/Src/tim.c ****   htim5.Init.AutoReloadPreload = TIM_AUTORELOAD_PRELOAD_DISABLE;
 243              		.loc 1 249 3 is_stmt 1 view .LVU72
 244              		.loc 1 249 32 is_stmt 0 view .LVU73
 245 0034 8361     		str	r3, [r0, #24]
 250:Core/Src/tim.c ****   if (HAL_TIM_Base_Init(&htim5) != HAL_OK)
 246              		.loc 1 250 3 is_stmt 1 view .LVU74
 247              		.loc 1 250 7 is_stmt 0 view .LVU75
 248 0036 FFF7FEFF 		bl	HAL_TIM_Base_Init
 249              	.LVL10:
 250              		.loc 1 250 6 discriminator 1 view .LVU76
 251 003a 40BB     		cbnz	r0, .L22
 252              	.L16:
 251:Core/Src/tim.c ****   {
 252:Core/Src/tim.c ****     Error_Handler();
 253:Core/Src/tim.c ****   }
 254:Core/Src/tim.c ****   sClockSourceConfig.ClockSource = TIM_CLOCKSOURCE_INTERNAL;
 253              		.loc 1 254 3 is_stmt 1 view .LVU77
 254              		.loc 1 254 34 is_stmt 0 view .LVU78
 255 003c 4FF48053 		mov	r3, #4096
 256 0040 0A93     		str	r3, [sp, #40]
 255:Core/Src/tim.c ****   if (HAL_TIM_ConfigClockSource(&htim5, &sClockSourceConfig) != HAL_OK)
ARM GAS  C:\Users\alireza\AppData\Local\Temp\cclduab8.s 			page 10


 257              		.loc 1 255 3 is_stmt 1 view .LVU79
 258              		.loc 1 255 7 is_stmt 0 view .LVU80
 259 0042 0AA9     		add	r1, sp, #40
 260 0044 1948     		ldr	r0, .L27
 261 0046 FFF7FEFF 		bl	HAL_TIM_ConfigClockSource
 262              	.LVL11:
 263              		.loc 1 255 6 discriminator 1 view .LVU81
 264 004a 18BB     		cbnz	r0, .L23
 265              	.L17:
 256:Core/Src/tim.c ****   {
 257:Core/Src/tim.c ****     Error_Handler();
 258:Core/Src/tim.c ****   }
 259:Core/Src/tim.c ****   if (HAL_TIM_OC_Init(&htim5) != HAL_OK)
 266              		.loc 1 259 3 is_stmt 1 view .LVU82
 267              		.loc 1 259 7 is_stmt 0 view .LVU83
 268 004c 1748     		ldr	r0, .L27
 269 004e FFF7FEFF 		bl	HAL_TIM_OC_Init
 270              	.LVL12:
 271              		.loc 1 259 6 discriminator 1 view .LVU84
 272 0052 10BB     		cbnz	r0, .L24
 273              	.L18:
 260:Core/Src/tim.c ****   {
 261:Core/Src/tim.c ****     Error_Handler();
 262:Core/Src/tim.c ****   }
 263:Core/Src/tim.c ****   sMasterConfig.MasterOutputTrigger = TIM_TRGO_OC1REF;
 274              		.loc 1 263 3 is_stmt 1 view .LVU85
 275              		.loc 1 263 37 is_stmt 0 view .LVU86
 276 0054 4023     		movs	r3, #64
 277 0056 0893     		str	r3, [sp, #32]
 264:Core/Src/tim.c ****   sMasterConfig.MasterSlaveMode = TIM_MASTERSLAVEMODE_DISABLE;
 278              		.loc 1 264 3 is_stmt 1 view .LVU87
 279              		.loc 1 264 33 is_stmt 0 view .LVU88
 280 0058 0023     		movs	r3, #0
 281 005a 0993     		str	r3, [sp, #36]
 265:Core/Src/tim.c ****   if (HAL_TIMEx_MasterConfigSynchronization(&htim5, &sMasterConfig) != HAL_OK)
 282              		.loc 1 265 3 is_stmt 1 view .LVU89
 283              		.loc 1 265 7 is_stmt 0 view .LVU90
 284 005c 08A9     		add	r1, sp, #32
 285 005e 1348     		ldr	r0, .L27
 286 0060 FFF7FEFF 		bl	HAL_TIMEx_MasterConfigSynchronization
 287              	.LVL13:
 288              		.loc 1 265 6 discriminator 1 view .LVU91
 289 0064 E0B9     		cbnz	r0, .L25
 290              	.L19:
 266:Core/Src/tim.c ****   {
 267:Core/Src/tim.c ****     Error_Handler();
 268:Core/Src/tim.c ****   }
 269:Core/Src/tim.c ****   sConfigOC.OCMode = TIM_OCMODE_TOGGLE;
 291              		.loc 1 269 3 is_stmt 1 view .LVU92
 292              		.loc 1 269 20 is_stmt 0 view .LVU93
 293 0066 3023     		movs	r3, #48
 294 0068 0193     		str	r3, [sp, #4]
 270:Core/Src/tim.c ****   sConfigOC.Pulse = 0;
 295              		.loc 1 270 3 is_stmt 1 view .LVU94
 296              		.loc 1 270 19 is_stmt 0 view .LVU95
 297 006a 0022     		movs	r2, #0
 298 006c 0292     		str	r2, [sp, #8]
ARM GAS  C:\Users\alireza\AppData\Local\Temp\cclduab8.s 			page 11


 271:Core/Src/tim.c ****   sConfigOC.OCPolarity = TIM_OCPOLARITY_HIGH;
 299              		.loc 1 271 3 is_stmt 1 view .LVU96
 300              		.loc 1 271 24 is_stmt 0 view .LVU97
 301 006e 0392     		str	r2, [sp, #12]
 272:Core/Src/tim.c ****   sConfigOC.OCFastMode = TIM_OCFAST_DISABLE;
 302              		.loc 1 272 3 is_stmt 1 view .LVU98
 303              		.loc 1 272 24 is_stmt 0 view .LVU99
 304 0070 0592     		str	r2, [sp, #20]
 273:Core/Src/tim.c ****   if (HAL_TIM_OC_ConfigChannel(&htim5, &sConfigOC, TIM_CHANNEL_1) != HAL_OK)
 305              		.loc 1 273 3 is_stmt 1 view .LVU100
 306              		.loc 1 273 7 is_stmt 0 view .LVU101
 307 0072 01A9     		add	r1, sp, #4
 308 0074 0D48     		ldr	r0, .L27
 309 0076 FFF7FEFF 		bl	HAL_TIM_OC_ConfigChannel
 310              	.LVL14:
 311              		.loc 1 273 6 discriminator 1 view .LVU102
 312 007a A0B9     		cbnz	r0, .L26
 313              	.L20:
 274:Core/Src/tim.c ****   {
 275:Core/Src/tim.c ****     Error_Handler();
 276:Core/Src/tim.c ****   }
 277:Core/Src/tim.c ****   __HAL_TIM_ENABLE_OCxPRELOAD(&htim5, TIM_CHANNEL_1);
 314              		.loc 1 277 3 is_stmt 1 view .LVU103
 315 007c 0B4B     		ldr	r3, .L27
 316 007e 1A68     		ldr	r2, [r3]
 317 0080 9369     		ldr	r3, [r2, #24]
 318 0082 43F00803 		orr	r3, r3, #8
 319 0086 9361     		str	r3, [r2, #24]
 278:Core/Src/tim.c ****   /* USER CODE BEGIN TIM5_Init 2 */
 279:Core/Src/tim.c **** 
 280:Core/Src/tim.c ****   /* USER CODE END TIM5_Init 2 */
 281:Core/Src/tim.c **** 
 282:Core/Src/tim.c **** }
 320              		.loc 1 282 1 is_stmt 0 view .LVU104
 321 0088 0FB0     		add	sp, sp, #60
 322              		.cfi_remember_state
 323              		.cfi_def_cfa_offset 4
 324              		@ sp needed
 325 008a 5DF804FB 		ldr	pc, [sp], #4
 326              	.L22:
 327              		.cfi_restore_state
 252:Core/Src/tim.c ****   }
 328              		.loc 1 252 5 is_stmt 1 view .LVU105
 329 008e FFF7FEFF 		bl	Error_Handler
 330              	.LVL15:
 331 0092 D3E7     		b	.L16
 332              	.L23:
 257:Core/Src/tim.c ****   }
 333              		.loc 1 257 5 view .LVU106
 334 0094 FFF7FEFF 		bl	Error_Handler
 335              	.LVL16:
 336 0098 D8E7     		b	.L17
 337              	.L24:
 261:Core/Src/tim.c ****   }
 338              		.loc 1 261 5 view .LVU107
 339 009a FFF7FEFF 		bl	Error_Handler
 340              	.LVL17:
ARM GAS  C:\Users\alireza\AppData\Local\Temp\cclduab8.s 			page 12


 341 009e D9E7     		b	.L18
 342              	.L25:
 267:Core/Src/tim.c ****   }
 343              		.loc 1 267 5 view .LVU108
 344 00a0 FFF7FEFF 		bl	Error_Handler
 345              	.LVL18:
 346 00a4 DFE7     		b	.L19
 347              	.L26:
 275:Core/Src/tim.c ****   }
 348              		.loc 1 275 5 view .LVU109
 349 00a6 FFF7FEFF 		bl	Error_Handler
 350              	.LVL19:
 351 00aa E7E7     		b	.L20
 352              	.L28:
 353              		.align	2
 354              	.L27:
 355 00ac 00000000 		.word	htim5
 356 00b0 000C0040 		.word	1073744896
 357              		.cfi_endproc
 358              	.LFE223:
 360              		.section	.text.HAL_TIM_Base_MspInit,"ax",%progbits
 361              		.align	1
 362              		.global	HAL_TIM_Base_MspInit
 363              		.syntax unified
 364              		.thumb
 365              		.thumb_func
 367              	HAL_TIM_Base_MspInit:
 368              	.LVL20:
 369              	.LFB224:
 283:Core/Src/tim.c **** 
 284:Core/Src/tim.c **** void HAL_TIM_Base_MspInit(TIM_HandleTypeDef* tim_baseHandle)
 285:Core/Src/tim.c **** {
 370              		.loc 1 285 1 view -0
 371              		.cfi_startproc
 372              		@ args = 0, pretend = 0, frame = 16
 373              		@ frame_needed = 0, uses_anonymous_args = 0
 374              		.loc 1 285 1 is_stmt 0 view .LVU111
 375 0000 00B5     		push	{lr}
 376              		.cfi_def_cfa_offset 4
 377              		.cfi_offset 14, -4
 378 0002 85B0     		sub	sp, sp, #20
 379              		.cfi_def_cfa_offset 24
 286:Core/Src/tim.c **** 
 287:Core/Src/tim.c ****   if(tim_baseHandle->Instance==TIM1)
 380              		.loc 1 287 3 is_stmt 1 view .LVU112
 381              		.loc 1 287 20 is_stmt 0 view .LVU113
 382 0004 0368     		ldr	r3, [r0]
 383              		.loc 1 287 5 view .LVU114
 384 0006 294A     		ldr	r2, .L39
 385 0008 9342     		cmp	r3, r2
 386 000a 0BD0     		beq	.L35
 288:Core/Src/tim.c ****   {
 289:Core/Src/tim.c ****   /* USER CODE BEGIN TIM1_MspInit 0 */
 290:Core/Src/tim.c **** 
 291:Core/Src/tim.c ****   /* USER CODE END TIM1_MspInit 0 */
 292:Core/Src/tim.c ****     /* TIM1 clock enable */
 293:Core/Src/tim.c ****     __HAL_RCC_TIM1_CLK_ENABLE();
ARM GAS  C:\Users\alireza\AppData\Local\Temp\cclduab8.s 			page 13


 294:Core/Src/tim.c **** 
 295:Core/Src/tim.c ****     /* TIM1 interrupt Init */
 296:Core/Src/tim.c ****     HAL_NVIC_SetPriority(TIM1_TRG_COM_TIM11_IRQn, 15, 0);
 297:Core/Src/tim.c ****     HAL_NVIC_EnableIRQ(TIM1_TRG_COM_TIM11_IRQn);
 298:Core/Src/tim.c ****   /* USER CODE BEGIN TIM1_MspInit 1 */
 299:Core/Src/tim.c **** 
 300:Core/Src/tim.c ****   /* USER CODE END TIM1_MspInit 1 */
 301:Core/Src/tim.c ****   }
 302:Core/Src/tim.c ****   else if(tim_baseHandle->Instance==TIM2)
 387              		.loc 1 302 8 is_stmt 1 view .LVU115
 388              		.loc 1 302 10 is_stmt 0 view .LVU116
 389 000c B3F1804F 		cmp	r3, #1073741824
 390 0010 1CD0     		beq	.L36
 303:Core/Src/tim.c ****   {
 304:Core/Src/tim.c ****   /* USER CODE BEGIN TIM2_MspInit 0 */
 305:Core/Src/tim.c **** 
 306:Core/Src/tim.c ****   /* USER CODE END TIM2_MspInit 0 */
 307:Core/Src/tim.c ****     /* TIM2 clock enable */
 308:Core/Src/tim.c ****     __HAL_RCC_TIM2_CLK_ENABLE();
 309:Core/Src/tim.c **** 
 310:Core/Src/tim.c ****     /* TIM2 interrupt Init */
 311:Core/Src/tim.c ****     HAL_NVIC_SetPriority(TIM2_IRQn, 6, 0);
 312:Core/Src/tim.c ****     HAL_NVIC_EnableIRQ(TIM2_IRQn);
 313:Core/Src/tim.c ****   /* USER CODE BEGIN TIM2_MspInit 1 */
 314:Core/Src/tim.c **** 
 315:Core/Src/tim.c ****   /* USER CODE END TIM2_MspInit 1 */
 316:Core/Src/tim.c ****   }
 317:Core/Src/tim.c ****   else if(tim_baseHandle->Instance==TIM3)
 391              		.loc 1 317 8 is_stmt 1 view .LVU117
 392              		.loc 1 317 10 is_stmt 0 view .LVU118
 393 0012 274A     		ldr	r2, .L39+4
 394 0014 9342     		cmp	r3, r2
 395 0016 2ED0     		beq	.L37
 318:Core/Src/tim.c ****   {
 319:Core/Src/tim.c ****   /* USER CODE BEGIN TIM3_MspInit 0 */
 320:Core/Src/tim.c **** 
 321:Core/Src/tim.c ****   /* USER CODE END TIM3_MspInit 0 */
 322:Core/Src/tim.c ****     /* TIM3 clock enable */
 323:Core/Src/tim.c ****     __HAL_RCC_TIM3_CLK_ENABLE();
 324:Core/Src/tim.c ****   /* USER CODE BEGIN TIM3_MspInit 1 */
 325:Core/Src/tim.c **** 
 326:Core/Src/tim.c ****   /* USER CODE END TIM3_MspInit 1 */
 327:Core/Src/tim.c ****   }
 328:Core/Src/tim.c ****   else if(tim_baseHandle->Instance==TIM5)
 396              		.loc 1 328 8 is_stmt 1 view .LVU119
 397              		.loc 1 328 10 is_stmt 0 view .LVU120
 398 0018 264A     		ldr	r2, .L39+8
 399 001a 9342     		cmp	r3, r2
 400 001c 38D0     		beq	.L38
 401              	.LVL21:
 402              	.L29:
 329:Core/Src/tim.c ****   {
 330:Core/Src/tim.c ****   /* USER CODE BEGIN TIM5_MspInit 0 */
 331:Core/Src/tim.c **** 
 332:Core/Src/tim.c ****   /* USER CODE END TIM5_MspInit 0 */
 333:Core/Src/tim.c ****     /* TIM5 clock enable */
 334:Core/Src/tim.c ****     __HAL_RCC_TIM5_CLK_ENABLE();
ARM GAS  C:\Users\alireza\AppData\Local\Temp\cclduab8.s 			page 14


 335:Core/Src/tim.c ****   /* USER CODE BEGIN TIM5_MspInit 1 */
 336:Core/Src/tim.c **** 
 337:Core/Src/tim.c ****   /* USER CODE END TIM5_MspInit 1 */
 338:Core/Src/tim.c ****   }
 339:Core/Src/tim.c **** }
 403              		.loc 1 339 1 view .LVU121
 404 001e 05B0     		add	sp, sp, #20
 405              		.cfi_remember_state
 406              		.cfi_def_cfa_offset 4
 407              		@ sp needed
 408 0020 5DF804FB 		ldr	pc, [sp], #4
 409              	.LVL22:
 410              	.L35:
 411              		.cfi_restore_state
 293:Core/Src/tim.c **** 
 412              		.loc 1 293 5 is_stmt 1 view .LVU122
 413              	.LBB2:
 293:Core/Src/tim.c **** 
 414              		.loc 1 293 5 view .LVU123
 415 0024 0022     		movs	r2, #0
 416 0026 0092     		str	r2, [sp]
 293:Core/Src/tim.c **** 
 417              		.loc 1 293 5 view .LVU124
 418 0028 234B     		ldr	r3, .L39+12
 419 002a 596C     		ldr	r1, [r3, #68]
 420 002c 41F00101 		orr	r1, r1, #1
 421 0030 5964     		str	r1, [r3, #68]
 293:Core/Src/tim.c **** 
 422              		.loc 1 293 5 view .LVU125
 423 0032 5B6C     		ldr	r3, [r3, #68]
 424 0034 03F00103 		and	r3, r3, #1
 425 0038 0093     		str	r3, [sp]
 293:Core/Src/tim.c **** 
 426              		.loc 1 293 5 view .LVU126
 427 003a 009B     		ldr	r3, [sp]
 428              	.LBE2:
 293:Core/Src/tim.c **** 
 429              		.loc 1 293 5 view .LVU127
 296:Core/Src/tim.c ****     HAL_NVIC_EnableIRQ(TIM1_TRG_COM_TIM11_IRQn);
 430              		.loc 1 296 5 view .LVU128
 431 003c 0F21     		movs	r1, #15
 432 003e 1A20     		movs	r0, #26
 433              	.LVL23:
 296:Core/Src/tim.c ****     HAL_NVIC_EnableIRQ(TIM1_TRG_COM_TIM11_IRQn);
 434              		.loc 1 296 5 is_stmt 0 view .LVU129
 435 0040 FFF7FEFF 		bl	HAL_NVIC_SetPriority
 436              	.LVL24:
 297:Core/Src/tim.c ****   /* USER CODE BEGIN TIM1_MspInit 1 */
 437              		.loc 1 297 5 is_stmt 1 view .LVU130
 438 0044 1A20     		movs	r0, #26
 439 0046 FFF7FEFF 		bl	HAL_NVIC_EnableIRQ
 440              	.LVL25:
 441 004a E8E7     		b	.L29
 442              	.LVL26:
 443              	.L36:
 308:Core/Src/tim.c **** 
 444              		.loc 1 308 5 view .LVU131
ARM GAS  C:\Users\alireza\AppData\Local\Temp\cclduab8.s 			page 15


 445              	.LBB3:
 308:Core/Src/tim.c **** 
 446              		.loc 1 308 5 view .LVU132
 447 004c 0022     		movs	r2, #0
 448 004e 0192     		str	r2, [sp, #4]
 308:Core/Src/tim.c **** 
 449              		.loc 1 308 5 view .LVU133
 450 0050 03F50E33 		add	r3, r3, #145408
 451 0054 196C     		ldr	r1, [r3, #64]
 452 0056 41F00101 		orr	r1, r1, #1
 453 005a 1964     		str	r1, [r3, #64]
 308:Core/Src/tim.c **** 
 454              		.loc 1 308 5 view .LVU134
 455 005c 1B6C     		ldr	r3, [r3, #64]
 456 005e 03F00103 		and	r3, r3, #1
 457 0062 0193     		str	r3, [sp, #4]
 308:Core/Src/tim.c **** 
 458              		.loc 1 308 5 view .LVU135
 459 0064 019B     		ldr	r3, [sp, #4]
 460              	.LBE3:
 308:Core/Src/tim.c **** 
 461              		.loc 1 308 5 view .LVU136
 311:Core/Src/tim.c ****     HAL_NVIC_EnableIRQ(TIM2_IRQn);
 462              		.loc 1 311 5 view .LVU137
 463 0066 0621     		movs	r1, #6
 464 0068 1C20     		movs	r0, #28
 465              	.LVL27:
 311:Core/Src/tim.c ****     HAL_NVIC_EnableIRQ(TIM2_IRQn);
 466              		.loc 1 311 5 is_stmt 0 view .LVU138
 467 006a FFF7FEFF 		bl	HAL_NVIC_SetPriority
 468              	.LVL28:
 312:Core/Src/tim.c ****   /* USER CODE BEGIN TIM2_MspInit 1 */
 469              		.loc 1 312 5 is_stmt 1 view .LVU139
 470 006e 1C20     		movs	r0, #28
 471 0070 FFF7FEFF 		bl	HAL_NVIC_EnableIRQ
 472              	.LVL29:
 473 0074 D3E7     		b	.L29
 474              	.LVL30:
 475              	.L37:
 323:Core/Src/tim.c ****   /* USER CODE BEGIN TIM3_MspInit 1 */
 476              		.loc 1 323 5 view .LVU140
 477              	.LBB4:
 323:Core/Src/tim.c ****   /* USER CODE BEGIN TIM3_MspInit 1 */
 478              		.loc 1 323 5 view .LVU141
 479 0076 0023     		movs	r3, #0
 480 0078 0293     		str	r3, [sp, #8]
 323:Core/Src/tim.c ****   /* USER CODE BEGIN TIM3_MspInit 1 */
 481              		.loc 1 323 5 view .LVU142
 482 007a 0F4B     		ldr	r3, .L39+12
 483 007c 1A6C     		ldr	r2, [r3, #64]
 484 007e 42F00202 		orr	r2, r2, #2
 485 0082 1A64     		str	r2, [r3, #64]
 323:Core/Src/tim.c ****   /* USER CODE BEGIN TIM3_MspInit 1 */
 486              		.loc 1 323 5 view .LVU143
 487 0084 1B6C     		ldr	r3, [r3, #64]
 488 0086 03F00203 		and	r3, r3, #2
 489 008a 0293     		str	r3, [sp, #8]
ARM GAS  C:\Users\alireza\AppData\Local\Temp\cclduab8.s 			page 16


 323:Core/Src/tim.c ****   /* USER CODE BEGIN TIM3_MspInit 1 */
 490              		.loc 1 323 5 view .LVU144
 491 008c 029B     		ldr	r3, [sp, #8]
 492              	.LBE4:
 323:Core/Src/tim.c ****   /* USER CODE BEGIN TIM3_MspInit 1 */
 493              		.loc 1 323 5 view .LVU145
 494 008e C6E7     		b	.L29
 495              	.L38:
 334:Core/Src/tim.c ****   /* USER CODE BEGIN TIM5_MspInit 1 */
 496              		.loc 1 334 5 view .LVU146
 497              	.LBB5:
 334:Core/Src/tim.c ****   /* USER CODE BEGIN TIM5_MspInit 1 */
 498              		.loc 1 334 5 view .LVU147
 499 0090 0023     		movs	r3, #0
 500 0092 0393     		str	r3, [sp, #12]
 334:Core/Src/tim.c ****   /* USER CODE BEGIN TIM5_MspInit 1 */
 501              		.loc 1 334 5 view .LVU148
 502 0094 084B     		ldr	r3, .L39+12
 503 0096 1A6C     		ldr	r2, [r3, #64]
 504 0098 42F00802 		orr	r2, r2, #8
 505 009c 1A64     		str	r2, [r3, #64]
 334:Core/Src/tim.c ****   /* USER CODE BEGIN TIM5_MspInit 1 */
 506              		.loc 1 334 5 view .LVU149
 507 009e 1B6C     		ldr	r3, [r3, #64]
 508 00a0 03F00803 		and	r3, r3, #8
 509 00a4 0393     		str	r3, [sp, #12]
 334:Core/Src/tim.c ****   /* USER CODE BEGIN TIM5_MspInit 1 */
 510              		.loc 1 334 5 view .LVU150
 511 00a6 039B     		ldr	r3, [sp, #12]
 512              	.LBE5:
 334:Core/Src/tim.c ****   /* USER CODE BEGIN TIM5_MspInit 1 */
 513              		.loc 1 334 5 discriminator 1 view .LVU151
 514              		.loc 1 339 1 is_stmt 0 view .LVU152
 515 00a8 B9E7     		b	.L29
 516              	.L40:
 517 00aa 00BF     		.align	2
 518              	.L39:
 519 00ac 00000140 		.word	1073807360
 520 00b0 00040040 		.word	1073742848
 521 00b4 000C0040 		.word	1073744896
 522 00b8 00380240 		.word	1073887232
 523              		.cfi_endproc
 524              	.LFE224:
 526              		.section	.text.HAL_TIM_MspPostInit,"ax",%progbits
 527              		.align	1
 528              		.global	HAL_TIM_MspPostInit
 529              		.syntax unified
 530              		.thumb
 531              		.thumb_func
 533              	HAL_TIM_MspPostInit:
 534              	.LVL31:
 535              	.LFB225:
 340:Core/Src/tim.c **** void HAL_TIM_MspPostInit(TIM_HandleTypeDef* timHandle)
 341:Core/Src/tim.c **** {
 536              		.loc 1 341 1 is_stmt 1 view -0
 537              		.cfi_startproc
 538              		@ args = 0, pretend = 0, frame = 32
ARM GAS  C:\Users\alireza\AppData\Local\Temp\cclduab8.s 			page 17


 539              		@ frame_needed = 0, uses_anonymous_args = 0
 540              		.loc 1 341 1 is_stmt 0 view .LVU154
 541 0000 00B5     		push	{lr}
 542              		.cfi_def_cfa_offset 4
 543              		.cfi_offset 14, -4
 544 0002 89B0     		sub	sp, sp, #36
 545              		.cfi_def_cfa_offset 40
 342:Core/Src/tim.c **** 
 343:Core/Src/tim.c ****   GPIO_InitTypeDef GPIO_InitStruct = {0};
 546              		.loc 1 343 3 is_stmt 1 view .LVU155
 547              		.loc 1 343 20 is_stmt 0 view .LVU156
 548 0004 0023     		movs	r3, #0
 549 0006 0393     		str	r3, [sp, #12]
 550 0008 0493     		str	r3, [sp, #16]
 551 000a 0593     		str	r3, [sp, #20]
 552 000c 0693     		str	r3, [sp, #24]
 553 000e 0793     		str	r3, [sp, #28]
 344:Core/Src/tim.c ****   if(timHandle->Instance==TIM1)
 554              		.loc 1 344 3 is_stmt 1 view .LVU157
 555              		.loc 1 344 15 is_stmt 0 view .LVU158
 556 0010 0368     		ldr	r3, [r0]
 557              		.loc 1 344 5 view .LVU159
 558 0012 1C4A     		ldr	r2, .L47
 559 0014 9342     		cmp	r3, r2
 560 0016 05D0     		beq	.L45
 345:Core/Src/tim.c ****   {
 346:Core/Src/tim.c ****   /* USER CODE BEGIN TIM1_MspPostInit 0 */
 347:Core/Src/tim.c **** 
 348:Core/Src/tim.c ****   /* USER CODE END TIM1_MspPostInit 0 */
 349:Core/Src/tim.c ****     __HAL_RCC_GPIOA_CLK_ENABLE();
 350:Core/Src/tim.c ****     /**TIM1 GPIO Configuration
 351:Core/Src/tim.c ****     PA8     ------> TIM1_CH1
 352:Core/Src/tim.c ****     PA9     ------> TIM1_CH2
 353:Core/Src/tim.c ****     PA10     ------> TIM1_CH3
 354:Core/Src/tim.c ****     */
 355:Core/Src/tim.c ****     GPIO_InitStruct.Pin = PWM_OUT_1_Pin|PWM_OUT_2_Pin|PWM_OUT_3_Pin;
 356:Core/Src/tim.c ****     GPIO_InitStruct.Mode = GPIO_MODE_AF_PP;
 357:Core/Src/tim.c ****     GPIO_InitStruct.Pull = GPIO_NOPULL;
 358:Core/Src/tim.c ****     GPIO_InitStruct.Speed = GPIO_SPEED_FREQ_LOW;
 359:Core/Src/tim.c ****     GPIO_InitStruct.Alternate = GPIO_AF1_TIM1;
 360:Core/Src/tim.c ****     HAL_GPIO_Init(GPIOA, &GPIO_InitStruct);
 361:Core/Src/tim.c **** 
 362:Core/Src/tim.c ****   /* USER CODE BEGIN TIM1_MspPostInit 1 */
 363:Core/Src/tim.c **** 
 364:Core/Src/tim.c ****   /* USER CODE END TIM1_MspPostInit 1 */
 365:Core/Src/tim.c ****   }
 366:Core/Src/tim.c ****   else if(timHandle->Instance==TIM3)
 561              		.loc 1 366 8 is_stmt 1 view .LVU160
 562              		.loc 1 366 10 is_stmt 0 view .LVU161
 563 0018 1B4A     		ldr	r2, .L47+4
 564 001a 9342     		cmp	r3, r2
 565 001c 1AD0     		beq	.L46
 566              	.LVL32:
 567              	.L41:
 367:Core/Src/tim.c ****   {
 368:Core/Src/tim.c ****   /* USER CODE BEGIN TIM3_MspPostInit 0 */
 369:Core/Src/tim.c **** 
ARM GAS  C:\Users\alireza\AppData\Local\Temp\cclduab8.s 			page 18


 370:Core/Src/tim.c ****   /* USER CODE END TIM3_MspPostInit 0 */
 371:Core/Src/tim.c **** 
 372:Core/Src/tim.c ****     __HAL_RCC_GPIOC_CLK_ENABLE();
 373:Core/Src/tim.c ****     /**TIM3 GPIO Configuration
 374:Core/Src/tim.c ****     PC6     ------> TIM3_CH1
 375:Core/Src/tim.c ****     PC7     ------> TIM3_CH2
 376:Core/Src/tim.c ****     PC8     ------> TIM3_CH3
 377:Core/Src/tim.c ****     PC9     ------> TIM3_CH4
 378:Core/Src/tim.c ****     */
 379:Core/Src/tim.c ****     GPIO_InitStruct.Pin = DC_MOTOR2_1_Pin|DC_MOTOR2_2_Pin|DC_MOTOR1_1_Pin|DC_MOTOR1_2_Pin;
 380:Core/Src/tim.c ****     GPIO_InitStruct.Mode = GPIO_MODE_AF_PP;
 381:Core/Src/tim.c ****     GPIO_InitStruct.Pull = GPIO_NOPULL;
 382:Core/Src/tim.c ****     GPIO_InitStruct.Speed = GPIO_SPEED_FREQ_LOW;
 383:Core/Src/tim.c ****     GPIO_InitStruct.Alternate = GPIO_AF2_TIM3;
 384:Core/Src/tim.c ****     HAL_GPIO_Init(GPIOC, &GPIO_InitStruct);
 385:Core/Src/tim.c **** 
 386:Core/Src/tim.c ****   /* USER CODE BEGIN TIM3_MspPostInit 1 */
 387:Core/Src/tim.c **** 
 388:Core/Src/tim.c ****   /* USER CODE END TIM3_MspPostInit 1 */
 389:Core/Src/tim.c ****   }
 390:Core/Src/tim.c **** 
 391:Core/Src/tim.c **** }
 568              		.loc 1 391 1 view .LVU162
 569 001e 09B0     		add	sp, sp, #36
 570              		.cfi_remember_state
 571              		.cfi_def_cfa_offset 4
 572              		@ sp needed
 573 0020 5DF804FB 		ldr	pc, [sp], #4
 574              	.LVL33:
 575              	.L45:
 576              		.cfi_restore_state
 349:Core/Src/tim.c ****     /**TIM1 GPIO Configuration
 577              		.loc 1 349 5 is_stmt 1 view .LVU163
 578              	.LBB6:
 349:Core/Src/tim.c ****     /**TIM1 GPIO Configuration
 579              		.loc 1 349 5 view .LVU164
 580 0024 0023     		movs	r3, #0
 581 0026 0193     		str	r3, [sp, #4]
 349:Core/Src/tim.c ****     /**TIM1 GPIO Configuration
 582              		.loc 1 349 5 view .LVU165
 583 0028 184B     		ldr	r3, .L47+8
 584 002a 1A6B     		ldr	r2, [r3, #48]
 585 002c 42F00102 		orr	r2, r2, #1
 586 0030 1A63     		str	r2, [r3, #48]
 349:Core/Src/tim.c ****     /**TIM1 GPIO Configuration
 587              		.loc 1 349 5 view .LVU166
 588 0032 1B6B     		ldr	r3, [r3, #48]
 589 0034 03F00103 		and	r3, r3, #1
 590 0038 0193     		str	r3, [sp, #4]
 349:Core/Src/tim.c ****     /**TIM1 GPIO Configuration
 591              		.loc 1 349 5 view .LVU167
 592 003a 019B     		ldr	r3, [sp, #4]
 593              	.LBE6:
 349:Core/Src/tim.c ****     /**TIM1 GPIO Configuration
 594              		.loc 1 349 5 view .LVU168
 355:Core/Src/tim.c ****     GPIO_InitStruct.Mode = GPIO_MODE_AF_PP;
 595              		.loc 1 355 5 view .LVU169
ARM GAS  C:\Users\alireza\AppData\Local\Temp\cclduab8.s 			page 19


 355:Core/Src/tim.c ****     GPIO_InitStruct.Mode = GPIO_MODE_AF_PP;
 596              		.loc 1 355 25 is_stmt 0 view .LVU170
 597 003c 4FF4E063 		mov	r3, #1792
 598 0040 0393     		str	r3, [sp, #12]
 356:Core/Src/tim.c ****     GPIO_InitStruct.Pull = GPIO_NOPULL;
 599              		.loc 1 356 5 is_stmt 1 view .LVU171
 356:Core/Src/tim.c ****     GPIO_InitStruct.Pull = GPIO_NOPULL;
 600              		.loc 1 356 26 is_stmt 0 view .LVU172
 601 0042 0223     		movs	r3, #2
 602 0044 0493     		str	r3, [sp, #16]
 357:Core/Src/tim.c ****     GPIO_InitStruct.Speed = GPIO_SPEED_FREQ_LOW;
 603              		.loc 1 357 5 is_stmt 1 view .LVU173
 358:Core/Src/tim.c ****     GPIO_InitStruct.Alternate = GPIO_AF1_TIM1;
 604              		.loc 1 358 5 view .LVU174
 359:Core/Src/tim.c ****     HAL_GPIO_Init(GPIOA, &GPIO_InitStruct);
 605              		.loc 1 359 5 view .LVU175
 359:Core/Src/tim.c ****     HAL_GPIO_Init(GPIOA, &GPIO_InitStruct);
 606              		.loc 1 359 31 is_stmt 0 view .LVU176
 607 0046 0123     		movs	r3, #1
 608 0048 0793     		str	r3, [sp, #28]
 360:Core/Src/tim.c **** 
 609              		.loc 1 360 5 is_stmt 1 view .LVU177
 610 004a 03A9     		add	r1, sp, #12
 611 004c 1048     		ldr	r0, .L47+12
 612              	.LVL34:
 360:Core/Src/tim.c **** 
 613              		.loc 1 360 5 is_stmt 0 view .LVU178
 614 004e FFF7FEFF 		bl	HAL_GPIO_Init
 615              	.LVL35:
 616 0052 E4E7     		b	.L41
 617              	.LVL36:
 618              	.L46:
 372:Core/Src/tim.c ****     /**TIM3 GPIO Configuration
 619              		.loc 1 372 5 is_stmt 1 view .LVU179
 620              	.LBB7:
 372:Core/Src/tim.c ****     /**TIM3 GPIO Configuration
 621              		.loc 1 372 5 view .LVU180
 622 0054 0023     		movs	r3, #0
 623 0056 0293     		str	r3, [sp, #8]
 372:Core/Src/tim.c ****     /**TIM3 GPIO Configuration
 624              		.loc 1 372 5 view .LVU181
 625 0058 0C4B     		ldr	r3, .L47+8
 626 005a 1A6B     		ldr	r2, [r3, #48]
 627 005c 42F00402 		orr	r2, r2, #4
 628 0060 1A63     		str	r2, [r3, #48]
 372:Core/Src/tim.c ****     /**TIM3 GPIO Configuration
 629              		.loc 1 372 5 view .LVU182
 630 0062 1B6B     		ldr	r3, [r3, #48]
 631 0064 03F00403 		and	r3, r3, #4
 632 0068 0293     		str	r3, [sp, #8]
 372:Core/Src/tim.c ****     /**TIM3 GPIO Configuration
 633              		.loc 1 372 5 view .LVU183
 634 006a 029B     		ldr	r3, [sp, #8]
 635              	.LBE7:
 372:Core/Src/tim.c ****     /**TIM3 GPIO Configuration
 636              		.loc 1 372 5 view .LVU184
 379:Core/Src/tim.c ****     GPIO_InitStruct.Mode = GPIO_MODE_AF_PP;
ARM GAS  C:\Users\alireza\AppData\Local\Temp\cclduab8.s 			page 20


 637              		.loc 1 379 5 view .LVU185
 379:Core/Src/tim.c ****     GPIO_InitStruct.Mode = GPIO_MODE_AF_PP;
 638              		.loc 1 379 25 is_stmt 0 view .LVU186
 639 006c 4FF47073 		mov	r3, #960
 640 0070 0393     		str	r3, [sp, #12]
 380:Core/Src/tim.c ****     GPIO_InitStruct.Pull = GPIO_NOPULL;
 641              		.loc 1 380 5 is_stmt 1 view .LVU187
 380:Core/Src/tim.c ****     GPIO_InitStruct.Pull = GPIO_NOPULL;
 642              		.loc 1 380 26 is_stmt 0 view .LVU188
 643 0072 0223     		movs	r3, #2
 644 0074 0493     		str	r3, [sp, #16]
 381:Core/Src/tim.c ****     GPIO_InitStruct.Speed = GPIO_SPEED_FREQ_LOW;
 645              		.loc 1 381 5 is_stmt 1 view .LVU189
 382:Core/Src/tim.c ****     GPIO_InitStruct.Alternate = GPIO_AF2_TIM3;
 646              		.loc 1 382 5 view .LVU190
 383:Core/Src/tim.c ****     HAL_GPIO_Init(GPIOC, &GPIO_InitStruct);
 647              		.loc 1 383 5 view .LVU191
 383:Core/Src/tim.c ****     HAL_GPIO_Init(GPIOC, &GPIO_InitStruct);
 648              		.loc 1 383 31 is_stmt 0 view .LVU192
 649 0076 0793     		str	r3, [sp, #28]
 384:Core/Src/tim.c **** 
 650              		.loc 1 384 5 is_stmt 1 view .LVU193
 651 0078 03A9     		add	r1, sp, #12
 652 007a 0648     		ldr	r0, .L47+16
 653              	.LVL37:
 384:Core/Src/tim.c **** 
 654              		.loc 1 384 5 is_stmt 0 view .LVU194
 655 007c FFF7FEFF 		bl	HAL_GPIO_Init
 656              	.LVL38:
 657              		.loc 1 391 1 view .LVU195
 658 0080 CDE7     		b	.L41
 659              	.L48:
 660 0082 00BF     		.align	2
 661              	.L47:
 662 0084 00000140 		.word	1073807360
 663 0088 00040040 		.word	1073742848
 664 008c 00380240 		.word	1073887232
 665 0090 00000240 		.word	1073872896
 666 0094 00080240 		.word	1073874944
 667              		.cfi_endproc
 668              	.LFE225:
 670              		.section	.text.MX_TIM1_Init,"ax",%progbits
 671              		.align	1
 672              		.global	MX_TIM1_Init
 673              		.syntax unified
 674              		.thumb
 675              		.thumb_func
 677              	MX_TIM1_Init:
 678              	.LFB220:
  34:Core/Src/tim.c **** 
 679              		.loc 1 34 1 is_stmt 1 view -0
 680              		.cfi_startproc
 681              		@ args = 0, pretend = 0, frame = 88
 682              		@ frame_needed = 0, uses_anonymous_args = 0
 683 0000 10B5     		push	{r4, lr}
 684              		.cfi_def_cfa_offset 8
 685              		.cfi_offset 4, -8
ARM GAS  C:\Users\alireza\AppData\Local\Temp\cclduab8.s 			page 21


 686              		.cfi_offset 14, -4
 687 0002 96B0     		sub	sp, sp, #88
 688              		.cfi_def_cfa_offset 96
  40:Core/Src/tim.c ****   TIM_MasterConfigTypeDef sMasterConfig = {0};
 689              		.loc 1 40 3 view .LVU197
  40:Core/Src/tim.c ****   TIM_MasterConfigTypeDef sMasterConfig = {0};
 690              		.loc 1 40 26 is_stmt 0 view .LVU198
 691 0004 0024     		movs	r4, #0
 692 0006 1294     		str	r4, [sp, #72]
 693 0008 1394     		str	r4, [sp, #76]
 694 000a 1494     		str	r4, [sp, #80]
 695 000c 1594     		str	r4, [sp, #84]
  41:Core/Src/tim.c ****   TIM_OC_InitTypeDef sConfigOC = {0};
 696              		.loc 1 41 3 is_stmt 1 view .LVU199
  41:Core/Src/tim.c ****   TIM_OC_InitTypeDef sConfigOC = {0};
 697              		.loc 1 41 27 is_stmt 0 view .LVU200
 698 000e 1094     		str	r4, [sp, #64]
 699 0010 1194     		str	r4, [sp, #68]
  42:Core/Src/tim.c ****   TIM_BreakDeadTimeConfigTypeDef sBreakDeadTimeConfig = {0};
 700              		.loc 1 42 3 is_stmt 1 view .LVU201
  42:Core/Src/tim.c ****   TIM_BreakDeadTimeConfigTypeDef sBreakDeadTimeConfig = {0};
 701              		.loc 1 42 22 is_stmt 0 view .LVU202
 702 0012 0994     		str	r4, [sp, #36]
 703 0014 0A94     		str	r4, [sp, #40]
 704 0016 0B94     		str	r4, [sp, #44]
 705 0018 0C94     		str	r4, [sp, #48]
 706 001a 0D94     		str	r4, [sp, #52]
 707 001c 0E94     		str	r4, [sp, #56]
 708 001e 0F94     		str	r4, [sp, #60]
  43:Core/Src/tim.c **** 
 709              		.loc 1 43 3 is_stmt 1 view .LVU203
  43:Core/Src/tim.c **** 
 710              		.loc 1 43 34 is_stmt 0 view .LVU204
 711 0020 2022     		movs	r2, #32
 712 0022 2146     		mov	r1, r4
 713 0024 01A8     		add	r0, sp, #4
 714 0026 FFF7FEFF 		bl	memset
 715              	.LVL39:
  48:Core/Src/tim.c ****   htim1.Init.Prescaler = 0;
 716              		.loc 1 48 3 is_stmt 1 view .LVU205
  48:Core/Src/tim.c ****   htim1.Init.Prescaler = 0;
 717              		.loc 1 48 18 is_stmt 0 view .LVU206
 718 002a 3648     		ldr	r0, .L67
 719 002c 364B     		ldr	r3, .L67+4
 720 002e 0360     		str	r3, [r0]
  49:Core/Src/tim.c ****   htim1.Init.CounterMode = TIM_COUNTERMODE_UP;
 721              		.loc 1 49 3 is_stmt 1 view .LVU207
  49:Core/Src/tim.c ****   htim1.Init.CounterMode = TIM_COUNTERMODE_UP;
 722              		.loc 1 49 24 is_stmt 0 view .LVU208
 723 0030 4460     		str	r4, [r0, #4]
  50:Core/Src/tim.c ****   htim1.Init.Period = 65535;
 724              		.loc 1 50 3 is_stmt 1 view .LVU209
  50:Core/Src/tim.c ****   htim1.Init.Period = 65535;
 725              		.loc 1 50 26 is_stmt 0 view .LVU210
 726 0032 8460     		str	r4, [r0, #8]
  51:Core/Src/tim.c ****   htim1.Init.ClockDivision = TIM_CLOCKDIVISION_DIV1;
 727              		.loc 1 51 3 is_stmt 1 view .LVU211
ARM GAS  C:\Users\alireza\AppData\Local\Temp\cclduab8.s 			page 22


  51:Core/Src/tim.c ****   htim1.Init.ClockDivision = TIM_CLOCKDIVISION_DIV1;
 728              		.loc 1 51 21 is_stmt 0 view .LVU212
 729 0034 4FF6FF73 		movw	r3, #65535
 730 0038 C360     		str	r3, [r0, #12]
  52:Core/Src/tim.c ****   htim1.Init.RepetitionCounter = 0;
 731              		.loc 1 52 3 is_stmt 1 view .LVU213
  52:Core/Src/tim.c ****   htim1.Init.RepetitionCounter = 0;
 732              		.loc 1 52 28 is_stmt 0 view .LVU214
 733 003a 0461     		str	r4, [r0, #16]
  53:Core/Src/tim.c ****   htim1.Init.AutoReloadPreload = TIM_AUTORELOAD_PRELOAD_DISABLE;
 734              		.loc 1 53 3 is_stmt 1 view .LVU215
  53:Core/Src/tim.c ****   htim1.Init.AutoReloadPreload = TIM_AUTORELOAD_PRELOAD_DISABLE;
 735              		.loc 1 53 32 is_stmt 0 view .LVU216
 736 003c 4461     		str	r4, [r0, #20]
  54:Core/Src/tim.c ****   if (HAL_TIM_Base_Init(&htim1) != HAL_OK)
 737              		.loc 1 54 3 is_stmt 1 view .LVU217
  54:Core/Src/tim.c ****   if (HAL_TIM_Base_Init(&htim1) != HAL_OK)
 738              		.loc 1 54 32 is_stmt 0 view .LVU218
 739 003e 8461     		str	r4, [r0, #24]
  55:Core/Src/tim.c ****   {
 740              		.loc 1 55 3 is_stmt 1 view .LVU219
  55:Core/Src/tim.c ****   {
 741              		.loc 1 55 7 is_stmt 0 view .LVU220
 742 0040 FFF7FEFF 		bl	HAL_TIM_Base_Init
 743              	.LVL40:
  55:Core/Src/tim.c ****   {
 744              		.loc 1 55 6 discriminator 1 view .LVU221
 745 0044 0028     		cmp	r0, #0
 746 0046 44D1     		bne	.L59
 747              	.L50:
  59:Core/Src/tim.c ****   if (HAL_TIM_ConfigClockSource(&htim1, &sClockSourceConfig) != HAL_OK)
 748              		.loc 1 59 3 is_stmt 1 view .LVU222
  59:Core/Src/tim.c ****   if (HAL_TIM_ConfigClockSource(&htim1, &sClockSourceConfig) != HAL_OK)
 749              		.loc 1 59 34 is_stmt 0 view .LVU223
 750 0048 4FF48053 		mov	r3, #4096
 751 004c 1293     		str	r3, [sp, #72]
  60:Core/Src/tim.c ****   {
 752              		.loc 1 60 3 is_stmt 1 view .LVU224
  60:Core/Src/tim.c ****   {
 753              		.loc 1 60 7 is_stmt 0 view .LVU225
 754 004e 12A9     		add	r1, sp, #72
 755 0050 2C48     		ldr	r0, .L67
 756 0052 FFF7FEFF 		bl	HAL_TIM_ConfigClockSource
 757              	.LVL41:
  60:Core/Src/tim.c ****   {
 758              		.loc 1 60 6 discriminator 1 view .LVU226
 759 0056 0028     		cmp	r0, #0
 760 0058 3ED1     		bne	.L60
 761              	.L51:
  64:Core/Src/tim.c ****   {
 762              		.loc 1 64 3 is_stmt 1 view .LVU227
  64:Core/Src/tim.c ****   {
 763              		.loc 1 64 7 is_stmt 0 view .LVU228
 764 005a 2A48     		ldr	r0, .L67
 765 005c FFF7FEFF 		bl	HAL_TIM_PWM_Init
 766              	.LVL42:
  64:Core/Src/tim.c ****   {
ARM GAS  C:\Users\alireza\AppData\Local\Temp\cclduab8.s 			page 23


 767              		.loc 1 64 6 discriminator 1 view .LVU229
 768 0060 0028     		cmp	r0, #0
 769 0062 3CD1     		bne	.L61
 770              	.L52:
  68:Core/Src/tim.c ****   sMasterConfig.MasterSlaveMode = TIM_MASTERSLAVEMODE_DISABLE;
 771              		.loc 1 68 3 is_stmt 1 view .LVU230
  68:Core/Src/tim.c ****   sMasterConfig.MasterSlaveMode = TIM_MASTERSLAVEMODE_DISABLE;
 772              		.loc 1 68 37 is_stmt 0 view .LVU231
 773 0064 0023     		movs	r3, #0
 774 0066 1093     		str	r3, [sp, #64]
  69:Core/Src/tim.c ****   if (HAL_TIMEx_MasterConfigSynchronization(&htim1, &sMasterConfig) != HAL_OK)
 775              		.loc 1 69 3 is_stmt 1 view .LVU232
  69:Core/Src/tim.c ****   if (HAL_TIMEx_MasterConfigSynchronization(&htim1, &sMasterConfig) != HAL_OK)
 776              		.loc 1 69 33 is_stmt 0 view .LVU233
 777 0068 1193     		str	r3, [sp, #68]
  70:Core/Src/tim.c ****   {
 778              		.loc 1 70 3 is_stmt 1 view .LVU234
  70:Core/Src/tim.c ****   {
 779              		.loc 1 70 7 is_stmt 0 view .LVU235
 780 006a 10A9     		add	r1, sp, #64
 781 006c 2548     		ldr	r0, .L67
 782 006e FFF7FEFF 		bl	HAL_TIMEx_MasterConfigSynchronization
 783              	.LVL43:
  70:Core/Src/tim.c ****   {
 784              		.loc 1 70 6 discriminator 1 view .LVU236
 785 0072 0028     		cmp	r0, #0
 786 0074 36D1     		bne	.L62
 787              	.L53:
  74:Core/Src/tim.c ****   sConfigOC.Pulse = 0;
 788              		.loc 1 74 3 is_stmt 1 view .LVU237
  74:Core/Src/tim.c ****   sConfigOC.Pulse = 0;
 789              		.loc 1 74 20 is_stmt 0 view .LVU238
 790 0076 6023     		movs	r3, #96
 791 0078 0993     		str	r3, [sp, #36]
  75:Core/Src/tim.c ****   sConfigOC.OCPolarity = TIM_OCPOLARITY_HIGH;
 792              		.loc 1 75 3 is_stmt 1 view .LVU239
  75:Core/Src/tim.c ****   sConfigOC.OCPolarity = TIM_OCPOLARITY_HIGH;
 793              		.loc 1 75 19 is_stmt 0 view .LVU240
 794 007a 0022     		movs	r2, #0
 795 007c 0A92     		str	r2, [sp, #40]
  76:Core/Src/tim.c ****   sConfigOC.OCNPolarity = TIM_OCNPOLARITY_HIGH;
 796              		.loc 1 76 3 is_stmt 1 view .LVU241
  76:Core/Src/tim.c ****   sConfigOC.OCNPolarity = TIM_OCNPOLARITY_HIGH;
 797              		.loc 1 76 24 is_stmt 0 view .LVU242
 798 007e 0B92     		str	r2, [sp, #44]
  77:Core/Src/tim.c ****   sConfigOC.OCFastMode = TIM_OCFAST_DISABLE;
 799              		.loc 1 77 3 is_stmt 1 view .LVU243
  77:Core/Src/tim.c ****   sConfigOC.OCFastMode = TIM_OCFAST_DISABLE;
 800              		.loc 1 77 25 is_stmt 0 view .LVU244
 801 0080 0C92     		str	r2, [sp, #48]
  78:Core/Src/tim.c ****   sConfigOC.OCIdleState = TIM_OCIDLESTATE_RESET;
 802              		.loc 1 78 3 is_stmt 1 view .LVU245
  78:Core/Src/tim.c ****   sConfigOC.OCIdleState = TIM_OCIDLESTATE_RESET;
 803              		.loc 1 78 24 is_stmt 0 view .LVU246
 804 0082 0D92     		str	r2, [sp, #52]
  79:Core/Src/tim.c ****   sConfigOC.OCNIdleState = TIM_OCNIDLESTATE_RESET;
 805              		.loc 1 79 3 is_stmt 1 view .LVU247
ARM GAS  C:\Users\alireza\AppData\Local\Temp\cclduab8.s 			page 24


  79:Core/Src/tim.c ****   sConfigOC.OCNIdleState = TIM_OCNIDLESTATE_RESET;
 806              		.loc 1 79 25 is_stmt 0 view .LVU248
 807 0084 0E92     		str	r2, [sp, #56]
  80:Core/Src/tim.c ****   if (HAL_TIM_PWM_ConfigChannel(&htim1, &sConfigOC, TIM_CHANNEL_1) != HAL_OK)
 808              		.loc 1 80 3 is_stmt 1 view .LVU249
  80:Core/Src/tim.c ****   if (HAL_TIM_PWM_ConfigChannel(&htim1, &sConfigOC, TIM_CHANNEL_1) != HAL_OK)
 809              		.loc 1 80 26 is_stmt 0 view .LVU250
 810 0086 0F92     		str	r2, [sp, #60]
  81:Core/Src/tim.c ****   {
 811              		.loc 1 81 3 is_stmt 1 view .LVU251
  81:Core/Src/tim.c ****   {
 812              		.loc 1 81 7 is_stmt 0 view .LVU252
 813 0088 09A9     		add	r1, sp, #36
 814 008a 1E48     		ldr	r0, .L67
 815 008c FFF7FEFF 		bl	HAL_TIM_PWM_ConfigChannel
 816              	.LVL44:
  81:Core/Src/tim.c ****   {
 817              		.loc 1 81 6 discriminator 1 view .LVU253
 818 0090 58BB     		cbnz	r0, .L63
 819              	.L54:
  85:Core/Src/tim.c ****   {
 820              		.loc 1 85 3 is_stmt 1 view .LVU254
  85:Core/Src/tim.c ****   {
 821              		.loc 1 85 7 is_stmt 0 view .LVU255
 822 0092 0422     		movs	r2, #4
 823 0094 09A9     		add	r1, sp, #36
 824 0096 1B48     		ldr	r0, .L67
 825 0098 FFF7FEFF 		bl	HAL_TIM_PWM_ConfigChannel
 826              	.LVL45:
  85:Core/Src/tim.c ****   {
 827              		.loc 1 85 6 discriminator 1 view .LVU256
 828 009c 40BB     		cbnz	r0, .L64
 829              	.L55:
  89:Core/Src/tim.c ****   {
 830              		.loc 1 89 3 is_stmt 1 view .LVU257
  89:Core/Src/tim.c ****   {
 831              		.loc 1 89 7 is_stmt 0 view .LVU258
 832 009e 0822     		movs	r2, #8
 833 00a0 09A9     		add	r1, sp, #36
 834 00a2 1848     		ldr	r0, .L67
 835 00a4 FFF7FEFF 		bl	HAL_TIM_PWM_ConfigChannel
 836              	.LVL46:
  89:Core/Src/tim.c ****   {
 837              		.loc 1 89 6 discriminator 1 view .LVU259
 838 00a8 28BB     		cbnz	r0, .L65
 839              	.L56:
  93:Core/Src/tim.c ****   sBreakDeadTimeConfig.OffStateIDLEMode = TIM_OSSI_DISABLE;
 840              		.loc 1 93 3 is_stmt 1 view .LVU260
  93:Core/Src/tim.c ****   sBreakDeadTimeConfig.OffStateIDLEMode = TIM_OSSI_DISABLE;
 841              		.loc 1 93 40 is_stmt 0 view .LVU261
 842 00aa 0023     		movs	r3, #0
 843 00ac 0193     		str	r3, [sp, #4]
  94:Core/Src/tim.c ****   sBreakDeadTimeConfig.LockLevel = TIM_LOCKLEVEL_OFF;
 844              		.loc 1 94 3 is_stmt 1 view .LVU262
  94:Core/Src/tim.c ****   sBreakDeadTimeConfig.LockLevel = TIM_LOCKLEVEL_OFF;
 845              		.loc 1 94 41 is_stmt 0 view .LVU263
 846 00ae 0293     		str	r3, [sp, #8]
ARM GAS  C:\Users\alireza\AppData\Local\Temp\cclduab8.s 			page 25


  95:Core/Src/tim.c ****   sBreakDeadTimeConfig.DeadTime = 0;
 847              		.loc 1 95 3 is_stmt 1 view .LVU264
  95:Core/Src/tim.c ****   sBreakDeadTimeConfig.DeadTime = 0;
 848              		.loc 1 95 34 is_stmt 0 view .LVU265
 849 00b0 0393     		str	r3, [sp, #12]
  96:Core/Src/tim.c ****   sBreakDeadTimeConfig.BreakState = TIM_BREAK_DISABLE;
 850              		.loc 1 96 3 is_stmt 1 view .LVU266
  96:Core/Src/tim.c ****   sBreakDeadTimeConfig.BreakState = TIM_BREAK_DISABLE;
 851              		.loc 1 96 33 is_stmt 0 view .LVU267
 852 00b2 0493     		str	r3, [sp, #16]
  97:Core/Src/tim.c ****   sBreakDeadTimeConfig.BreakPolarity = TIM_BREAKPOLARITY_HIGH;
 853              		.loc 1 97 3 is_stmt 1 view .LVU268
  97:Core/Src/tim.c ****   sBreakDeadTimeConfig.BreakPolarity = TIM_BREAKPOLARITY_HIGH;
 854              		.loc 1 97 35 is_stmt 0 view .LVU269
 855 00b4 0593     		str	r3, [sp, #20]
  98:Core/Src/tim.c ****   sBreakDeadTimeConfig.AutomaticOutput = TIM_AUTOMATICOUTPUT_DISABLE;
 856              		.loc 1 98 3 is_stmt 1 view .LVU270
  98:Core/Src/tim.c ****   sBreakDeadTimeConfig.AutomaticOutput = TIM_AUTOMATICOUTPUT_DISABLE;
 857              		.loc 1 98 38 is_stmt 0 view .LVU271
 858 00b6 4FF40052 		mov	r2, #8192
 859 00ba 0692     		str	r2, [sp, #24]
  99:Core/Src/tim.c ****   if (HAL_TIMEx_ConfigBreakDeadTime(&htim1, &sBreakDeadTimeConfig) != HAL_OK)
 860              		.loc 1 99 3 is_stmt 1 view .LVU272
  99:Core/Src/tim.c ****   if (HAL_TIMEx_ConfigBreakDeadTime(&htim1, &sBreakDeadTimeConfig) != HAL_OK)
 861              		.loc 1 99 40 is_stmt 0 view .LVU273
 862 00bc 0893     		str	r3, [sp, #32]
 100:Core/Src/tim.c ****   {
 863              		.loc 1 100 3 is_stmt 1 view .LVU274
 100:Core/Src/tim.c ****   {
 864              		.loc 1 100 7 is_stmt 0 view .LVU275
 865 00be 01A9     		add	r1, sp, #4
 866 00c0 1048     		ldr	r0, .L67
 867 00c2 FFF7FEFF 		bl	HAL_TIMEx_ConfigBreakDeadTime
 868              	.LVL47:
 100:Core/Src/tim.c ****   {
 869              		.loc 1 100 6 discriminator 1 view .LVU276
 870 00c6 C8B9     		cbnz	r0, .L66
 871              	.L57:
 107:Core/Src/tim.c **** 
 872              		.loc 1 107 3 is_stmt 1 view .LVU277
 873 00c8 0E48     		ldr	r0, .L67
 874 00ca FFF7FEFF 		bl	HAL_TIM_MspPostInit
 875              	.LVL48:
 109:Core/Src/tim.c **** /* TIM2 init function */
 876              		.loc 1 109 1 is_stmt 0 view .LVU278
 877 00ce 16B0     		add	sp, sp, #88
 878              		.cfi_remember_state
 879              		.cfi_def_cfa_offset 8
 880              		@ sp needed
 881 00d0 10BD     		pop	{r4, pc}
 882              	.L59:
 883              		.cfi_restore_state
  57:Core/Src/tim.c ****   }
 884              		.loc 1 57 5 is_stmt 1 view .LVU279
 885 00d2 FFF7FEFF 		bl	Error_Handler
 886              	.LVL49:
 887 00d6 B7E7     		b	.L50
ARM GAS  C:\Users\alireza\AppData\Local\Temp\cclduab8.s 			page 26


 888              	.L60:
  62:Core/Src/tim.c ****   }
 889              		.loc 1 62 5 view .LVU280
 890 00d8 FFF7FEFF 		bl	Error_Handler
 891              	.LVL50:
 892 00dc BDE7     		b	.L51
 893              	.L61:
  66:Core/Src/tim.c ****   }
 894              		.loc 1 66 5 view .LVU281
 895 00de FFF7FEFF 		bl	Error_Handler
 896              	.LVL51:
 897 00e2 BFE7     		b	.L52
 898              	.L62:
  72:Core/Src/tim.c ****   }
 899              		.loc 1 72 5 view .LVU282
 900 00e4 FFF7FEFF 		bl	Error_Handler
 901              	.LVL52:
 902 00e8 C5E7     		b	.L53
 903              	.L63:
  83:Core/Src/tim.c ****   }
 904              		.loc 1 83 5 view .LVU283
 905 00ea FFF7FEFF 		bl	Error_Handler
 906              	.LVL53:
 907 00ee D0E7     		b	.L54
 908              	.L64:
  87:Core/Src/tim.c ****   }
 909              		.loc 1 87 5 view .LVU284
 910 00f0 FFF7FEFF 		bl	Error_Handler
 911              	.LVL54:
 912 00f4 D3E7     		b	.L55
 913              	.L65:
  91:Core/Src/tim.c ****   }
 914              		.loc 1 91 5 view .LVU285
 915 00f6 FFF7FEFF 		bl	Error_Handler
 916              	.LVL55:
 917 00fa D6E7     		b	.L56
 918              	.L66:
 102:Core/Src/tim.c ****   }
 919              		.loc 1 102 5 view .LVU286
 920 00fc FFF7FEFF 		bl	Error_Handler
 921              	.LVL56:
 922 0100 E2E7     		b	.L57
 923              	.L68:
 924 0102 00BF     		.align	2
 925              	.L67:
 926 0104 00000000 		.word	htim1
 927 0108 00000140 		.word	1073807360
 928              		.cfi_endproc
 929              	.LFE220:
 931              		.section	.text.MX_TIM3_Init,"ax",%progbits
 932              		.align	1
 933              		.global	MX_TIM3_Init
 934              		.syntax unified
 935              		.thumb
 936              		.thumb_func
 938              	MX_TIM3_Init:
 939              	.LFB222:
ARM GAS  C:\Users\alireza\AppData\Local\Temp\cclduab8.s 			page 27


 165:Core/Src/tim.c **** 
 940              		.loc 1 165 1 view -0
 941              		.cfi_startproc
 942              		@ args = 0, pretend = 0, frame = 56
 943              		@ frame_needed = 0, uses_anonymous_args = 0
 944 0000 00B5     		push	{lr}
 945              		.cfi_def_cfa_offset 4
 946              		.cfi_offset 14, -4
 947 0002 8FB0     		sub	sp, sp, #60
 948              		.cfi_def_cfa_offset 64
 171:Core/Src/tim.c ****   TIM_MasterConfigTypeDef sMasterConfig = {0};
 949              		.loc 1 171 3 view .LVU288
 171:Core/Src/tim.c ****   TIM_MasterConfigTypeDef sMasterConfig = {0};
 950              		.loc 1 171 26 is_stmt 0 view .LVU289
 951 0004 0023     		movs	r3, #0
 952 0006 0A93     		str	r3, [sp, #40]
 953 0008 0B93     		str	r3, [sp, #44]
 954 000a 0C93     		str	r3, [sp, #48]
 955 000c 0D93     		str	r3, [sp, #52]
 172:Core/Src/tim.c ****   TIM_OC_InitTypeDef sConfigOC = {0};
 956              		.loc 1 172 3 is_stmt 1 view .LVU290
 172:Core/Src/tim.c ****   TIM_OC_InitTypeDef sConfigOC = {0};
 957              		.loc 1 172 27 is_stmt 0 view .LVU291
 958 000e 0893     		str	r3, [sp, #32]
 959 0010 0993     		str	r3, [sp, #36]
 173:Core/Src/tim.c **** 
 960              		.loc 1 173 3 is_stmt 1 view .LVU292
 173:Core/Src/tim.c **** 
 961              		.loc 1 173 22 is_stmt 0 view .LVU293
 962 0012 0193     		str	r3, [sp, #4]
 963 0014 0293     		str	r3, [sp, #8]
 964 0016 0393     		str	r3, [sp, #12]
 965 0018 0493     		str	r3, [sp, #16]
 966 001a 0593     		str	r3, [sp, #20]
 967 001c 0693     		str	r3, [sp, #24]
 968 001e 0793     		str	r3, [sp, #28]
 178:Core/Src/tim.c ****   htim3.Init.Prescaler = 0;
 969              		.loc 1 178 3 is_stmt 1 view .LVU294
 178:Core/Src/tim.c ****   htim3.Init.Prescaler = 0;
 970              		.loc 1 178 18 is_stmt 0 view .LVU295
 971 0020 2F48     		ldr	r0, .L87
 972 0022 304A     		ldr	r2, .L87+4
 973 0024 0260     		str	r2, [r0]
 179:Core/Src/tim.c ****   htim3.Init.CounterMode = TIM_COUNTERMODE_UP;
 974              		.loc 1 179 3 is_stmt 1 view .LVU296
 179:Core/Src/tim.c ****   htim3.Init.CounterMode = TIM_COUNTERMODE_UP;
 975              		.loc 1 179 24 is_stmt 0 view .LVU297
 976 0026 4360     		str	r3, [r0, #4]
 180:Core/Src/tim.c ****   htim3.Init.Period = 65535;
 977              		.loc 1 180 3 is_stmt 1 view .LVU298
 180:Core/Src/tim.c ****   htim3.Init.Period = 65535;
 978              		.loc 1 180 26 is_stmt 0 view .LVU299
 979 0028 8360     		str	r3, [r0, #8]
 181:Core/Src/tim.c ****   htim3.Init.ClockDivision = TIM_CLOCKDIVISION_DIV1;
 980              		.loc 1 181 3 is_stmt 1 view .LVU300
 181:Core/Src/tim.c ****   htim3.Init.ClockDivision = TIM_CLOCKDIVISION_DIV1;
 981              		.loc 1 181 21 is_stmt 0 view .LVU301
ARM GAS  C:\Users\alireza\AppData\Local\Temp\cclduab8.s 			page 28


 982 002a 4FF6FF72 		movw	r2, #65535
 983 002e C260     		str	r2, [r0, #12]
 182:Core/Src/tim.c ****   htim3.Init.AutoReloadPreload = TIM_AUTORELOAD_PRELOAD_DISABLE;
 984              		.loc 1 182 3 is_stmt 1 view .LVU302
 182:Core/Src/tim.c ****   htim3.Init.AutoReloadPreload = TIM_AUTORELOAD_PRELOAD_DISABLE;
 985              		.loc 1 182 28 is_stmt 0 view .LVU303
 986 0030 0361     		str	r3, [r0, #16]
 183:Core/Src/tim.c ****   if (HAL_TIM_Base_Init(&htim3) != HAL_OK)
 987              		.loc 1 183 3 is_stmt 1 view .LVU304
 183:Core/Src/tim.c ****   if (HAL_TIM_Base_Init(&htim3) != HAL_OK)
 988              		.loc 1 183 32 is_stmt 0 view .LVU305
 989 0032 8361     		str	r3, [r0, #24]
 184:Core/Src/tim.c ****   {
 990              		.loc 1 184 3 is_stmt 1 view .LVU306
 184:Core/Src/tim.c ****   {
 991              		.loc 1 184 7 is_stmt 0 view .LVU307
 992 0034 FFF7FEFF 		bl	HAL_TIM_Base_Init
 993              	.LVL57:
 184:Core/Src/tim.c ****   {
 994              		.loc 1 184 6 discriminator 1 view .LVU308
 995 0038 0028     		cmp	r0, #0
 996 003a 39D1     		bne	.L79
 997              	.L70:
 188:Core/Src/tim.c ****   if (HAL_TIM_ConfigClockSource(&htim3, &sClockSourceConfig) != HAL_OK)
 998              		.loc 1 188 3 is_stmt 1 view .LVU309
 188:Core/Src/tim.c ****   if (HAL_TIM_ConfigClockSource(&htim3, &sClockSourceConfig) != HAL_OK)
 999              		.loc 1 188 34 is_stmt 0 view .LVU310
 1000 003c 4FF48053 		mov	r3, #4096
 1001 0040 0A93     		str	r3, [sp, #40]
 189:Core/Src/tim.c ****   {
 1002              		.loc 1 189 3 is_stmt 1 view .LVU311
 189:Core/Src/tim.c ****   {
 1003              		.loc 1 189 7 is_stmt 0 view .LVU312
 1004 0042 0AA9     		add	r1, sp, #40
 1005 0044 2648     		ldr	r0, .L87
 1006 0046 FFF7FEFF 		bl	HAL_TIM_ConfigClockSource
 1007              	.LVL58:
 189:Core/Src/tim.c ****   {
 1008              		.loc 1 189 6 discriminator 1 view .LVU313
 1009 004a 0028     		cmp	r0, #0
 1010 004c 33D1     		bne	.L80
 1011              	.L71:
 193:Core/Src/tim.c ****   {
 1012              		.loc 1 193 3 is_stmt 1 view .LVU314
 193:Core/Src/tim.c ****   {
 1013              		.loc 1 193 7 is_stmt 0 view .LVU315
 1014 004e 2448     		ldr	r0, .L87
 1015 0050 FFF7FEFF 		bl	HAL_TIM_PWM_Init
 1016              	.LVL59:
 193:Core/Src/tim.c ****   {
 1017              		.loc 1 193 6 discriminator 1 view .LVU316
 1018 0054 0028     		cmp	r0, #0
 1019 0056 31D1     		bne	.L81
 1020              	.L72:
 197:Core/Src/tim.c ****   sMasterConfig.MasterSlaveMode = TIM_MASTERSLAVEMODE_DISABLE;
 1021              		.loc 1 197 3 is_stmt 1 view .LVU317
 197:Core/Src/tim.c ****   sMasterConfig.MasterSlaveMode = TIM_MASTERSLAVEMODE_DISABLE;
ARM GAS  C:\Users\alireza\AppData\Local\Temp\cclduab8.s 			page 29


 1022              		.loc 1 197 37 is_stmt 0 view .LVU318
 1023 0058 0023     		movs	r3, #0
 1024 005a 0893     		str	r3, [sp, #32]
 198:Core/Src/tim.c ****   if (HAL_TIMEx_MasterConfigSynchronization(&htim3, &sMasterConfig) != HAL_OK)
 1025              		.loc 1 198 3 is_stmt 1 view .LVU319
 198:Core/Src/tim.c ****   if (HAL_TIMEx_MasterConfigSynchronization(&htim3, &sMasterConfig) != HAL_OK)
 1026              		.loc 1 198 33 is_stmt 0 view .LVU320
 1027 005c 0993     		str	r3, [sp, #36]
 199:Core/Src/tim.c ****   {
 1028              		.loc 1 199 3 is_stmt 1 view .LVU321
 199:Core/Src/tim.c ****   {
 1029              		.loc 1 199 7 is_stmt 0 view .LVU322
 1030 005e 08A9     		add	r1, sp, #32
 1031 0060 1F48     		ldr	r0, .L87
 1032 0062 FFF7FEFF 		bl	HAL_TIMEx_MasterConfigSynchronization
 1033              	.LVL60:
 199:Core/Src/tim.c ****   {
 1034              		.loc 1 199 6 discriminator 1 view .LVU323
 1035 0066 60BB     		cbnz	r0, .L82
 1036              	.L73:
 203:Core/Src/tim.c ****   sConfigOC.Pulse = 0;
 1037              		.loc 1 203 3 is_stmt 1 view .LVU324
 203:Core/Src/tim.c ****   sConfigOC.Pulse = 0;
 1038              		.loc 1 203 20 is_stmt 0 view .LVU325
 1039 0068 6023     		movs	r3, #96
 1040 006a 0193     		str	r3, [sp, #4]
 204:Core/Src/tim.c ****   sConfigOC.OCPolarity = TIM_OCPOLARITY_HIGH;
 1041              		.loc 1 204 3 is_stmt 1 view .LVU326
 204:Core/Src/tim.c ****   sConfigOC.OCPolarity = TIM_OCPOLARITY_HIGH;
 1042              		.loc 1 204 19 is_stmt 0 view .LVU327
 1043 006c 0022     		movs	r2, #0
 1044 006e 0292     		str	r2, [sp, #8]
 205:Core/Src/tim.c ****   sConfigOC.OCFastMode = TIM_OCFAST_DISABLE;
 1045              		.loc 1 205 3 is_stmt 1 view .LVU328
 205:Core/Src/tim.c ****   sConfigOC.OCFastMode = TIM_OCFAST_DISABLE;
 1046              		.loc 1 205 24 is_stmt 0 view .LVU329
 1047 0070 0392     		str	r2, [sp, #12]
 206:Core/Src/tim.c ****   if (HAL_TIM_PWM_ConfigChannel(&htim3, &sConfigOC, TIM_CHANNEL_1) != HAL_OK)
 1048              		.loc 1 206 3 is_stmt 1 view .LVU330
 206:Core/Src/tim.c ****   if (HAL_TIM_PWM_ConfigChannel(&htim3, &sConfigOC, TIM_CHANNEL_1) != HAL_OK)
 1049              		.loc 1 206 24 is_stmt 0 view .LVU331
 1050 0072 0592     		str	r2, [sp, #20]
 207:Core/Src/tim.c ****   {
 1051              		.loc 1 207 3 is_stmt 1 view .LVU332
 207:Core/Src/tim.c ****   {
 1052              		.loc 1 207 7 is_stmt 0 view .LVU333
 1053 0074 01A9     		add	r1, sp, #4
 1054 0076 1A48     		ldr	r0, .L87
 1055 0078 FFF7FEFF 		bl	HAL_TIM_PWM_ConfigChannel
 1056              	.LVL61:
 207:Core/Src/tim.c ****   {
 1057              		.loc 1 207 6 discriminator 1 view .LVU334
 1058 007c 20BB     		cbnz	r0, .L83
 1059              	.L74:
 211:Core/Src/tim.c ****   {
 1060              		.loc 1 211 3 is_stmt 1 view .LVU335
 211:Core/Src/tim.c ****   {
ARM GAS  C:\Users\alireza\AppData\Local\Temp\cclduab8.s 			page 30


 1061              		.loc 1 211 7 is_stmt 0 view .LVU336
 1062 007e 0422     		movs	r2, #4
 1063 0080 0DEB0201 		add	r1, sp, r2
 1064 0084 1648     		ldr	r0, .L87
 1065 0086 FFF7FEFF 		bl	HAL_TIM_PWM_ConfigChannel
 1066              	.LVL62:
 211:Core/Src/tim.c ****   {
 1067              		.loc 1 211 6 discriminator 1 view .LVU337
 1068 008a 00BB     		cbnz	r0, .L84
 1069              	.L75:
 215:Core/Src/tim.c ****   {
 1070              		.loc 1 215 3 is_stmt 1 view .LVU338
 215:Core/Src/tim.c ****   {
 1071              		.loc 1 215 7 is_stmt 0 view .LVU339
 1072 008c 0822     		movs	r2, #8
 1073 008e 01A9     		add	r1, sp, #4
 1074 0090 1348     		ldr	r0, .L87
 1075 0092 FFF7FEFF 		bl	HAL_TIM_PWM_ConfigChannel
 1076              	.LVL63:
 215:Core/Src/tim.c ****   {
 1077              		.loc 1 215 6 discriminator 1 view .LVU340
 1078 0096 E8B9     		cbnz	r0, .L85
 1079              	.L76:
 219:Core/Src/tim.c ****   {
 1080              		.loc 1 219 3 is_stmt 1 view .LVU341
 219:Core/Src/tim.c ****   {
 1081              		.loc 1 219 7 is_stmt 0 view .LVU342
 1082 0098 0C22     		movs	r2, #12
 1083 009a 01A9     		add	r1, sp, #4
 1084 009c 1048     		ldr	r0, .L87
 1085 009e FFF7FEFF 		bl	HAL_TIM_PWM_ConfigChannel
 1086              	.LVL64:
 219:Core/Src/tim.c ****   {
 1087              		.loc 1 219 6 discriminator 1 view .LVU343
 1088 00a2 D0B9     		cbnz	r0, .L86
 1089              	.L77:
 226:Core/Src/tim.c **** 
 1090              		.loc 1 226 3 is_stmt 1 view .LVU344
 1091 00a4 0E48     		ldr	r0, .L87
 1092 00a6 FFF7FEFF 		bl	HAL_TIM_MspPostInit
 1093              	.LVL65:
 228:Core/Src/tim.c **** /* TIM5 init function */
 1094              		.loc 1 228 1 is_stmt 0 view .LVU345
 1095 00aa 0FB0     		add	sp, sp, #60
 1096              		.cfi_remember_state
 1097              		.cfi_def_cfa_offset 4
 1098              		@ sp needed
 1099 00ac 5DF804FB 		ldr	pc, [sp], #4
 1100              	.L79:
 1101              		.cfi_restore_state
 186:Core/Src/tim.c ****   }
 1102              		.loc 1 186 5 is_stmt 1 view .LVU346
 1103 00b0 FFF7FEFF 		bl	Error_Handler
 1104              	.LVL66:
 1105 00b4 C2E7     		b	.L70
 1106              	.L80:
 191:Core/Src/tim.c ****   }
ARM GAS  C:\Users\alireza\AppData\Local\Temp\cclduab8.s 			page 31


 1107              		.loc 1 191 5 view .LVU347
 1108 00b6 FFF7FEFF 		bl	Error_Handler
 1109              	.LVL67:
 1110 00ba C8E7     		b	.L71
 1111              	.L81:
 195:Core/Src/tim.c ****   }
 1112              		.loc 1 195 5 view .LVU348
 1113 00bc FFF7FEFF 		bl	Error_Handler
 1114              	.LVL68:
 1115 00c0 CAE7     		b	.L72
 1116              	.L82:
 201:Core/Src/tim.c ****   }
 1117              		.loc 1 201 5 view .LVU349
 1118 00c2 FFF7FEFF 		bl	Error_Handler
 1119              	.LVL69:
 1120 00c6 CFE7     		b	.L73
 1121              	.L83:
 209:Core/Src/tim.c ****   }
 1122              		.loc 1 209 5 view .LVU350
 1123 00c8 FFF7FEFF 		bl	Error_Handler
 1124              	.LVL70:
 1125 00cc D7E7     		b	.L74
 1126              	.L84:
 213:Core/Src/tim.c ****   }
 1127              		.loc 1 213 5 view .LVU351
 1128 00ce FFF7FEFF 		bl	Error_Handler
 1129              	.LVL71:
 1130 00d2 DBE7     		b	.L75
 1131              	.L85:
 217:Core/Src/tim.c ****   }
 1132              		.loc 1 217 5 view .LVU352
 1133 00d4 FFF7FEFF 		bl	Error_Handler
 1134              	.LVL72:
 1135 00d8 DEE7     		b	.L76
 1136              	.L86:
 221:Core/Src/tim.c ****   }
 1137              		.loc 1 221 5 view .LVU353
 1138 00da FFF7FEFF 		bl	Error_Handler
 1139              	.LVL73:
 1140 00de E1E7     		b	.L77
 1141              	.L88:
 1142              		.align	2
 1143              	.L87:
 1144 00e0 00000000 		.word	htim3
 1145 00e4 00040040 		.word	1073742848
 1146              		.cfi_endproc
 1147              	.LFE222:
 1149              		.section	.text.HAL_TIM_Base_MspDeInit,"ax",%progbits
 1150              		.align	1
 1151              		.global	HAL_TIM_Base_MspDeInit
 1152              		.syntax unified
 1153              		.thumb
 1154              		.thumb_func
 1156              	HAL_TIM_Base_MspDeInit:
 1157              	.LVL74:
 1158              	.LFB226:
 392:Core/Src/tim.c **** 
ARM GAS  C:\Users\alireza\AppData\Local\Temp\cclduab8.s 			page 32


 393:Core/Src/tim.c **** void HAL_TIM_Base_MspDeInit(TIM_HandleTypeDef* tim_baseHandle)
 394:Core/Src/tim.c **** {
 1159              		.loc 1 394 1 view -0
 1160              		.cfi_startproc
 1161              		@ args = 0, pretend = 0, frame = 0
 1162              		@ frame_needed = 0, uses_anonymous_args = 0
 1163              		.loc 1 394 1 is_stmt 0 view .LVU355
 1164 0000 08B5     		push	{r3, lr}
 1165              		.cfi_def_cfa_offset 8
 1166              		.cfi_offset 3, -8
 1167              		.cfi_offset 14, -4
 395:Core/Src/tim.c **** 
 396:Core/Src/tim.c ****   if(tim_baseHandle->Instance==TIM1)
 1168              		.loc 1 396 3 is_stmt 1 view .LVU356
 1169              		.loc 1 396 20 is_stmt 0 view .LVU357
 1170 0002 0368     		ldr	r3, [r0]
 1171              		.loc 1 396 5 view .LVU358
 1172 0004 164A     		ldr	r2, .L99
 1173 0006 9342     		cmp	r3, r2
 1174 0008 09D0     		beq	.L95
 397:Core/Src/tim.c ****   {
 398:Core/Src/tim.c ****   /* USER CODE BEGIN TIM1_MspDeInit 0 */
 399:Core/Src/tim.c **** 
 400:Core/Src/tim.c ****   /* USER CODE END TIM1_MspDeInit 0 */
 401:Core/Src/tim.c ****     /* Peripheral clock disable */
 402:Core/Src/tim.c ****     __HAL_RCC_TIM1_CLK_DISABLE();
 403:Core/Src/tim.c **** 
 404:Core/Src/tim.c ****     /* TIM1 interrupt Deinit */
 405:Core/Src/tim.c ****     HAL_NVIC_DisableIRQ(TIM1_TRG_COM_TIM11_IRQn);
 406:Core/Src/tim.c ****   /* USER CODE BEGIN TIM1_MspDeInit 1 */
 407:Core/Src/tim.c **** 
 408:Core/Src/tim.c ****   /* USER CODE END TIM1_MspDeInit 1 */
 409:Core/Src/tim.c ****   }
 410:Core/Src/tim.c ****   else if(tim_baseHandle->Instance==TIM2)
 1175              		.loc 1 410 8 is_stmt 1 view .LVU359
 1176              		.loc 1 410 10 is_stmt 0 view .LVU360
 1177 000a B3F1804F 		cmp	r3, #1073741824
 1178 000e 10D0     		beq	.L96
 411:Core/Src/tim.c ****   {
 412:Core/Src/tim.c ****   /* USER CODE BEGIN TIM2_MspDeInit 0 */
 413:Core/Src/tim.c **** 
 414:Core/Src/tim.c ****   /* USER CODE END TIM2_MspDeInit 0 */
 415:Core/Src/tim.c ****     /* Peripheral clock disable */
 416:Core/Src/tim.c ****     __HAL_RCC_TIM2_CLK_DISABLE();
 417:Core/Src/tim.c **** 
 418:Core/Src/tim.c ****     /* TIM2 interrupt Deinit */
 419:Core/Src/tim.c ****     HAL_NVIC_DisableIRQ(TIM2_IRQn);
 420:Core/Src/tim.c ****   /* USER CODE BEGIN TIM2_MspDeInit 1 */
 421:Core/Src/tim.c **** 
 422:Core/Src/tim.c ****   /* USER CODE END TIM2_MspDeInit 1 */
 423:Core/Src/tim.c ****   }
 424:Core/Src/tim.c ****   else if(tim_baseHandle->Instance==TIM3)
 1179              		.loc 1 424 8 is_stmt 1 view .LVU361
 1180              		.loc 1 424 10 is_stmt 0 view .LVU362
 1181 0010 144A     		ldr	r2, .L99+4
 1182 0012 9342     		cmp	r3, r2
 1183 0014 16D0     		beq	.L97
ARM GAS  C:\Users\alireza\AppData\Local\Temp\cclduab8.s 			page 33


 425:Core/Src/tim.c ****   {
 426:Core/Src/tim.c ****   /* USER CODE BEGIN TIM3_MspDeInit 0 */
 427:Core/Src/tim.c **** 
 428:Core/Src/tim.c ****   /* USER CODE END TIM3_MspDeInit 0 */
 429:Core/Src/tim.c ****     /* Peripheral clock disable */
 430:Core/Src/tim.c ****     __HAL_RCC_TIM3_CLK_DISABLE();
 431:Core/Src/tim.c ****   /* USER CODE BEGIN TIM3_MspDeInit 1 */
 432:Core/Src/tim.c **** 
 433:Core/Src/tim.c ****   /* USER CODE END TIM3_MspDeInit 1 */
 434:Core/Src/tim.c ****   }
 435:Core/Src/tim.c ****   else if(tim_baseHandle->Instance==TIM5)
 1184              		.loc 1 435 8 is_stmt 1 view .LVU363
 1185              		.loc 1 435 10 is_stmt 0 view .LVU364
 1186 0016 144A     		ldr	r2, .L99+8
 1187 0018 9342     		cmp	r3, r2
 1188 001a 1AD0     		beq	.L98
 1189              	.LVL75:
 1190              	.L89:
 436:Core/Src/tim.c ****   {
 437:Core/Src/tim.c ****   /* USER CODE BEGIN TIM5_MspDeInit 0 */
 438:Core/Src/tim.c **** 
 439:Core/Src/tim.c ****   /* USER CODE END TIM5_MspDeInit 0 */
 440:Core/Src/tim.c ****     /* Peripheral clock disable */
 441:Core/Src/tim.c ****     __HAL_RCC_TIM5_CLK_DISABLE();
 442:Core/Src/tim.c ****   /* USER CODE BEGIN TIM5_MspDeInit 1 */
 443:Core/Src/tim.c **** 
 444:Core/Src/tim.c ****   /* USER CODE END TIM5_MspDeInit 1 */
 445:Core/Src/tim.c ****   }
 446:Core/Src/tim.c **** }
 1191              		.loc 1 446 1 view .LVU365
 1192 001c 08BD     		pop	{r3, pc}
 1193              	.LVL76:
 1194              	.L95:
 402:Core/Src/tim.c **** 
 1195              		.loc 1 402 5 is_stmt 1 view .LVU366
 1196 001e 02F59C32 		add	r2, r2, #79872
 1197 0022 536C     		ldr	r3, [r2, #68]
 1198 0024 23F00103 		bic	r3, r3, #1
 1199 0028 5364     		str	r3, [r2, #68]
 405:Core/Src/tim.c ****   /* USER CODE BEGIN TIM1_MspDeInit 1 */
 1200              		.loc 1 405 5 view .LVU367
 1201 002a 1A20     		movs	r0, #26
 1202              	.LVL77:
 405:Core/Src/tim.c ****   /* USER CODE BEGIN TIM1_MspDeInit 1 */
 1203              		.loc 1 405 5 is_stmt 0 view .LVU368
 1204 002c FFF7FEFF 		bl	HAL_NVIC_DisableIRQ
 1205              	.LVL78:
 1206 0030 F4E7     		b	.L89
 1207              	.LVL79:
 1208              	.L96:
 416:Core/Src/tim.c **** 
 1209              		.loc 1 416 5 is_stmt 1 view .LVU369
 1210 0032 0E4A     		ldr	r2, .L99+12
 1211 0034 136C     		ldr	r3, [r2, #64]
 1212 0036 23F00103 		bic	r3, r3, #1
 1213 003a 1364     		str	r3, [r2, #64]
 419:Core/Src/tim.c ****   /* USER CODE BEGIN TIM2_MspDeInit 1 */
ARM GAS  C:\Users\alireza\AppData\Local\Temp\cclduab8.s 			page 34


 1214              		.loc 1 419 5 view .LVU370
 1215 003c 1C20     		movs	r0, #28
 1216              	.LVL80:
 419:Core/Src/tim.c ****   /* USER CODE BEGIN TIM2_MspDeInit 1 */
 1217              		.loc 1 419 5 is_stmt 0 view .LVU371
 1218 003e FFF7FEFF 		bl	HAL_NVIC_DisableIRQ
 1219              	.LVL81:
 1220 0042 EBE7     		b	.L89
 1221              	.LVL82:
 1222              	.L97:
 430:Core/Src/tim.c ****   /* USER CODE BEGIN TIM3_MspDeInit 1 */
 1223              		.loc 1 430 5 is_stmt 1 view .LVU372
 1224 0044 02F50D32 		add	r2, r2, #144384
 1225 0048 136C     		ldr	r3, [r2, #64]
 1226 004a 23F00203 		bic	r3, r3, #2
 1227 004e 1364     		str	r3, [r2, #64]
 1228 0050 E4E7     		b	.L89
 1229              	.L98:
 441:Core/Src/tim.c ****   /* USER CODE BEGIN TIM5_MspDeInit 1 */
 1230              		.loc 1 441 5 view .LVU373
 1231 0052 02F50B32 		add	r2, r2, #142336
 1232 0056 136C     		ldr	r3, [r2, #64]
 1233 0058 23F00803 		bic	r3, r3, #8
 1234 005c 1364     		str	r3, [r2, #64]
 1235              		.loc 1 446 1 is_stmt 0 view .LVU374
 1236 005e DDE7     		b	.L89
 1237              	.L100:
 1238              		.align	2
 1239              	.L99:
 1240 0060 00000140 		.word	1073807360
 1241 0064 00040040 		.word	1073742848
 1242 0068 000C0040 		.word	1073744896
 1243 006c 00380240 		.word	1073887232
 1244              		.cfi_endproc
 1245              	.LFE226:
 1247              		.global	htim5
 1248              		.section	.bss.htim5,"aw",%nobits
 1249              		.align	2
 1252              	htim5:
 1253 0000 00000000 		.space	72
 1253      00000000 
 1253      00000000 
 1253      00000000 
 1253      00000000 
 1254              		.global	htim3
 1255              		.section	.bss.htim3,"aw",%nobits
 1256              		.align	2
 1259              	htim3:
 1260 0000 00000000 		.space	72
 1260      00000000 
 1260      00000000 
 1260      00000000 
 1260      00000000 
 1261              		.global	htim2
 1262              		.section	.bss.htim2,"aw",%nobits
 1263              		.align	2
 1266              	htim2:
ARM GAS  C:\Users\alireza\AppData\Local\Temp\cclduab8.s 			page 35


 1267 0000 00000000 		.space	72
 1267      00000000 
 1267      00000000 
 1267      00000000 
 1267      00000000 
 1268              		.global	htim1
 1269              		.section	.bss.htim1,"aw",%nobits
 1270              		.align	2
 1273              	htim1:
 1274 0000 00000000 		.space	72
 1274      00000000 
 1274      00000000 
 1274      00000000 
 1274      00000000 
 1275              		.text
 1276              	.Letext0:
 1277              		.file 2 "Drivers/CMSIS/Device/ST/STM32F4xx/Include/stm32f401xc.h"
 1278              		.file 3 "C:/Users/alireza/AppData/Roaming/Code/User/globalStorage/bmd.stm32-for-vscode/@xpack-dev-
 1279              		.file 4 "C:/Users/alireza/AppData/Roaming/Code/User/globalStorage/bmd.stm32-for-vscode/@xpack-dev-
 1280              		.file 5 "Drivers/STM32F4xx_HAL_Driver/Inc/stm32f4xx_hal_def.h"
 1281              		.file 6 "Drivers/STM32F4xx_HAL_Driver/Inc/stm32f4xx_hal_gpio.h"
 1282              		.file 7 "Drivers/STM32F4xx_HAL_Driver/Inc/stm32f4xx_hal_dma.h"
 1283              		.file 8 "Drivers/STM32F4xx_HAL_Driver/Inc/stm32f4xx_hal_tim.h"
 1284              		.file 9 "Core/Inc/tim.h"
 1285              		.file 10 "Drivers/STM32F4xx_HAL_Driver/Inc/stm32f4xx_hal_cortex.h"
 1286              		.file 11 "Drivers/STM32F4xx_HAL_Driver/Inc/stm32f4xx_hal_tim_ex.h"
 1287              		.file 12 "Core/Inc/main.h"
 1288              		.file 13 "<built-in>"
ARM GAS  C:\Users\alireza\AppData\Local\Temp\cclduab8.s 			page 36


DEFINED SYMBOLS
                            *ABS*:00000000 tim.c
C:\Users\alireza\AppData\Local\Temp\cclduab8.s:21     .text.MX_TIM2_Init:00000000 $t
C:\Users\alireza\AppData\Local\Temp\cclduab8.s:27     .text.MX_TIM2_Init:00000000 MX_TIM2_Init
C:\Users\alireza\AppData\Local\Temp\cclduab8.s:182    .text.MX_TIM2_Init:000000a0 $d
C:\Users\alireza\AppData\Local\Temp\cclduab8.s:1266   .bss.htim2:00000000 htim2
C:\Users\alireza\AppData\Local\Temp\cclduab8.s:187    .text.MX_TIM5_Init:00000000 $t
C:\Users\alireza\AppData\Local\Temp\cclduab8.s:193    .text.MX_TIM5_Init:00000000 MX_TIM5_Init
C:\Users\alireza\AppData\Local\Temp\cclduab8.s:355    .text.MX_TIM5_Init:000000ac $d
C:\Users\alireza\AppData\Local\Temp\cclduab8.s:1252   .bss.htim5:00000000 htim5
C:\Users\alireza\AppData\Local\Temp\cclduab8.s:361    .text.HAL_TIM_Base_MspInit:00000000 $t
C:\Users\alireza\AppData\Local\Temp\cclduab8.s:367    .text.HAL_TIM_Base_MspInit:00000000 HAL_TIM_Base_MspInit
C:\Users\alireza\AppData\Local\Temp\cclduab8.s:519    .text.HAL_TIM_Base_MspInit:000000ac $d
C:\Users\alireza\AppData\Local\Temp\cclduab8.s:527    .text.HAL_TIM_MspPostInit:00000000 $t
C:\Users\alireza\AppData\Local\Temp\cclduab8.s:533    .text.HAL_TIM_MspPostInit:00000000 HAL_TIM_MspPostInit
C:\Users\alireza\AppData\Local\Temp\cclduab8.s:662    .text.HAL_TIM_MspPostInit:00000084 $d
C:\Users\alireza\AppData\Local\Temp\cclduab8.s:671    .text.MX_TIM1_Init:00000000 $t
C:\Users\alireza\AppData\Local\Temp\cclduab8.s:677    .text.MX_TIM1_Init:00000000 MX_TIM1_Init
C:\Users\alireza\AppData\Local\Temp\cclduab8.s:926    .text.MX_TIM1_Init:00000104 $d
C:\Users\alireza\AppData\Local\Temp\cclduab8.s:1273   .bss.htim1:00000000 htim1
C:\Users\alireza\AppData\Local\Temp\cclduab8.s:932    .text.MX_TIM3_Init:00000000 $t
C:\Users\alireza\AppData\Local\Temp\cclduab8.s:938    .text.MX_TIM3_Init:00000000 MX_TIM3_Init
C:\Users\alireza\AppData\Local\Temp\cclduab8.s:1144   .text.MX_TIM3_Init:000000e0 $d
C:\Users\alireza\AppData\Local\Temp\cclduab8.s:1259   .bss.htim3:00000000 htim3
C:\Users\alireza\AppData\Local\Temp\cclduab8.s:1150   .text.HAL_TIM_Base_MspDeInit:00000000 $t
C:\Users\alireza\AppData\Local\Temp\cclduab8.s:1156   .text.HAL_TIM_Base_MspDeInit:00000000 HAL_TIM_Base_MspDeInit
C:\Users\alireza\AppData\Local\Temp\cclduab8.s:1240   .text.HAL_TIM_Base_MspDeInit:00000060 $d
C:\Users\alireza\AppData\Local\Temp\cclduab8.s:1249   .bss.htim5:00000000 $d
C:\Users\alireza\AppData\Local\Temp\cclduab8.s:1256   .bss.htim3:00000000 $d
C:\Users\alireza\AppData\Local\Temp\cclduab8.s:1263   .bss.htim2:00000000 $d
C:\Users\alireza\AppData\Local\Temp\cclduab8.s:1270   .bss.htim1:00000000 $d

UNDEFINED SYMBOLS
HAL_TIM_Base_Init
HAL_TIM_ConfigClockSource
HAL_TIM_OC_Init
HAL_TIMEx_MasterConfigSynchronization
HAL_TIM_OC_ConfigChannel
Error_Handler
HAL_NVIC_SetPriority
HAL_NVIC_EnableIRQ
HAL_GPIO_Init
memset
HAL_TIM_PWM_Init
HAL_TIM_PWM_ConfigChannel
HAL_TIMEx_ConfigBreakDeadTime
HAL_NVIC_DisableIRQ
