ARM GAS  C:\Users\alireza\AppData\Local\Temp\cc1FkzHc.s 			page 1


   1              		.cpu cortex-m4
   2              		.arch armv7e-m
   3              		.fpu fpv4-sp-d16
   4              		.eabi_attribute 27, 1
   5              		.eabi_attribute 28, 1
   6              		.eabi_attribute 20, 1
   7              		.eabi_attribute 21, 1
   8              		.eabi_attribute 23, 3
   9              		.eabi_attribute 24, 1
  10              		.eabi_attribute 25, 1
  11              		.eabi_attribute 26, 1
  12              		.eabi_attribute 30, 1
  13              		.eabi_attribute 34, 1
  14              		.eabi_attribute 18, 4
  15              		.file	"utils.c"
  16              		.text
  17              	.Ltext0:
  18              		.cfi_sections	.debug_frame
  19              		.file 1 "controller/utils/utils.c"
  20              		.section	.text.is_phase_in_range,"ax",%progbits
  21              		.align	1
  22              		.global	is_phase_in_range
  23              		.syntax unified
  24              		.thumb
  25              		.thumb_func
  27              	is_phase_in_range:
  28              	.LVL0:
  29              	.LFB235:
   1:controller/utils/utils.c **** #include "utils.h"
   2:controller/utils/utils.c **** 
   3:controller/utils/utils.c **** bool is_phase_in_range(float test, float current, float next) {
  30              		.loc 1 3 63 view -0
  31              		.cfi_startproc
  32              		@ args = 0, pretend = 0, frame = 0
  33              		@ frame_needed = 0, uses_anonymous_args = 0
  34              		@ link register save eliminated.
   4:controller/utils/utils.c **** 	bool afterCurrent = test >= current;
  35              		.loc 1 4 2 view .LVU1
   5:controller/utils/utils.c **** 	bool beforeNext = test < next;
  36              		.loc 1 5 2 view .LVU2
   6:controller/utils/utils.c **** 
   7:controller/utils/utils.c **** 	if (next > current) {
  37              		.loc 1 7 2 view .LVU3
  38              		.loc 1 7 5 is_stmt 0 view .LVU4
  39 0000 F4EEC10A 		vcmpe.f32	s1, s2
  40 0004 F1EE10FA 		vmrs	APSR_nzcv, FPSCR
  41 0008 0FD5     		bpl	.L16
   8:controller/utils/utils.c **** 		// we're not near the end of the cycle, comparison is simple
   9:controller/utils/utils.c **** 		// 0            |------------------------|       720
  10:controller/utils/utils.c **** 		//            next                    current
  11:controller/utils/utils.c **** 		return afterCurrent && beforeNext;
  42              		.loc 1 11 3 is_stmt 1 view .LVU5
  43              		.loc 1 11 23 is_stmt 0 view .LVU6
  44 000a B4EEE00A 		vcmpe.f32	s0, s1
  45 000e F1EE10FA 		vmrs	APSR_nzcv, FPSCR
  46 0012 06DB     		blt	.L17
  47              		.loc 1 11 23 discriminator 1 view .LVU7
ARM GAS  C:\Users\alireza\AppData\Local\Temp\cc1FkzHc.s 			page 2


  48 0014 B4EEC10A 		vcmpe.f32	s0, s2
  49 0018 F1EE10FA 		vmrs	APSR_nzcv, FPSCR
  50 001c 03D4     		bmi	.L10
  51              		.loc 1 11 23 discriminator 4 view .LVU8
  52 001e 0020     		movs	r0, #0
  53 0020 7047     		bx	lr
  54              	.L17:
  55 0022 0020     		movs	r0, #0
  56 0024 7047     		bx	lr
  57              	.L10:
  58              		.loc 1 11 23 discriminator 3 view .LVU9
  59 0026 0120     		movs	r0, #1
  60              		.loc 1 11 23 view .LVU10
  61 0028 7047     		bx	lr
  62              	.L16:
  12:controller/utils/utils.c **** 	} else {
  13:controller/utils/utils.c **** 		// we're near the end of the cycle so we have to check the wraparound
  14:controller/utils/utils.c **** 		// 0 -----------|                        |------ 720
  15:controller/utils/utils.c **** 		//            next                    current
  16:controller/utils/utils.c **** 		// Check whether test is after current (ie, between current tooth and end of cycle)
  17:controller/utils/utils.c **** 		// or if test if before next (ie, between start of cycle and next tooth)
  18:controller/utils/utils.c **** 		return afterCurrent || beforeNext;
  63              		.loc 1 18 3 is_stmt 1 view .LVU11
  64              		.loc 1 18 23 is_stmt 0 view .LVU12
  65 002a B4EEE00A 		vcmpe.f32	s0, s1
  66 002e F1EE10FA 		vmrs	APSR_nzcv, FPSCR
  67 0032 06DA     		bge	.L11
  68              		.loc 1 18 23 discriminator 2 view .LVU13
  69 0034 B4EEC10A 		vcmpe.f32	s0, s2
  70 0038 F1EE10FA 		vmrs	APSR_nzcv, FPSCR
  71 003c 03D5     		bpl	.L18
  72              		.loc 1 18 23 discriminator 3 view .LVU14
  73 003e 0120     		movs	r0, #1
  74 0040 7047     		bx	lr
  75              	.L11:
  76              		.loc 1 18 23 discriminator 3 view .LVU15
  77 0042 0120     		movs	r0, #1
  78 0044 7047     		bx	lr
  79              	.L18:
  80              		.loc 1 18 23 discriminator 4 view .LVU16
  81 0046 0020     		movs	r0, #0
  19:controller/utils/utils.c **** 	}
  20:controller/utils/utils.c **** }
  82              		.loc 1 20 1 view .LVU17
  83 0048 7047     		bx	lr
  84              		.cfi_endproc
  85              	.LFE235:
  87              		.section	.text.crc32_inc,"ax",%progbits
  88              		.align	1
  89              		.global	crc32_inc
  90              		.syntax unified
  91              		.thumb
  92              		.thumb_func
  94              	crc32_inc:
  95              	.LVL1:
  96              	.LFB236:
  21:controller/utils/utils.c **** 
ARM GAS  C:\Users\alireza\AppData\Local\Temp\cc1FkzHc.s 			page 3


  22:controller/utils/utils.c **** uint32_t crc32_inc(uint32_t in_crc32, const void *buf,
  23:controller/utils/utils.c ****                    size_t size)
  24:controller/utils/utils.c **** {
  97              		.loc 1 24 1 is_stmt 1 view -0
  98              		.cfi_startproc
  99              		@ args = 0, pretend = 0, frame = 0
 100              		@ frame_needed = 0, uses_anonymous_args = 0
 101              		@ link register save eliminated.
  25:controller/utils/utils.c ****     static const unsigned long crcTable[256] = {
 102              		.loc 1 25 5 view .LVU19
  26:controller/utils/utils.c ****         0x00000000, 0x77073096, 0xEE0E612C, 0x990951BA, 0x076DC419, 0x706AF48F, 0xE963A535,
  27:controller/utils/utils.c ****         0x9E6495A3, 0x0EDB8832, 0x79DCB8A4, 0xE0D5E91E, 0x97D2D988, 0x09B64C2B, 0x7EB17CBD,
  28:controller/utils/utils.c ****         0xE7B82D07, 0x90BF1D91, 0x1DB71064, 0x6AB020F2, 0xF3B97148, 0x84BE41DE, 0x1ADAD47D,
  29:controller/utils/utils.c ****         0x6DDDE4EB, 0xF4D4B551, 0x83D385C7, 0x136C9856, 0x646BA8C0, 0xFD62F97A, 0x8A65C9EC,
  30:controller/utils/utils.c ****         0x14015C4F, 0x63066CD9, 0xFA0F3D63, 0x8D080DF5, 0x3B6E20C8, 0x4C69105E, 0xD56041E4,
  31:controller/utils/utils.c ****         0xA2677172, 0x3C03E4D1, 0x4B04D447, 0xD20D85FD, 0xA50AB56B, 0x35B5A8FA, 0x42B2986C,
  32:controller/utils/utils.c ****         0xDBBBC9D6, 0xACBCF940, 0x32D86CE3, 0x45DF5C75, 0xDCD60DCF, 0xABD13D59, 0x26D930AC,
  33:controller/utils/utils.c ****         0x51DE003A, 0xC8D75180, 0xBFD06116, 0x21B4F4B5, 0x56B3C423, 0xCFBA9599, 0xB8BDA50F,
  34:controller/utils/utils.c ****         0x2802B89E, 0x5F058808, 0xC60CD9B2, 0xB10BE924, 0x2F6F7C87, 0x58684C11, 0xC1611DAB,
  35:controller/utils/utils.c ****         0xB6662D3D, 0x76DC4190, 0x01DB7106, 0x98D220BC, 0xEFD5102A, 0x71B18589, 0x06B6B51F,
  36:controller/utils/utils.c ****         0x9FBFE4A5, 0xE8B8D433, 0x7807C9A2, 0x0F00F934, 0x9609A88E, 0xE10E9818, 0x7F6A0DBB,
  37:controller/utils/utils.c ****         0x086D3D2D, 0x91646C97, 0xE6635C01, 0x6B6B51F4, 0x1C6C6162, 0x856530D8, 0xF262004E,
  38:controller/utils/utils.c ****         0x6C0695ED, 0x1B01A57B, 0x8208F4C1, 0xF50FC457, 0x65B0D9C6, 0x12B7E950, 0x8BBEB8EA,
  39:controller/utils/utils.c ****         0xFCB9887C, 0x62DD1DDF, 0x15DA2D49, 0x8CD37CF3, 0xFBD44C65, 0x4DB26158, 0x3AB551CE,
  40:controller/utils/utils.c ****         0xA3BC0074, 0xD4BB30E2, 0x4ADFA541, 0x3DD895D7, 0xA4D1C46D, 0xD3D6F4FB, 0x4369E96A,
  41:controller/utils/utils.c ****         0x346ED9FC, 0xAD678846, 0xDA60B8D0, 0x44042D73, 0x33031DE5, 0xAA0A4C5F, 0xDD0D7CC9,
  42:controller/utils/utils.c ****         0x5005713C, 0x270241AA, 0xBE0B1010, 0xC90C2086, 0x5768B525, 0x206F85B3, 0xB966D409,
  43:controller/utils/utils.c ****         0xCE61E49F, 0x5EDEF90E, 0x29D9C998, 0xB0D09822, 0xC7D7A8B4, 0x59B33D17, 0x2EB40D81,
  44:controller/utils/utils.c ****         0xB7BD5C3B, 0xC0BA6CAD, 0xEDB88320, 0x9ABFB3B6, 0x03B6E20C, 0x74B1D29A, 0xEAD54739,
  45:controller/utils/utils.c ****         0x9DD277AF, 0x04DB2615, 0x73DC1683, 0xE3630B12, 0x94643B84, 0x0D6D6A3E, 0x7A6A5AA8,
  46:controller/utils/utils.c ****         0xE40ECF0B, 0x9309FF9D, 0x0A00AE27, 0x7D079EB1, 0xF00F9344, 0x8708A3D2, 0x1E01F268,
  47:controller/utils/utils.c ****         0x6906C2FE, 0xF762575D, 0x806567CB, 0x196C3671, 0x6E6B06E7, 0xFED41B76, 0x89D32BE0,
  48:controller/utils/utils.c ****         0x10DA7A5A, 0x67DD4ACC, 0xF9B9DF6F, 0x8EBEEFF9, 0x17B7BE43, 0x60B08ED5, 0xD6D6A3E8,
  49:controller/utils/utils.c ****         0xA1D1937E, 0x38D8C2C4, 0x4FDFF252, 0xD1BB67F1, 0xA6BC5767, 0x3FB506DD, 0x48B2364B,
  50:controller/utils/utils.c ****         0xD80D2BDA, 0xAF0A1B4C, 0x36034AF6, 0x41047A60, 0xDF60EFC3, 0xA867DF55, 0x316E8EEF,
  51:controller/utils/utils.c ****         0x4669BE79, 0xCB61B38C, 0xBC66831A, 0x256FD2A0, 0x5268E236, 0xCC0C7795, 0xBB0B4703,
  52:controller/utils/utils.c ****         0x220216B9, 0x5505262F, 0xC5BA3BBE, 0xB2BD0B28, 0x2BB45A92, 0x5CB36A04, 0xC2D7FFA7,
  53:controller/utils/utils.c ****         0xB5D0CF31, 0x2CD99E8B, 0x5BDEAE1D, 0x9B64C2B0, 0xEC63F226, 0x756AA39C, 0x026D930A,
  54:controller/utils/utils.c ****         0x9C0906A9, 0xEB0E363F, 0x72076785, 0x05005713, 0x95BF4A82, 0xE2B87A14, 0x7BB12BAE,
  55:controller/utils/utils.c ****         0x0CB61B38, 0x92D28E9B, 0xE5D5BE0D, 0x7CDCEFB7, 0x0BDBDF21, 0x86D3D2D4, 0xF1D4E242,
  56:controller/utils/utils.c ****         0x68DDB3F8, 0x1FDA836E, 0x81BE16CD, 0xF6B9265B, 0x6FB077E1, 0x18B74777, 0x88085AE6,
  57:controller/utils/utils.c ****         0xFF0F6A70, 0x66063BCA, 0x11010B5C, 0x8F659EFF, 0xF862AE69, 0x616BFFD3, 0x166CCF45,
  58:controller/utils/utils.c ****         0xA00AE278, 0xD70DD2EE, 0x4E048354, 0x3903B3C2, 0xA7672661, 0xD06016F7, 0x4969474D,
  59:controller/utils/utils.c ****         0x3E6E77DB, 0xAED16A4A, 0xD9D65ADC, 0x40DF0B66, 0x37D83BF0, 0xA9BCAE53, 0xDEBB9EC5,
  60:controller/utils/utils.c ****         0x47B2CF7F, 0x30B5FFE9, 0xBDBDF21C, 0xCABAC28A, 0x53B39330, 0x24B4A3A6, 0xBAD03605,
  61:controller/utils/utils.c ****         0xCDD70693, 0x54DE5729, 0x23D967BF, 0xB3667A2E, 0xC4614AB8, 0x5D681B02, 0x2A6F2B94,
  62:controller/utils/utils.c ****         0xB40BBE37, 0xC30C8EA1, 0x5A05DF1B, 0x2D02EF8D};
  63:controller/utils/utils.c ****     unsigned long crc32;
 103              		.loc 1 63 5 view .LVU20
  64:controller/utils/utils.c ****     unsigned char *byte_buf;
 104              		.loc 1 64 5 view .LVU21
  65:controller/utils/utils.c ****     size_t i;
 105              		.loc 1 65 5 view .LVU22
  66:controller/utils/utils.c **** 
  67:controller/utils/utils.c ****     /** accumulate crc32 for buffer **/
  68:controller/utils/utils.c ****     crc32 = in_crc32 ^ 0xFFFFFFFF;
 106              		.loc 1 68 5 view .LVU23
ARM GAS  C:\Users\alireza\AppData\Local\Temp\cc1FkzHc.s 			page 4


 107              		.loc 1 68 11 is_stmt 0 view .LVU24
 108 0000 C043     		mvns	r0, r0
 109              	.LVL2:
  69:controller/utils/utils.c ****     byte_buf = (unsigned char *)buf;
 110              		.loc 1 69 5 is_stmt 1 view .LVU25
  70:controller/utils/utils.c ****     for (i = 0; i < size; i++)
 111              		.loc 1 70 5 view .LVU26
 112              		.loc 1 70 12 is_stmt 0 view .LVU27
 113 0002 4FF0000C 		mov	ip, #0
 114              	.LVL3:
 115              		.loc 1 70 19 is_stmt 1 discriminator 1 view .LVU28
 116 0006 9445     		cmp	ip, r2
 117 0008 11D2     		bcs	.L26
  24:controller/utils/utils.c ****     static const unsigned long crcTable[256] = {
 118              		.loc 1 24 1 is_stmt 0 view .LVU29
 119 000a 10B4     		push	{r4}
 120              		.cfi_def_cfa_offset 4
 121              		.cfi_offset 4, -4
 122              	.LVL4:
 123              	.L21:
  71:controller/utils/utils.c ****     {
  72:controller/utils/utils.c ****         crc32 = (crc32 >> 8) ^ crcTable[(crc32 ^ byte_buf[i]) & 0xFF];
 124              		.loc 1 72 9 is_stmt 1 view .LVU30
 125              		.loc 1 72 58 is_stmt 0 view .LVU31
 126 000c 11F80C30 		ldrb	r3, [r1, ip]	@ zero_extendqisi2
 127              		.loc 1 72 48 view .LVU32
 128 0010 4340     		eors	r3, r3, r0
 129              		.loc 1 72 63 view .LVU33
 130 0012 DBB2     		uxtb	r3, r3
 131              		.loc 1 72 40 view .LVU34
 132 0014 074C     		ldr	r4, .L27
 133 0016 54F82330 		ldr	r3, [r4, r3, lsl #2]
 134              		.loc 1 72 15 view .LVU35
 135 001a 83EA1020 		eor	r0, r3, r0, lsr #8
 136              	.LVL5:
  70:controller/utils/utils.c ****     {
 137              		.loc 1 70 28 is_stmt 1 discriminator 3 view .LVU36
 138 001e 0CF1010C 		add	ip, ip, #1
 139              	.LVL6:
  70:controller/utils/utils.c ****     {
 140              		.loc 1 70 19 discriminator 1 view .LVU37
 141 0022 9445     		cmp	ip, r2
 142 0024 F2D3     		bcc	.L21
  73:controller/utils/utils.c ****     }
  74:controller/utils/utils.c ****     return (crc32 ^ 0xFFFFFFFF);
 143              		.loc 1 74 5 view .LVU38
  75:controller/utils/utils.c **** }
 144              		.loc 1 75 1 is_stmt 0 view .LVU39
 145 0026 C043     		mvns	r0, r0
 146              	.LVL7:
 147              		.loc 1 75 1 view .LVU40
 148 0028 5DF8044B 		ldr	r4, [sp], #4
 149              		.cfi_restore 4
 150              		.cfi_def_cfa_offset 0
 151 002c 7047     		bx	lr
 152              	.LVL8:
 153              	.L26:
ARM GAS  C:\Users\alireza\AppData\Local\Temp\cc1FkzHc.s 			page 5


  74:controller/utils/utils.c **** }
 154              		.loc 1 74 5 is_stmt 1 view .LVU41
 155              		.loc 1 75 1 is_stmt 0 view .LVU42
 156 002e C043     		mvns	r0, r0
 157              	.LVL9:
 158              		.loc 1 75 1 view .LVU43
 159 0030 7047     		bx	lr
 160              	.L28:
 161 0032 00BF     		.align	2
 162              	.L27:
 163 0034 00000000 		.word	crcTable.0
 164              		.cfi_endproc
 165              	.LFE236:
 167              		.section	.text.swap_endian_copy_uint8,"ax",%progbits
 168              		.align	1
 169              		.global	swap_endian_copy_uint8
 170              		.syntax unified
 171              		.thumb
 172              		.thumb_func
 174              	swap_endian_copy_uint8:
 175              	.LVL10:
 176              	.LFB237:
  76:controller/utils/utils.c **** 
  77:controller/utils/utils.c **** void swap_endian_copy_uint8(uint8_t *dst, const uint8_t *src, size_t size) {
 177              		.loc 1 77 76 is_stmt 1 view -0
 178              		.cfi_startproc
 179              		@ args = 0, pretend = 0, frame = 0
 180              		@ frame_needed = 0, uses_anonymous_args = 0
 181              		@ link register save eliminated.
  78:controller/utils/utils.c ****     for (size_t i = 0; i < size; i++) {
 182              		.loc 1 78 5 view .LVU45
 183              	.LBB2:
 184              		.loc 1 78 10 view .LVU46
 185              		.loc 1 78 17 is_stmt 0 view .LVU47
 186 0000 0023     		movs	r3, #0
 187              		.loc 1 78 5 view .LVU48
 188 0002 08E0     		b	.L30
 189              	.LVL11:
 190              	.L31:
  79:controller/utils/utils.c ****         dst[i] = src[size - 1 - i];
 191              		.loc 1 79 9 is_stmt 1 view .LVU49
 192              		.loc 1 79 31 is_stmt 0 view .LVU50
 193 0004 A2EB030C 		sub	ip, r2, r3
 194 0008 0CF1FF3C 		add	ip, ip, #-1
 195              		.loc 1 79 21 view .LVU51
 196 000c 11F80CC0 		ldrb	ip, [r1, ip]	@ zero_extendqisi2
 197              		.loc 1 79 16 view .LVU52
 198 0010 00F803C0 		strb	ip, [r0, r3]
  78:controller/utils/utils.c ****     for (size_t i = 0; i < size; i++) {
 199              		.loc 1 78 35 is_stmt 1 discriminator 3 view .LVU53
 200 0014 0133     		adds	r3, r3, #1
 201              	.LVL12:
 202              	.L30:
  78:controller/utils/utils.c ****     for (size_t i = 0; i < size; i++) {
 203              		.loc 1 78 26 discriminator 1 view .LVU54
 204 0016 9342     		cmp	r3, r2
 205 0018 F4D3     		bcc	.L31
ARM GAS  C:\Users\alireza\AppData\Local\Temp\cc1FkzHc.s 			page 6


 206              	.LBE2:
  80:controller/utils/utils.c ****     }
  81:controller/utils/utils.c **** }
 207              		.loc 1 81 1 is_stmt 0 view .LVU55
 208 001a 7047     		bx	lr
 209              		.cfi_endproc
 210              	.LFE237:
 212              		.section	.text.nearest_index_float,"ax",%progbits
 213              		.align	1
 214              		.global	nearest_index_float
 215              		.syntax unified
 216              		.thumb
 217              		.thumb_func
 219              	nearest_index_float:
 220              	.LVL13:
 221              	.LFB238:
  82:controller/utils/utils.c **** 
  83:controller/utils/utils.c **** 
  84:controller/utils/utils.c **** size_t nearest_index_float(const float *arr, size_t size, float target) {
 222              		.loc 1 84 73 is_stmt 1 view -0
 223              		.cfi_startproc
 224              		@ args = 0, pretend = 0, frame = 0
 225              		@ frame_needed = 0, uses_anonymous_args = 0
  85:controller/utils/utils.c ****     if (size == 0) return SIZE_MAX;
 226              		.loc 1 85 5 view .LVU57
 227              		.loc 1 85 8 is_stmt 0 view .LVU58
 228 0000 F9B1     		cbz	r1, .L37
  84:controller/utils/utils.c ****     if (size == 0) return SIZE_MAX;
 229              		.loc 1 84 73 view .LVU59
 230 0002 00B5     		push	{lr}
 231              		.cfi_def_cfa_offset 4
 232              		.cfi_offset 14, -4
 233 0004 8446     		mov	ip, r0
 234 0006 8E46     		mov	lr, r1
  86:controller/utils/utils.c **** 
  87:controller/utils/utils.c ****     size_t nearest_index = 0;
 235              		.loc 1 87 5 is_stmt 1 view .LVU60
 236              	.LVL14:
  88:controller/utils/utils.c ****     float min_diff = fabsf(arr[0] - target);
 237              		.loc 1 88 5 view .LVU61
 238              		.loc 1 88 31 is_stmt 0 view .LVU62
 239 0008 90ED007A 		vldr.32	s14, [r0]
 240              		.loc 1 88 35 view .LVU63
 241 000c 37EE407A 		vsub.f32	s14, s14, s0
 242              		.loc 1 88 11 view .LVU64
 243 0010 B0EEC77A 		vabs.f32	s14, s14
 244              	.LVL15:
  89:controller/utils/utils.c **** 
  90:controller/utils/utils.c ****     for (size_t i = 1; i < size; i++) {
 245              		.loc 1 90 5 is_stmt 1 view .LVU65
 246              	.LBB3:
 247              		.loc 1 90 10 view .LVU66
 248              		.loc 1 90 17 is_stmt 0 view .LVU67
 249 0014 0123     		movs	r3, #1
 250              	.LBE3:
  87:controller/utils/utils.c ****     float min_diff = fabsf(arr[0] - target);
 251              		.loc 1 87 12 view .LVU68
ARM GAS  C:\Users\alireza\AppData\Local\Temp\cc1FkzHc.s 			page 7


 252 0016 0020     		movs	r0, #0
 253              	.LVL16:
 254              	.LBB5:
 255              		.loc 1 90 5 view .LVU69
 256 0018 00E0     		b	.L34
 257              	.LVL17:
 258              	.L35:
 259              		.loc 1 90 35 is_stmt 1 discriminator 2 view .LVU70
 260 001a 0133     		adds	r3, r3, #1
 261              	.LVL18:
 262              	.L34:
 263              		.loc 1 90 26 discriminator 1 view .LVU71
 264 001c 7345     		cmp	r3, lr
 265 001e 13D2     		bcs	.L43
 266              	.LBB4:
  91:controller/utils/utils.c ****         float diff = fabsf(arr[i] - target);
 267              		.loc 1 91 9 view .LVU72
 268              		.loc 1 91 31 is_stmt 0 view .LVU73
 269 0020 0CEB8302 		add	r2, ip, r3, lsl #2
 270 0024 D2ED007A 		vldr.32	s15, [r2]
 271              		.loc 1 91 35 view .LVU74
 272 0028 77EEC07A 		vsub.f32	s15, s15, s0
 273              		.loc 1 91 15 view .LVU75
 274 002c F0EEE77A 		vabs.f32	s15, s15
 275              	.LVL19:
  92:controller/utils/utils.c ****         if (diff < min_diff) {
 276              		.loc 1 92 9 is_stmt 1 view .LVU76
 277              		.loc 1 92 12 is_stmt 0 view .LVU77
 278 0030 B4EEE77A 		vcmpe.f32	s14, s15
 279 0034 F1EE10FA 		vmrs	APSR_nzcv, FPSCR
 280 0038 EFDD     		ble	.L35
  93:controller/utils/utils.c ****             min_diff = diff;
 281              		.loc 1 93 22 view .LVU78
 282 003a B0EE677A 		vmov.f32	s14, s15
 283              	.LVL20:
  94:controller/utils/utils.c ****             nearest_index = i;
 284              		.loc 1 94 27 view .LVU79
 285 003e 1846     		mov	r0, r3
 286              	.LVL21:
 287              		.loc 1 94 27 view .LVU80
 288 0040 EBE7     		b	.L35
 289              	.LVL22:
 290              	.L37:
 291              		.cfi_def_cfa_offset 0
 292              		.cfi_restore 14
 293              		.loc 1 94 27 view .LVU81
 294              	.LBE4:
 295              	.LBE5:
  85:controller/utils/utils.c **** 
 296              		.loc 1 85 27 discriminator 1 view .LVU82
 297 0042 4FF0FF30 		mov	r0, #-1
 298              	.LVL23:
  95:controller/utils/utils.c ****         }
  96:controller/utils/utils.c ****     }
  97:controller/utils/utils.c ****     return nearest_index;
  98:controller/utils/utils.c **** }
 299              		.loc 1 98 1 view .LVU83
ARM GAS  C:\Users\alireza\AppData\Local\Temp\cc1FkzHc.s 			page 8


 300 0046 7047     		bx	lr
 301              	.LVL24:
 302              	.L43:
 303              		.cfi_def_cfa_offset 4
 304              		.cfi_offset 14, -4
 305              		.loc 1 98 1 view .LVU84
 306 0048 5DF804FB 		ldr	pc, [sp], #4
 307              		.cfi_endproc
 308              	.LFE238:
 310              		.section	.text.interpolate_2d,"ax",%progbits
 311              		.align	1
 312              		.global	interpolate_2d
 313              		.syntax unified
 314              		.thumb
 315              		.thumb_func
 317              	interpolate_2d:
 318              	.LVL25:
 319              	.LFB239:
  99:controller/utils/utils.c **** 
 100:controller/utils/utils.c **** float interpolate_2d(float x0, float y0, float x1, float y1, float x) {
 320              		.loc 1 100 71 is_stmt 1 view -0
 321              		.cfi_startproc
 322              		@ args = 0, pretend = 0, frame = 0
 323              		@ frame_needed = 0, uses_anonymous_args = 0
 324              		@ link register save eliminated.
 101:controller/utils/utils.c ****     if (fabsf(x1 - x0) < FLT_EPSILON) {
 325              		.loc 1 101 5 view .LVU86
 326              		.loc 1 101 18 is_stmt 0 view .LVU87
 327 0000 31EE401A 		vsub.f32	s2, s2, s0
 328              	.LVL26:
 329              		.loc 1 101 9 view .LVU88
 330 0004 B0EEC17A 		vabs.f32	s14, s2
 331              		.loc 1 101 8 view .LVU89
 332 0008 DFED0A7A 		vldr.32	s15, .L47
 333 000c B4EEE77A 		vcmpe.f32	s14, s15
 334 0010 F1EE10FA 		vmrs	APSR_nzcv, FPSCR
 335 0014 0AD4     		bmi	.L46
 102:controller/utils/utils.c ****         // x0 and x1 are effectively the same → return y0
 103:controller/utils/utils.c ****         return y0;
 104:controller/utils/utils.c ****     }
 105:controller/utils/utils.c ****     return y0 + (y1 - y0) * ((x - x0) / (x1 - x0));
 336              		.loc 1 105 5 is_stmt 1 view .LVU90
 337              		.loc 1 105 21 is_stmt 0 view .LVU91
 338 0016 71EEE01A 		vsub.f32	s3, s3, s1
 339              	.LVL27:
 340              		.loc 1 105 33 view .LVU92
 341 001a 32EE402A 		vsub.f32	s4, s4, s0
 342              	.LVL28:
 343              		.loc 1 105 39 view .LVU93
 344 001e C2EE017A 		vdiv.f32	s15, s4, s2
 345              		.loc 1 105 27 view .LVU94
 346 0022 61EEA71A 		vmul.f32	s3, s3, s15
 347              		.loc 1 105 15 view .LVU95
 348 0026 31EEA00A 		vadd.f32	s0, s3, s1
 349              	.LVL29:
 350              		.loc 1 105 15 view .LVU96
 351 002a 7047     		bx	lr
ARM GAS  C:\Users\alireza\AppData\Local\Temp\cc1FkzHc.s 			page 9


 352              	.LVL30:
 353              	.L46:
 103:controller/utils/utils.c ****     }
 354              		.loc 1 103 16 view .LVU97
 355 002c B0EE600A 		vmov.f32	s0, s1
 356              	.LVL31:
 106:controller/utils/utils.c **** }
 357              		.loc 1 106 1 view .LVU98
 358 0030 7047     		bx	lr
 359              	.L48:
 360 0032 00BF     		.align	2
 361              	.L47:
 362 0034 00000034 		.word	872415232
 363              		.cfi_endproc
 364              	.LFE239:
 366              		.section	.text.nearest_index_u8,"ax",%progbits
 367              		.align	1
 368              		.global	nearest_index_u8
 369              		.syntax unified
 370              		.thumb
 371              		.thumb_func
 373              	nearest_index_u8:
 374              	.LVL32:
 375              	.LFB240:
 107:controller/utils/utils.c **** 
 108:controller/utils/utils.c **** size_t nearest_index_u8(const uint8_t *arr, size_t size, uint8_t target) {
 376              		.loc 1 108 74 is_stmt 1 view -0
 377              		.cfi_startproc
 378              		@ args = 0, pretend = 0, frame = 0
 379              		@ frame_needed = 0, uses_anonymous_args = 0
 109:controller/utils/utils.c ****     if (size == 0) return SIZE_MAX;
 380              		.loc 1 109 5 view .LVU100
 381              		.loc 1 109 8 is_stmt 0 view .LVU101
 382 0000 E9B1     		cbz	r1, .L58
 108:controller/utils/utils.c ****     if (size == 0) return SIZE_MAX;
 383              		.loc 1 108 74 view .LVU102
 384 0002 10B5     		push	{r4, lr}
 385              		.cfi_def_cfa_offset 8
 386              		.cfi_offset 4, -8
 387              		.cfi_offset 14, -4
 388 0004 8646     		mov	lr, r0
 389 0006 0C46     		mov	r4, r1
 110:controller/utils/utils.c **** 
 111:controller/utils/utils.c ****     size_t nearest_index = 0;
 390              		.loc 1 111 5 is_stmt 1 view .LVU103
 391              	.LVL33:
 112:controller/utils/utils.c ****     unsigned int min_diff = (arr[0] > target) ? (arr[0] - target) : (target - arr[0]);
 392              		.loc 1 112 5 view .LVU104
 393              		.loc 1 112 33 is_stmt 0 view .LVU105
 394 0008 90F800C0 		ldrb	ip, [r0]	@ zero_extendqisi2
 395              		.loc 1 112 67 view .LVU106
 396 000c 9445     		cmp	ip, r2
 397 000e 04D9     		bls	.L51
 398              		.loc 1 112 57 discriminator 1 view .LVU107
 399 0010 ACEB020C 		sub	ip, ip, r2
 400              	.L52:
 401              	.LBB6:
ARM GAS  C:\Users\alireza\AppData\Local\Temp\cc1FkzHc.s 			page 10


 402              	.LBB7:
 113:controller/utils/utils.c **** 
 114:controller/utils/utils.c ****     for (size_t i = 1; i < size; i++) {
 115:controller/utils/utils.c ****         unsigned int diff = (arr[i] > target) ? (arr[i] - target) : (target - arr[i]);
 116:controller/utils/utils.c ****         if (diff < min_diff) {
 117:controller/utils/utils.c ****             min_diff = diff;
 118:controller/utils/utils.c ****             nearest_index = i;
 403              		.loc 1 118 27 view .LVU108
 404 0014 0121     		movs	r1, #1
 405              	.LVL34:
 406              		.loc 1 118 27 view .LVU109
 407 0016 0020     		movs	r0, #0
 408              	.LVL35:
 409              		.loc 1 118 27 view .LVU110
 410 0018 05E0     		b	.L56
 411              	.LVL36:
 412              	.L51:
 413              		.loc 1 118 27 view .LVU111
 414              	.LBE7:
 415              	.LBE6:
 112:controller/utils/utils.c ****     unsigned int min_diff = (arr[0] > target) ? (arr[0] - target) : (target - arr[0]);
 416              		.loc 1 112 77 discriminator 2 view .LVU112
 417 001a A2EB0C0C 		sub	ip, r2, ip
 418 001e F9E7     		b	.L52
 419              	.LVL37:
 420              	.L53:
 421              	.LBB10:
 422              	.LBB8:
 115:controller/utils/utils.c ****         if (diff < min_diff) {
 423              		.loc 1 115 77 discriminator 2 view .LVU113
 424 0020 D31A     		subs	r3, r2, r3
 425 0022 07E0     		b	.L54
 426              	.LVL38:
 427              	.L55:
 115:controller/utils/utils.c ****         if (diff < min_diff) {
 428              		.loc 1 115 77 discriminator 2 view .LVU114
 429              	.LBE8:
 114:controller/utils/utils.c ****         unsigned int diff = (arr[i] > target) ? (arr[i] - target) : (target - arr[i]);
 430              		.loc 1 114 35 is_stmt 1 discriminator 2 view .LVU115
 431 0024 0131     		adds	r1, r1, #1
 432              	.LVL39:
 433              	.L56:
 114:controller/utils/utils.c ****         unsigned int diff = (arr[i] > target) ? (arr[i] - target) : (target - arr[i]);
 434              		.loc 1 114 26 discriminator 1 view .LVU116
 435 0026 A142     		cmp	r1, r4
 436 0028 0CD2     		bcs	.L64
 437              	.LBB9:
 115:controller/utils/utils.c ****         if (diff < min_diff) {
 438              		.loc 1 115 9 view .LVU117
 115:controller/utils/utils.c ****         if (diff < min_diff) {
 439              		.loc 1 115 33 is_stmt 0 view .LVU118
 440 002a 1EF80130 		ldrb	r3, [lr, r1]	@ zero_extendqisi2
 115:controller/utils/utils.c ****         if (diff < min_diff) {
 441              		.loc 1 115 67 view .LVU119
 442 002e 9342     		cmp	r3, r2
 443 0030 F6D9     		bls	.L53
 115:controller/utils/utils.c ****         if (diff < min_diff) {
ARM GAS  C:\Users\alireza\AppData\Local\Temp\cc1FkzHc.s 			page 11


 444              		.loc 1 115 57 discriminator 1 view .LVU120
 445 0032 9B1A     		subs	r3, r3, r2
 446              	.L54:
 447              	.LVL40:
 116:controller/utils/utils.c ****             min_diff = diff;
 448              		.loc 1 116 9 is_stmt 1 view .LVU121
 116:controller/utils/utils.c ****             min_diff = diff;
 449              		.loc 1 116 12 is_stmt 0 view .LVU122
 450 0034 9C45     		cmp	ip, r3
 451 0036 F5D9     		bls	.L55
 117:controller/utils/utils.c ****             nearest_index = i;
 452              		.loc 1 117 22 view .LVU123
 453 0038 9C46     		mov	ip, r3
 454              	.LVL41:
 455              		.loc 1 118 27 view .LVU124
 456 003a 0846     		mov	r0, r1
 457              	.LVL42:
 458              		.loc 1 118 27 view .LVU125
 459 003c F2E7     		b	.L55
 460              	.LVL43:
 461              	.L58:
 462              		.cfi_def_cfa_offset 0
 463              		.cfi_restore 4
 464              		.cfi_restore 14
 465              		.loc 1 118 27 view .LVU126
 466              	.LBE9:
 467              	.LBE10:
 109:controller/utils/utils.c **** 
 468              		.loc 1 109 27 discriminator 1 view .LVU127
 469 003e 4FF0FF30 		mov	r0, #-1
 470              	.LVL44:
 119:controller/utils/utils.c ****         }
 120:controller/utils/utils.c ****     }
 121:controller/utils/utils.c ****     return nearest_index;
 122:controller/utils/utils.c **** }
 471              		.loc 1 122 1 view .LVU128
 472 0042 7047     		bx	lr
 473              	.LVL45:
 474              	.L64:
 475              		.cfi_def_cfa_offset 8
 476              		.cfi_offset 4, -8
 477              		.cfi_offset 14, -4
 478              		.loc 1 122 1 view .LVU129
 479 0044 10BD     		pop	{r4, pc}
 480              		.loc 1 122 1 view .LVU130
 481              		.cfi_endproc
 482              	.LFE240:
 484              		.section	.text.nearest_index_u16,"ax",%progbits
 485              		.align	1
 486              		.global	nearest_index_u16
 487              		.syntax unified
 488              		.thumb
 489              		.thumb_func
 491              	nearest_index_u16:
 492              	.LVL46:
 493              	.LFB241:
 123:controller/utils/utils.c **** 
ARM GAS  C:\Users\alireza\AppData\Local\Temp\cc1FkzHc.s 			page 12


 124:controller/utils/utils.c **** size_t nearest_index_u16(const uint16_t *arr, size_t size, uint16_t target) {
 494              		.loc 1 124 77 is_stmt 1 view -0
 495              		.cfi_startproc
 496              		@ args = 0, pretend = 0, frame = 0
 497              		@ frame_needed = 0, uses_anonymous_args = 0
 125:controller/utils/utils.c ****     if (size == 0) return SIZE_MAX;
 498              		.loc 1 125 5 view .LVU132
 499              		.loc 1 125 8 is_stmt 0 view .LVU133
 500 0000 E9B1     		cbz	r1, .L74
 124:controller/utils/utils.c ****     if (size == 0) return SIZE_MAX;
 501              		.loc 1 124 77 view .LVU134
 502 0002 10B5     		push	{r4, lr}
 503              		.cfi_def_cfa_offset 8
 504              		.cfi_offset 4, -8
 505              		.cfi_offset 14, -4
 506 0004 8646     		mov	lr, r0
 507 0006 0C46     		mov	r4, r1
 126:controller/utils/utils.c **** 
 127:controller/utils/utils.c ****     size_t nearest_index = 0;
 508              		.loc 1 127 5 is_stmt 1 view .LVU135
 509              	.LVL47:
 128:controller/utils/utils.c ****     unsigned int min_diff = (arr[0] > target) ? (arr[0] - target) : (target - arr[0]);
 510              		.loc 1 128 5 view .LVU136
 511              		.loc 1 128 33 is_stmt 0 view .LVU137
 512 0008 B0F800C0 		ldrh	ip, [r0]
 513              		.loc 1 128 67 view .LVU138
 514 000c 9445     		cmp	ip, r2
 515 000e 04D9     		bls	.L67
 516              		.loc 1 128 57 discriminator 1 view .LVU139
 517 0010 ACEB020C 		sub	ip, ip, r2
 518              	.L68:
 519              	.LBB11:
 520              	.LBB12:
 129:controller/utils/utils.c **** 
 130:controller/utils/utils.c ****     for (size_t i = 1; i < size; i++) {
 131:controller/utils/utils.c ****         unsigned int diff = (arr[i] > target) ? (arr[i] - target) : (target - arr[i]);
 132:controller/utils/utils.c ****         if (diff < min_diff) {
 133:controller/utils/utils.c ****             min_diff = diff;
 134:controller/utils/utils.c ****             nearest_index = i;
 521              		.loc 1 134 27 view .LVU140
 522 0014 0121     		movs	r1, #1
 523              	.LVL48:
 524              		.loc 1 134 27 view .LVU141
 525 0016 0020     		movs	r0, #0
 526              	.LVL49:
 527              		.loc 1 134 27 view .LVU142
 528 0018 05E0     		b	.L72
 529              	.LVL50:
 530              	.L67:
 531              		.loc 1 134 27 view .LVU143
 532              	.LBE12:
 533              	.LBE11:
 128:controller/utils/utils.c ****     unsigned int min_diff = (arr[0] > target) ? (arr[0] - target) : (target - arr[0]);
 534              		.loc 1 128 77 discriminator 2 view .LVU144
 535 001a A2EB0C0C 		sub	ip, r2, ip
 536 001e F9E7     		b	.L68
 537              	.LVL51:
ARM GAS  C:\Users\alireza\AppData\Local\Temp\cc1FkzHc.s 			page 13


 538              	.L69:
 539              	.LBB15:
 540              	.LBB13:
 131:controller/utils/utils.c ****         if (diff < min_diff) {
 541              		.loc 1 131 77 discriminator 2 view .LVU145
 542 0020 D31A     		subs	r3, r2, r3
 543 0022 07E0     		b	.L70
 544              	.LVL52:
 545              	.L71:
 131:controller/utils/utils.c ****         if (diff < min_diff) {
 546              		.loc 1 131 77 discriminator 2 view .LVU146
 547              	.LBE13:
 130:controller/utils/utils.c ****         unsigned int diff = (arr[i] > target) ? (arr[i] - target) : (target - arr[i]);
 548              		.loc 1 130 35 is_stmt 1 discriminator 2 view .LVU147
 549 0024 0131     		adds	r1, r1, #1
 550              	.LVL53:
 551              	.L72:
 130:controller/utils/utils.c ****         unsigned int diff = (arr[i] > target) ? (arr[i] - target) : (target - arr[i]);
 552              		.loc 1 130 26 discriminator 1 view .LVU148
 553 0026 A142     		cmp	r1, r4
 554 0028 0CD2     		bcs	.L80
 555              	.LBB14:
 131:controller/utils/utils.c ****         if (diff < min_diff) {
 556              		.loc 1 131 9 view .LVU149
 131:controller/utils/utils.c ****         if (diff < min_diff) {
 557              		.loc 1 131 33 is_stmt 0 view .LVU150
 558 002a 3EF81130 		ldrh	r3, [lr, r1, lsl #1]
 131:controller/utils/utils.c ****         if (diff < min_diff) {
 559              		.loc 1 131 67 view .LVU151
 560 002e 9342     		cmp	r3, r2
 561 0030 F6D9     		bls	.L69
 131:controller/utils/utils.c ****         if (diff < min_diff) {
 562              		.loc 1 131 57 discriminator 1 view .LVU152
 563 0032 9B1A     		subs	r3, r3, r2
 564              	.L70:
 565              	.LVL54:
 132:controller/utils/utils.c ****             min_diff = diff;
 566              		.loc 1 132 9 is_stmt 1 view .LVU153
 132:controller/utils/utils.c ****             min_diff = diff;
 567              		.loc 1 132 12 is_stmt 0 view .LVU154
 568 0034 9C45     		cmp	ip, r3
 569 0036 F5D9     		bls	.L71
 133:controller/utils/utils.c ****             nearest_index = i;
 570              		.loc 1 133 22 view .LVU155
 571 0038 9C46     		mov	ip, r3
 572              	.LVL55:
 573              		.loc 1 134 27 view .LVU156
 574 003a 0846     		mov	r0, r1
 575              	.LVL56:
 576              		.loc 1 134 27 view .LVU157
 577 003c F2E7     		b	.L71
 578              	.LVL57:
 579              	.L74:
 580              		.cfi_def_cfa_offset 0
 581              		.cfi_restore 4
 582              		.cfi_restore 14
 583              		.loc 1 134 27 view .LVU158
ARM GAS  C:\Users\alireza\AppData\Local\Temp\cc1FkzHc.s 			page 14


 584              	.LBE14:
 585              	.LBE15:
 125:controller/utils/utils.c **** 
 586              		.loc 1 125 27 discriminator 1 view .LVU159
 587 003e 4FF0FF30 		mov	r0, #-1
 588              	.LVL58:
 135:controller/utils/utils.c ****         }
 136:controller/utils/utils.c ****     }
 137:controller/utils/utils.c ****     return nearest_index;
 138:controller/utils/utils.c **** }
 589              		.loc 1 138 1 view .LVU160
 590 0042 7047     		bx	lr
 591              	.LVL59:
 592              	.L80:
 593              		.cfi_def_cfa_offset 8
 594              		.cfi_offset 4, -8
 595              		.cfi_offset 14, -4
 596              		.loc 1 138 1 view .LVU161
 597 0044 10BD     		pop	{r4, pc}
 598              		.loc 1 138 1 view .LVU162
 599              		.cfi_endproc
 600              	.LFE241:
 602              		.section	.text.nearest_index_u32,"ax",%progbits
 603              		.align	1
 604              		.global	nearest_index_u32
 605              		.syntax unified
 606              		.thumb
 607              		.thumb_func
 609              	nearest_index_u32:
 610              	.LVL60:
 611              	.LFB242:
 139:controller/utils/utils.c **** 
 140:controller/utils/utils.c **** size_t nearest_index_u32(const uint32_t *arr, size_t size, uint32_t target) {
 612              		.loc 1 140 77 is_stmt 1 view -0
 613              		.cfi_startproc
 614              		@ args = 0, pretend = 0, frame = 0
 615              		@ frame_needed = 0, uses_anonymous_args = 0
 141:controller/utils/utils.c ****     if (size == 0) return SIZE_MAX;
 616              		.loc 1 141 5 view .LVU164
 617              		.loc 1 141 8 is_stmt 0 view .LVU165
 618 0000 E1B1     		cbz	r1, .L90
 140:controller/utils/utils.c ****     if (size == 0) return SIZE_MAX;
 619              		.loc 1 140 77 view .LVU166
 620 0002 10B5     		push	{r4, lr}
 621              		.cfi_def_cfa_offset 8
 622              		.cfi_offset 4, -8
 623              		.cfi_offset 14, -4
 624 0004 8646     		mov	lr, r0
 625 0006 0C46     		mov	r4, r1
 142:controller/utils/utils.c **** 
 143:controller/utils/utils.c ****     size_t nearest_index = 0;
 626              		.loc 1 143 5 is_stmt 1 view .LVU167
 627              	.LVL61:
 144:controller/utils/utils.c ****     uint32_t min_diff = (arr[0] > target) ? (arr[0] - target) : (target - arr[0]);
 628              		.loc 1 144 5 view .LVU168
 629              		.loc 1 144 29 is_stmt 0 view .LVU169
 630 0008 0368     		ldr	r3, [r0]
ARM GAS  C:\Users\alireza\AppData\Local\Temp\cc1FkzHc.s 			page 15


 631              		.loc 1 144 63 view .LVU170
 632 000a 9342     		cmp	r3, r2
 633 000c 04D9     		bls	.L83
 634              		.loc 1 144 63 discriminator 1 view .LVU171
 635 000e A3EB020C 		sub	ip, r3, r2
 636              	.L84:
 637              	.LBB16:
 638              	.LBB17:
 145:controller/utils/utils.c **** 
 146:controller/utils/utils.c ****     for (size_t i = 1; i < size; i++) {
 147:controller/utils/utils.c ****         uint32_t diff = (arr[i] > target) ? (arr[i] - target) : (target - arr[i]);
 148:controller/utils/utils.c ****         if (diff < min_diff) {
 149:controller/utils/utils.c ****             min_diff = diff;
 150:controller/utils/utils.c ****             nearest_index = i;
 639              		.loc 1 150 27 view .LVU172
 640 0012 0121     		movs	r1, #1
 641              	.LVL62:
 642              		.loc 1 150 27 view .LVU173
 643 0014 0020     		movs	r0, #0
 644              	.LVL63:
 645              		.loc 1 150 27 view .LVU174
 646 0016 05E0     		b	.L88
 647              	.LVL64:
 648              	.L83:
 649              		.loc 1 150 27 view .LVU175
 650              	.LBE17:
 651              	.LBE16:
 144:controller/utils/utils.c ****     uint32_t min_diff = (arr[0] > target) ? (arr[0] - target) : (target - arr[0]);
 652              		.loc 1 144 63 discriminator 2 view .LVU176
 653 0018 A2EB030C 		sub	ip, r2, r3
 654 001c F9E7     		b	.L84
 655              	.LVL65:
 656              	.L85:
 657              	.LBB20:
 658              	.LBB18:
 147:controller/utils/utils.c ****         if (diff < min_diff) {
 659              		.loc 1 147 63 discriminator 2 view .LVU177
 660 001e D31A     		subs	r3, r2, r3
 661 0020 07E0     		b	.L86
 662              	.LVL66:
 663              	.L87:
 147:controller/utils/utils.c ****         if (diff < min_diff) {
 664              		.loc 1 147 63 discriminator 2 view .LVU178
 665              	.LBE18:
 146:controller/utils/utils.c ****         uint32_t diff = (arr[i] > target) ? (arr[i] - target) : (target - arr[i]);
 666              		.loc 1 146 35 is_stmt 1 discriminator 2 view .LVU179
 667 0022 0131     		adds	r1, r1, #1
 668              	.LVL67:
 669              	.L88:
 146:controller/utils/utils.c ****         uint32_t diff = (arr[i] > target) ? (arr[i] - target) : (target - arr[i]);
 670              		.loc 1 146 26 discriminator 1 view .LVU180
 671 0024 A142     		cmp	r1, r4
 672 0026 0CD2     		bcs	.L96
 673              	.LBB19:
 147:controller/utils/utils.c ****         if (diff < min_diff) {
 674              		.loc 1 147 9 view .LVU181
 147:controller/utils/utils.c ****         if (diff < min_diff) {
ARM GAS  C:\Users\alireza\AppData\Local\Temp\cc1FkzHc.s 			page 16


 675              		.loc 1 147 29 is_stmt 0 view .LVU182
 676 0028 5EF82130 		ldr	r3, [lr, r1, lsl #2]
 147:controller/utils/utils.c ****         if (diff < min_diff) {
 677              		.loc 1 147 63 view .LVU183
 678 002c 9342     		cmp	r3, r2
 679 002e F6D9     		bls	.L85
 147:controller/utils/utils.c ****         if (diff < min_diff) {
 680              		.loc 1 147 63 discriminator 1 view .LVU184
 681 0030 9B1A     		subs	r3, r3, r2
 682              	.L86:
 683              	.LVL68:
 148:controller/utils/utils.c ****             min_diff = diff;
 684              		.loc 1 148 9 is_stmt 1 view .LVU185
 148:controller/utils/utils.c ****             min_diff = diff;
 685              		.loc 1 148 12 is_stmt 0 view .LVU186
 686 0032 9C45     		cmp	ip, r3
 687 0034 F5D9     		bls	.L87
 149:controller/utils/utils.c ****             nearest_index = i;
 688              		.loc 1 149 22 view .LVU187
 689 0036 9C46     		mov	ip, r3
 690              	.LVL69:
 691              		.loc 1 150 27 view .LVU188
 692 0038 0846     		mov	r0, r1
 693              	.LVL70:
 694              		.loc 1 150 27 view .LVU189
 695 003a F2E7     		b	.L87
 696              	.LVL71:
 697              	.L90:
 698              		.cfi_def_cfa_offset 0
 699              		.cfi_restore 4
 700              		.cfi_restore 14
 701              		.loc 1 150 27 view .LVU190
 702              	.LBE19:
 703              	.LBE20:
 141:controller/utils/utils.c **** 
 704              		.loc 1 141 27 discriminator 1 view .LVU191
 705 003c 4FF0FF30 		mov	r0, #-1
 706              	.LVL72:
 151:controller/utils/utils.c ****         }
 152:controller/utils/utils.c ****     }
 153:controller/utils/utils.c ****     return nearest_index;
 154:controller/utils/utils.c **** }
 707              		.loc 1 154 1 view .LVU192
 708 0040 7047     		bx	lr
 709              	.LVL73:
 710              	.L96:
 711              		.cfi_def_cfa_offset 8
 712              		.cfi_offset 4, -8
 713              		.cfi_offset 14, -4
 714              		.loc 1 154 1 view .LVU193
 715 0042 10BD     		pop	{r4, pc}
 716              		.loc 1 154 1 view .LVU194
 717              		.cfi_endproc
 718              	.LFE242:
 720              		.section	.text.rate_of_change_per_sec,"ax",%progbits
 721              		.align	1
 722              		.global	rate_of_change_per_sec
ARM GAS  C:\Users\alireza\AppData\Local\Temp\cc1FkzHc.s 			page 17


 723              		.syntax unified
 724              		.thumb
 725              		.thumb_func
 727              	rate_of_change_per_sec:
 728              	.LVL74:
 729              	.LFB243:
 155:controller/utils/utils.c **** 
 156:controller/utils/utils.c **** float rate_of_change_per_sec(float current_value, float prev_value, time_us_t current_time, time_us
 157:controller/utils/utils.c **** {
 730              		.loc 1 157 1 is_stmt 1 view -0
 731              		.cfi_startproc
 732              		@ args = 0, pretend = 0, frame = 0
 733              		@ frame_needed = 0, uses_anonymous_args = 0
 734              		@ link register save eliminated.
 158:controller/utils/utils.c ****     if (isnan(current_value) || isnan(prev_value))
 735              		.loc 1 158 5 view .LVU196
 736              		.loc 1 158 8 is_stmt 0 view .LVU197
 737 0000 B4EE400A 		vcmp.f32	s0, s0
 738 0004 F1EE10FA 		vmrs	APSR_nzcv, FPSCR
 739 0008 13D6     		bvs	.L99
 740              		.loc 1 158 30 discriminator 1 view .LVU198
 741 000a F4EE600A 		vcmp.f32	s1, s1
 742 000e F1EE10FA 		vmrs	APSR_nzcv, FPSCR
 743 0012 11D6     		bvs	.L100
 159:controller/utils/utils.c ****     {
 160:controller/utils/utils.c ****         return (float)0;
 161:controller/utils/utils.c ****     }
 162:controller/utils/utils.c ****     time_us_t delta_time = (uint32_t)(current_time - prev_time);
 744              		.loc 1 162 5 is_stmt 1 view .LVU199
 745              	.LVL75:
 163:controller/utils/utils.c ****     if (delta_time == 0)
 746              		.loc 1 163 5 view .LVU200
 747              		.loc 1 163 8 is_stmt 0 view .LVU201
 748 0014 401A     		subs	r0, r0, r1
 749              	.LVL76:
 750              		.loc 1 163 8 view .LVU202
 751 0016 12D0     		beq	.L101
 164:controller/utils/utils.c ****     {
 165:controller/utils/utils.c ****         return (float)0;
 166:controller/utils/utils.c ****     }
 167:controller/utils/utils.c ****     
 168:controller/utils/utils.c ****     float delta_value = current_value - prev_value;
 752              		.loc 1 168 5 is_stmt 1 view .LVU203
 753              		.loc 1 168 11 is_stmt 0 view .LVU204
 754 0018 70EE600A 		vsub.f32	s1, s0, s1
 755              	.LVL77:
 169:controller/utils/utils.c ****     
 170:controller/utils/utils.c ****     return delta_value / (float)(delta_time) * (float)CONVERSION_FACTOR_SECONDS_TO_MICROSECONDS;
 756              		.loc 1 170 5 is_stmt 1 view .LVU205
 757              		.loc 1 170 26 is_stmt 0 view .LVU206
 758 001c 07EE900A 		vmov	s15, r0	@ int
 759 0020 F8EE677A 		vcvt.f32.u32	s15, s15
 760              		.loc 1 170 24 view .LVU207
 761 0024 80EEA70A 		vdiv.f32	s0, s1, s15
 762              	.LVL78:
 763              		.loc 1 170 46 view .LVU208
 764 0028 DFED067A 		vldr.32	s15, .L102
ARM GAS  C:\Users\alireza\AppData\Local\Temp\cc1FkzHc.s 			page 18


 765 002c 20EE270A 		vmul.f32	s0, s0, s15
 766 0030 7047     		bx	lr
 767              	.LVL79:
 768              	.L99:
 160:controller/utils/utils.c ****     }
 769              		.loc 1 160 16 view .LVU209
 770 0032 9FED050A 		vldr.32	s0, .L102+4
 771              	.LVL80:
 160:controller/utils/utils.c ****     }
 772              		.loc 1 160 16 view .LVU210
 773 0036 7047     		bx	lr
 774              	.LVL81:
 775              	.L100:
 160:controller/utils/utils.c ****     }
 776              		.loc 1 160 16 view .LVU211
 777 0038 9FED030A 		vldr.32	s0, .L102+4
 778              	.LVL82:
 160:controller/utils/utils.c ****     }
 779              		.loc 1 160 16 view .LVU212
 780 003c 7047     		bx	lr
 781              	.LVL83:
 782              	.L101:
 165:controller/utils/utils.c ****     }
 783              		.loc 1 165 16 view .LVU213
 784 003e 9FED020A 		vldr.32	s0, .L102+4
 785              	.LVL84:
 171:controller/utils/utils.c ****     
 172:controller/utils/utils.c **** }...
 786              		.loc 1 172 1 view .LVU214
 787 0042 7047     		bx	lr
 788              	.L103:
 789              		.align	2
 790              	.L102:
 791 0044 00247449 		.word	1232348160
 792 0048 00000000 		.word	0
 793              		.cfi_endproc
 794              	.LFE243:
 796              		.section	.rodata.crcTable.0,"a"
 797              		.align	2
 800              	crcTable.0:
 801 0000 00000000 		.word	0
 802 0004 96300777 		.word	1996959894
 803 0008 2C610EEE 		.word	-301047508
 804 000c BA510999 		.word	-1727442502
 805 0010 19C46D07 		.word	124634137
 806 0014 8FF46A70 		.word	1886057615
 807 0018 35A563E9 		.word	-379345611
 808 001c A395649E 		.word	-1637575261
 809 0020 3288DB0E 		.word	249268274
 810 0024 A4B8DC79 		.word	2044508324
 811 0028 1EE9D5E0 		.word	-522852066
 812 002c 88D9D297 		.word	-1747789432
 813 0030 2B4CB609 		.word	162941995
 814 0034 BD7CB17E 		.word	2125561021
 815 0038 072DB8E7 		.word	-407360249
 816 003c 911DBF90 		.word	-1866523247
 817 0040 6410B71D 		.word	498536548
ARM GAS  C:\Users\alireza\AppData\Local\Temp\cc1FkzHc.s 			page 19


 818 0044 F220B06A 		.word	1789927666
 819 0048 4871B9F3 		.word	-205950648
 820 004c DE41BE84 		.word	-2067906082
 821 0050 7DD4DA1A 		.word	450548861
 822 0054 EBE4DD6D 		.word	1843258603
 823 0058 51B5D4F4 		.word	-187386543
 824 005c C785D383 		.word	-2083289657
 825 0060 56986C13 		.word	325883990
 826 0064 C0A86B64 		.word	1684777152
 827 0068 7AF962FD 		.word	-43845254
 828 006c ECC9658A 		.word	-1973040660
 829 0070 4F5C0114 		.word	335633487
 830 0074 D96C0663 		.word	1661365465
 831 0078 633D0FFA 		.word	-99664541
 832 007c F50D088D 		.word	-1928851979
 833 0080 C8206E3B 		.word	997073096
 834 0084 5E10694C 		.word	1281953886
 835 0088 E44160D5 		.word	-715111964
 836 008c 727167A2 		.word	-1570279054
 837 0090 D1E4033C 		.word	1006888145
 838 0094 47D4044B 		.word	1258607687
 839 0098 FD850DD2 		.word	-770865667
 840 009c 6BB50AA5 		.word	-1526024853
 841 00a0 FAA8B535 		.word	901097722
 842 00a4 6C98B242 		.word	1119000684
 843 00a8 D6C9BBDB 		.word	-608450090
 844 00ac 40F9BCAC 		.word	-1396901568
 845 00b0 E36CD832 		.word	853044451
 846 00b4 755CDF45 		.word	1172266101
 847 00b8 CF0DD6DC 		.word	-589951537
 848 00bc 593DD1AB 		.word	-1412350631
 849 00c0 AC30D926 		.word	651767980
 850 00c4 3A00DE51 		.word	1373503546
 851 00c8 8051D7C8 		.word	-925412992
 852 00cc 1661D0BF 		.word	-1076862698
 853 00d0 B5F4B421 		.word	565507253
 854 00d4 23C4B356 		.word	1454621731
 855 00d8 9995BACF 		.word	-809855591
 856 00dc 0FA5BDB8 		.word	-1195530993
 857 00e0 9EB80228 		.word	671266974
 858 00e4 0888055F 		.word	1594198024
 859 00e8 B2D90CC6 		.word	-972236366
 860 00ec 24E90BB1 		.word	-1324619484
 861 00f0 877C6F2F 		.word	795835527
 862 00f4 114C6858 		.word	1483230225
 863 00f8 AB1D61C1 		.word	-1050600021
 864 00fc 3D2D66B6 		.word	-1234817731
 865 0100 9041DC76 		.word	1994146192
 866 0104 0671DB01 		.word	31158534
 867 0108 BC20D298 		.word	-1731059524
 868 010c 2A10D5EF 		.word	-271249366
 869 0110 8985B171 		.word	1907459465
 870 0114 1FB5B606 		.word	112637215
 871 0118 A5E4BF9F 		.word	-1614814043
 872 011c 33D4B8E8 		.word	-390540237
 873 0120 A2C90778 		.word	2013776290
 874 0124 34F9000F 		.word	251722036
ARM GAS  C:\Users\alireza\AppData\Local\Temp\cc1FkzHc.s 			page 20


 875 0128 8EA80996 		.word	-1777751922
 876 012c 18980EE1 		.word	-519137256
 877 0130 BB0D6A7F 		.word	2137656763
 878 0134 2D3D6D08 		.word	141376813
 879 0138 976C6491 		.word	-1855689577
 880 013c 015C63E6 		.word	-429695999
 881 0140 F4516B6B 		.word	1802195444
 882 0144 62616C1C 		.word	476864866
 883 0148 D8306585 		.word	-2056965928
 884 014c 4E0062F2 		.word	-228458418
 885 0150 ED95066C 		.word	1812370925
 886 0154 7BA5011B 		.word	453092731
 887 0158 C1F40882 		.word	-2113342271
 888 015c 57C40FF5 		.word	-183516073
 889 0160 C6D9B065 		.word	1706088902
 890 0164 50E9B712 		.word	314042704
 891 0168 EAB8BE8B 		.word	-1950435094
 892 016c 7C88B9FC 		.word	-54949764
 893 0170 DF1DDD62 		.word	1658658271
 894 0174 492DDA15 		.word	366619977
 895 0178 F37CD38C 		.word	-1932296973
 896 017c 654CD4FB 		.word	-69972891
 897 0180 5861B24D 		.word	1303535960
 898 0184 CE51B53A 		.word	984961486
 899 0188 7400BCA3 		.word	-1547960204
 900 018c E230BBD4 		.word	-725929758
 901 0190 41A5DF4A 		.word	1256170817
 902 0194 D795D83D 		.word	1037604311
 903 0198 6DC4D1A4 		.word	-1529756563
 904 019c FBF4D6D3 		.word	-740887301
 905 01a0 6AE96943 		.word	1131014506
 906 01a4 FCD96E34 		.word	879679996
 907 01a8 468867AD 		.word	-1385723834
 908 01ac D0B860DA 		.word	-631195440
 909 01b0 732D0444 		.word	1141124467
 910 01b4 E51D0333 		.word	855842277
 911 01b8 5F4C0AAA 		.word	-1442165665
 912 01bc C97C0DDD 		.word	-586318647
 913 01c0 3C710550 		.word	1342533948
 914 01c4 AA410227 		.word	654459306
 915 01c8 10100BBE 		.word	-1106571248
 916 01cc 86200CC9 		.word	-921952122
 917 01d0 25B56857 		.word	1466479909
 918 01d4 B3856F20 		.word	544179635
 919 01d8 09D466B9 		.word	-1184443383
 920 01dc 9FE461CE 		.word	-832445281
 921 01e0 0EF9DE5E 		.word	1591671054
 922 01e4 98C9D929 		.word	702138776
 923 01e8 2298D0B0 		.word	-1328506846
 924 01ec B4A8D7C7 		.word	-942167884
 925 01f0 173DB359 		.word	1504918807
 926 01f4 810DB42E 		.word	783551873
 927 01f8 3B5CBDB7 		.word	-1212326853
 928 01fc AD6CBAC0 		.word	-1061524307
 929 0200 2083B8ED 		.word	-306674912
 930 0204 B6B3BF9A 		.word	-1698712650
 931 0208 0CE2B603 		.word	62317068
ARM GAS  C:\Users\alireza\AppData\Local\Temp\cc1FkzHc.s 			page 21


 932 020c 9AD2B174 		.word	1957810842
 933 0210 3947D5EA 		.word	-355121351
 934 0214 AF77D29D 		.word	-1647151185
 935 0218 1526DB04 		.word	81470997
 936 021c 8316DC73 		.word	1943803523
 937 0220 120B63E3 		.word	-480048366
 938 0224 843B6494 		.word	-1805370492
 939 0228 3E6A6D0D 		.word	225274430
 940 022c A85A6A7A 		.word	2053790376
 941 0230 0BCF0EE4 		.word	-468791541
 942 0234 9DFF0993 		.word	-1828061283
 943 0238 27AE000A 		.word	167816743
 944 023c B19E077D 		.word	2097651377
 945 0240 44930FF0 		.word	-267414716
 946 0244 D2A30887 		.word	-2029476910
 947 0248 68F2011E 		.word	503444072
 948 024c FEC20669 		.word	1762050814
 949 0250 5D5762F7 		.word	-144550051
 950 0254 CB676580 		.word	-2140837941
 951 0258 71366C19 		.word	426522225
 952 025c E7066B6E 		.word	1852507879
 953 0260 761BD4FE 		.word	-19653770
 954 0264 E02BD389 		.word	-1982649376
 955 0268 5A7ADA10 		.word	282753626
 956 026c CC4ADD67 		.word	1742555852
 957 0270 6FDFB9F9 		.word	-105259153
 958 0274 F9EFBE8E 		.word	-1900089351
 959 0278 43BEB717 		.word	397917763
 960 027c D58EB060 		.word	1622183637
 961 0280 E8A3D6D6 		.word	-690576408
 962 0284 7E93D1A1 		.word	-1580100738
 963 0288 C4C2D838 		.word	953729732
 964 028c 52F2DF4F 		.word	1340076626
 965 0290 F167BBD1 		.word	-776247311
 966 0294 6757BCA6 		.word	-1497606297
 967 0298 DD06B53F 		.word	1068828381
 968 029c 4B36B248 		.word	1219638859
 969 02a0 DA2B0DD8 		.word	-670225446
 970 02a4 4C1B0AAF 		.word	-1358292148
 971 02a8 F64A0336 		.word	906185462
 972 02ac 607A0441 		.word	1090812512
 973 02b0 C3EF60DF 		.word	-547295293
 974 02b4 55DF67A8 		.word	-1469587627
 975 02b8 EF8E6E31 		.word	829329135
 976 02bc 79BE6946 		.word	1181335161
 977 02c0 8CB361CB 		.word	-882789492
 978 02c4 1A8366BC 		.word	-1134132454
 979 02c8 A0D26F25 		.word	628085408
 980 02cc 36E26852 		.word	1382605366
 981 02d0 95770CCC 		.word	-871598187
 982 02d4 03470BBB 		.word	-1156888829
 983 02d8 B9160222 		.word	570562233
 984 02dc 2F260555 		.word	1426400815
 985 02e0 BE3BBAC5 		.word	-977650754
 986 02e4 280BBDB2 		.word	-1296233688
 987 02e8 925AB42B 		.word	733239954
 988 02ec 046AB35C 		.word	1555261956
ARM GAS  C:\Users\alireza\AppData\Local\Temp\cc1FkzHc.s 			page 22


 989 02f0 A7FFD7C2 		.word	-1026031705
 990 02f4 31CFD0B5 		.word	-1244606671
 991 02f8 8B9ED92C 		.word	752459403
 992 02fc 1DAEDE5B 		.word	1541320221
 993 0300 B0C2649B 		.word	-1687895376
 994 0304 26F263EC 		.word	-328994266
 995 0308 9CA36A75 		.word	1969922972
 996 030c 0A936D02 		.word	40735498
 997 0310 A906099C 		.word	-1677130071
 998 0314 3F360EEB 		.word	-351390145
 999 0318 85670772 		.word	1913087877
 1000 031c 13570005 		.word	83908371
 1001 0320 824ABF95 		.word	-1782625662
 1002 0324 147AB8E2 		.word	-491226604
 1003 0328 AE2BB17B 		.word	2075208622
 1004 032c 381BB60C 		.word	213261112
 1005 0330 9B8ED292 		.word	-1831694693
 1006 0334 0DBED5E5 		.word	-438977011
 1007 0338 B7EFDC7C 		.word	2094854071
 1008 033c 21DFDB0B 		.word	198958881
 1009 0340 D4D2D386 		.word	-2032938284
 1010 0344 42E2D4F1 		.word	-237706686
 1011 0348 F8B3DD68 		.word	1759359992
 1012 034c 6E83DA1F 		.word	534414190
 1013 0350 CD16BE81 		.word	-2118248755
 1014 0354 5B26B9F6 		.word	-155638181
 1015 0358 E177B06F 		.word	1873836001
 1016 035c 7747B718 		.word	414664567
 1017 0360 E65A0888 		.word	-2012718362
 1018 0364 706A0FFF 		.word	-15766928
 1019 0368 CA3B0666 		.word	1711684554
 1020 036c 5C0B0111 		.word	285281116
 1021 0370 FF9E658F 		.word	-1889165569
 1022 0374 69AE62F8 		.word	-127750551
 1023 0378 D3FF6B61 		.word	1634467795
 1024 037c 45CF6C16 		.word	376229701
 1025 0380 78E20AA0 		.word	-1609899400
 1026 0384 EED20DD7 		.word	-686959890
 1027 0388 5483044E 		.word	1308918612
 1028 038c C2B30339 		.word	956543938
 1029 0390 612667A7 		.word	-1486412191
 1030 0394 F71660D0 		.word	-799009033
 1031 0398 4D476949 		.word	1231636301
 1032 039c DB776E3E 		.word	1047427035
 1033 03a0 4A6AD1AE 		.word	-1362007478
 1034 03a4 DC5AD6D9 		.word	-640263460
 1035 03a8 660BDF40 		.word	1088359270
 1036 03ac F03BD837 		.word	936918000
 1037 03b0 53AEBCA9 		.word	-1447252397
 1038 03b4 C59EBBDE 		.word	-558129467
 1039 03b8 7FCFB247 		.word	1202900863
 1040 03bc E9FFB530 		.word	817233897
 1041 03c0 1CF2BDBD 		.word	-1111625188
 1042 03c4 8AC2BACA 		.word	-893730166
 1043 03c8 3093B353 		.word	1404277552
 1044 03cc A6A3B424 		.word	615818150
 1045 03d0 0536D0BA 		.word	-1160759803
ARM GAS  C:\Users\alireza\AppData\Local\Temp\cc1FkzHc.s 			page 23


 1046 03d4 9306D7CD 		.word	-841546093
 1047 03d8 2957DE54 		.word	1423857449
 1048 03dc BF67D923 		.word	601450431
 1049 03e0 2E7A66B3 		.word	-1285129682
 1050 03e4 B84A61C4 		.word	-1000256840
 1051 03e8 021B685D 		.word	1567103746
 1052 03ec 942B6F2A 		.word	711928724
 1053 03f0 37BE0BB4 		.word	-1274298825
 1054 03f4 A18E0CC3 		.word	-1022587231
 1055 03f8 1BDF055A 		.word	1510334235
 1056 03fc 8DEF022D 		.word	755167117
 1057              		.text
 1058              	.Letext0:
 1059              		.file 2 "C:/Users/alireza/AppData/Roaming/Code/User/globalStorage/bmd.stm32-for-vscode/@xpack-dev-
 1060              		.file 3 "C:/Users/alireza/AppData/Roaming/Code/User/globalStorage/bmd.stm32-for-vscode/@xpack-dev-
 1061              		.file 4 "C:/Users/alireza/AppData/Roaming/Code/User/globalStorage/bmd.stm32-for-vscode/@xpack-dev-
 1062              		.file 5 "controller/types.h"
ARM GAS  C:\Users\alireza\AppData\Local\Temp\cc1FkzHc.s 			page 24


DEFINED SYMBOLS
                            *ABS*:00000000 utils.c
C:\Users\alireza\AppData\Local\Temp\cc1FkzHc.s:21     .text.is_phase_in_range:00000000 $t
C:\Users\alireza\AppData\Local\Temp\cc1FkzHc.s:27     .text.is_phase_in_range:00000000 is_phase_in_range
C:\Users\alireza\AppData\Local\Temp\cc1FkzHc.s:88     .text.crc32_inc:00000000 $t
C:\Users\alireza\AppData\Local\Temp\cc1FkzHc.s:94     .text.crc32_inc:00000000 crc32_inc
C:\Users\alireza\AppData\Local\Temp\cc1FkzHc.s:163    .text.crc32_inc:00000034 $d
C:\Users\alireza\AppData\Local\Temp\cc1FkzHc.s:800    .rodata.crcTable.0:00000000 crcTable.0
C:\Users\alireza\AppData\Local\Temp\cc1FkzHc.s:168    .text.swap_endian_copy_uint8:00000000 $t
C:\Users\alireza\AppData\Local\Temp\cc1FkzHc.s:174    .text.swap_endian_copy_uint8:00000000 swap_endian_copy_uint8
C:\Users\alireza\AppData\Local\Temp\cc1FkzHc.s:213    .text.nearest_index_float:00000000 $t
C:\Users\alireza\AppData\Local\Temp\cc1FkzHc.s:219    .text.nearest_index_float:00000000 nearest_index_float
C:\Users\alireza\AppData\Local\Temp\cc1FkzHc.s:311    .text.interpolate_2d:00000000 $t
C:\Users\alireza\AppData\Local\Temp\cc1FkzHc.s:317    .text.interpolate_2d:00000000 interpolate_2d
C:\Users\alireza\AppData\Local\Temp\cc1FkzHc.s:362    .text.interpolate_2d:00000034 $d
C:\Users\alireza\AppData\Local\Temp\cc1FkzHc.s:367    .text.nearest_index_u8:00000000 $t
C:\Users\alireza\AppData\Local\Temp\cc1FkzHc.s:373    .text.nearest_index_u8:00000000 nearest_index_u8
C:\Users\alireza\AppData\Local\Temp\cc1FkzHc.s:485    .text.nearest_index_u16:00000000 $t
C:\Users\alireza\AppData\Local\Temp\cc1FkzHc.s:491    .text.nearest_index_u16:00000000 nearest_index_u16
C:\Users\alireza\AppData\Local\Temp\cc1FkzHc.s:603    .text.nearest_index_u32:00000000 $t
C:\Users\alireza\AppData\Local\Temp\cc1FkzHc.s:609    .text.nearest_index_u32:00000000 nearest_index_u32
C:\Users\alireza\AppData\Local\Temp\cc1FkzHc.s:721    .text.rate_of_change_per_sec:00000000 $t
C:\Users\alireza\AppData\Local\Temp\cc1FkzHc.s:727    .text.rate_of_change_per_sec:00000000 rate_of_change_per_sec
C:\Users\alireza\AppData\Local\Temp\cc1FkzHc.s:791    .text.rate_of_change_per_sec:00000044 $d
C:\Users\alireza\AppData\Local\Temp\cc1FkzHc.s:797    .rodata.crcTable.0:00000000 $d

NO UNDEFINED SYMBOLS
