ARM GAS  C:\Users\alireza\AppData\Local\Temp\ccTD0r2y.s 			page 1


   1              		.cpu cortex-m4
   2              		.arch armv7e-m
   3              		.fpu fpv4-sp-d16
   4              		.eabi_attribute 27, 1
   5              		.eabi_attribute 28, 1
   6              		.eabi_attribute 20, 1
   7              		.eabi_attribute 21, 1
   8              		.eabi_attribute 23, 3
   9              		.eabi_attribute 24, 1
  10              		.eabi_attribute 25, 1
  11              		.eabi_attribute 26, 1
  12              		.eabi_attribute 30, 1
  13              		.eabi_attribute 34, 1
  14              		.eabi_attribute 18, 4
  15              		.file	"adc.c"
  16              		.text
  17              		.section	.text.MX_ADC1_Init,"ax",%progbits
  18              		.align	1
  19              		.global	MX_ADC1_Init
  20              		.syntax unified
  21              		.thumb
  22              		.thumb_func
  24              	MX_ADC1_Init:
  25              		@ args = 0, pretend = 0, frame = 48
  26              		@ frame_needed = 0, uses_anonymous_args = 0
  27 0000 10B5     		push	{r4, lr}
  28 0002 8CB0     		sub	sp, sp, #48
  29 0004 0024     		movs	r4, #0
  30 0006 0894     		str	r4, [sp, #32]
  31 0008 0994     		str	r4, [sp, #36]
  32 000a 0A94     		str	r4, [sp, #40]
  33 000c 0B94     		str	r4, [sp, #44]
  34 000e 2022     		movs	r2, #32
  35 0010 2146     		mov	r1, r4
  36 0012 6846     		mov	r0, sp
  37 0014 FFF7FEFF 		bl	memset
  38 0018 8848     		ldr	r0, .L39
  39 001a 894B     		ldr	r3, .L39+4
  40 001c 0360     		str	r3, [r0]
  41 001e 4460     		str	r4, [r0, #4]
  42 0020 8460     		str	r4, [r0, #8]
  43 0022 0123     		movs	r3, #1
  44 0024 0361     		str	r3, [r0, #16]
  45 0026 0476     		strb	r4, [r0, #24]
  46 0028 80F82040 		strb	r4, [r0, #32]
  47 002c 4FF08052 		mov	r2, #268435456
  48 0030 C262     		str	r2, [r0, #44]
  49 0032 4FF02062 		mov	r2, #167772160
  50 0036 8262     		str	r2, [r0, #40]
  51 0038 C460     		str	r4, [r0, #12]
  52 003a 0D22     		movs	r2, #13
  53 003c C261     		str	r2, [r0, #28]
  54 003e 80F83030 		strb	r3, [r0, #48]
  55 0042 4461     		str	r4, [r0, #20]
  56 0044 FFF7FEFF 		bl	HAL_ADC_Init
  57 0048 0028     		cmp	r0, #0
  58 004a 40F0C180 		bne	.L21
ARM GAS  C:\Users\alireza\AppData\Local\Temp\ccTD0r2y.s 			page 2


  59              	.L2:
  60 004e 0A23     		movs	r3, #10
  61 0050 0893     		str	r3, [sp, #32]
  62 0052 0123     		movs	r3, #1
  63 0054 0993     		str	r3, [sp, #36]
  64 0056 0423     		movs	r3, #4
  65 0058 0A93     		str	r3, [sp, #40]
  66 005a 08A9     		add	r1, sp, #32
  67 005c 7748     		ldr	r0, .L39
  68 005e FFF7FEFF 		bl	HAL_ADC_ConfigChannel
  69 0062 0028     		cmp	r0, #0
  70 0064 40F0B780 		bne	.L22
  71              	.L3:
  72 0068 0B23     		movs	r3, #11
  73 006a 0893     		str	r3, [sp, #32]
  74 006c 0223     		movs	r3, #2
  75 006e 0993     		str	r3, [sp, #36]
  76 0070 0023     		movs	r3, #0
  77 0072 0A93     		str	r3, [sp, #40]
  78 0074 08A9     		add	r1, sp, #32
  79 0076 7148     		ldr	r0, .L39
  80 0078 FFF7FEFF 		bl	HAL_ADC_ConfigChannel
  81 007c 0028     		cmp	r0, #0
  82 007e 40F0AD80 		bne	.L23
  83              	.L4:
  84 0082 0C23     		movs	r3, #12
  85 0084 0893     		str	r3, [sp, #32]
  86 0086 0323     		movs	r3, #3
  87 0088 0993     		str	r3, [sp, #36]
  88 008a 08A9     		add	r1, sp, #32
  89 008c 6B48     		ldr	r0, .L39
  90 008e FFF7FEFF 		bl	HAL_ADC_ConfigChannel
  91 0092 0028     		cmp	r0, #0
  92 0094 40F0A580 		bne	.L24
  93              	.L5:
  94 0098 0D23     		movs	r3, #13
  95 009a 0893     		str	r3, [sp, #32]
  96 009c 0423     		movs	r3, #4
  97 009e 0993     		str	r3, [sp, #36]
  98 00a0 08A9     		add	r1, sp, #32
  99 00a2 6648     		ldr	r0, .L39
 100 00a4 FFF7FEFF 		bl	HAL_ADC_ConfigChannel
 101 00a8 0028     		cmp	r0, #0
 102 00aa 40F09D80 		bne	.L25
 103              	.L6:
 104 00ae 0023     		movs	r3, #0
 105 00b0 0893     		str	r3, [sp, #32]
 106 00b2 0523     		movs	r3, #5
 107 00b4 0993     		str	r3, [sp, #36]
 108 00b6 08A9     		add	r1, sp, #32
 109 00b8 6048     		ldr	r0, .L39
 110 00ba FFF7FEFF 		bl	HAL_ADC_ConfigChannel
 111 00be 0028     		cmp	r0, #0
 112 00c0 40F09580 		bne	.L26
 113              	.L7:
 114 00c4 0123     		movs	r3, #1
 115 00c6 0893     		str	r3, [sp, #32]
ARM GAS  C:\Users\alireza\AppData\Local\Temp\ccTD0r2y.s 			page 3


 116 00c8 0623     		movs	r3, #6
 117 00ca 0993     		str	r3, [sp, #36]
 118 00cc 08A9     		add	r1, sp, #32
 119 00ce 5B48     		ldr	r0, .L39
 120 00d0 FFF7FEFF 		bl	HAL_ADC_ConfigChannel
 121 00d4 0028     		cmp	r0, #0
 122 00d6 40F08D80 		bne	.L27
 123              	.L8:
 124 00da 0223     		movs	r3, #2
 125 00dc 0893     		str	r3, [sp, #32]
 126 00de 0723     		movs	r3, #7
 127 00e0 0993     		str	r3, [sp, #36]
 128 00e2 08A9     		add	r1, sp, #32
 129 00e4 5548     		ldr	r0, .L39
 130 00e6 FFF7FEFF 		bl	HAL_ADC_ConfigChannel
 131 00ea 0028     		cmp	r0, #0
 132 00ec 40F08580 		bne	.L28
 133              	.L9:
 134 00f0 0323     		movs	r3, #3
 135 00f2 0893     		str	r3, [sp, #32]
 136 00f4 0823     		movs	r3, #8
 137 00f6 0993     		str	r3, [sp, #36]
 138 00f8 08A9     		add	r1, sp, #32
 139 00fa 5048     		ldr	r0, .L39
 140 00fc FFF7FEFF 		bl	HAL_ADC_ConfigChannel
 141 0100 0028     		cmp	r0, #0
 142 0102 7DD1     		bne	.L29
 143              	.L10:
 144 0104 0423     		movs	r3, #4
 145 0106 0893     		str	r3, [sp, #32]
 146 0108 0923     		movs	r3, #9
 147 010a 0993     		str	r3, [sp, #36]
 148 010c 08A9     		add	r1, sp, #32
 149 010e 4B48     		ldr	r0, .L39
 150 0110 FFF7FEFF 		bl	HAL_ADC_ConfigChannel
 151 0114 0028     		cmp	r0, #0
 152 0116 76D1     		bne	.L30
 153              	.L11:
 154 0118 0523     		movs	r3, #5
 155 011a 0893     		str	r3, [sp, #32]
 156 011c 0A23     		movs	r3, #10
 157 011e 0993     		str	r3, [sp, #36]
 158 0120 08A9     		add	r1, sp, #32
 159 0122 4648     		ldr	r0, .L39
 160 0124 FFF7FEFF 		bl	HAL_ADC_ConfigChannel
 161 0128 0028     		cmp	r0, #0
 162 012a 6FD1     		bne	.L31
 163              	.L12:
 164 012c 0623     		movs	r3, #6
 165 012e 0893     		str	r3, [sp, #32]
 166 0130 0B23     		movs	r3, #11
 167 0132 0993     		str	r3, [sp, #36]
 168 0134 08A9     		add	r1, sp, #32
 169 0136 4148     		ldr	r0, .L39
 170 0138 FFF7FEFF 		bl	HAL_ADC_ConfigChannel
 171 013c 0028     		cmp	r0, #0
 172 013e 68D1     		bne	.L32
ARM GAS  C:\Users\alireza\AppData\Local\Temp\ccTD0r2y.s 			page 4


 173              	.L13:
 174 0140 0723     		movs	r3, #7
 175 0142 0893     		str	r3, [sp, #32]
 176 0144 0C23     		movs	r3, #12
 177 0146 0993     		str	r3, [sp, #36]
 178 0148 08A9     		add	r1, sp, #32
 179 014a 3C48     		ldr	r0, .L39
 180 014c FFF7FEFF 		bl	HAL_ADC_ConfigChannel
 181 0150 0028     		cmp	r0, #0
 182 0152 61D1     		bne	.L33
 183              	.L14:
 184 0154 0E23     		movs	r3, #14
 185 0156 0893     		str	r3, [sp, #32]
 186 0158 0D23     		movs	r3, #13
 187 015a 0993     		str	r3, [sp, #36]
 188 015c 08A9     		add	r1, sp, #32
 189 015e 3748     		ldr	r0, .L39
 190 0160 FFF7FEFF 		bl	HAL_ADC_ConfigChannel
 191 0164 0028     		cmp	r0, #0
 192 0166 5AD1     		bne	.L34
 193              	.L15:
 194 0168 0B23     		movs	r3, #11
 195 016a 0093     		str	r3, [sp]
 196 016c 0122     		movs	r2, #1
 197 016e 0192     		str	r2, [sp, #4]
 198 0170 0423     		movs	r3, #4
 199 0172 0493     		str	r3, [sp, #16]
 200 0174 0023     		movs	r3, #0
 201 0176 0293     		str	r3, [sp, #8]
 202 0178 0793     		str	r3, [sp, #28]
 203 017a 3249     		ldr	r1, .L39+8
 204 017c 0691     		str	r1, [sp, #24]
 205 017e 8DF81520 		strb	r2, [sp, #21]
 206 0182 8DF81430 		strb	r3, [sp, #20]
 207 0186 0393     		str	r3, [sp, #12]
 208 0188 6946     		mov	r1, sp
 209 018a 2C48     		ldr	r0, .L39
 210 018c FFF7FEFF 		bl	HAL_ADCEx_InjectedConfigChannel
 211 0190 0028     		cmp	r0, #0
 212 0192 47D1     		bne	.L35
 213              	.L16:
 214 0194 0C23     		movs	r3, #12
 215 0196 0093     		str	r3, [sp]
 216 0198 0223     		movs	r3, #2
 217 019a 0193     		str	r3, [sp, #4]
 218 019c 6946     		mov	r1, sp
 219 019e 2748     		ldr	r0, .L39
 220 01a0 FFF7FEFF 		bl	HAL_ADCEx_InjectedConfigChannel
 221 01a4 0028     		cmp	r0, #0
 222 01a6 40D1     		bne	.L36
 223              	.L17:
 224 01a8 0D23     		movs	r3, #13
 225 01aa 0093     		str	r3, [sp]
 226 01ac 0323     		movs	r3, #3
 227 01ae 0193     		str	r3, [sp, #4]
 228 01b0 6946     		mov	r1, sp
 229 01b2 2248     		ldr	r0, .L39
ARM GAS  C:\Users\alireza\AppData\Local\Temp\ccTD0r2y.s 			page 5


 230 01b4 FFF7FEFF 		bl	HAL_ADCEx_InjectedConfigChannel
 231 01b8 D0BB     		cbnz	r0, .L37
 232              	.L18:
 233 01ba 0023     		movs	r3, #0
 234 01bc 0093     		str	r3, [sp]
 235 01be 0423     		movs	r3, #4
 236 01c0 0193     		str	r3, [sp, #4]
 237 01c2 6946     		mov	r1, sp
 238 01c4 1D48     		ldr	r0, .L39
 239 01c6 FFF7FEFF 		bl	HAL_ADCEx_InjectedConfigChannel
 240 01ca A0BB     		cbnz	r0, .L38
 241              	.L1:
 242 01cc 0CB0     		add	sp, sp, #48
 243              		@ sp needed
 244 01ce 10BD     		pop	{r4, pc}
 245              	.L21:
 246 01d0 FFF7FEFF 		bl	Error_Handler
 247 01d4 3BE7     		b	.L2
 248              	.L22:
 249 01d6 FFF7FEFF 		bl	Error_Handler
 250 01da 45E7     		b	.L3
 251              	.L23:
 252 01dc FFF7FEFF 		bl	Error_Handler
 253 01e0 4FE7     		b	.L4
 254              	.L24:
 255 01e2 FFF7FEFF 		bl	Error_Handler
 256 01e6 57E7     		b	.L5
 257              	.L25:
 258 01e8 FFF7FEFF 		bl	Error_Handler
 259 01ec 5FE7     		b	.L6
 260              	.L26:
 261 01ee FFF7FEFF 		bl	Error_Handler
 262 01f2 67E7     		b	.L7
 263              	.L27:
 264 01f4 FFF7FEFF 		bl	Error_Handler
 265 01f8 6FE7     		b	.L8
 266              	.L28:
 267 01fa FFF7FEFF 		bl	Error_Handler
 268 01fe 77E7     		b	.L9
 269              	.L29:
 270 0200 FFF7FEFF 		bl	Error_Handler
 271 0204 7EE7     		b	.L10
 272              	.L30:
 273 0206 FFF7FEFF 		bl	Error_Handler
 274 020a 85E7     		b	.L11
 275              	.L31:
 276 020c FFF7FEFF 		bl	Error_Handler
 277 0210 8CE7     		b	.L12
 278              	.L32:
 279 0212 FFF7FEFF 		bl	Error_Handler
 280 0216 93E7     		b	.L13
 281              	.L33:
 282 0218 FFF7FEFF 		bl	Error_Handler
 283 021c 9AE7     		b	.L14
 284              	.L34:
 285 021e FFF7FEFF 		bl	Error_Handler
 286 0222 A1E7     		b	.L15
ARM GAS  C:\Users\alireza\AppData\Local\Temp\ccTD0r2y.s 			page 6


 287              	.L35:
 288 0224 FFF7FEFF 		bl	Error_Handler
 289 0228 B4E7     		b	.L16
 290              	.L36:
 291 022a FFF7FEFF 		bl	Error_Handler
 292 022e BBE7     		b	.L17
 293              	.L37:
 294 0230 FFF7FEFF 		bl	Error_Handler
 295 0234 C1E7     		b	.L18
 296              	.L38:
 297 0236 FFF7FEFF 		bl	Error_Handler
 298 023a C7E7     		b	.L1
 299              	.L40:
 300              		.align	2
 301              	.L39:
 302 023c 00000000 		.word	hadc1
 303 0240 00200140 		.word	1073815552
 304 0244 01000F00 		.word	983041
 306              		.section	.text.HAL_ADC_MspInit,"ax",%progbits
 307              		.align	1
 308              		.global	HAL_ADC_MspInit
 309              		.syntax unified
 310              		.thumb
 311              		.thumb_func
 313              	HAL_ADC_MspInit:
 314              		@ args = 0, pretend = 0, frame = 32
 315              		@ frame_needed = 0, uses_anonymous_args = 0
 316 0000 F0B5     		push	{r4, r5, r6, r7, lr}
 317 0002 89B0     		sub	sp, sp, #36
 318 0004 0023     		movs	r3, #0
 319 0006 0393     		str	r3, [sp, #12]
 320 0008 0493     		str	r3, [sp, #16]
 321 000a 0593     		str	r3, [sp, #20]
 322 000c 0693     		str	r3, [sp, #24]
 323 000e 0793     		str	r3, [sp, #28]
 324 0010 0268     		ldr	r2, [r0]
 325 0012 03F18043 		add	r3, r3, #1073741824
 326 0016 03F59033 		add	r3, r3, #73728
 327 001a 9A42     		cmp	r2, r3
 328 001c 01D0     		beq	.L45
 329              	.L41:
 330 001e 09B0     		add	sp, sp, #36
 331              		@ sp needed
 332 0020 F0BD     		pop	{r4, r5, r6, r7, pc}
 333              	.L45:
 334 0022 0446     		mov	r4, r0
 335 0024 0025     		movs	r5, #0
 336 0026 0095     		str	r5, [sp]
 337 0028 03F58C33 		add	r3, r3, #71680
 338 002c 5A6C     		ldr	r2, [r3, #68]
 339 002e 42F48072 		orr	r2, r2, #256
 340 0032 5A64     		str	r2, [r3, #68]
 341 0034 5A6C     		ldr	r2, [r3, #68]
 342 0036 02F48072 		and	r2, r2, #256
 343 003a 0092     		str	r2, [sp]
 344 003c 009A     		ldr	r2, [sp]
 345 003e 0195     		str	r5, [sp, #4]
ARM GAS  C:\Users\alireza\AppData\Local\Temp\ccTD0r2y.s 			page 7


 346 0040 1A6B     		ldr	r2, [r3, #48]
 347 0042 42F00402 		orr	r2, r2, #4
 348 0046 1A63     		str	r2, [r3, #48]
 349 0048 1A6B     		ldr	r2, [r3, #48]
 350 004a 02F00402 		and	r2, r2, #4
 351 004e 0192     		str	r2, [sp, #4]
 352 0050 019A     		ldr	r2, [sp, #4]
 353 0052 0295     		str	r5, [sp, #8]
 354 0054 1A6B     		ldr	r2, [r3, #48]
 355 0056 42F00102 		orr	r2, r2, #1
 356 005a 1A63     		str	r2, [r3, #48]
 357 005c 1B6B     		ldr	r3, [r3, #48]
 358 005e 03F00103 		and	r3, r3, #1
 359 0062 0293     		str	r3, [sp, #8]
 360 0064 029B     		ldr	r3, [sp, #8]
 361 0066 1F23     		movs	r3, #31
 362 0068 0393     		str	r3, [sp, #12]
 363 006a 0327     		movs	r7, #3
 364 006c 0497     		str	r7, [sp, #16]
 365 006e 03AE     		add	r6, sp, #12
 366 0070 3146     		mov	r1, r6
 367 0072 1548     		ldr	r0, .L47
 368 0074 FFF7FEFF 		bl	HAL_GPIO_Init
 369 0078 FF23     		movs	r3, #255
 370 007a 0393     		str	r3, [sp, #12]
 371 007c 0497     		str	r7, [sp, #16]
 372 007e 0595     		str	r5, [sp, #20]
 373 0080 3146     		mov	r1, r6
 374 0082 1248     		ldr	r0, .L47+4
 375 0084 FFF7FEFF 		bl	HAL_GPIO_Init
 376 0088 1148     		ldr	r0, .L47+8
 377 008a 124B     		ldr	r3, .L47+12
 378 008c 0360     		str	r3, [r0]
 379 008e 4560     		str	r5, [r0, #4]
 380 0090 8560     		str	r5, [r0, #8]
 381 0092 C560     		str	r5, [r0, #12]
 382 0094 4FF48063 		mov	r3, #1024
 383 0098 0361     		str	r3, [r0, #16]
 384 009a 4FF40063 		mov	r3, #2048
 385 009e 4361     		str	r3, [r0, #20]
 386 00a0 4FF40053 		mov	r3, #8192
 387 00a4 8361     		str	r3, [r0, #24]
 388 00a6 4FF48073 		mov	r3, #256
 389 00aa C361     		str	r3, [r0, #28]
 390 00ac 4FF40033 		mov	r3, #131072
 391 00b0 0362     		str	r3, [r0, #32]
 392 00b2 4562     		str	r5, [r0, #36]
 393 00b4 FFF7FEFF 		bl	HAL_DMA_Init
 394 00b8 18B9     		cbnz	r0, .L46
 395              	.L43:
 396 00ba 054B     		ldr	r3, .L47+8
 397 00bc A363     		str	r3, [r4, #56]
 398 00be 9C63     		str	r4, [r3, #56]
 399 00c0 ADE7     		b	.L41
 400              	.L46:
 401 00c2 FFF7FEFF 		bl	Error_Handler
 402 00c6 F8E7     		b	.L43
ARM GAS  C:\Users\alireza\AppData\Local\Temp\ccTD0r2y.s 			page 8


 403              	.L48:
 404              		.align	2
 405              	.L47:
 406 00c8 00080240 		.word	1073874944
 407 00cc 00000240 		.word	1073872896
 408 00d0 00000000 		.word	hdma_adc1
 409 00d4 10640240 		.word	1073898512
 411              		.section	.text.HAL_ADC_MspDeInit,"ax",%progbits
 412              		.align	1
 413              		.global	HAL_ADC_MspDeInit
 414              		.syntax unified
 415              		.thumb
 416              		.thumb_func
 418              	HAL_ADC_MspDeInit:
 419              		@ args = 0, pretend = 0, frame = 0
 420              		@ frame_needed = 0, uses_anonymous_args = 0
 421 0000 0268     		ldr	r2, [r0]
 422 0002 0B4B     		ldr	r3, .L56
 423 0004 9A42     		cmp	r2, r3
 424 0006 00D0     		beq	.L55
 425 0008 7047     		bx	lr
 426              	.L55:
 427 000a 10B5     		push	{r4, lr}
 428 000c 0446     		mov	r4, r0
 429 000e 094A     		ldr	r2, .L56+4
 430 0010 536C     		ldr	r3, [r2, #68]
 431 0012 23F48073 		bic	r3, r3, #256
 432 0016 5364     		str	r3, [r2, #68]
 433 0018 1F21     		movs	r1, #31
 434 001a 0748     		ldr	r0, .L56+8
 435 001c FFF7FEFF 		bl	HAL_GPIO_DeInit
 436 0020 FF21     		movs	r1, #255
 437 0022 0648     		ldr	r0, .L56+12
 438 0024 FFF7FEFF 		bl	HAL_GPIO_DeInit
 439 0028 A06B     		ldr	r0, [r4, #56]
 440 002a FFF7FEFF 		bl	HAL_DMA_DeInit
 441 002e 10BD     		pop	{r4, pc}
 442              	.L57:
 443              		.align	2
 444              	.L56:
 445 0030 00200140 		.word	1073815552
 446 0034 00380240 		.word	1073887232
 447 0038 00080240 		.word	1073874944
 448 003c 00000240 		.word	1073872896
 450              		.global	hdma_adc1
 451              		.section	.bss.hdma_adc1,"aw",%nobits
 452              		.align	2
 455              	hdma_adc1:
 456 0000 00000000 		.space	96
 456      00000000 
 456      00000000 
 456      00000000 
 456      00000000 
 457              		.global	hadc1
 458              		.section	.bss.hadc1,"aw",%nobits
 459              		.align	2
 462              	hadc1:
ARM GAS  C:\Users\alireza\AppData\Local\Temp\ccTD0r2y.s 			page 9


 463 0000 00000000 		.space	72
 463      00000000 
 463      00000000 
 463      00000000 
 463      00000000 
 464              		.ident	"GCC: (xPack GNU Arm Embedded GCC x86_64) 14.2.1 20241119"
ARM GAS  C:\Users\alireza\AppData\Local\Temp\ccTD0r2y.s 			page 10


DEFINED SYMBOLS
                            *ABS*:00000000 adc.c
C:\Users\alireza\AppData\Local\Temp\ccTD0r2y.s:18     .text.MX_ADC1_Init:00000000 $t
C:\Users\alireza\AppData\Local\Temp\ccTD0r2y.s:24     .text.MX_ADC1_Init:00000000 MX_ADC1_Init
C:\Users\alireza\AppData\Local\Temp\ccTD0r2y.s:302    .text.MX_ADC1_Init:0000023c $d
C:\Users\alireza\AppData\Local\Temp\ccTD0r2y.s:462    .bss.hadc1:00000000 hadc1
C:\Users\alireza\AppData\Local\Temp\ccTD0r2y.s:307    .text.HAL_ADC_MspInit:00000000 $t
C:\Users\alireza\AppData\Local\Temp\ccTD0r2y.s:313    .text.HAL_ADC_MspInit:00000000 HAL_ADC_MspInit
C:\Users\alireza\AppData\Local\Temp\ccTD0r2y.s:406    .text.HAL_ADC_MspInit:000000c8 $d
C:\Users\alireza\AppData\Local\Temp\ccTD0r2y.s:455    .bss.hdma_adc1:00000000 hdma_adc1
C:\Users\alireza\AppData\Local\Temp\ccTD0r2y.s:412    .text.HAL_ADC_MspDeInit:00000000 $t
C:\Users\alireza\AppData\Local\Temp\ccTD0r2y.s:418    .text.HAL_ADC_MspDeInit:00000000 HAL_ADC_MspDeInit
C:\Users\alireza\AppData\Local\Temp\ccTD0r2y.s:445    .text.HAL_ADC_MspDeInit:00000030 $d
C:\Users\alireza\AppData\Local\Temp\ccTD0r2y.s:452    .bss.hdma_adc1:00000000 $d
C:\Users\alireza\AppData\Local\Temp\ccTD0r2y.s:459    .bss.hadc1:00000000 $d

UNDEFINED SYMBOLS
memset
HAL_ADC_Init
HAL_ADC_ConfigChannel
HAL_ADCEx_InjectedConfigChannel
Error_Handler
HAL_GPIO_Init
HAL_DMA_Init
HAL_GPIO_DeInit
HAL_DMA_DeInit
