ARM GAS  C:\Users\alireza\AppData\Local\Temp\ccPlPLC0.s 			page 1


   1              		.cpu cortex-m4
   2              		.arch armv7e-m
   3              		.fpu fpv4-sp-d16
   4              		.eabi_attribute 27, 1
   5              		.eabi_attribute 28, 1
   6              		.eabi_attribute 20, 1
   7              		.eabi_attribute 21, 1
   8              		.eabi_attribute 23, 3
   9              		.eabi_attribute 24, 1
  10              		.eabi_attribute 25, 1
  11              		.eabi_attribute 26, 1
  12              		.eabi_attribute 30, 1
  13              		.eabi_attribute 34, 1
  14              		.eabi_attribute 18, 4
  15              		.file	"dc_motors.c"
  16              		.text
  17              		.section	.text.dc_motor_set,"ax",%progbits
  18              		.align	1
  19              		.global	dc_motor_set
  20              		.syntax unified
  21              		.thumb
  22              		.thumb_func
  24              	dc_motor_set:
  25              		@ args = 0, pretend = 0, frame = 0
  26              		@ frame_needed = 0, uses_anonymous_args = 0
  27 0000 0028     		cmp	r0, #0
  28 0002 00F03881 		beq	.L52
  29 0006 2DE9F843 		push	{r3, r4, r5, r6, r7, r8, r9, lr}
  30 000a 0D46     		mov	r5, r1
  31 000c 1646     		mov	r6, r2
  32 000e 0446     		mov	r4, r0
  33 0010 0768     		ldr	r7, [r0]
  34 0012 002F     		cmp	r7, #0
  35 0014 52D0     		beq	.L1
  36 0016 1046     		mov	r0, r2
  37 0018 FFF7FEFF 		bl	__aeabi_i2d
  38 001c 96A3     		adr	r3, .L79
  39 001e D3E90023 		ldrd	r2, [r3]
  40 0022 FFF7FEFF 		bl	__aeabi_ddiv
  41 0026 8046     		mov	r8, r0
  42 0028 8946     		mov	r9, r1
  43 002a 3F68     		ldr	r7, [r7]
  44 002c F86A     		ldr	r0, [r7, #44]
  45 002e FFF7FEFF 		bl	__aeabi_ui2d
  46 0032 4246     		mov	r2, r8
  47 0034 4B46     		mov	r3, r9
  48 0036 FFF7FEFF 		bl	__aeabi_dmul
  49 003a FFF7FEFF 		bl	__aeabi_d2uiz
  50 003e FDB1     		cbz	r5, .L3
  51 0040 012D     		cmp	r5, #1
  52 0042 79D0     		beq	.L4
  53 0044 6368     		ldr	r3, [r4, #4]
  54 0046 002B     		cmp	r3, #0
  55 0048 40F0CF80 		bne	.L35
  56 004c 7B63     		str	r3, [r7, #52]
  57              	.L36:
  58 004e A368     		ldr	r3, [r4, #8]
ARM GAS  C:\Users\alireza\AppData\Local\Temp\ccPlPLC0.s 			page 2


  59 0050 002B     		cmp	r3, #0
  60 0052 40F0D780 		bne	.L39
  61 0056 2368     		ldr	r3, [r4]
  62 0058 1B68     		ldr	r3, [r3]
  63 005a 0022     		movs	r2, #0
  64 005c 5A63     		str	r2, [r3, #52]
  65              	.L40:
  66 005e E368     		ldr	r3, [r4, #12]
  67 0060 002B     		cmp	r3, #0
  68 0062 40F0E280 		bne	.L43
  69 0066 2368     		ldr	r3, [r4]
  70 0068 1B68     		ldr	r3, [r3]
  71 006a 0022     		movs	r2, #0
  72 006c 5A63     		str	r2, [r3, #52]
  73              	.L44:
  74 006e 2369     		ldr	r3, [r4, #16]
  75 0070 002B     		cmp	r3, #0
  76 0072 40F0ED80 		bne	.L47
  77 0076 2368     		ldr	r3, [r4]
  78 0078 1B68     		ldr	r3, [r3]
  79 007a 0022     		movs	r2, #0
  80 007c 5A63     		str	r2, [r3, #52]
  81 007e 1BE0     		b	.L18
  82              	.L3:
  83 0080 E368     		ldr	r3, [r4, #12]
  84 0082 6BB1     		cbz	r3, .L6
  85 0084 2269     		ldr	r2, [r4, #16]
  86 0086 5AB1     		cbz	r2, .L6
  87 0088 042B     		cmp	r3, #4
  88 008a 19D0     		beq	.L55
  89 008c 082B     		cmp	r3, #8
  90 008e 1AD0     		beq	.L56
  91 0090 0023     		movs	r3, #0
  92 0092 3B64     		str	r3, [r7, #64]
  93              	.L8:
  94 0094 2369     		ldr	r3, [r4, #16]
  95 0096 CBB9     		cbnz	r3, .L10
  96 0098 2368     		ldr	r3, [r4]
  97 009a 1B68     		ldr	r3, [r3]
  98 009c DA6A     		ldr	r2, [r3, #44]
  99 009e 5A63     		str	r2, [r3, #52]
 100              	.L6:
 101 00a0 A368     		ldr	r3, [r4, #8]
 102 00a2 33BB     		cbnz	r3, .L13
 103 00a4 2368     		ldr	r3, [r4]
 104 00a6 1B68     		ldr	r3, [r3]
 105 00a8 0022     		movs	r2, #0
 106 00aa 5A63     		str	r2, [r3, #52]
 107              	.L14:
 108 00ac 6368     		ldr	r3, [r4, #4]
 109 00ae 002B     		cmp	r3, #0
 110 00b0 32D1     		bne	.L17
 111 00b2 2368     		ldr	r3, [r4]
 112 00b4 1B68     		ldr	r3, [r3]
 113 00b6 5863     		str	r0, [r3, #52]
 114              	.L18:
 115 00b8 6675     		strb	r6, [r4, #21]
ARM GAS  C:\Users\alireza\AppData\Local\Temp\ccPlPLC0.s 			page 3


 116 00ba 2575     		strb	r5, [r4, #20]
 117              	.L1:
 118 00bc BDE8F883 		pop	{r3, r4, r5, r6, r7, r8, r9, pc}
 119              	.L55:
 120 00c0 0023     		movs	r3, #0
 121 00c2 BB63     		str	r3, [r7, #56]
 122 00c4 E6E7     		b	.L8
 123              	.L56:
 124 00c6 0023     		movs	r3, #0
 125 00c8 FB63     		str	r3, [r7, #60]
 126 00ca E3E7     		b	.L8
 127              	.L10:
 128 00cc 042B     		cmp	r3, #4
 129 00ce 06D0     		beq	.L57
 130 00d0 082B     		cmp	r3, #8
 131 00d2 09D0     		beq	.L58
 132 00d4 2368     		ldr	r3, [r4]
 133 00d6 1B68     		ldr	r3, [r3]
 134 00d8 DA6A     		ldr	r2, [r3, #44]
 135 00da 1A64     		str	r2, [r3, #64]
 136 00dc E0E7     		b	.L6
 137              	.L57:
 138 00de 2368     		ldr	r3, [r4]
 139 00e0 1B68     		ldr	r3, [r3]
 140 00e2 DA6A     		ldr	r2, [r3, #44]
 141 00e4 9A63     		str	r2, [r3, #56]
 142 00e6 DBE7     		b	.L6
 143              	.L58:
 144 00e8 2368     		ldr	r3, [r4]
 145 00ea 1B68     		ldr	r3, [r3]
 146 00ec DA6A     		ldr	r2, [r3, #44]
 147 00ee DA63     		str	r2, [r3, #60]
 148 00f0 D6E7     		b	.L6
 149              	.L13:
 150 00f2 042B     		cmp	r3, #4
 151 00f4 06D0     		beq	.L59
 152 00f6 082B     		cmp	r3, #8
 153 00f8 09D0     		beq	.L60
 154 00fa 2368     		ldr	r3, [r4]
 155 00fc 1B68     		ldr	r3, [r3]
 156 00fe 0022     		movs	r2, #0
 157 0100 1A64     		str	r2, [r3, #64]
 158 0102 D3E7     		b	.L14
 159              	.L59:
 160 0104 2368     		ldr	r3, [r4]
 161 0106 1B68     		ldr	r3, [r3]
 162 0108 0022     		movs	r2, #0
 163 010a 9A63     		str	r2, [r3, #56]
 164 010c CEE7     		b	.L14
 165              	.L60:
 166 010e 2368     		ldr	r3, [r4]
 167 0110 1B68     		ldr	r3, [r3]
 168 0112 0022     		movs	r2, #0
 169 0114 DA63     		str	r2, [r3, #60]
 170 0116 C9E7     		b	.L14
 171              	.L17:
 172 0118 042B     		cmp	r3, #4
ARM GAS  C:\Users\alireza\AppData\Local\Temp\ccPlPLC0.s 			page 4


 173 011a 05D0     		beq	.L61
 174 011c 082B     		cmp	r3, #8
 175 011e 07D0     		beq	.L62
 176 0120 2368     		ldr	r3, [r4]
 177 0122 1B68     		ldr	r3, [r3]
 178 0124 1864     		str	r0, [r3, #64]
 179 0126 C7E7     		b	.L18
 180              	.L61:
 181 0128 2368     		ldr	r3, [r4]
 182 012a 1B68     		ldr	r3, [r3]
 183 012c 9863     		str	r0, [r3, #56]
 184 012e C3E7     		b	.L18
 185              	.L62:
 186 0130 2368     		ldr	r3, [r4]
 187 0132 1B68     		ldr	r3, [r3]
 188 0134 D863     		str	r0, [r3, #60]
 189 0136 BFE7     		b	.L18
 190              	.L4:
 191 0138 E368     		ldr	r3, [r4, #12]
 192 013a 6BB1     		cbz	r3, .L21
 193 013c 2369     		ldr	r3, [r4, #16]
 194 013e 5BB1     		cbz	r3, .L21
 195 0140 042B     		cmp	r3, #4
 196 0142 16D0     		beq	.L63
 197 0144 082B     		cmp	r3, #8
 198 0146 17D0     		beq	.L64
 199 0148 0023     		movs	r3, #0
 200 014a 3B64     		str	r3, [r7, #64]
 201              	.L23:
 202 014c E368     		ldr	r3, [r4, #12]
 203 014e B3B9     		cbnz	r3, .L25
 204 0150 2368     		ldr	r3, [r4]
 205 0152 1B68     		ldr	r3, [r3]
 206 0154 DA6A     		ldr	r2, [r3, #44]
 207 0156 5A63     		str	r2, [r3, #52]
 208              	.L21:
 209 0158 6368     		ldr	r3, [r4, #4]
 210 015a 1BBB     		cbnz	r3, .L28
 211 015c 2368     		ldr	r3, [r4]
 212 015e 1B68     		ldr	r3, [r3]
 213 0160 0022     		movs	r2, #0
 214 0162 5A63     		str	r2, [r3, #52]
 215              	.L29:
 216 0164 A368     		ldr	r3, [r4, #8]
 217 0166 002B     		cmp	r3, #0
 218 0168 2FD1     		bne	.L32
 219 016a 2368     		ldr	r3, [r4]
 220 016c 1B68     		ldr	r3, [r3]
 221 016e 5863     		str	r0, [r3, #52]
 222 0170 A2E7     		b	.L18
 223              	.L63:
 224 0172 0023     		movs	r3, #0
 225 0174 BB63     		str	r3, [r7, #56]
 226 0176 E9E7     		b	.L23
 227              	.L64:
 228 0178 0023     		movs	r3, #0
 229 017a FB63     		str	r3, [r7, #60]
ARM GAS  C:\Users\alireza\AppData\Local\Temp\ccPlPLC0.s 			page 5


 230 017c E6E7     		b	.L23
 231              	.L25:
 232 017e 042B     		cmp	r3, #4
 233 0180 06D0     		beq	.L65
 234 0182 082B     		cmp	r3, #8
 235 0184 09D0     		beq	.L66
 236 0186 2368     		ldr	r3, [r4]
 237 0188 1B68     		ldr	r3, [r3]
 238 018a DA6A     		ldr	r2, [r3, #44]
 239 018c 1A64     		str	r2, [r3, #64]
 240 018e E3E7     		b	.L21
 241              	.L65:
 242 0190 2368     		ldr	r3, [r4]
 243 0192 1B68     		ldr	r3, [r3]
 244 0194 DA6A     		ldr	r2, [r3, #44]
 245 0196 9A63     		str	r2, [r3, #56]
 246 0198 DEE7     		b	.L21
 247              	.L66:
 248 019a 2368     		ldr	r3, [r4]
 249 019c 1B68     		ldr	r3, [r3]
 250 019e DA6A     		ldr	r2, [r3, #44]
 251 01a0 DA63     		str	r2, [r3, #60]
 252 01a2 D9E7     		b	.L21
 253              	.L28:
 254 01a4 042B     		cmp	r3, #4
 255 01a6 06D0     		beq	.L67
 256 01a8 082B     		cmp	r3, #8
 257 01aa 09D0     		beq	.L68
 258 01ac 2368     		ldr	r3, [r4]
 259 01ae 1B68     		ldr	r3, [r3]
 260 01b0 0022     		movs	r2, #0
 261 01b2 1A64     		str	r2, [r3, #64]
 262 01b4 D6E7     		b	.L29
 263              	.L67:
 264 01b6 2368     		ldr	r3, [r4]
 265 01b8 1B68     		ldr	r3, [r3]
 266 01ba 0022     		movs	r2, #0
 267 01bc 9A63     		str	r2, [r3, #56]
 268 01be D1E7     		b	.L29
 269              	.L68:
 270 01c0 2368     		ldr	r3, [r4]
 271 01c2 1B68     		ldr	r3, [r3]
 272 01c4 0022     		movs	r2, #0
 273 01c6 DA63     		str	r2, [r3, #60]
 274 01c8 CCE7     		b	.L29
 275              	.L32:
 276 01ca 042B     		cmp	r3, #4
 277 01cc 05D0     		beq	.L69
 278 01ce 082B     		cmp	r3, #8
 279 01d0 07D0     		beq	.L70
 280 01d2 2368     		ldr	r3, [r4]
 281 01d4 1B68     		ldr	r3, [r3]
 282 01d6 1864     		str	r0, [r3, #64]
 283 01d8 6EE7     		b	.L18
 284              	.L69:
 285 01da 2368     		ldr	r3, [r4]
 286 01dc 1B68     		ldr	r3, [r3]
ARM GAS  C:\Users\alireza\AppData\Local\Temp\ccPlPLC0.s 			page 6


 287 01de 9863     		str	r0, [r3, #56]
 288 01e0 6AE7     		b	.L18
 289              	.L70:
 290 01e2 2368     		ldr	r3, [r4]
 291 01e4 1B68     		ldr	r3, [r3]
 292 01e6 D863     		str	r0, [r3, #60]
 293 01e8 66E7     		b	.L18
 294              	.L35:
 295 01ea 042B     		cmp	r3, #4
 296 01ec 04D0     		beq	.L71
 297 01ee 082B     		cmp	r3, #8
 298 01f0 05D0     		beq	.L72
 299 01f2 0023     		movs	r3, #0
 300 01f4 3B64     		str	r3, [r7, #64]
 301 01f6 2AE7     		b	.L36
 302              	.L71:
 303 01f8 0023     		movs	r3, #0
 304 01fa BB63     		str	r3, [r7, #56]
 305 01fc 27E7     		b	.L36
 306              	.L72:
 307 01fe 0023     		movs	r3, #0
 308 0200 FB63     		str	r3, [r7, #60]
 309 0202 24E7     		b	.L36
 310              	.L39:
 311 0204 042B     		cmp	r3, #4
 312 0206 06D0     		beq	.L73
 313 0208 082B     		cmp	r3, #8
 314 020a 09D0     		beq	.L74
 315 020c 2368     		ldr	r3, [r4]
 316 020e 1B68     		ldr	r3, [r3]
 317 0210 0022     		movs	r2, #0
 318 0212 1A64     		str	r2, [r3, #64]
 319 0214 23E7     		b	.L40
 320              	.L73:
 321 0216 2368     		ldr	r3, [r4]
 322 0218 1B68     		ldr	r3, [r3]
 323 021a 0022     		movs	r2, #0
 324 021c 9A63     		str	r2, [r3, #56]
 325 021e 1EE7     		b	.L40
 326              	.L74:
 327 0220 2368     		ldr	r3, [r4]
 328 0222 1B68     		ldr	r3, [r3]
 329 0224 0022     		movs	r2, #0
 330 0226 DA63     		str	r2, [r3, #60]
 331 0228 19E7     		b	.L40
 332              	.L43:
 333 022a 042B     		cmp	r3, #4
 334 022c 06D0     		beq	.L75
 335 022e 082B     		cmp	r3, #8
 336 0230 09D0     		beq	.L76
 337 0232 2368     		ldr	r3, [r4]
 338 0234 1B68     		ldr	r3, [r3]
 339 0236 0022     		movs	r2, #0
 340 0238 1A64     		str	r2, [r3, #64]
 341 023a 18E7     		b	.L44
 342              	.L75:
 343 023c 2368     		ldr	r3, [r4]
ARM GAS  C:\Users\alireza\AppData\Local\Temp\ccPlPLC0.s 			page 7


 344 023e 1B68     		ldr	r3, [r3]
 345 0240 0022     		movs	r2, #0
 346 0242 9A63     		str	r2, [r3, #56]
 347 0244 13E7     		b	.L44
 348              	.L76:
 349 0246 2368     		ldr	r3, [r4]
 350 0248 1B68     		ldr	r3, [r3]
 351 024a 0022     		movs	r2, #0
 352 024c DA63     		str	r2, [r3, #60]
 353 024e 0EE7     		b	.L44
 354              	.L47:
 355 0250 042B     		cmp	r3, #4
 356 0252 06D0     		beq	.L77
 357 0254 082B     		cmp	r3, #8
 358 0256 09D0     		beq	.L78
 359 0258 2368     		ldr	r3, [r4]
 360 025a 1B68     		ldr	r3, [r3]
 361 025c 0022     		movs	r2, #0
 362 025e 1A64     		str	r2, [r3, #64]
 363 0260 2AE7     		b	.L18
 364              	.L77:
 365 0262 2368     		ldr	r3, [r4]
 366 0264 1B68     		ldr	r3, [r3]
 367 0266 0022     		movs	r2, #0
 368 0268 9A63     		str	r2, [r3, #56]
 369 026a 25E7     		b	.L18
 370              	.L78:
 371 026c 2368     		ldr	r3, [r4]
 372 026e 1B68     		ldr	r3, [r3]
 373 0270 0022     		movs	r2, #0
 374 0272 DA63     		str	r2, [r3, #60]
 375 0274 20E7     		b	.L18
 376              	.L52:
 377 0276 7047     		bx	lr
 378              	.L80:
 379              		.align	3
 380              	.L79:
 381 0278 00000000 		.word	0
 382 027c 00E06F40 		.word	1081073664
 384              		.section	.text.dc_motor_disable,"ax",%progbits
 385              		.align	1
 386              		.global	dc_motor_disable
 387              		.syntax unified
 388              		.thumb
 389              		.thumb_func
 391              	dc_motor_disable:
 392              		@ args = 0, pretend = 0, frame = 0
 393              		@ frame_needed = 0, uses_anonymous_args = 0
 394              		@ link register save eliminated.
 395 0000 0346     		mov	r3, r0
 396 0002 78B1     		cbz	r0, .L81
 397 0004 0268     		ldr	r2, [r0]
 398 0006 6AB1     		cbz	r2, .L81
 399 0008 4168     		ldr	r1, [r0, #4]
 400 000a 61B9     		cbnz	r1, .L83
 401 000c 1268     		ldr	r2, [r2]
 402 000e 5163     		str	r1, [r2, #52]
ARM GAS  C:\Users\alireza\AppData\Local\Temp\ccPlPLC0.s 			page 8


 403              	.L84:
 404 0010 9A68     		ldr	r2, [r3, #8]
 405 0012 C2B9     		cbnz	r2, .L87
 406 0014 1A68     		ldr	r2, [r3]
 407 0016 1268     		ldr	r2, [r2]
 408 0018 0021     		movs	r1, #0
 409 001a 5163     		str	r1, [r2, #52]
 410              	.L88:
 411 001c 0022     		movs	r2, #0
 412 001e 5A75     		strb	r2, [r3, #21]
 413 0020 0222     		movs	r2, #2
 414 0022 9A75     		strb	r2, [r3, #22]
 415              	.L81:
 416 0024 7047     		bx	lr
 417              	.L83:
 418 0026 0429     		cmp	r1, #4
 419 0028 05D0     		beq	.L91
 420 002a 0829     		cmp	r1, #8
 421 002c 07D0     		beq	.L92
 422 002e 1268     		ldr	r2, [r2]
 423 0030 0021     		movs	r1, #0
 424 0032 1164     		str	r1, [r2, #64]
 425 0034 ECE7     		b	.L84
 426              	.L91:
 427 0036 1268     		ldr	r2, [r2]
 428 0038 0021     		movs	r1, #0
 429 003a 9163     		str	r1, [r2, #56]
 430 003c E8E7     		b	.L84
 431              	.L92:
 432 003e 1268     		ldr	r2, [r2]
 433 0040 0021     		movs	r1, #0
 434 0042 D163     		str	r1, [r2, #60]
 435 0044 E4E7     		b	.L84
 436              	.L87:
 437 0046 042A     		cmp	r2, #4
 438 0048 06D0     		beq	.L93
 439 004a 082A     		cmp	r2, #8
 440 004c 09D0     		beq	.L94
 441 004e 1A68     		ldr	r2, [r3]
 442 0050 1268     		ldr	r2, [r2]
 443 0052 0021     		movs	r1, #0
 444 0054 1164     		str	r1, [r2, #64]
 445 0056 E1E7     		b	.L88
 446              	.L93:
 447 0058 1A68     		ldr	r2, [r3]
 448 005a 1268     		ldr	r2, [r2]
 449 005c 0021     		movs	r1, #0
 450 005e 9163     		str	r1, [r2, #56]
 451 0060 DCE7     		b	.L88
 452              	.L94:
 453 0062 1A68     		ldr	r2, [r3]
 454 0064 1268     		ldr	r2, [r2]
 455 0066 0021     		movs	r1, #0
 456 0068 D163     		str	r1, [r2, #60]
 457 006a D7E7     		b	.L88
 459              		.section	.text.dc_motor_set_timer_freq,"ax",%progbits
 460              		.align	1
ARM GAS  C:\Users\alireza\AppData\Local\Temp\ccPlPLC0.s 			page 9


 461              		.global	dc_motor_set_timer_freq
 462              		.syntax unified
 463              		.thumb
 464              		.thumb_func
 466              	dc_motor_set_timer_freq:
 467              		@ args = 0, pretend = 0, frame = 0
 468              		@ frame_needed = 0, uses_anonymous_args = 0
 469 0000 38B5     		push	{r3, r4, r5, lr}
 470 0002 0546     		mov	r5, r0
 471 0004 99B1     		cbz	r1, .L103
 472 0006 0C46     		mov	r4, r1
 473 0008 44F62063 		movw	r3, #20000
 474 000c 9942     		cmp	r1, r3
 475 000e 00D9     		bls	.L98
 476 0010 1C46     		mov	r4, r3
 477              	.L98:
 478 0012 FFF7FEFF 		bl	HAL_RCC_GetSysClockFreq
 479 0016 0022     		movs	r2, #0
 480              	.L100:
 481 0018 02FB0443 		mla	r3, r2, r4, r4
 482 001c B0FBF3F3 		udiv	r3, r0, r3
 483 0020 013B     		subs	r3, r3, #1
 484 0022 B3F5803F 		cmp	r3, #65536
 485 0026 05D3     		bcc	.L99
 486 0028 0132     		adds	r2, r2, #1
 487 002a 92B2     		uxth	r2, r2
 488 002c F4E7     		b	.L100
 489              	.L103:
 490 002e FFF7FEFF 		bl	dc_motor_disable
 491 0032 0CE0     		b	.L95
 492              	.L99:
 493 0034 2968     		ldr	r1, [r5]
 494 0036 0968     		ldr	r1, [r1]
 495 0038 8A62     		str	r2, [r1, #40]
 496 003a 2A68     		ldr	r2, [r5]
 497 003c 1268     		ldr	r2, [r2]
 498 003e D362     		str	r3, [r2, #44]
 499 0040 2A68     		ldr	r2, [r5]
 500 0042 D360     		str	r3, [r2, #12]
 501 0044 6A7D     		ldrb	r2, [r5, #21]	@ zero_extendqisi2
 502 0046 297D     		ldrb	r1, [r5, #20]	@ zero_extendqisi2
 503 0048 2846     		mov	r0, r5
 504 004a FFF7FEFF 		bl	dc_motor_set
 505              	.L95:
 506 004e 38BD     		pop	{r3, r4, r5, pc}
 508              		.section	.text.dc_motor_init,"ax",%progbits
 509              		.align	1
 510              		.global	dc_motor_init
 511              		.syntax unified
 512              		.thumb
 513              		.thumb_func
 515              	dc_motor_init:
 516              		@ args = 4, pretend = 0, frame = 0
 517              		@ frame_needed = 0, uses_anonymous_args = 0
 518 0000 0028     		cmp	r0, #0
 519 0002 4FD0     		beq	.L115
 520 0004 10B5     		push	{r4, lr}
ARM GAS  C:\Users\alireza\AppData\Local\Temp\ccPlPLC0.s 			page 10


 521 0006 0446     		mov	r4, r0
 522 0008 29B3     		cbz	r1, .L104
 523 000a 0160     		str	r1, [r0]
 524 000c 4260     		str	r2, [r0, #4]
 525 000e 8360     		str	r3, [r0, #8]
 526 0010 0023     		movs	r3, #0
 527 0012 C360     		str	r3, [r0, #12]
 528 0014 0361     		str	r3, [r0, #16]
 529 0016 0375     		strb	r3, [r0, #20]
 530 0018 8375     		strb	r3, [r0, #22]
 531 001a 0846     		mov	r0, r1
 532 001c FFF7FEFF 		bl	HAL_TIM_Base_Start
 533 0020 BDF80810 		ldrh	r1, [sp, #8]
 534 0024 2046     		mov	r0, r4
 535 0026 FFF7FEFF 		bl	dc_motor_set_timer_freq
 536 002a 6368     		ldr	r3, [r4, #4]
 537 002c A3B9     		cbnz	r3, .L106
 538 002e 2368     		ldr	r3, [r4]
 539 0030 1B68     		ldr	r3, [r3]
 540 0032 0022     		movs	r2, #0
 541 0034 5A63     		str	r2, [r3, #52]
 542              	.L107:
 543 0036 A368     		ldr	r3, [r4, #8]
 544 0038 0BBB     		cbnz	r3, .L110
 545 003a 2368     		ldr	r3, [r4]
 546 003c 1B68     		ldr	r3, [r3]
 547 003e 0022     		movs	r2, #0
 548 0040 5A63     		str	r2, [r3, #52]
 549              	.L111:
 550 0042 6168     		ldr	r1, [r4, #4]
 551 0044 2068     		ldr	r0, [r4]
 552 0046 FFF7FEFF 		bl	HAL_TIM_PWM_Start
 553 004a A168     		ldr	r1, [r4, #8]
 554 004c 2068     		ldr	r0, [r4]
 555 004e FFF7FEFF 		bl	HAL_TIM_PWM_Start
 556 0052 0023     		movs	r3, #0
 557 0054 6375     		strb	r3, [r4, #21]
 558              	.L104:
 559 0056 10BD     		pop	{r4, pc}
 560              	.L106:
 561 0058 042B     		cmp	r3, #4
 562 005a 06D0     		beq	.L118
 563 005c 082B     		cmp	r3, #8
 564 005e 09D0     		beq	.L119
 565 0060 2368     		ldr	r3, [r4]
 566 0062 1B68     		ldr	r3, [r3]
 567 0064 0022     		movs	r2, #0
 568 0066 1A64     		str	r2, [r3, #64]
 569 0068 E5E7     		b	.L107
 570              	.L118:
 571 006a 2368     		ldr	r3, [r4]
 572 006c 1B68     		ldr	r3, [r3]
 573 006e 0022     		movs	r2, #0
 574 0070 9A63     		str	r2, [r3, #56]
 575 0072 E0E7     		b	.L107
 576              	.L119:
 577 0074 2368     		ldr	r3, [r4]
ARM GAS  C:\Users\alireza\AppData\Local\Temp\ccPlPLC0.s 			page 11


 578 0076 1B68     		ldr	r3, [r3]
 579 0078 0022     		movs	r2, #0
 580 007a DA63     		str	r2, [r3, #60]
 581 007c DBE7     		b	.L107
 582              	.L110:
 583 007e 042B     		cmp	r3, #4
 584 0080 06D0     		beq	.L120
 585 0082 082B     		cmp	r3, #8
 586 0084 09D0     		beq	.L121
 587 0086 2368     		ldr	r3, [r4]
 588 0088 1B68     		ldr	r3, [r3]
 589 008a 0022     		movs	r2, #0
 590 008c 1A64     		str	r2, [r3, #64]
 591 008e D8E7     		b	.L111
 592              	.L120:
 593 0090 2368     		ldr	r3, [r4]
 594 0092 1B68     		ldr	r3, [r3]
 595 0094 0022     		movs	r2, #0
 596 0096 9A63     		str	r2, [r3, #56]
 597 0098 D3E7     		b	.L111
 598              	.L121:
 599 009a 2368     		ldr	r3, [r4]
 600 009c 1B68     		ldr	r3, [r3]
 601 009e 0022     		movs	r2, #0
 602 00a0 DA63     		str	r2, [r3, #60]
 603 00a2 CEE7     		b	.L111
 604              	.L115:
 605 00a4 7047     		bx	lr
 607              		.section	.text.dc_motor_init_simple_Hbridge,"ax",%progbits
 608              		.align	1
 609              		.global	dc_motor_init_simple_Hbridge
 610              		.syntax unified
 611              		.thumb
 612              		.thumb_func
 614              	dc_motor_init_simple_Hbridge:
 615              		@ args = 12, pretend = 0, frame = 0
 616              		@ frame_needed = 0, uses_anonymous_args = 0
 617 0000 0028     		cmp	r0, #0
 618 0002 00F09180 		beq	.L141
 619 0006 10B5     		push	{r4, lr}
 620 0008 0446     		mov	r4, r0
 621 000a 0029     		cmp	r1, #0
 622 000c 3FD0     		beq	.L122
 623 000e 0160     		str	r1, [r0]
 624 0010 4260     		str	r2, [r0, #4]
 625 0012 8360     		str	r3, [r0, #8]
 626 0014 029B     		ldr	r3, [sp, #8]
 627 0016 C360     		str	r3, [r0, #12]
 628 0018 039B     		ldr	r3, [sp, #12]
 629 001a 0361     		str	r3, [r0, #16]
 630 001c 0023     		movs	r3, #0
 631 001e 0375     		strb	r3, [r0, #20]
 632 0020 8375     		strb	r3, [r0, #22]
 633 0022 0846     		mov	r0, r1
 634 0024 FFF7FEFF 		bl	HAL_TIM_Base_Start
 635 0028 BDF81010 		ldrh	r1, [sp, #16]
 636 002c 2046     		mov	r0, r4
ARM GAS  C:\Users\alireza\AppData\Local\Temp\ccPlPLC0.s 			page 12


 637 002e FFF7FEFF 		bl	dc_motor_set_timer_freq
 638 0032 6368     		ldr	r3, [r4, #4]
 639 0034 002B     		cmp	r3, #0
 640 0036 2BD1     		bne	.L124
 641 0038 2368     		ldr	r3, [r4]
 642 003a 1B68     		ldr	r3, [r3]
 643 003c 0022     		movs	r2, #0
 644 003e 5A63     		str	r2, [r3, #52]
 645              	.L125:
 646 0040 A368     		ldr	r3, [r4, #8]
 647 0042 002B     		cmp	r3, #0
 648 0044 37D1     		bne	.L128
 649 0046 2368     		ldr	r3, [r4]
 650 0048 1B68     		ldr	r3, [r3]
 651 004a 0022     		movs	r2, #0
 652 004c 5A63     		str	r2, [r3, #52]
 653              	.L129:
 654 004e E368     		ldr	r3, [r4, #12]
 655 0050 002B     		cmp	r3, #0
 656 0052 43D1     		bne	.L132
 657 0054 2368     		ldr	r3, [r4]
 658 0056 1B68     		ldr	r3, [r3]
 659 0058 0022     		movs	r2, #0
 660 005a 5A63     		str	r2, [r3, #52]
 661              	.L133:
 662 005c 2369     		ldr	r3, [r4, #16]
 663 005e 002B     		cmp	r3, #0
 664 0060 4FD1     		bne	.L136
 665 0062 2368     		ldr	r3, [r4]
 666 0064 1B68     		ldr	r3, [r3]
 667 0066 0022     		movs	r2, #0
 668 0068 5A63     		str	r2, [r3, #52]
 669              	.L137:
 670 006a 6168     		ldr	r1, [r4, #4]
 671 006c 2068     		ldr	r0, [r4]
 672 006e FFF7FEFF 		bl	HAL_TIM_PWM_Start
 673 0072 A168     		ldr	r1, [r4, #8]
 674 0074 2068     		ldr	r0, [r4]
 675 0076 FFF7FEFF 		bl	HAL_TIM_PWM_Start
 676 007a E168     		ldr	r1, [r4, #12]
 677 007c 2068     		ldr	r0, [r4]
 678 007e FFF7FEFF 		bl	HAL_TIM_PWM_Start
 679 0082 2169     		ldr	r1, [r4, #16]
 680 0084 2068     		ldr	r0, [r4]
 681 0086 FFF7FEFF 		bl	HAL_TIM_PWM_Start
 682 008a 0023     		movs	r3, #0
 683 008c 6375     		strb	r3, [r4, #21]
 684              	.L122:
 685 008e 10BD     		pop	{r4, pc}
 686              	.L124:
 687 0090 042B     		cmp	r3, #4
 688 0092 06D0     		beq	.L144
 689 0094 082B     		cmp	r3, #8
 690 0096 09D0     		beq	.L145
 691 0098 2368     		ldr	r3, [r4]
 692 009a 1B68     		ldr	r3, [r3]
 693 009c 0022     		movs	r2, #0
ARM GAS  C:\Users\alireza\AppData\Local\Temp\ccPlPLC0.s 			page 13


 694 009e 1A64     		str	r2, [r3, #64]
 695 00a0 CEE7     		b	.L125
 696              	.L144:
 697 00a2 2368     		ldr	r3, [r4]
 698 00a4 1B68     		ldr	r3, [r3]
 699 00a6 0022     		movs	r2, #0
 700 00a8 9A63     		str	r2, [r3, #56]
 701 00aa C9E7     		b	.L125
 702              	.L145:
 703 00ac 2368     		ldr	r3, [r4]
 704 00ae 1B68     		ldr	r3, [r3]
 705 00b0 0022     		movs	r2, #0
 706 00b2 DA63     		str	r2, [r3, #60]
 707 00b4 C4E7     		b	.L125
 708              	.L128:
 709 00b6 042B     		cmp	r3, #4
 710 00b8 06D0     		beq	.L146
 711 00ba 082B     		cmp	r3, #8
 712 00bc 09D0     		beq	.L147
 713 00be 2368     		ldr	r3, [r4]
 714 00c0 1B68     		ldr	r3, [r3]
 715 00c2 0022     		movs	r2, #0
 716 00c4 1A64     		str	r2, [r3, #64]
 717 00c6 C2E7     		b	.L129
 718              	.L146:
 719 00c8 2368     		ldr	r3, [r4]
 720 00ca 1B68     		ldr	r3, [r3]
 721 00cc 0022     		movs	r2, #0
 722 00ce 9A63     		str	r2, [r3, #56]
 723 00d0 BDE7     		b	.L129
 724              	.L147:
 725 00d2 2368     		ldr	r3, [r4]
 726 00d4 1B68     		ldr	r3, [r3]
 727 00d6 0022     		movs	r2, #0
 728 00d8 DA63     		str	r2, [r3, #60]
 729 00da B8E7     		b	.L129
 730              	.L132:
 731 00dc 042B     		cmp	r3, #4
 732 00de 06D0     		beq	.L148
 733 00e0 082B     		cmp	r3, #8
 734 00e2 09D0     		beq	.L149
 735 00e4 2368     		ldr	r3, [r4]
 736 00e6 1B68     		ldr	r3, [r3]
 737 00e8 0022     		movs	r2, #0
 738 00ea 1A64     		str	r2, [r3, #64]
 739 00ec B6E7     		b	.L133
 740              	.L148:
 741 00ee 2368     		ldr	r3, [r4]
 742 00f0 1B68     		ldr	r3, [r3]
 743 00f2 0022     		movs	r2, #0
 744 00f4 9A63     		str	r2, [r3, #56]
 745 00f6 B1E7     		b	.L133
 746              	.L149:
 747 00f8 2368     		ldr	r3, [r4]
 748 00fa 1B68     		ldr	r3, [r3]
 749 00fc 0022     		movs	r2, #0
 750 00fe DA63     		str	r2, [r3, #60]
ARM GAS  C:\Users\alireza\AppData\Local\Temp\ccPlPLC0.s 			page 14


 751 0100 ACE7     		b	.L133
 752              	.L136:
 753 0102 042B     		cmp	r3, #4
 754 0104 06D0     		beq	.L150
 755 0106 082B     		cmp	r3, #8
 756 0108 09D0     		beq	.L151
 757 010a 2368     		ldr	r3, [r4]
 758 010c 1B68     		ldr	r3, [r3]
 759 010e 0022     		movs	r2, #0
 760 0110 1A64     		str	r2, [r3, #64]
 761 0112 AAE7     		b	.L137
 762              	.L150:
 763 0114 2368     		ldr	r3, [r4]
 764 0116 1B68     		ldr	r3, [r3]
 765 0118 0022     		movs	r2, #0
 766 011a 9A63     		str	r2, [r3, #56]
 767 011c A5E7     		b	.L137
 768              	.L151:
 769 011e 2368     		ldr	r3, [r4]
 770 0120 1B68     		ldr	r3, [r3]
 771 0122 0022     		movs	r2, #0
 772 0124 DA63     		str	r2, [r3, #60]
 773 0126 A0E7     		b	.L137
 774              	.L141:
 775 0128 7047     		bx	lr
 777              		.section	.text.dc_motor_enable,"ax",%progbits
 778              		.align	1
 779              		.global	dc_motor_enable
 780              		.syntax unified
 781              		.thumb
 782              		.thumb_func
 784              	dc_motor_enable:
 785              		@ args = 0, pretend = 0, frame = 0
 786              		@ frame_needed = 0, uses_anonymous_args = 0
 787              		@ link register save eliminated.
 788 0000 0346     		mov	r3, r0
 789 0002 88B1     		cbz	r0, .L152
 790 0004 0268     		ldr	r2, [r0]
 791 0006 7AB1     		cbz	r2, .L152
 792 0008 817D     		ldrb	r1, [r0, #22]	@ zero_extendqisi2
 793 000a 0129     		cmp	r1, #1
 794 000c 0CD9     		bls	.L152
 795 000e 4168     		ldr	r1, [r0, #4]
 796 0010 59B9     		cbnz	r1, .L154
 797 0012 1268     		ldr	r2, [r2]
 798 0014 5163     		str	r1, [r2, #52]
 799              	.L155:
 800 0016 9A68     		ldr	r2, [r3, #8]
 801 0018 BAB9     		cbnz	r2, .L158
 802 001a 1A68     		ldr	r2, [r3]
 803 001c 1268     		ldr	r2, [r2]
 804 001e 0021     		movs	r1, #0
 805 0020 5163     		str	r1, [r2, #52]
 806              	.L159:
 807 0022 0022     		movs	r2, #0
 808 0024 5A75     		strb	r2, [r3, #21]
 809 0026 9A75     		strb	r2, [r3, #22]
ARM GAS  C:\Users\alireza\AppData\Local\Temp\ccPlPLC0.s 			page 15


 810              	.L152:
 811 0028 7047     		bx	lr
 812              	.L154:
 813 002a 0429     		cmp	r1, #4
 814 002c 05D0     		beq	.L162
 815 002e 0829     		cmp	r1, #8
 816 0030 07D0     		beq	.L163
 817 0032 1268     		ldr	r2, [r2]
 818 0034 0021     		movs	r1, #0
 819 0036 1164     		str	r1, [r2, #64]
 820 0038 EDE7     		b	.L155
 821              	.L162:
 822 003a 1268     		ldr	r2, [r2]
 823 003c 0021     		movs	r1, #0
 824 003e 9163     		str	r1, [r2, #56]
 825 0040 E9E7     		b	.L155
 826              	.L163:
 827 0042 1268     		ldr	r2, [r2]
 828 0044 0021     		movs	r1, #0
 829 0046 D163     		str	r1, [r2, #60]
 830 0048 E5E7     		b	.L155
 831              	.L158:
 832 004a 042A     		cmp	r2, #4
 833 004c 06D0     		beq	.L164
 834 004e 082A     		cmp	r2, #8
 835 0050 09D0     		beq	.L165
 836 0052 1A68     		ldr	r2, [r3]
 837 0054 1268     		ldr	r2, [r2]
 838 0056 0021     		movs	r1, #0
 839 0058 1164     		str	r1, [r2, #64]
 840 005a E2E7     		b	.L159
 841              	.L164:
 842 005c 1A68     		ldr	r2, [r3]
 843 005e 1268     		ldr	r2, [r2]
 844 0060 0021     		movs	r1, #0
 845 0062 9163     		str	r1, [r2, #56]
 846 0064 DDE7     		b	.L159
 847              	.L165:
 848 0066 1A68     		ldr	r2, [r3]
 849 0068 1268     		ldr	r2, [r2]
 850 006a 0021     		movs	r1, #0
 851 006c D163     		str	r1, [r2, #60]
 852 006e D8E7     		b	.L159
 854              		.global	__aeabi_d2uiz
 855              		.global	__aeabi_dmul
 856              		.global	__aeabi_ui2d
 857              		.global	__aeabi_ddiv
 858              		.global	__aeabi_i2d
 859              		.ident	"GCC: (xPack GNU Arm Embedded GCC x86_64) 14.2.1 20241119"
ARM GAS  C:\Users\alireza\AppData\Local\Temp\ccPlPLC0.s 			page 16


DEFINED SYMBOLS
                            *ABS*:00000000 dc_motors.c
C:\Users\alireza\AppData\Local\Temp\ccPlPLC0.s:18     .text.dc_motor_set:00000000 $t
C:\Users\alireza\AppData\Local\Temp\ccPlPLC0.s:24     .text.dc_motor_set:00000000 dc_motor_set
C:\Users\alireza\AppData\Local\Temp\ccPlPLC0.s:381    .text.dc_motor_set:00000278 $d
C:\Users\alireza\AppData\Local\Temp\ccPlPLC0.s:385    .text.dc_motor_disable:00000000 $t
C:\Users\alireza\AppData\Local\Temp\ccPlPLC0.s:391    .text.dc_motor_disable:00000000 dc_motor_disable
C:\Users\alireza\AppData\Local\Temp\ccPlPLC0.s:460    .text.dc_motor_set_timer_freq:00000000 $t
C:\Users\alireza\AppData\Local\Temp\ccPlPLC0.s:466    .text.dc_motor_set_timer_freq:00000000 dc_motor_set_timer_freq
C:\Users\alireza\AppData\Local\Temp\ccPlPLC0.s:509    .text.dc_motor_init:00000000 $t
C:\Users\alireza\AppData\Local\Temp\ccPlPLC0.s:515    .text.dc_motor_init:00000000 dc_motor_init
C:\Users\alireza\AppData\Local\Temp\ccPlPLC0.s:608    .text.dc_motor_init_simple_Hbridge:00000000 $t
C:\Users\alireza\AppData\Local\Temp\ccPlPLC0.s:614    .text.dc_motor_init_simple_Hbridge:00000000 dc_motor_init_simple_Hbridge
C:\Users\alireza\AppData\Local\Temp\ccPlPLC0.s:778    .text.dc_motor_enable:00000000 $t
C:\Users\alireza\AppData\Local\Temp\ccPlPLC0.s:784    .text.dc_motor_enable:00000000 dc_motor_enable

UNDEFINED SYMBOLS
__aeabi_i2d
__aeabi_ddiv
__aeabi_ui2d
__aeabi_dmul
__aeabi_d2uiz
HAL_RCC_GetSysClockFreq
HAL_TIM_Base_Start
HAL_TIM_PWM_Start
