ARM GAS  C:\Users\alireza\AppData\Local\Temp\cctS8fi8.s 			page 1


   1              		.cpu cortex-m4
   2              		.arch armv7e-m
   3              		.fpu fpv4-sp-d16
   4              		.eabi_attribute 27, 1
   5              		.eabi_attribute 28, 1
   6              		.eabi_attribute 20, 1
   7              		.eabi_attribute 21, 1
   8              		.eabi_attribute 23, 3
   9              		.eabi_attribute 24, 1
  10              		.eabi_attribute 25, 1
  11              		.eabi_attribute 26, 1
  12              		.eabi_attribute 30, 1
  13              		.eabi_attribute 34, 1
  14              		.eabi_attribute 18, 4
  15              		.file	"dma.c"
  16              		.text
  17              		.section	.text.MX_DMA_Init,"ax",%progbits
  18              		.align	1
  19              		.global	MX_DMA_Init
  20              		.syntax unified
  21              		.thumb
  22              		.thumb_func
  24              	MX_DMA_Init:
  25              		@ args = 0, pretend = 0, frame = 8
  26              		@ frame_needed = 0, uses_anonymous_args = 0
  27 0000 00B5     		push	{lr}
  28 0002 83B0     		sub	sp, sp, #12
  29 0004 0022     		movs	r2, #0
  30 0006 0192     		str	r2, [sp, #4]
  31 0008 094B     		ldr	r3, .L3
  32 000a 196B     		ldr	r1, [r3, #48]
  33 000c 41F48001 		orr	r1, r1, #4194304
  34 0010 1963     		str	r1, [r3, #48]
  35 0012 1B6B     		ldr	r3, [r3, #48]
  36 0014 03F48003 		and	r3, r3, #4194304
  37 0018 0193     		str	r3, [sp, #4]
  38 001a 019B     		ldr	r3, [sp, #4]
  39 001c 0721     		movs	r1, #7
  40 001e 3820     		movs	r0, #56
  41 0020 FFF7FEFF 		bl	HAL_NVIC_SetPriority
  42 0024 3820     		movs	r0, #56
  43 0026 FFF7FEFF 		bl	HAL_NVIC_EnableIRQ
  44 002a 03B0     		add	sp, sp, #12
  45              		@ sp needed
  46 002c 5DF804FB 		ldr	pc, [sp], #4
  47              	.L4:
  48              		.align	2
  49              	.L3:
  50 0030 00380240 		.word	1073887232
  52              		.ident	"GCC: (xPack GNU Arm Embedded GCC x86_64) 14.2.1 20241119"
ARM GAS  C:\Users\alireza\AppData\Local\Temp\cctS8fi8.s 			page 2


DEFINED SYMBOLS
                            *ABS*:00000000 dma.c
C:\Users\alireza\AppData\Local\Temp\cctS8fi8.s:18     .text.MX_DMA_Init:00000000 $t
C:\Users\alireza\AppData\Local\Temp\cctS8fi8.s:24     .text.MX_DMA_Init:00000000 MX_DMA_Init
C:\Users\alireza\AppData\Local\Temp\cctS8fi8.s:50     .text.MX_DMA_Init:00000030 $d

UNDEFINED SYMBOLS
HAL_NVIC_SetPriority
HAL_NVIC_EnableIRQ
