ARM GAS  C:\Users\alireza\AppData\Local\Temp\ccI89wEF.s 			page 1


   1              		.cpu cortex-m4
   2              		.arch armv7e-m
   3              		.fpu fpv4-sp-d16
   4              		.eabi_attribute 27, 1
   5              		.eabi_attribute 28, 1
   6              		.eabi_attribute 20, 1
   7              		.eabi_attribute 21, 1
   8              		.eabi_attribute 23, 3
   9              		.eabi_attribute 24, 1
  10              		.eabi_attribute 25, 1
  11              		.eabi_attribute 26, 1
  12              		.eabi_attribute 30, 1
  13              		.eabi_attribute 34, 1
  14              		.eabi_attribute 18, 4
  15              		.file	"electronic_throttle.c"
  16              		.text
  17              		.section	.text.electronic_throttle_watchdog_timeout,"ax",%progbits
  18              		.align	1
  19              		.global	electronic_throttle_watchdog_timeout
  20              		.syntax unified
  21              		.thumb
  22              		.thumb_func
  24              	electronic_throttle_watchdog_timeout:
  25              		@ args = 0, pretend = 0, frame = 0
  26              		@ frame_needed = 0, uses_anonymous_args = 0
  27              		@ link register save eliminated.
  28 0000 50B1     		cbz	r0, .L1
  29 0002 0378     		ldrb	r3, [r0]	@ zero_extendqisi2
  30 0004 1F2B     		cmp	r3, #31
  31 0006 07D8     		bhi	.L1
  32 0008 0448     		ldr	r0, .L3
  33 000a 0268     		ldr	r2, [r0]
  34 000c 0121     		movs	r1, #1
  35 000e 01FA03F3 		lsl	r3, r1, r3
  36 0012 22EA0302 		bic	r2, r2, r3
  37 0016 0260     		str	r2, [r0]
  38              	.L1:
  39 0018 7047     		bx	lr
  40              	.L4:
  41 001a 00BF     		.align	2
  42              	.L3:
  43 001c 00000000 		.word	runtime
  45              		.section	.rodata.electronic_throttle_init.str1.4,"aMS",%progbits,1
  46              		.align	2
  47              	.LC0:
  48 0000 456C6563 		.ascii	"Electronic throttle init failed\000"
  48      74726F6E 
  48      69632074 
  48      68726F74 
  48      746C6520 
  49              		.section	.text.electronic_throttle_init,"ax",%progbits
  50              		.align	1
  51              		.global	electronic_throttle_init
  52              		.syntax unified
  53              		.thumb
  54              		.thumb_func
  56              	electronic_throttle_init:
ARM GAS  C:\Users\alireza\AppData\Local\Temp\ccI89wEF.s 			page 2


  57              		@ args = 8, pretend = 0, frame = 16
  58              		@ frame_needed = 0, uses_anonymous_args = 0
  59 0000 70B5     		push	{r4, r5, r6, lr}
  60 0002 84B0     		sub	sp, sp, #16
  61 0004 089E     		ldr	r6, [sp, #32]
  62 0006 9DF82450 		ldrb	r5, [sp, #36]	@ zero_extendqisi2
  63 000a 0028     		cmp	r0, #0
  64 000c 3CD0     		beq	.L6
  65 000e 0446     		mov	r4, r0
  66 0010 002A     		cmp	r2, #0
  67 0012 39D0     		beq	.L6
  68 0014 002B     		cmp	r3, #0
  69 0016 37D0     		beq	.L6
  70 0018 002E     		cmp	r6, #0
  71 001a 35D0     		beq	.L6
  72 001c 8160     		str	r1, [r0, #8]
  73 001e C260     		str	r2, [r0, #12]
  74 0020 4360     		str	r3, [r0, #4]
  75 0022 0023     		movs	r3, #0
  76 0024 4361     		str	r3, [r0, #20]	@ float
  77 0026 0661     		str	r6, [r0, #16]
  78 0028 1A4B     		ldr	r3, .L11
  79 002a 8B60     		str	r3, [r1, #8]	@ float
  80 002c 8368     		ldr	r3, [r0, #8]
  81 002e 1A4A     		ldr	r2, .L11+4
  82 0030 5A60     		str	r2, [r3, #4]	@ float
  83 0032 8368     		ldr	r3, [r0, #8]
  84 0034 1B68     		ldr	r3, [r3]
  85 0036 194A     		ldr	r2, .L11+8
  86 0038 1A61     		str	r2, [r3, #16]	@ float
  87 003a 8368     		ldr	r3, [r0, #8]
  88 003c 1B68     		ldr	r3, [r3]
  89 003e 184A     		ldr	r2, .L11+12
  90 0040 DA60     		str	r2, [r3, #12]	@ float
  91 0042 6B46     		mov	r3, sp
  92 0044 0021     		movs	r1, #0
  93 0046 0091     		str	r1, [sp]
  94 0048 0191     		str	r1, [sp, #4]
  95 004a 0291     		str	r1, [sp, #8]
  96 004c 0391     		str	r1, [sp, #12]
  97 004e 00F12802 		add	r2, r0, #40
  98 0052 0292     		str	r2, [sp, #8]
  99 0054 2C22     		movs	r2, #44
 100 0056 0392     		str	r2, [sp, #12]
 101 0058 0246     		mov	r2, r0
 102 005a 1248     		ldr	r0, .L11+16
 103 005c FFF7FEFF 		bl	osTimerNew
 104 0060 6062     		str	r0, [r4, #36]
 105 0062 4FF4FA61 		mov	r1, #2000
 106 0066 FFF7FEFF 		bl	osTimerStart
 107 006a 2570     		strb	r5, [r4]
 108 006c 1F2D     		cmp	r5, #31
 109 006e 05D8     		bhi	.L9
 110 0070 0D49     		ldr	r1, .L11+20
 111 0072 0B68     		ldr	r3, [r1]
 112 0074 0122     		movs	r2, #1
 113 0076 AA40     		lsls	r2, r2, r5
ARM GAS  C:\Users\alireza\AppData\Local\Temp\ccI89wEF.s 			page 3


 114 0078 1343     		orrs	r3, r3, r2
 115 007a 0B60     		str	r3, [r1]
 116              	.L9:
 117 007c 0023     		movs	r3, #0
 118 007e 84F85530 		strb	r3, [r4, #85]
 119 0082 84F85630 		strb	r3, [r4, #86]
 120 0086 02E0     		b	.L5
 121              	.L6:
 122 0088 0848     		ldr	r0, .L11+24
 123 008a FFF7FEFF 		bl	log_error
 124              	.L5:
 125 008e 04B0     		add	sp, sp, #16
 126              		@ sp needed
 127 0090 70BD     		pop	{r4, r5, r6, pc}
 128              	.L12:
 129 0092 00BF     		.align	2
 130              	.L11:
 131 0094 00007F43 		.word	1132396544
 132 0098 00007FC3 		.word	-1015087104
 133 009c 00007A43 		.word	1132068864
 134 00a0 00007AC3 		.word	-1015414784
 135 00a4 00000000 		.word	electronic_throttle_watchdog_timeout
 136 00a8 00000000 		.word	runtime
 137 00ac 00000000 		.word	.LC0
 139              		.section	.text.electronic_throttle_set,"ax",%progbits
 140              		.align	1
 141              		.global	electronic_throttle_set
 142              		.syntax unified
 143              		.thumb
 144              		.thumb_func
 146              	electronic_throttle_set:
 147              		@ args = 0, pretend = 0, frame = 0
 148              		@ frame_needed = 0, uses_anonymous_args = 0
 149              		@ link register save eliminated.
 150 0000 90F85630 		ldrb	r3, [r0, #86]	@ zero_extendqisi2
 151 0004 93B9     		cbnz	r3, .L13
 152 0006 B5EEC00A 		vcmpe.f32	s0, #0
 153 000a F1EE10FA 		vmrs	APSR_nzcv, FPSCR
 154 000e 09D4     		bmi	.L17
 155 0010 DFED077A 		vldr.32	s15, .L19
 156 0014 B4EEE70A 		vcmpe.f32	s0, s15
 157 0018 F1EE10FA 		vmrs	APSR_nzcv, FPSCR
 158 001c 04DD     		ble	.L15
 159 001e B0EE670A 		vmov.f32	s0, s15
 160 0022 01E0     		b	.L15
 161              	.L17:
 162 0024 9FED030A 		vldr.32	s0, .L19+4
 163              	.L15:
 164 0028 80ED050A 		vstr.32	s0, [r0, #20]
 165              	.L13:
 166 002c 7047     		bx	lr
 167              	.L20:
 168 002e 00BF     		.align	2
 169              	.L19:
 170 0030 0000C842 		.word	1120403456
 171 0034 00000000 		.word	0
 173              		.section	.text.electronic_throttle_override_enable,"ax",%progbits
ARM GAS  C:\Users\alireza\AppData\Local\Temp\ccI89wEF.s 			page 4


 174              		.align	1
 175              		.global	electronic_throttle_override_enable
 176              		.syntax unified
 177              		.thumb
 178              		.thumb_func
 180              	electronic_throttle_override_enable:
 181              		@ args = 0, pretend = 0, frame = 0
 182              		@ frame_needed = 0, uses_anonymous_args = 0
 183              		@ link register save eliminated.
 184 0000 0123     		movs	r3, #1
 185 0002 80F85630 		strb	r3, [r0, #86]
 186 0006 B5EEC00A 		vcmpe.f32	s0, #0
 187 000a F1EE10FA 		vmrs	APSR_nzcv, FPSCR
 188 000e 09D4     		bmi	.L24
 189 0010 DFED077A 		vldr.32	s15, .L26
 190 0014 B4EEE70A 		vcmpe.f32	s0, s15
 191 0018 F1EE10FA 		vmrs	APSR_nzcv, FPSCR
 192 001c 04DD     		ble	.L22
 193 001e B0EE670A 		vmov.f32	s0, s15
 194 0022 01E0     		b	.L22
 195              	.L24:
 196 0024 9FED030A 		vldr.32	s0, .L26+4
 197              	.L22:
 198 0028 80ED050A 		vstr.32	s0, [r0, #20]
 199 002c 7047     		bx	lr
 200              	.L27:
 201 002e 00BF     		.align	2
 202              	.L26:
 203 0030 0000C842 		.word	1120403456
 204 0034 00000000 		.word	0
 206              		.section	.text.electronic_throttle_override_disable,"ax",%progbits
 207              		.align	1
 208              		.global	electronic_throttle_override_disable
 209              		.syntax unified
 210              		.thumb
 211              		.thumb_func
 213              	electronic_throttle_override_disable:
 214              		@ args = 0, pretend = 0, frame = 0
 215              		@ frame_needed = 0, uses_anonymous_args = 0
 216              		@ link register save eliminated.
 217 0000 0023     		movs	r3, #0
 218 0002 80F85630 		strb	r3, [r0, #86]
 219 0006 7047     		bx	lr
 221              		.section	.text.electronic_throttle_update,"ax",%progbits
 222              		.align	1
 223              		.global	electronic_throttle_update
 224              		.syntax unified
 225              		.thumb
 226              		.thumb_func
 228              	electronic_throttle_update:
 229              		@ args = 0, pretend = 0, frame = 16
 230              		@ frame_needed = 0, uses_anonymous_args = 0
 231 0000 0028     		cmp	r0, #0
 232 0002 00F0F881 		beq	.L115
 233 0006 70B5     		push	{r4, r5, r6, lr}
 234 0008 2DED028B 		vpush.64	{d8}
 235 000c 84B0     		sub	sp, sp, #16
ARM GAS  C:\Users\alireza\AppData\Local\Temp\ccI89wEF.s 			page 5


 236 000e 0D46     		mov	r5, r1
 237 0010 0446     		mov	r4, r0
 238 0012 8368     		ldr	r3, [r0, #8]
 239 0014 33B1     		cbz	r3, .L29
 240 0016 C068     		ldr	r0, [r0, #12]
 241 0018 20B1     		cbz	r0, .L29
 242 001a 6368     		ldr	r3, [r4, #4]
 243 001c 13B1     		cbz	r3, .L29
 244 001e 94F85560 		ldrb	r6, [r4, #85]	@ zero_extendqisi2
 245 0022 1EB1     		cbz	r6, .L118
 246              	.L29:
 247 0024 04B0     		add	sp, sp, #16
 248              		@ sp needed
 249 0026 BDEC028B 		vldm	sp!, {d8}
 250 002a 70BD     		pop	{r4, r5, r6, pc}
 251              	.L118:
 252 002c FFF7FEFF 		bl	sensor_tps_get
 253 0030 F0EE408A 		vmov.f32	s17, s0
 254 0034 B4EE400A 		vcmp.f32	s0, s0
 255 0038 F1EE10FA 		vmrs	APSR_nzcv, FPSCR
 256 003c 1ED6     		bvs	.L119
 257 003e 84ED060A 		vstr.32	s0, [r4, #24]
 258 0042 94ED050A 		vldr.32	s0, [r4, #20]
 259 0046 A068     		ldr	r0, [r4, #8]
 260 0048 FFF7FEFF 		bl	pid_set_setpoint
 261 004c 94ED050A 		vldr.32	s0, [r4, #20]
 262 0050 2069     		ldr	r0, [r4, #16]
 263 0052 FFF7FEFF 		bl	table_1d_get_value
 264 0056 B0EE408A 		vmov.f32	s16, s0
 265 005a DFEDC17A 		vldr.32	s15, .L132
 266 005e B4EEE70A 		vcmpe.f32	s0, s15
 267 0062 F1EE10FA 		vmrs	APSR_nzcv, FPSCR
 268 0066 19DB     		blt	.L104
 269 0068 DFEDBE7A 		vldr.32	s15, .L132+4
 270 006c B4EEE70A 		vcmpe.f32	s0, s15
 271 0070 F1EE10FA 		vmrs	APSR_nzcv, FPSCR
 272 0074 49D9     		bls	.L81
 273 0076 9FEDBC8A 		vldr.32	s16, .L132+8
 274 007a 11E0     		b	.L33
 275              	.L119:
 276 007c 2178     		ldrb	r1, [r4]	@ zero_extendqisi2
 277 007e 1F29     		cmp	r1, #31
 278 0080 06D8     		bhi	.L32
 279 0082 BA48     		ldr	r0, .L132+12
 280 0084 0368     		ldr	r3, [r0]
 281 0086 0122     		movs	r2, #1
 282 0088 8A40     		lsls	r2, r2, r1
 283 008a 23EA0203 		bic	r3, r3, r2
 284 008e 0360     		str	r3, [r0]
 285              	.L32:
 286 0090 0022     		movs	r2, #0
 287 0092 1146     		mov	r1, r2
 288 0094 6068     		ldr	r0, [r4, #4]
 289 0096 FFF7FEFF 		bl	dc_motor_set
 290 009a C3E7     		b	.L29
 291              	.L104:
 292 009c 9FEDB28A 		vldr.32	s16, .L132+8
ARM GAS  C:\Users\alireza\AppData\Local\Temp\ccI89wEF.s 			page 6


 293              	.L33:
 294 00a0 B0EE680A 		vmov.f32	s0, s17
 295 00a4 2946     		mov	r1, r5
 296 00a6 A068     		ldr	r0, [r4, #8]
 297 00a8 FFF7FEFF 		bl	pid_compute
 298 00ac 70EE087A 		vadd.f32	s15, s0, s16
 299 00b0 9FEDAB7A 		vldr.32	s14, .L132
 300 00b4 F4EEC77A 		vcmpe.f32	s15, s14
 301 00b8 F1EE10FA 		vmrs	APSR_nzcv, FPSCR
 302 00bc 27D5     		bpl	.L120
 303 00be 9FEDA88A 		vldr.32	s16, .L132
 304              	.L35:
 305 00c2 B5EEC08A 		vcmpe.f32	s16, #0
 306 00c6 F1EE10FA 		vmrs	APSR_nzcv, FPSCR
 307 00ca D4BF     		ite	le
 308 00cc 0125     		movle	r5, #1
 309 00ce 0025     		movgt	r5, #0
 310 00d0 A368     		ldr	r3, [r4, #8]
 311 00d2 D3ED057A 		vldr.32	s15, [r3, #20]
 312 00d6 F5EEC07A 		vcmpe.f32	s15, #0
 313 00da F1EE10FA 		vmrs	APSR_nzcv, FPSCR
 314 00de 31D4     		bmi	.L121
 315 00e0 B1EE047A 		vmov.f32	s14, #5.0e+0
 316 00e4 F4EEC77A 		vcmpe.f32	s15, s14
 317 00e8 F1EE10FA 		vmrs	APSR_nzcv, FPSCR
 318 00ec 3CDC     		bgt	.L85
 319              	.L39:
 320 00ee B5EEC08A 		vcmpe.f32	s16, #0
 321 00f2 F1EE10FA 		vmrs	APSR_nzcv, FPSCR
 322 00f6 2ED4     		bmi	.L122
 323 00f8 DFED9D7A 		vldr.32	s15, .L132+16
 324 00fc B4EEE78A 		vcmpe.f32	s16, s15
 325 0100 F1EE10FA 		vmrs	APSR_nzcv, FPSCR
 326 0104 6BDC     		bgt	.L87
 327 0106 0023     		movs	r3, #0
 328 0108 2FE0     		b	.L38
 329              	.L81:
 330 010a 0126     		movs	r6, #1
 331 010c C8E7     		b	.L33
 332              	.L120:
 333 010e B0EE680A 		vmov.f32	s0, s17
 334 0112 2946     		mov	r1, r5
 335 0114 A068     		ldr	r0, [r4, #8]
 336 0116 FFF7FEFF 		bl	pid_compute
 337 011a 30EE080A 		vadd.f32	s0, s0, s16
 338 011e DFED917A 		vldr.32	s15, .L132+4
 339 0122 B4EEE70A 		vcmpe.f32	s0, s15
 340 0126 F1EE10FA 		vmrs	APSR_nzcv, FPSCR
 341 012a 02DD     		ble	.L123
 342 012c 9FED8D8A 		vldr.32	s16, .L132+4
 343 0130 C7E7     		b	.L35
 344              	.L123:
 345 0132 B0EE680A 		vmov.f32	s0, s17
 346 0136 2946     		mov	r1, r5
 347 0138 A068     		ldr	r0, [r4, #8]
 348 013a FFF7FEFF 		bl	pid_compute
 349 013e 30EE088A 		vadd.f32	s16, s0, s16
ARM GAS  C:\Users\alireza\AppData\Local\Temp\ccI89wEF.s 			page 7


 350 0142 BEE7     		b	.L35
 351              	.L121:
 352 0144 B9EE047A 		vmov.f32	s14, #-5.0e+0
 353 0148 F4EEC77A 		vcmpe.f32	s15, s14
 354 014c F1EE10FA 		vmrs	APSR_nzcv, FPSCR
 355 0150 CDD5     		bpl	.L39
 356 0152 0123     		movs	r3, #1
 357 0154 09E0     		b	.L38
 358              	.L122:
 359 0156 DFED877A 		vldr.32	s15, .L132+20
 360 015a B4EEE78A 		vcmpe.f32	s16, s15
 361 015e F1EE10FA 		vmrs	APSR_nzcv, FPSCR
 362 0162 3AD4     		bmi	.L86
 363 0164 0023     		movs	r3, #0
 364 0166 00E0     		b	.L38
 365              	.L85:
 366 0168 0123     		movs	r3, #1
 367              	.L38:
 368 016a 8DF80F30 		strb	r3, [sp, #15]
 369 016e 9DF80F30 		ldrb	r3, [sp, #15]	@ zero_extendqisi2
 370 0172 B3B3     		cbz	r3, .L124
 371              	.L42:
 372 0174 94F85430 		ldrb	r3, [r4, #84]	@ zero_extendqisi2
 373 0178 002B     		cmp	r3, #0
 374 017a 38D0     		beq	.L125
 375 017c 002E     		cmp	r6, #0
 376 017e 4FD0     		beq	.L126
 377 0180 DFED7D7A 		vldr.32	s15, .L132+24
 378 0184 78EEE77A 		vsub.f32	s15, s17, s15
 379 0188 F5EEC07A 		vcmpe.f32	s15, #0
 380 018c F1EE10FA 		vmrs	APSR_nzcv, FPSCR
 381 0190 00F1C180 		bmi	.L127
 382 0194 9FED797A 		vldr.32	s14, .L132+28
 383 0198 F4EEC77A 		vcmpe.f32	s15, s14
 384 019c F1EE10FA 		vmrs	APSR_nzcv, FPSCR
 385 01a0 4CBF     		ite	mi
 386 01a2 0123     		movmi	r3, #1
 387 01a4 0023     		movpl	r3, #0
 388              	.L66:
 389 01a6 002B     		cmp	r3, #0
 390 01a8 00F0EE80 		beq	.L67
 391 01ac DFED6C7A 		vldr.32	s15, .L132
 392 01b0 B4EEE78A 		vcmpe.f32	s16, s15
 393 01b4 F1EE10FA 		vmrs	APSR_nzcv, FPSCR
 394 01b8 40F1B780 		bpl	.L112
 395 01bc 6068     		ldr	r0, [r4, #4]
 396 01be B0EE678A 		vmov.f32	s16, s15
 397              	.L70:
 398 01c2 B1EE488A 		vneg.f32	s16, s16
 399 01c6 FCEEC87A 		vcvt.u32.f32	s15, s16
 400 01ca CDED017A 		vstr.32	s15, [sp, #4]	@ int
 401 01ce 9DF80420 		ldrb	r2, [sp, #4]	@ zero_extendqisi2
 402              	.L79:
 403 01d2 2946     		mov	r1, r5
 404 01d4 FFF7FEFF 		bl	dc_motor_set
 405 01d8 24E7     		b	.L29
 406              	.L86:
ARM GAS  C:\Users\alireza\AppData\Local\Temp\ccI89wEF.s 			page 8


 407 01da 0123     		movs	r3, #1
 408 01dc C5E7     		b	.L38
 409              	.L87:
 410 01de 0123     		movs	r3, #1
 411 01e0 C3E7     		b	.L38
 412              	.L124:
 413 01e2 4FF4FA61 		mov	r1, #2000
 414 01e6 606A     		ldr	r0, [r4, #36]
 415 01e8 FFF7FEFF 		bl	osTimerStart
 416 01ec C2E7     		b	.L42
 417              	.L125:
 418 01ee 6068     		ldr	r0, [r4, #4]
 419 01f0 B5EEC08A 		vcmpe.f32	s16, #0
 420 01f4 F1EE10FA 		vmrs	APSR_nzcv, FPSCR
 421 01f8 09D4     		bmi	.L128
 422 01fa FCEEC87A 		vcvt.u32.f32	s15, s16
 423 01fe CDED017A 		vstr.32	s15, [sp, #4]	@ int
 424 0202 9DF80420 		ldrb	r2, [sp, #4]	@ zero_extendqisi2
 425              	.L46:
 426 0206 2946     		mov	r1, r5
 427 0208 FFF7FEFF 		bl	dc_motor_set
 428 020c 0AE7     		b	.L29
 429              	.L128:
 430 020e B1EE488A 		vneg.f32	s16, s16
 431 0212 FCEEC87A 		vcvt.u32.f32	s15, s16
 432 0216 CDED017A 		vstr.32	s15, [sp, #4]	@ int
 433 021a 9DF80420 		ldrb	r2, [sp, #4]	@ zero_extendqisi2
 434 021e F2E7     		b	.L46
 435              	.L126:
 436 0220 DFED557A 		vldr.32	s15, .L132+24
 437 0224 78EEE77A 		vsub.f32	s15, s17, s15
 438 0228 F5EEC07A 		vcmpe.f32	s15, #0
 439 022c F1EE10FA 		vmrs	APSR_nzcv, FPSCR
 440 0230 1FD4     		bmi	.L129
 441 0232 9FED527A 		vldr.32	s14, .L132+28
 442 0236 F4EEC77A 		vcmpe.f32	s15, s14
 443 023a F1EE10FA 		vmrs	APSR_nzcv, FPSCR
 444 023e 4CBF     		ite	mi
 445 0240 0123     		movmi	r3, #1
 446 0242 0023     		movpl	r3, #0
 447              	.L50:
 448 0244 9BB3     		cbz	r3, .L51
 449 0246 DFED467A 		vldr.32	s15, .L132
 450 024a B4EEE78A 		vcmpe.f32	s16, s15
 451 024e F1EE10FA 		vmrs	APSR_nzcv, FPSCR
 452 0252 18D5     		bpl	.L109
 453 0254 6068     		ldr	r0, [r4, #4]
 454 0256 B0EE678A 		vmov.f32	s16, s15
 455              	.L54:
 456 025a B1EE488A 		vneg.f32	s16, s16
 457 025e FCEEC87A 		vcvt.u32.f32	s15, s16
 458 0262 CDED017A 		vstr.32	s15, [sp, #4]	@ int
 459 0266 9DF80420 		ldrb	r2, [sp, #4]	@ zero_extendqisi2
 460              	.L63:
 461 026a 2946     		mov	r1, r5
 462 026c FFF7FEFF 		bl	dc_motor_set
 463 0270 D8E6     		b	.L29
ARM GAS  C:\Users\alireza\AppData\Local\Temp\ccI89wEF.s 			page 9


 464              	.L129:
 465 0272 9FED447A 		vldr.32	s14, .L132+36
 466 0276 F4EEC77A 		vcmpe.f32	s15, s14
 467 027a F1EE10FA 		vmrs	APSR_nzcv, FPSCR
 468 027e CCBF     		ite	gt
 469 0280 0123     		movgt	r3, #1
 470 0282 0023     		movle	r3, #0
 471 0284 DEE7     		b	.L50
 472              	.L109:
 473 0286 D4ED087A 		vldr.32	s15, [r4, #32]
 474 028a F4EEC87A 		vcmpe.f32	s15, s16
 475 028e F1EE10FA 		vmrs	APSR_nzcv, FPSCR
 476 0292 3AD4     		bmi	.L88
 477              	.L55:
 478 0294 6068     		ldr	r0, [r4, #4]
 479 0296 B5EEC08A 		vcmpe.f32	s16, #0
 480 029a F1EE10FA 		vmrs	APSR_nzcv, FPSCR
 481 029e DCD4     		bmi	.L54
 482              	.L61:
 483 02a0 FCEEC87A 		vcvt.u32.f32	s15, s16
 484 02a4 CDED017A 		vstr.32	s15, [sp, #4]	@ int
 485 02a8 9DF80420 		ldrb	r2, [sp, #4]	@ zero_extendqisi2
 486 02ac DDE7     		b	.L63
 487              	.L51:
 488 02ae F5EEC08A 		vcmpe.f32	s17, #0
 489 02b2 F1EE10FA 		vmrs	APSR_nzcv, FPSCR
 490 02b6 1ED4     		bmi	.L130
 491 02b8 DFED307A 		vldr.32	s15, .L132+28
 492 02bc F4EEE78A 		vcmpe.f32	s17, s15
 493 02c0 F1EE10FA 		vmrs	APSR_nzcv, FPSCR
 494 02c4 4CBF     		ite	mi
 495 02c6 0123     		movmi	r3, #1
 496 02c8 0023     		movpl	r3, #0
 497              	.L59:
 498 02ca 002B     		cmp	r3, #0
 499 02cc E2D0     		beq	.L55
 500 02ce D4ED077A 		vldr.32	s15, [r4, #28]
 501 02d2 F1EE677A 		vneg.f32	s15, s15
 502 02d6 F4EEC87A 		vcmpe.f32	s15, s16
 503 02da F1EE10FA 		vmrs	APSR_nzcv, FPSCR
 504 02de 17DC     		bgt	.L89
 505 02e0 DFED207A 		vldr.32	s15, .L132+4
 506 02e4 B4EEE78A 		vcmpe.f32	s16, s15
 507 02e8 F1EE10FA 		vmrs	APSR_nzcv, FPSCR
 508 02ec D2DD     		ble	.L55
 509 02ee 6068     		ldr	r0, [r4, #4]
 510 02f0 B0EE678A 		vmov.f32	s16, s15
 511 02f4 D4E7     		b	.L61
 512              	.L130:
 513 02f6 DFED237A 		vldr.32	s15, .L132+36
 514 02fa F4EEE78A 		vcmpe.f32	s17, s15
 515 02fe F1EE10FA 		vmrs	APSR_nzcv, FPSCR
 516 0302 CCBF     		ite	gt
 517 0304 0123     		movgt	r3, #1
 518 0306 0023     		movle	r3, #0
 519 0308 DFE7     		b	.L59
 520              	.L88:
ARM GAS  C:\Users\alireza\AppData\Local\Temp\ccI89wEF.s 			page 10


 521 030a B0EE678A 		vmov.f32	s16, s15
 522 030e C1E7     		b	.L55
 523              	.L89:
 524 0310 B0EE678A 		vmov.f32	s16, s15
 525 0314 BEE7     		b	.L55
 526              	.L127:
 527 0316 9FED1B7A 		vldr.32	s14, .L132+36
 528 031a F4EEC77A 		vcmpe.f32	s15, s14
 529 031e F1EE10FA 		vmrs	APSR_nzcv, FPSCR
 530 0322 CCBF     		ite	gt
 531 0324 0123     		movgt	r3, #1
 532 0326 0023     		movle	r3, #0
 533 0328 3DE7     		b	.L66
 534              	.L112:
 535 032a 2369     		ldr	r3, [r4, #16]
 536 032c D3ED0F7A 		vldr.32	s15, [r3, #60]
 537 0330 B1EE047A 		vmov.f32	s14, #5.0e+0
 538 0334 77EE877A 		vadd.f32	s15, s15, s14
 539 0338 F4EEC87A 		vcmpe.f32	s15, s16
 540 033c F1EE10FA 		vmrs	APSR_nzcv, FPSCR
 541 0340 53D4     		bmi	.L90
 542              	.L71:
 543 0342 6068     		ldr	r0, [r4, #4]
 544 0344 B5EEC08A 		vcmpe.f32	s16, #0
 545 0348 F1EE10FA 		vmrs	APSR_nzcv, FPSCR
 546 034c 3FF539AF 		bmi	.L70
 547              	.L77:
 548 0350 FCEEC87A 		vcvt.u32.f32	s15, s16
 549 0354 CDED017A 		vstr.32	s15, [sp, #4]	@ int
 550 0358 9DF80420 		ldrb	r2, [sp, #4]	@ zero_extendqisi2
 551 035c 39E7     		b	.L79
 552              	.L133:
 553 035e 00BF     		.align	2
 554              	.L132:
 555 0360 00007FC3 		.word	-1015087104
 556 0364 00007F43 		.word	1132396544
 557 0368 00000000 		.word	0
 558 036c 00000000 		.word	runtime
 559 0370 00007A43 		.word	1132068864
 560 0374 00007AC3 		.word	-1015414784
 561 0378 0000C842 		.word	1120403456
 562 037c CDCC4C3F 		.word	1061997773
 563 0380 00007F43 		.word	1132396544
 564 0384 CDCC4CBF 		.word	-1085485875
 565              	.L67:
 566 0388 F5EEC08A 		vcmpe.f32	s17, #0
 567 038c F1EE10FA 		vmrs	APSR_nzcv, FPSCR
 568 0390 21D4     		bmi	.L131
 569 0392 5FED067A 		vldr.32	s15, .L132+28
 570 0396 F4EEE78A 		vcmpe.f32	s17, s15
 571 039a F1EE10FA 		vmrs	APSR_nzcv, FPSCR
 572 039e 4CBF     		ite	mi
 573 03a0 0123     		movmi	r3, #1
 574 03a2 0023     		movpl	r3, #0
 575              	.L75:
 576 03a4 002B     		cmp	r3, #0
 577 03a6 CCD0     		beq	.L71
ARM GAS  C:\Users\alireza\AppData\Local\Temp\ccI89wEF.s 			page 11


 578 03a8 2369     		ldr	r3, [r4, #16]
 579 03aa D3ED007A 		vldr.32	s15, [r3]
 580 03ae B1EE047A 		vmov.f32	s14, #5.0e+0
 581 03b2 77EEC77A 		vsub.f32	s15, s15, s14
 582 03b6 F4EEC87A 		vcmpe.f32	s15, s16
 583 03ba F1EE10FA 		vmrs	APSR_nzcv, FPSCR
 584 03be 17DC     		bgt	.L91
 585 03c0 5FED117A 		vldr.32	s15, .L132+32
 586 03c4 B4EEE78A 		vcmpe.f32	s16, s15
 587 03c8 F1EE10FA 		vmrs	APSR_nzcv, FPSCR
 588 03cc B9DD     		ble	.L71
 589 03ce 6068     		ldr	r0, [r4, #4]
 590 03d0 B0EE678A 		vmov.f32	s16, s15
 591 03d4 BCE7     		b	.L77
 592              	.L131:
 593 03d6 5FED157A 		vldr.32	s15, .L132+36
 594 03da F4EEE78A 		vcmpe.f32	s17, s15
 595 03de F1EE10FA 		vmrs	APSR_nzcv, FPSCR
 596 03e2 CCBF     		ite	gt
 597 03e4 0123     		movgt	r3, #1
 598 03e6 0023     		movle	r3, #0
 599 03e8 DCE7     		b	.L75
 600              	.L90:
 601 03ea B0EE678A 		vmov.f32	s16, s15
 602 03ee A8E7     		b	.L71
 603              	.L91:
 604 03f0 B0EE678A 		vmov.f32	s16, s15
 605 03f4 A5E7     		b	.L71
 606              	.L115:
 607 03f6 7047     		bx	lr
 609              		.section	.text.electronic_throttle_disable,"ax",%progbits
 610              		.align	1
 611              		.global	electronic_throttle_disable
 612              		.syntax unified
 613              		.thumb
 614              		.thumb_func
 616              	electronic_throttle_disable:
 617              		@ args = 0, pretend = 0, frame = 0
 618              		@ frame_needed = 0, uses_anonymous_args = 0
 619 0000 08B5     		push	{r3, lr}
 620 0002 0123     		movs	r3, #1
 621 0004 80F85530 		strb	r3, [r0, #85]
 622 0008 0022     		movs	r2, #0
 623 000a 1146     		mov	r1, r2
 624 000c 4068     		ldr	r0, [r0, #4]
 625 000e FFF7FEFF 		bl	dc_motor_set
 626 0012 08BD     		pop	{r3, pc}
 628              		.section	.text.electronic_throttle_enable,"ax",%progbits
 629              		.align	1
 630              		.global	electronic_throttle_enable
 631              		.syntax unified
 632              		.thumb
 633              		.thumb_func
 635              	electronic_throttle_enable:
 636              		@ args = 0, pretend = 0, frame = 0
 637              		@ frame_needed = 0, uses_anonymous_args = 0
 638              		@ link register save eliminated.
ARM GAS  C:\Users\alireza\AppData\Local\Temp\ccI89wEF.s 			page 12


 639 0000 0023     		movs	r3, #0
 640 0002 80F85530 		strb	r3, [r0, #85]
 641 0006 7047     		bx	lr
 643              		.section	.text.electronic_throttle_tone_success,"ax",%progbits
 644              		.align	1
 645              		.global	electronic_throttle_tone_success
 646              		.syntax unified
 647              		.thumb
 648              		.thumb_func
 650              	electronic_throttle_tone_success:
 651              		@ args = 0, pretend = 0, frame = 0
 652              		@ frame_needed = 0, uses_anonymous_args = 0
 653 0000 38B5     		push	{r3, r4, r5, lr}
 654 0002 0446     		mov	r4, r0
 655 0004 0025     		movs	r5, #0
 656 0006 10E0     		b	.L138
 657              	.L139:
 658 0008 6422     		movs	r2, #100
 659 000a 0021     		movs	r1, #0
 660 000c 6068     		ldr	r0, [r4, #4]
 661 000e FFF7FEFF 		bl	dc_motor_set
 662 0012 0320     		movs	r0, #3
 663 0014 FFF7FEFF 		bl	osDelay
 664 0018 0022     		movs	r2, #0
 665 001a 0121     		movs	r1, #1
 666 001c 6068     		ldr	r0, [r4, #4]
 667 001e FFF7FEFF 		bl	dc_motor_set
 668 0022 0320     		movs	r0, #3
 669 0024 FFF7FEFF 		bl	osDelay
 670 0028 0135     		adds	r5, r5, #1
 671              	.L138:
 672 002a 202D     		cmp	r5, #32
 673 002c ECD9     		bls	.L139
 674 002e 0025     		movs	r5, #0
 675 0030 10E0     		b	.L140
 676              	.L141:
 677 0032 6422     		movs	r2, #100
 678 0034 0021     		movs	r1, #0
 679 0036 6068     		ldr	r0, [r4, #4]
 680 0038 FFF7FEFF 		bl	dc_motor_set
 681 003c 0220     		movs	r0, #2
 682 003e FFF7FEFF 		bl	osDelay
 683 0042 3222     		movs	r2, #50
 684 0044 0121     		movs	r1, #1
 685 0046 6068     		ldr	r0, [r4, #4]
 686 0048 FFF7FEFF 		bl	dc_motor_set
 687 004c 0220     		movs	r0, #2
 688 004e FFF7FEFF 		bl	osDelay
 689 0052 0135     		adds	r5, r5, #1
 690              	.L140:
 691 0054 312D     		cmp	r5, #49
 692 0056 ECD9     		bls	.L141
 693 0058 0025     		movs	r5, #0
 694 005a 10E0     		b	.L142
 695              	.L143:
 696 005c 6422     		movs	r2, #100
 697 005e 0021     		movs	r1, #0
ARM GAS  C:\Users\alireza\AppData\Local\Temp\ccI89wEF.s 			page 13


 698 0060 6068     		ldr	r0, [r4, #4]
 699 0062 FFF7FEFF 		bl	dc_motor_set
 700 0066 0120     		movs	r0, #1
 701 0068 FFF7FEFF 		bl	osDelay
 702 006c 3222     		movs	r2, #50
 703 006e 0121     		movs	r1, #1
 704 0070 6068     		ldr	r0, [r4, #4]
 705 0072 FFF7FEFF 		bl	dc_motor_set
 706 0076 0120     		movs	r0, #1
 707 0078 FFF7FEFF 		bl	osDelay
 708 007c 0135     		adds	r5, r5, #1
 709              	.L142:
 710 007e 632D     		cmp	r5, #99
 711 0080 ECD9     		bls	.L143
 712 0082 0022     		movs	r2, #0
 713 0084 1146     		mov	r1, r2
 714 0086 6068     		ldr	r0, [r4, #4]
 715 0088 FFF7FEFF 		bl	dc_motor_set
 716 008c 38BD     		pop	{r3, r4, r5, pc}
 718              		.section	.text.electronic_throttle_tone_fail,"ax",%progbits
 719              		.align	1
 720              		.global	electronic_throttle_tone_fail
 721              		.syntax unified
 722              		.thumb
 723              		.thumb_func
 725              	electronic_throttle_tone_fail:
 726              		@ args = 0, pretend = 0, frame = 0
 727              		@ frame_needed = 0, uses_anonymous_args = 0
 728 0000 70B5     		push	{r4, r5, r6, lr}
 729 0002 0546     		mov	r5, r0
 730 0004 0026     		movs	r6, #0
 731 0006 16E0     		b	.L146
 732              	.L147:
 733 0008 6422     		movs	r2, #100
 734 000a 0021     		movs	r1, #0
 735 000c 6868     		ldr	r0, [r5, #4]
 736 000e FFF7FEFF 		bl	dc_motor_set
 737 0012 0120     		movs	r0, #1
 738 0014 FFF7FEFF 		bl	osDelay
 739 0018 3222     		movs	r2, #50
 740 001a 0121     		movs	r1, #1
 741 001c 6868     		ldr	r0, [r5, #4]
 742 001e FFF7FEFF 		bl	dc_motor_set
 743 0022 0120     		movs	r0, #1
 744 0024 FFF7FEFF 		bl	osDelay
 745 0028 0134     		adds	r4, r4, #1
 746              	.L148:
 747 002a C72C     		cmp	r4, #199
 748 002c ECD9     		bls	.L147
 749 002e 6420     		movs	r0, #100
 750 0030 FFF7FEFF 		bl	osDelay
 751 0034 0136     		adds	r6, r6, #1
 752              	.L146:
 753 0036 012E     		cmp	r6, #1
 754 0038 01D8     		bhi	.L151
 755 003a 0024     		movs	r4, #0
 756 003c F5E7     		b	.L148
ARM GAS  C:\Users\alireza\AppData\Local\Temp\ccI89wEF.s 			page 14


 757              	.L151:
 758 003e 0022     		movs	r2, #0
 759 0040 1146     		mov	r1, r2
 760 0042 6868     		ldr	r0, [r5, #4]
 761 0044 FFF7FEFF 		bl	dc_motor_set
 762 0048 0023     		movs	r3, #0
 763 004a 85F85530 		strb	r3, [r5, #85]
 764 004e 70BD     		pop	{r4, r5, r6, pc}
 766              		.section	.rodata.electronic_throttle_auto_tune.str1.4,"aMS",%progbits,1
 767              		.align	2
 768              	.LC1:
 769 0000 45544220 		.ascii	"ETB Auto-Tune failed. ETB is null!\000"
 769      4175746F 
 769      2D54756E 
 769      65206661 
 769      696C6564 
 770 0023 00       		.align	2
 771              	.LC2:
 772 0024 45544220 		.ascii	"ETB Auto-Tune failed. Vbat too low!\000"
 772      4175746F 
 772      2D54756E 
 772      65206661 
 772      696C6564 
 773              		.section	.text.electronic_throttle_auto_tune,"ax",%progbits
 774              		.align	1
 775              		.global	electronic_throttle_auto_tune
 776              		.syntax unified
 777              		.thumb
 778              		.thumb_func
 780              	electronic_throttle_auto_tune:
 781              		@ args = 0, pretend = 0, frame = 24
 782              		@ frame_needed = 0, uses_anonymous_args = 0
 783 0000 2DE9F04F 		push	{r4, r5, r6, r7, r8, r9, r10, fp, lr}
 784 0004 2DED028B 		vpush.64	{d8}
 785 0008 87B0     		sub	sp, sp, #28
 786 000a B0B1     		cbz	r0, .L211
 787 000c 0446     		mov	r4, r0
 788 000e 6420     		movs	r0, #100
 789 0010 FFF7FEFF 		bl	osDelay
 790 0014 FFF7FEFF 		bl	vbat_get
 791 0018 F2EE067A 		vmov.f32	s15, #1.1e+1
 792 001c B4EEE70A 		vcmpe.f32	s0, s15
 793 0020 F1EE10FA 		vmrs	APSR_nzcv, FPSCR
 794 0024 0DD4     		bmi	.L212
 795 0026 AB4B     		ldr	r3, .L221
 796 0028 93F87830 		ldrb	r3, [r3, #120]	@ zero_extendqisi2
 797 002c 0093     		str	r3, [sp]
 798 002e 63B1     		cbz	r3, .L213
 799              	.L152:
 800 0030 07B0     		add	sp, sp, #28
 801              		@ sp needed
 802 0032 BDEC028B 		vldm	sp!, {d8}
 803 0036 BDE8F08F 		pop	{r4, r5, r6, r7, r8, r9, r10, fp, pc}
 804              	.L211:
 805 003a A748     		ldr	r0, .L221+4
 806 003c FFF7FEFF 		bl	log_error
 807 0040 F6E7     		b	.L152
ARM GAS  C:\Users\alireza\AppData\Local\Temp\ccI89wEF.s 			page 15


 808              	.L212:
 809 0042 A648     		ldr	r0, .L221+8
 810 0044 FFF7FEFF 		bl	log_error
 811 0048 F2E7     		b	.L152
 812              	.L213:
 813 004a 0123     		movs	r3, #1
 814 004c 84F85530 		strb	r3, [r4, #85]
 815 0050 FFF7FEFF 		bl	vbat_get
 816 0054 9FEDA27A 		vldr.32	s14, .L221+12
 817 0058 C7EE007A 		vdiv.f32	s15, s14, s0
 818 005c 9FEDA17A 		vldr.32	s14, .L221+16
 819 0060 27EE877A 		vmul.f32	s14, s15, s14
 820 0064 BCEEC77A 		vcvt.u32.f32	s14, s14
 821 0068 8DED017A 		vstr.32	s14, [sp, #4]	@ int
 822 006c 9DF80470 		ldrb	r7, [sp, #4]	@ zero_extendqisi2
 823 0070 9FED9D7A 		vldr.32	s14, .L221+20
 824 0074 67EE877A 		vmul.f32	s15, s15, s14
 825 0078 FCEEE77A 		vcvt.u32.f32	s15, s15
 826 007c 17EE906A 		vmov	r6, s15	@ int
 827 0080 5FFA86F9 		uxtb	r9, r6
 828 0084 0025     		movs	r5, #0
 829 0086 ADF81650 		strh	r5, [sp, #22]	@ movhi
 830 008a ADF81450 		strh	r5, [sp, #20]	@ movhi
 831 008e ADF81250 		strh	r5, [sp, #18]	@ movhi
 832 0092 0023     		movs	r3, #0
 833 0094 0393     		str	r3, [sp, #12]	@ float
 834 0096 C6F34606 		ubfx	r6, r6, #1, #7
 835 009a DDF80080 		ldr	r8, [sp]
 836 009e AA46     		mov	r10, r5
 837 00a0 AB46     		mov	fp, r5
 838 00a2 07E0     		b	.L157
 839              	.L158:
 840 00a4 187D     		ldrb	r0, [r3, #20]	@ zero_extendqisi2
 841 00a6 FFF7FEFF 		bl	analog_inputs_get_data
 842 00aa 18E0     		b	.L159
 843              	.L199:
 844 00ac B246     		mov	r10, r6
 845              	.L160:
 846 00ae 0AF10A06 		add	r6, r10, #10
 847 00b2 0546     		mov	r5, r0
 848              	.L157:
 849 00b4 B145     		cmp	r9, r6
 850 00b6 24D9     		bls	.L161
 851 00b8 F2B2     		uxtb	r2, r6
 852 00ba 0121     		movs	r1, #1
 853 00bc 6068     		ldr	r0, [r4, #4]
 854 00be FFF7FEFF 		bl	dc_motor_set
 855 00c2 9620     		movs	r0, #150
 856 00c4 FFF7FEFF 		bl	osDelay
 857 00c8 E368     		ldr	r3, [r4, #12]
 858 00ca 1A7E     		ldrb	r2, [r3, #24]	@ zero_extendqisi2
 859 00cc 002A     		cmp	r2, #0
 860 00ce E9D0     		beq	.L158
 861 00d0 187D     		ldrb	r0, [r3, #20]	@ zero_extendqisi2
 862 00d2 FFF7FEFF 		bl	analog_inputs_get_data
 863 00d6 C0F57F60 		rsb	r0, r0, #4080
 864 00da 0F30     		adds	r0, r0, #15
ARM GAS  C:\Users\alireza\AppData\Local\Temp\ccI89wEF.s 			page 16


 865 00dc 80B2     		uxth	r0, r0
 866              	.L159:
 867 00de 2D1A     		subs	r5, r5, r0
 868 00e0 0135     		adds	r5, r5, #1
 869 00e2 022D     		cmp	r5, #2
 870 00e4 E2D8     		bhi	.L199
 871 00e6 08F10108 		add	r8, r8, #1
 872 00ea 5FFA88F8 		uxtb	r8, r8
 873 00ee 8344     		add	fp, fp, r0
 874 00f0 B8F1180F 		cmp	r8, #24
 875 00f4 DBD9     		bls	.L160
 876 00f6 BBFBF8FB 		udiv	fp, fp, r8
 877 00fa 1FFA8BFB 		uxth	fp, fp
 878 00fe ADF816B0 		strh	fp, [sp, #22]	@ movhi
 879              	.L161:
 880 0102 6068     		ldr	r0, [r4, #4]
 881 0104 FFF7FEFF 		bl	dc_motor_disable
 882 0108 4FF49670 		mov	r0, #300
 883 010c FFF7FEFF 		bl	osDelay
 884 0110 E368     		ldr	r3, [r4, #12]
 885 0112 1A7E     		ldrb	r2, [r3, #24]	@ zero_extendqisi2
 886 0114 AAB1     		cbz	r2, .L163
 887 0116 187D     		ldrb	r0, [r3, #20]	@ zero_extendqisi2
 888 0118 FFF7FEFF 		bl	analog_inputs_get_data
 889 011c C0F57F60 		rsb	r0, r0, #4080
 890 0120 0F30     		adds	r0, r0, #15
 891 0122 80B2     		uxth	r0, r0
 892              	.L164:
 893 0124 ADF81200 		strh	r0, [sp, #18]	@ movhi
 894 0128 6068     		ldr	r0, [r4, #4]
 895 012a FFF7FEFF 		bl	dc_motor_enable
 896 012e 7E08     		lsrs	r6, r7, #1
 897 0130 DDF800A0 		ldr	r10, [sp]
 898 0134 4FF00008 		mov	r8, #0
 899 0138 C346     		mov	fp, r8
 900 013a CDF80480 		str	r8, [sp, #4]
 901 013e 4546     		mov	r5, r8
 902 0140 11E0     		b	.L165
 903              	.L163:
 904 0142 187D     		ldrb	r0, [r3, #20]	@ zero_extendqisi2
 905 0144 FFF7FEFF 		bl	analog_inputs_get_data
 906 0148 ECE7     		b	.L164
 907              	.L166:
 908 014a 187D     		ldrb	r0, [r3, #20]	@ zero_extendqisi2
 909 014c FFF7FEFF 		bl	analog_inputs_get_data
 910 0150 1EE0     		b	.L167
 911              	.L200:
 912 0152 B046     		mov	r8, r6
 913              	.L168:
 914 0154 A7F10A03 		sub	r3, r7, #10
 915 0158 4345     		cmp	r3, r8
 916 015a 01D8     		bhi	.L170
 917 015c 0123     		movs	r3, #1
 918 015e 0193     		str	r3, [sp, #4]
 919              	.L170:
 920 0160 08F10A06 		add	r6, r8, #10
 921 0164 0546     		mov	r5, r0
ARM GAS  C:\Users\alireza\AppData\Local\Temp\ccI89wEF.s 			page 17


 922              	.L165:
 923 0166 B742     		cmp	r7, r6
 924 0168 24D9     		bls	.L169
 925 016a F2B2     		uxtb	r2, r6
 926 016c 0021     		movs	r1, #0
 927 016e 6068     		ldr	r0, [r4, #4]
 928 0170 FFF7FEFF 		bl	dc_motor_set
 929 0174 9620     		movs	r0, #150
 930 0176 FFF7FEFF 		bl	osDelay
 931 017a E368     		ldr	r3, [r4, #12]
 932 017c 1A7E     		ldrb	r2, [r3, #24]	@ zero_extendqisi2
 933 017e 002A     		cmp	r2, #0
 934 0180 E3D0     		beq	.L166
 935 0182 187D     		ldrb	r0, [r3, #20]	@ zero_extendqisi2
 936 0184 FFF7FEFF 		bl	analog_inputs_get_data
 937 0188 C0F57F60 		rsb	r0, r0, #4080
 938 018c 0F30     		adds	r0, r0, #15
 939 018e 80B2     		uxth	r0, r0
 940              	.L167:
 941 0190 2D1A     		subs	r5, r5, r0
 942 0192 0135     		adds	r5, r5, #1
 943 0194 022D     		cmp	r5, #2
 944 0196 DCD8     		bhi	.L200
 945 0198 0AF1010A 		add	r10, r10, #1
 946 019c 5FFA8AFA 		uxtb	r10, r10
 947 01a0 8344     		add	fp, fp, r0
 948 01a2 BAF1180F 		cmp	r10, #24
 949 01a6 D5D9     		bls	.L168
 950 01a8 BBFBFAFB 		udiv	fp, fp, r10
 951 01ac 1FFA8BFB 		uxth	fp, fp
 952 01b0 ADF814B0 		strh	fp, [sp, #20]	@ movhi
 953              	.L169:
 954 01b4 0022     		movs	r2, #0
 955 01b6 1146     		mov	r1, r2
 956 01b8 6068     		ldr	r0, [r4, #4]
 957 01ba FFF7FEFF 		bl	dc_motor_set
 958 01be 40F2DC50 		movw	r0, #1500
 959 01c2 FFF7FEFF 		bl	osDelay
 960 01c6 019B     		ldr	r3, [sp, #4]
 961 01c8 9BB9     		cbnz	r3, .L214
 962 01ca E368     		ldr	r3, [r4, #12]
 963 01cc BDF81620 		ldrh	r2, [sp, #22]
 964 01d0 5A82     		strh	r2, [r3, #18]	@ movhi
 965 01d2 E368     		ldr	r3, [r4, #12]
 966 01d4 BDF81420 		ldrh	r2, [sp, #20]
 967 01d8 1A82     		strh	r2, [r3, #16]	@ movhi
 968 01da 2046     		mov	r0, r4
 969 01dc FFF7FEFF 		bl	electronic_throttle_tone_success
 970 01e0 E068     		ldr	r0, [r4, #12]
 971 01e2 FFF7FEFF 		bl	sensor_tps_get
 972 01e6 F1EE047A 		vmov.f32	s15, #5.0e+0
 973 01ea 30EE270A 		vadd.f32	s0, s0, s15
 974 01ee 0023     		movs	r3, #0
 975 01f0 15E0     		b	.L173
 976              	.L214:
 977 01f2 2046     		mov	r0, r4
 978 01f4 FFF7FEFF 		bl	electronic_throttle_tone_fail
ARM GAS  C:\Users\alireza\AppData\Local\Temp\ccI89wEF.s 			page 18


 979 01f8 1AE7     		b	.L152
 980              	.L216:
 981 01fa 07EE903A 		vmov	s15, r3	@ int
 982 01fe F8EE677A 		vcvt.f32.u32	s15, s15
 983 0202 B4EE007A 		vmov.f32	s14, #1.25e-1
 984 0206 67EE877A 		vmul.f32	s15, s15, s14
 985 020a 2269     		ldr	r2, [r4, #16]
 986 020c 67EE807A 		vmul.f32	s15, s15, s0
 987 0210 03F11001 		add	r1, r3, #16
 988 0214 02EB8102 		add	r2, r2, r1, lsl #2
 989 0218 C2ED007A 		vstr.32	s15, [r2]
 990              	.L175:
 991 021c 0133     		adds	r3, r3, #1
 992              	.L173:
 993 021e 0F2B     		cmp	r3, #15
 994 0220 1BD8     		bhi	.L215
 995 0222 082B     		cmp	r3, #8
 996 0224 E9D9     		bls	.L216
 997 0226 A3F10802 		sub	r2, r3, #8
 998 022a 07EE102A 		vmov	s14, r2	@ int
 999 022e B8EE477A 		vcvt.f32.u32	s14, s14
 1000 0232 F1EE0C6A 		vmov.f32	s13, #7.0e+0
 1001 0236 C7EE267A 		vdiv.f32	s15, s14, s13
 1002 023a 9FED2C7A 		vldr.32	s14, .L221+24
 1003 023e 37EE407A 		vsub.f32	s14, s14, s0
 1004 0242 67EE877A 		vmul.f32	s15, s15, s14
 1005 0246 2269     		ldr	r2, [r4, #16]
 1006 0248 77EE807A 		vadd.f32	s15, s15, s0
 1007 024c 03F11001 		add	r1, r3, #16
 1008 0250 02EB8102 		add	r2, r2, r1, lsl #2
 1009 0254 C2ED007A 		vstr.32	s15, [r2]
 1010 0258 E0E7     		b	.L175
 1011              	.L215:
 1012 025a 2369     		ldr	r3, [r4, #16]
 1013 025c D3ED107A 		vldr.32	s15, [r3, #64]
 1014 0260 B6EE007A 		vmov.f32	s14, #5.0e-1
 1015 0264 77EE877A 		vadd.f32	s15, s15, s14
 1016 0268 C3ED107A 		vstr.32	s15, [r3, #64]
 1017 026c 2369     		ldr	r3, [r4, #16]
 1018 026e D3ED1F7A 		vldr.32	s15, [r3, #124]
 1019 0272 77EEC77A 		vsub.f32	s15, s15, s14
 1020 0276 C3ED1F7A 		vstr.32	s15, [r3, #124]
 1021 027a 009E     		ldr	r6, [sp]
 1022 027c 0025     		movs	r5, #0
 1023 027e DFED1C8A 		vldr.32	s17, .L221+28
 1024 0282 A846     		mov	r8, r5
 1025 0284 AA46     		mov	r10, r5
 1026 0286 50E0     		b	.L177
 1027              	.L178:
 1028 0288 002D     		cmp	r5, #0
 1029 028a CCBF     		ite	gt
 1030 028c 0021     		movgt	r1, #0
 1031 028e 0121     		movle	r1, #1
 1032 0290 6068     		ldr	r0, [r4, #4]
 1033 0292 15F1310F 		cmn	r5, #49
 1034 0296 0ADA     		bge	.L180
 1035 0298 164B     		ldr	r3, .L221+32
ARM GAS  C:\Users\alireza\AppData\Local\Temp\ccI89wEF.s 			page 19


 1036 029a 83FB0523 		smull	r2, r3, r3, r5
 1037 029e EA17     		asrs	r2, r5, #31
 1038 02a0 A2EB2312 		sub	r2, r2, r3, asr #4
 1039 02a4 D2B2     		uxtb	r2, r2
 1040              	.L181:
 1041 02a6 FFF7FEFF 		bl	dc_motor_set
 1042 02aa 009E     		ldr	r6, [sp]
 1043 02ac 47E0     		b	.L179
 1044              	.L180:
 1045 02ae 114B     		ldr	r3, .L221+32
 1046 02b0 83FB0523 		smull	r2, r3, r3, r5
 1047 02b4 EA17     		asrs	r2, r5, #31
 1048 02b6 C2EB2312 		rsb	r2, r2, r3, asr #4
 1049 02ba D2B2     		uxtb	r2, r2
 1050 02bc F3E7     		b	.L181
 1051              	.L218:
 1052 02be BEEE007A 		vmov.f32	s14, #-5.0e-1
 1053 02c2 B4EEC70A 		vcmpe.f32	s0, s14
 1054 02c6 F1EE10FA 		vmrs	APSR_nzcv, FPSCR
 1055 02ca CCBF     		ite	gt
 1056 02cc 0123     		movgt	r3, #1
 1057 02ce 0023     		movle	r3, #0
 1058 02d0 59E0     		b	.L184
 1059              	.L222:
 1060 02d2 00BF     		.align	2
 1061              	.L221:
 1062 02d4 00000000 		.word	runtime
 1063 02d8 00000000 		.word	.LC1
 1064 02dc 24000000 		.word	.LC2
 1065 02e0 9A994941 		.word	1095342490
 1066 02e4 00002043 		.word	1126170624
 1067 02e8 00003443 		.word	1127481344
 1068 02ec 0000C842 		.word	1120403456
 1069 02f0 00000000 		.word	0
 1070 02f4 1F85EB51 		.word	1374389535
 1071              	.L202:
 1072 02f8 4FF00008 		mov	r8, #0
 1073 02fc C246     		mov	r10, r8
 1074              	.L186:
 1075 02fe 6F49     		ldr	r1, .L223
 1076 0300 81FB0531 		smull	r3, r1, r1, r5
 1077 0304 EB17     		asrs	r3, r5, #31
 1078 0306 C3EB2113 		rsb	r3, r3, r1, asr #4
 1079 030a 9A44     		add	r10, r10, r3
 1080 030c 08F10108 		add	r8, r8, #1
 1081 0310 9AFBF8F3 		sdiv	r3, r10, r8
 1082 0314 07EE103A 		vmov	s14, r3	@ int
 1083 0318 B8EEC77A 		vcvt.f32.s32	s14, s14
 1084 031c 02EB8002 		add	r2, r2, r0, lsl #2
 1085 0320 82ED007A 		vstr.32	s14, [r2]
 1086 0324 F0EE678A 		vmov.f32	s17, s15
 1087              	.L185:
 1088 0328 013D     		subs	r5, r5, #1
 1089              	.L177:
 1090 032a 6FF03103 		mvn	r3, #49
 1091 032e 03FB09F3 		mul	r3, r3, r9
 1092 0332 AB42     		cmp	r3, r5
ARM GAS  C:\Users\alireza\AppData\Local\Temp\ccI89wEF.s 			page 20


 1093 0334 31DA     		bge	.L217
 1094 0336 312E     		cmp	r6, #49
 1095 0338 A6D8     		bhi	.L178
 1096 033a 0136     		adds	r6, r6, #1
 1097 033c F6B2     		uxtb	r6, r6
 1098              	.L179:
 1099 033e 0120     		movs	r0, #1
 1100 0340 FFF7FEFF 		bl	osDelay
 1101 0344 E068     		ldr	r0, [r4, #12]
 1102 0346 FFF7FEFF 		bl	sensor_tps_get
 1103 034a B0EE408A 		vmov.f32	s16, s0
 1104 034e 2069     		ldr	r0, [r4, #16]
 1105 0350 1021     		movs	r1, #16
 1106 0352 4030     		adds	r0, r0, #64
 1107 0354 FFF7FEFF 		bl	nearest_index_float
 1108 0358 2269     		ldr	r2, [r4, #16]
 1109 035a 00F11003 		add	r3, r0, #16
 1110 035e 02EB8303 		add	r3, r2, r3, lsl #2
 1111 0362 D3ED007A 		vldr.32	s15, [r3]
 1112 0366 38EE670A 		vsub.f32	s0, s16, s15
 1113 036a B5EEC00A 		vcmpe.f32	s0, #0
 1114 036e F1EE10FA 		vmrs	APSR_nzcv, FPSCR
 1115 0372 A4D4     		bmi	.L218
 1116 0374 B6EE007A 		vmov.f32	s14, #5.0e-1
 1117 0378 B4EEC70A 		vcmpe.f32	s0, s14
 1118 037c F1EE10FA 		vmrs	APSR_nzcv, FPSCR
 1119 0380 4CBF     		ite	mi
 1120 0382 0123     		movmi	r3, #1
 1121 0384 0023     		movpl	r3, #0
 1122              	.L184:
 1123 0386 002B     		cmp	r3, #0
 1124 0388 CED0     		beq	.L185
 1125 038a F4EE678A 		vcmp.f32	s17, s15
 1126 038e F1EE10FA 		vmrs	APSR_nzcv, FPSCR
 1127 0392 B1D1     		bne	.L202
 1128 0394 F0EE687A 		vmov.f32	s15, s17
 1129 0398 B1E7     		b	.L186
 1130              	.L217:
 1131 039a 009E     		ldr	r6, [sp]
 1132 039c 0025     		movs	r5, #0
 1133 039e DFED488A 		vldr.32	s17, .L223+4
 1134 03a2 A846     		mov	r8, r5
 1135 03a4 A946     		mov	r9, r5
 1136 03a6 3AE0     		b	.L188
 1137              	.L189:
 1138 03a8 002D     		cmp	r5, #0
 1139 03aa CCBF     		ite	gt
 1140 03ac 0021     		movgt	r1, #0
 1141 03ae 0121     		movle	r1, #1
 1142 03b0 6068     		ldr	r0, [r4, #4]
 1143 03b2 15F1310F 		cmn	r5, #49
 1144 03b6 0ADA     		bge	.L191
 1145 03b8 404B     		ldr	r3, .L223
 1146 03ba 83FB0523 		smull	r2, r3, r3, r5
 1147 03be EA17     		asrs	r2, r5, #31
 1148 03c0 A2EB2312 		sub	r2, r2, r3, asr #4
 1149 03c4 D2B2     		uxtb	r2, r2
ARM GAS  C:\Users\alireza\AppData\Local\Temp\ccI89wEF.s 			page 21


 1150              	.L192:
 1151 03c6 FFF7FEFF 		bl	dc_motor_set
 1152 03ca 009E     		ldr	r6, [sp]
 1153 03cc 30E0     		b	.L190
 1154              	.L191:
 1155 03ce 3B4B     		ldr	r3, .L223
 1156 03d0 83FB0523 		smull	r2, r3, r3, r5
 1157 03d4 EA17     		asrs	r2, r5, #31
 1158 03d6 C2EB2312 		rsb	r2, r2, r3, asr #4
 1159 03da D2B2     		uxtb	r2, r2
 1160 03dc F3E7     		b	.L192
 1161              	.L220:
 1162 03de BEEE007A 		vmov.f32	s14, #-5.0e-1
 1163 03e2 B4EEC70A 		vcmpe.f32	s0, s14
 1164 03e6 F1EE10FA 		vmrs	APSR_nzcv, FPSCR
 1165 03ea CCBF     		ite	gt
 1166 03ec 0123     		movgt	r3, #1
 1167 03ee 0023     		movle	r3, #0
 1168 03f0 42E0     		b	.L195
 1169              	.L197:
 1170 03f2 3249     		ldr	r1, .L223
 1171 03f4 81FB0531 		smull	r3, r1, r1, r5
 1172 03f8 EB17     		asrs	r3, r5, #31
 1173 03fa C3EB2113 		rsb	r3, r3, r1, asr #4
 1174 03fe 9944     		add	r9, r9, r3
 1175 0400 08F10108 		add	r8, r8, #1
 1176 0404 0728     		cmp	r0, #7
 1177 0406 09D9     		bls	.L196
 1178 0408 99FBF8F3 		sdiv	r3, r9, r8
 1179 040c 07EE903A 		vmov	s15, r3	@ int
 1180 0410 F8EEE77A 		vcvt.f32.s32	s15, s15
 1181 0414 02EB8002 		add	r2, r2, r0, lsl #2
 1182 0418 C2ED007A 		vstr.32	s15, [r2]
 1183              	.L196:
 1184 041c 0135     		adds	r5, r5, #1
 1185              	.L188:
 1186 041e 3223     		movs	r3, #50
 1187 0420 07FB03F3 		mul	r3, r7, r3
 1188 0424 AB42     		cmp	r3, r5
 1189 0426 34DD     		ble	.L219
 1190 0428 312E     		cmp	r6, #49
 1191 042a BDD8     		bhi	.L189
 1192 042c 0136     		adds	r6, r6, #1
 1193 042e F6B2     		uxtb	r6, r6
 1194              	.L190:
 1195 0430 0120     		movs	r0, #1
 1196 0432 FFF7FEFF 		bl	osDelay
 1197 0436 E068     		ldr	r0, [r4, #12]
 1198 0438 FFF7FEFF 		bl	sensor_tps_get
 1199 043c B0EE408A 		vmov.f32	s16, s0
 1200 0440 2069     		ldr	r0, [r4, #16]
 1201 0442 1021     		movs	r1, #16
 1202 0444 4030     		adds	r0, r0, #64
 1203 0446 FFF7FEFF 		bl	nearest_index_float
 1204 044a 2269     		ldr	r2, [r4, #16]
 1205 044c 00F11003 		add	r3, r0, #16
 1206 0450 02EB8303 		add	r3, r2, r3, lsl #2
ARM GAS  C:\Users\alireza\AppData\Local\Temp\ccI89wEF.s 			page 22


 1207 0454 D3ED007A 		vldr.32	s15, [r3]
 1208 0458 38EE670A 		vsub.f32	s0, s16, s15
 1209 045c B5EEC00A 		vcmpe.f32	s0, #0
 1210 0460 F1EE10FA 		vmrs	APSR_nzcv, FPSCR
 1211 0464 BBD4     		bmi	.L220
 1212 0466 B6EE007A 		vmov.f32	s14, #5.0e-1
 1213 046a B4EEC70A 		vcmpe.f32	s0, s14
 1214 046e F1EE10FA 		vmrs	APSR_nzcv, FPSCR
 1215 0472 4CBF     		ite	mi
 1216 0474 0123     		movmi	r3, #1
 1217 0476 0023     		movpl	r3, #0
 1218              	.L195:
 1219 0478 002B     		cmp	r3, #0
 1220 047a CFD0     		beq	.L196
 1221 047c F4EE678A 		vcmp.f32	s17, s15
 1222 0480 F1EE10FA 		vmrs	APSR_nzcv, FPSCR
 1223 0484 B5D0     		beq	.L197
 1224 0486 F0EE678A 		vmov.f32	s17, s15
 1225 048a 4FF00008 		mov	r8, #0
 1226 048e C146     		mov	r9, r8
 1227 0490 AFE7     		b	.L197
 1228              	.L219:
 1229 0492 0022     		movs	r2, #0
 1230 0494 1146     		mov	r1, r2
 1231 0496 6068     		ldr	r0, [r4, #4]
 1232 0498 FFF7FEFF 		bl	dc_motor_set
 1233 049c 4FF47A70 		mov	r0, #1000
 1234 04a0 FFF7FEFF 		bl	osDelay
 1235 04a4 2046     		mov	r0, r4
 1236 04a6 FFF7FEFF 		bl	electronic_throttle_tone_success
 1237 04aa 2046     		mov	r0, r4
 1238 04ac FFF7FEFF 		bl	electronic_throttle_enable
 1239 04b0 4FF47A70 		mov	r0, #1000
 1240 04b4 FFF7FEFF 		bl	osDelay
 1241 04b8 BAE5     		b	.L152
 1242              	.L224:
 1243 04ba 00BF     		.align	2
 1244              	.L223:
 1245 04bc 1F85EB51 		.word	1374389535
 1246 04c0 00000000 		.word	0
 1248              		.section	.text.electronic_throttle_enable_end_of_travel_protection,"ax",%progbits
 1249              		.align	1
 1250              		.global	electronic_throttle_enable_end_of_travel_protection
 1251              		.syntax unified
 1252              		.thumb
 1253              		.thumb_func
 1255              	electronic_throttle_enable_end_of_travel_protection:
 1256              		@ args = 0, pretend = 0, frame = 0
 1257              		@ frame_needed = 0, uses_anonymous_args = 0
 1258              		@ link register save eliminated.
 1259 0000 C0B1     		cbz	r0, .L225
 1260 0002 0122     		movs	r2, #1
 1261 0004 80F85420 		strb	r2, [r0, #84]
 1262 0008 9FED0B6A 		vldr.32	s12, .L227
 1263 000c 20EE060A 		vmul.f32	s0, s0, s12
 1264 0010 DFED0A6A 		vldr.32	s13, .L227+4
 1265 0014 C0EE267A 		vdiv.f32	s15, s0, s13
ARM GAS  C:\Users\alireza\AppData\Local\Temp\ccI89wEF.s 			page 23


 1266 0018 9FED097A 		vldr.32	s14, .L227+8
 1267 001c 77EE877A 		vadd.f32	s15, s15, s14
 1268 0020 C0ED077A 		vstr.32	s15, [r0, #28]
 1269 0024 60EE860A 		vmul.f32	s1, s1, s12
 1270 0028 C0EEA67A 		vdiv.f32	s15, s1, s13
 1271 002c 77EE877A 		vadd.f32	s15, s15, s14
 1272 0030 C0ED087A 		vstr.32	s15, [r0, #32]
 1273              	.L225:
 1274 0034 7047     		bx	lr
 1275              	.L228:
 1276 0036 00BF     		.align	2
 1277              	.L227:
 1278 0038 00007F43 		.word	1132396544
 1279 003c 0000C842 		.word	1120403456
 1280 0040 00000000 		.word	0
 1282              		.ident	"GCC: (xPack GNU Arm Embedded GCC x86_64) 14.2.1 20241119"
ARM GAS  C:\Users\alireza\AppData\Local\Temp\ccI89wEF.s 			page 24


DEFINED SYMBOLS
                            *ABS*:00000000 electronic_throttle.c
C:\Users\alireza\AppData\Local\Temp\ccI89wEF.s:18     .text.electronic_throttle_watchdog_timeout:00000000 $t
C:\Users\alireza\AppData\Local\Temp\ccI89wEF.s:24     .text.electronic_throttle_watchdog_timeout:00000000 electronic_throttle_watchdog_timeout
C:\Users\alireza\AppData\Local\Temp\ccI89wEF.s:43     .text.electronic_throttle_watchdog_timeout:0000001c $d
C:\Users\alireza\AppData\Local\Temp\ccI89wEF.s:46     .rodata.electronic_throttle_init.str1.4:00000000 $d
C:\Users\alireza\AppData\Local\Temp\ccI89wEF.s:50     .text.electronic_throttle_init:00000000 $t
C:\Users\alireza\AppData\Local\Temp\ccI89wEF.s:56     .text.electronic_throttle_init:00000000 electronic_throttle_init
C:\Users\alireza\AppData\Local\Temp\ccI89wEF.s:131    .text.electronic_throttle_init:00000094 $d
C:\Users\alireza\AppData\Local\Temp\ccI89wEF.s:140    .text.electronic_throttle_set:00000000 $t
C:\Users\alireza\AppData\Local\Temp\ccI89wEF.s:146    .text.electronic_throttle_set:00000000 electronic_throttle_set
C:\Users\alireza\AppData\Local\Temp\ccI89wEF.s:170    .text.electronic_throttle_set:00000030 $d
C:\Users\alireza\AppData\Local\Temp\ccI89wEF.s:174    .text.electronic_throttle_override_enable:00000000 $t
C:\Users\alireza\AppData\Local\Temp\ccI89wEF.s:180    .text.electronic_throttle_override_enable:00000000 electronic_throttle_override_enable
C:\Users\alireza\AppData\Local\Temp\ccI89wEF.s:203    .text.electronic_throttle_override_enable:00000030 $d
C:\Users\alireza\AppData\Local\Temp\ccI89wEF.s:207    .text.electronic_throttle_override_disable:00000000 $t
C:\Users\alireza\AppData\Local\Temp\ccI89wEF.s:213    .text.electronic_throttle_override_disable:00000000 electronic_throttle_override_disable
C:\Users\alireza\AppData\Local\Temp\ccI89wEF.s:222    .text.electronic_throttle_update:00000000 $t
C:\Users\alireza\AppData\Local\Temp\ccI89wEF.s:228    .text.electronic_throttle_update:00000000 electronic_throttle_update
C:\Users\alireza\AppData\Local\Temp\ccI89wEF.s:555    .text.electronic_throttle_update:00000360 $d
C:\Users\alireza\AppData\Local\Temp\ccI89wEF.s:566    .text.electronic_throttle_update:00000388 $t
C:\Users\alireza\AppData\Local\Temp\ccI89wEF.s:610    .text.electronic_throttle_disable:00000000 $t
C:\Users\alireza\AppData\Local\Temp\ccI89wEF.s:616    .text.electronic_throttle_disable:00000000 electronic_throttle_disable
C:\Users\alireza\AppData\Local\Temp\ccI89wEF.s:629    .text.electronic_throttle_enable:00000000 $t
C:\Users\alireza\AppData\Local\Temp\ccI89wEF.s:635    .text.electronic_throttle_enable:00000000 electronic_throttle_enable
C:\Users\alireza\AppData\Local\Temp\ccI89wEF.s:644    .text.electronic_throttle_tone_success:00000000 $t
C:\Users\alireza\AppData\Local\Temp\ccI89wEF.s:650    .text.electronic_throttle_tone_success:00000000 electronic_throttle_tone_success
C:\Users\alireza\AppData\Local\Temp\ccI89wEF.s:719    .text.electronic_throttle_tone_fail:00000000 $t
C:\Users\alireza\AppData\Local\Temp\ccI89wEF.s:725    .text.electronic_throttle_tone_fail:00000000 electronic_throttle_tone_fail
C:\Users\alireza\AppData\Local\Temp\ccI89wEF.s:767    .rodata.electronic_throttle_auto_tune.str1.4:00000000 $d
C:\Users\alireza\AppData\Local\Temp\ccI89wEF.s:774    .text.electronic_throttle_auto_tune:00000000 $t
C:\Users\alireza\AppData\Local\Temp\ccI89wEF.s:780    .text.electronic_throttle_auto_tune:00000000 electronic_throttle_auto_tune
C:\Users\alireza\AppData\Local\Temp\ccI89wEF.s:1062   .text.electronic_throttle_auto_tune:000002d4 $d
C:\Users\alireza\AppData\Local\Temp\ccI89wEF.s:1072   .text.electronic_throttle_auto_tune:000002f8 $t
C:\Users\alireza\AppData\Local\Temp\ccI89wEF.s:1245   .text.electronic_throttle_auto_tune:000004bc $d
C:\Users\alireza\AppData\Local\Temp\ccI89wEF.s:1249   .text.electronic_throttle_enable_end_of_travel_protection:00000000 $t
C:\Users\alireza\AppData\Local\Temp\ccI89wEF.s:1255   .text.electronic_throttle_enable_end_of_travel_protection:00000000 electronic_throttle_enable_end_of_travel_protection
C:\Users\alireza\AppData\Local\Temp\ccI89wEF.s:1278   .text.electronic_throttle_enable_end_of_travel_protection:00000038 $d

UNDEFINED SYMBOLS
runtime
osTimerNew
osTimerStart
log_error
sensor_tps_get
pid_set_setpoint
table_1d_get_value
dc_motor_set
pid_compute
osDelay
vbat_get
analog_inputs_get_data
dc_motor_disable
dc_motor_enable
nearest_index_float
