ARM GAS  C:\Users\alireza\AppData\Local\Temp\cc2p0mZH.s 			page 1


   1              		.cpu cortex-m4
   2              		.arch armv7e-m
   3              		.fpu fpv4-sp-d16
   4              		.eabi_attribute 27, 1
   5              		.eabi_attribute 28, 1
   6              		.eabi_attribute 20, 1
   7              		.eabi_attribute 21, 1
   8              		.eabi_attribute 23, 3
   9              		.eabi_attribute 24, 1
  10              		.eabi_attribute 25, 1
  11              		.eabi_attribute 26, 1
  12              		.eabi_attribute 30, 1
  13              		.eabi_attribute 34, 1
  14              		.eabi_attribute 18, 4
  15              		.file	"gpio.c"
  16              		.text
  17              		.section	.text.MX_GPIO_Init,"ax",%progbits
  18              		.align	1
  19              		.global	MX_GPIO_Init
  20              		.syntax unified
  21              		.thumb
  22              		.thumb_func
  24              	MX_GPIO_Init:
  25              		@ args = 0, pretend = 0, frame = 40
  26              		@ frame_needed = 0, uses_anonymous_args = 0
  27 0000 2DE9F047 		push	{r4, r5, r6, r7, r8, r9, r10, lr}
  28 0004 8AB0     		sub	sp, sp, #40
  29 0006 05AD     		add	r5, sp, #20
  30 0008 0024     		movs	r4, #0
  31 000a 0594     		str	r4, [sp, #20]
  32 000c 0694     		str	r4, [sp, #24]
  33 000e 0794     		str	r4, [sp, #28]
  34 0010 0894     		str	r4, [sp, #32]
  35 0012 0994     		str	r4, [sp, #36]
  36 0014 0094     		str	r4, [sp]
  37 0016 4C4B     		ldr	r3, .L3
  38 0018 1A6B     		ldr	r2, [r3, #48]
  39 001a 42F00402 		orr	r2, r2, #4
  40 001e 1A63     		str	r2, [r3, #48]
  41 0020 1A6B     		ldr	r2, [r3, #48]
  42 0022 02F00402 		and	r2, r2, #4
  43 0026 0092     		str	r2, [sp]
  44 0028 009A     		ldr	r2, [sp]
  45 002a 0194     		str	r4, [sp, #4]
  46 002c 1A6B     		ldr	r2, [r3, #48]
  47 002e 42F08002 		orr	r2, r2, #128
  48 0032 1A63     		str	r2, [r3, #48]
  49 0034 1A6B     		ldr	r2, [r3, #48]
  50 0036 02F08002 		and	r2, r2, #128
  51 003a 0192     		str	r2, [sp, #4]
  52 003c 019A     		ldr	r2, [sp, #4]
  53 003e 0294     		str	r4, [sp, #8]
  54 0040 1A6B     		ldr	r2, [r3, #48]
  55 0042 42F00102 		orr	r2, r2, #1
  56 0046 1A63     		str	r2, [r3, #48]
  57 0048 1A6B     		ldr	r2, [r3, #48]
  58 004a 02F00102 		and	r2, r2, #1
ARM GAS  C:\Users\alireza\AppData\Local\Temp\cc2p0mZH.s 			page 2


  59 004e 0292     		str	r2, [sp, #8]
  60 0050 029A     		ldr	r2, [sp, #8]
  61 0052 0394     		str	r4, [sp, #12]
  62 0054 1A6B     		ldr	r2, [r3, #48]
  63 0056 42F00202 		orr	r2, r2, #2
  64 005a 1A63     		str	r2, [r3, #48]
  65 005c 1A6B     		ldr	r2, [r3, #48]
  66 005e 02F00202 		and	r2, r2, #2
  67 0062 0392     		str	r2, [sp, #12]
  68 0064 039A     		ldr	r2, [sp, #12]
  69 0066 0494     		str	r4, [sp, #16]
  70 0068 1A6B     		ldr	r2, [r3, #48]
  71 006a 42F00802 		orr	r2, r2, #8
  72 006e 1A63     		str	r2, [r3, #48]
  73 0070 1B6B     		ldr	r3, [r3, #48]
  74 0072 03F00803 		and	r3, r3, #8
  75 0076 0493     		str	r3, [sp, #16]
  76 0078 049B     		ldr	r3, [sp, #16]
  77 007a DFF8D4A0 		ldr	r10, .L3+8
  78 007e 2246     		mov	r2, r4
  79 0080 4FF47051 		mov	r1, #15360
  80 0084 5046     		mov	r0, r10
  81 0086 FFF7FEFF 		bl	HAL_GPIO_WritePin
  82 008a 304F     		ldr	r7, .L3+4
  83 008c 2246     		mov	r2, r4
  84 008e 4FF23F41 		movw	r1, #62527
  85 0092 3846     		mov	r0, r7
  86 0094 FFF7FEFF 		bl	HAL_GPIO_WritePin
  87 0098 DFF8B880 		ldr	r8, .L3+12
  88 009c 2246     		mov	r2, r4
  89 009e 4FF40741 		mov	r1, #34560
  90 00a2 4046     		mov	r0, r8
  91 00a4 FFF7FEFF 		bl	HAL_GPIO_WritePin
  92 00a8 DFF8AC90 		ldr	r9, .L3+16
  93 00ac 2246     		mov	r2, r4
  94 00ae 0421     		movs	r1, #4
  95 00b0 4846     		mov	r0, r9
  96 00b2 FFF7FEFF 		bl	HAL_GPIO_WritePin
  97 00b6 4FF47053 		mov	r3, #15360
  98 00ba 0593     		str	r3, [sp, #20]
  99 00bc 0126     		movs	r6, #1
 100 00be 0696     		str	r6, [sp, #24]
 101 00c0 0794     		str	r4, [sp, #28]
 102 00c2 0894     		str	r4, [sp, #32]
 103 00c4 2946     		mov	r1, r5
 104 00c6 5046     		mov	r0, r10
 105 00c8 FFF7FEFF 		bl	HAL_GPIO_Init
 106 00cc 4FF23F43 		movw	r3, #62527
 107 00d0 0593     		str	r3, [sp, #20]
 108 00d2 0696     		str	r6, [sp, #24]
 109 00d4 0794     		str	r4, [sp, #28]
 110 00d6 0894     		str	r4, [sp, #32]
 111 00d8 2946     		mov	r1, r5
 112 00da 3846     		mov	r0, r7
 113 00dc FFF7FEFF 		bl	HAL_GPIO_Init
 114 00e0 4FF4E063 		mov	r3, #1792
 115 00e4 0593     		str	r3, [sp, #20]
ARM GAS  C:\Users\alireza\AppData\Local\Temp\cc2p0mZH.s 			page 3


 116 00e6 0696     		str	r6, [sp, #24]
 117 00e8 0794     		str	r4, [sp, #28]
 118 00ea 0894     		str	r4, [sp, #32]
 119 00ec 2946     		mov	r1, r5
 120 00ee 4046     		mov	r0, r8
 121 00f0 FFF7FEFF 		bl	HAL_GPIO_Init
 122 00f4 4FF40043 		mov	r3, #32768
 123 00f8 0593     		str	r3, [sp, #20]
 124 00fa 0696     		str	r6, [sp, #24]
 125 00fc 0794     		str	r4, [sp, #28]
 126 00fe 0896     		str	r6, [sp, #32]
 127 0100 2946     		mov	r1, r5
 128 0102 4046     		mov	r0, r8
 129 0104 FFF7FEFF 		bl	HAL_GPIO_Init
 130 0108 0423     		movs	r3, #4
 131 010a 0593     		str	r3, [sp, #20]
 132 010c 0696     		str	r6, [sp, #24]
 133 010e 0794     		str	r4, [sp, #28]
 134 0110 0894     		str	r4, [sp, #32]
 135 0112 2946     		mov	r1, r5
 136 0114 4846     		mov	r0, r9
 137 0116 FFF7FEFF 		bl	HAL_GPIO_Init
 138 011a 4FF44073 		mov	r3, #768
 139 011e 0593     		str	r3, [sp, #20]
 140 0120 4FF44413 		mov	r3, #3211264
 141 0124 0693     		str	r3, [sp, #24]
 142 0126 0794     		str	r4, [sp, #28]
 143 0128 2946     		mov	r1, r5
 144 012a 3846     		mov	r0, r7
 145 012c FFF7FEFF 		bl	HAL_GPIO_Init
 146 0130 2246     		mov	r2, r4
 147 0132 0521     		movs	r1, #5
 148 0134 1720     		movs	r0, #23
 149 0136 FFF7FEFF 		bl	HAL_NVIC_SetPriority
 150 013a 1720     		movs	r0, #23
 151 013c FFF7FEFF 		bl	HAL_NVIC_EnableIRQ
 152 0140 0AB0     		add	sp, sp, #40
 153              		@ sp needed
 154 0142 BDE8F087 		pop	{r4, r5, r6, r7, r8, r9, r10, pc}
 155              	.L4:
 156 0146 00BF     		.align	2
 157              	.L3:
 158 0148 00380240 		.word	1073887232
 159 014c 00040240 		.word	1073873920
 160 0150 00080240 		.word	1073874944
 161 0154 00000240 		.word	1073872896
 162 0158 000C0240 		.word	1073875968
 164              		.ident	"GCC: (xPack GNU Arm Embedded GCC x86_64) 14.2.1 20241119"
ARM GAS  C:\Users\alireza\AppData\Local\Temp\cc2p0mZH.s 			page 4


DEFINED SYMBOLS
                            *ABS*:00000000 gpio.c
C:\Users\alireza\AppData\Local\Temp\cc2p0mZH.s:18     .text.MX_GPIO_Init:00000000 $t
C:\Users\alireza\AppData\Local\Temp\cc2p0mZH.s:24     .text.MX_GPIO_Init:00000000 MX_GPIO_Init
C:\Users\alireza\AppData\Local\Temp\cc2p0mZH.s:158    .text.MX_GPIO_Init:00000148 $d

UNDEFINED SYMBOLS
HAL_GPIO_WritePin
HAL_GPIO_Init
HAL_NVIC_SetPriority
HAL_NVIC_EnableIRQ
