ARM GAS  C:\Users\alireza\AppData\Local\Temp\ccGGaiHV.s 			page 1


   1              		.cpu cortex-m4
   2              		.arch armv7e-m
   3              		.fpu fpv4-sp-d16
   4              		.eabi_attribute 27, 1
   5              		.eabi_attribute 28, 1
   6              		.eabi_attribute 20, 1
   7              		.eabi_attribute 21, 1
   8              		.eabi_attribute 23, 3
   9              		.eabi_attribute 24, 1
  10              		.eabi_attribute 25, 1
  11              		.eabi_attribute 26, 1
  12              		.eabi_attribute 30, 1
  13              		.eabi_attribute 34, 1
  14              		.eabi_attribute 18, 4
  15              		.file	"ignition.c"
  16              		.text
  17              		.section	.text.ignition_coil_begin_charge,"ax",%progbits
  18              		.align	1
  19              		.global	ignition_coil_begin_charge
  20              		.syntax unified
  21              		.thumb
  22              		.thumb_func
  24              	ignition_coil_begin_charge:
  25              		@ args = 0, pretend = 0, frame = 0
  26              		@ frame_needed = 0, uses_anonymous_args = 0
  27 0000 80B1     		cbz	r0, .L5
  28 0002 10B5     		push	{r4, lr}
  29 0004 0446     		mov	r4, r0
  30 0006 8068     		ldr	r0, [r0, #8]
  31 0008 20B1     		cbz	r0, .L3
  32 000a 0121     		movs	r1, #1
  33 000c FFF7FEFF 		bl	output_set
  34 0010 0223     		movs	r3, #2
  35 0012 2375     		strb	r3, [r4, #20]
  36              	.L3:
  37 0014 E068     		ldr	r0, [r4, #12]
  38 0016 20B1     		cbz	r0, .L1
  39 0018 0121     		movs	r1, #1
  40 001a FFF7FEFF 		bl	output_set
  41 001e 0223     		movs	r3, #2
  42 0020 2375     		strb	r3, [r4, #20]
  43              	.L1:
  44 0022 10BD     		pop	{r4, pc}
  45              	.L5:
  46 0024 7047     		bx	lr
  48              		.section	.text.ignition_coil_fire_spark,"ax",%progbits
  49              		.align	1
  50              		.global	ignition_coil_fire_spark
  51              		.syntax unified
  52              		.thumb
  53              		.thumb_func
  55              	ignition_coil_fire_spark:
  56              		@ args = 0, pretend = 0, frame = 0
  57              		@ frame_needed = 0, uses_anonymous_args = 0
  58 0000 D8B1     		cbz	r0, .L13
  59 0002 10B5     		push	{r4, lr}
  60 0004 0446     		mov	r4, r0
ARM GAS  C:\Users\alireza\AppData\Local\Temp\ccGGaiHV.s 			page 2


  61 0006 8068     		ldr	r0, [r0, #8]
  62 0008 20B1     		cbz	r0, .L10
  63 000a 0021     		movs	r1, #0
  64 000c FFF7FEFF 		bl	output_set
  65 0010 0323     		movs	r3, #3
  66 0012 2375     		strb	r3, [r4, #20]
  67              	.L10:
  68 0014 E068     		ldr	r0, [r4, #12]
  69 0016 20B1     		cbz	r0, .L11
  70 0018 0021     		movs	r1, #0
  71 001a FFF7FEFF 		bl	output_set
  72 001e 0323     		movs	r3, #3
  73 0020 2375     		strb	r3, [r4, #20]
  74              	.L11:
  75 0022 064B     		ldr	r3, .L17
  76 0024 1B78     		ldrb	r3, [r3]	@ zero_extendqisi2
  77 0026 1BB1     		cbz	r3, .L8
  78 0028 A268     		ldr	r2, [r4, #8]
  79 002a 054B     		ldr	r3, .L17+4
  80 002c 9A42     		cmp	r2, r3
  81 002e 00D0     		beq	.L16
  82              	.L8:
  83 0030 10BD     		pop	{r4, pc}
  84              	.L16:
  85 0032 0448     		ldr	r0, .L17+8
  86 0034 FFF7FEFF 		bl	timing_light_pulse_a_pin
  87 0038 FAE7     		b	.L8
  88              	.L13:
  89 003a 7047     		bx	lr
  90              	.L18:
  91              		.align	2
  92              	.L17:
  93 003c 00000000 		.word	diagnostics_config
  94 0040 00000000 		.word	ignition_output
  95 0044 24000000 		.word	injector_output+36
  97              		.section	.rodata.ignition_watchdog_check.str1.4,"aMS",%progbits,1
  98              		.align	2
  99              	.LC0:
 100 0000 69676E69 		.ascii	"ignition watchdog fired.\000"
 100      74696F6E 
 100      20776174 
 100      6368646F 
 100      67206669 
 101              		.section	.text.ignition_watchdog_check,"ax",%progbits
 102              		.align	1
 103              		.global	ignition_watchdog_check
 104              		.syntax unified
 105              		.thumb
 106              		.thumb_func
 108              	ignition_watchdog_check:
 109              		@ args = 0, pretend = 0, frame = 0
 110              		@ frame_needed = 0, uses_anonymous_args = 0
 111 0000 38B5     		push	{r3, r4, r5, lr}
 112 0002 0024     		movs	r4, #0
 113 0004 0BE0     		b	.L20
 114              	.L27:
 115 0006 2846     		mov	r0, r5
ARM GAS  C:\Users\alireza\AppData\Local\Temp\ccGGaiHV.s 			page 3


 116 0008 FFF7FEFF 		bl	ignition_coil_fire_spark
 117 000c 124A     		ldr	r2, .L28
 118 000e 1368     		ldr	r3, [r2]
 119 0010 43F48023 		orr	r3, r3, #262144
 120 0014 1360     		str	r3, [r2]
 121 0016 1148     		ldr	r0, .L28+4
 122 0018 FFF7FEFF 		bl	log_error
 123              	.L21:
 124 001c 0134     		adds	r4, r4, #1
 125              	.L20:
 126 001e 104B     		ldr	r3, .L28+8
 127 0020 1B78     		ldrb	r3, [r3]	@ zero_extendqisi2
 128 0022 A342     		cmp	r3, r4
 129 0024 17D9     		bls	.L26
 130 0026 04EB4403 		add	r3, r4, r4, lsl #1
 131 002a 0E4D     		ldr	r5, .L28+12
 132 002c 05EBC305 		add	r5, r5, r3, lsl #3
 133 0030 2B7D     		ldrb	r3, [r5, #20]	@ zero_extendqisi2
 134 0032 022B     		cmp	r3, #2
 135 0034 F2D1     		bne	.L21
 136 0036 FFF7FEFF 		bl	get_time_us
 137 003a 6B68     		ldr	r3, [r5, #4]
 138 003c C01A     		subs	r0, r0, r3
 139 003e 07EE900A 		vmov	s15, r0	@ int
 140 0042 F8EEE77A 		vcvt.f32.s32	s15, s15
 141 0046 B7EE007A 		vmov.f32	s14, #1.0e+0
 142 004a F4EEC77A 		vcmpe.f32	s15, s14
 143 004e F1EE10FA 		vmrs	APSR_nzcv, FPSCR
 144 0052 E3DD     		ble	.L21
 145 0054 D7E7     		b	.L27
 146              	.L26:
 147 0056 38BD     		pop	{r3, r4, r5, pc}
 148              	.L29:
 149              		.align	2
 150              	.L28:
 151 0058 00000000 		.word	runtime
 152 005c 00000000 		.word	.LC0
 153 0060 00000000 		.word	number_of_events
 154 0064 00000000 		.word	ignition_events
 156              		.section	.rodata.ignition_init.str1.4,"aMS",%progbits,1
 157              		.align	2
 158              	.LC1:
 159 0000 436F696C 		.ascii	"Coil on plug not possible for 6 cylinders, defaulti"
 159      206F6E20 
 159      706C7567 
 159      206E6F74 
 159      20706F73 
 160 0033 6E672074 		.ascii	"ng to watesd spark.\000"
 160      6F207761 
 160      74657364 
 160      20737061 
 160      726B2E00 
 161 0047 00       		.align	2
 162              	.LC2:
 163 0048 69676E69 		.ascii	"ignition init failed. unkown firing order.\000"
 163      74696F6E 
 163      20696E69 
ARM GAS  C:\Users\alireza\AppData\Local\Temp\ccGGaiHV.s 			page 4


 163      74206661 
 163      696C6564 
 164              		.section	.text.ignition_init,"ax",%progbits
 165              		.align	1
 166              		.global	ignition_init
 167              		.syntax unified
 168              		.thumb
 169              		.thumb_func
 171              	ignition_init:
 172              		@ args = 0, pretend = 0, frame = 0
 173              		@ frame_needed = 0, uses_anonymous_args = 0
 174 0000 08B5     		push	{r3, lr}
 175 0002 754B     		ldr	r3, .L52
 176 0004 93F8CE3A 		ldrb	r3, [r3, #2766]	@ zero_extendqisi2
 177 0008 9BB1     		cbz	r3, .L31
 178 000a 012B     		cmp	r3, #1
 179 000c 61D0     		beq	.L32
 180 000e 7348     		ldr	r0, .L52+4
 181 0010 FFF7FEFF 		bl	log_error
 182              	.L34:
 183 0014 724B     		ldr	r3, .L52+8
 184 0016 1B78     		ldrb	r3, [r3]	@ zero_extendqisi2
 185 0018 002B     		cmp	r3, #0
 186 001a 40F0C480 		bne	.L45
 187 001e 714A     		ldr	r2, .L52+12
 188 0020 1368     		ldr	r3, [r2]
 189 0022 43F48023 		orr	r3, r3, #262144
 190 0026 1360     		str	r3, [r2]
 191 0028 43F00103 		orr	r3, r3, #1
 192 002c 1360     		str	r3, [r2]
 193 002e 0020     		movs	r0, #0
 194              	.L46:
 195 0030 08BD     		pop	{r3, pc}
 196              	.L31:
 197 0032 6B4B     		ldr	r3, .L52+8
 198 0034 0422     		movs	r2, #4
 199 0036 1A70     		strb	r2, [r3]
 200 0038 674B     		ldr	r3, .L52
 201 003a 93F8D63A 		ldrb	r3, [r3, #2774]	@ zero_extendqisi2
 202 003e 013B     		subs	r3, r3, #1
 203 0040 032B     		cmp	r3, #3
 204 0042 E7D8     		bhi	.L34
 205 0044 DFE803F0 		tbb	[pc, r3]
 206              	.L36:
 207 0048 02       		.byte	(.L39-.L36)/2
 208 0049 0E       		.byte	(.L38-.L36)/2
 209 004a 1B       		.byte	(.L37-.L36)/2
 210 004b 2E       		.byte	(.L35-.L36)/2
 211              		.p2align 1
 212              	.L39:
 213 004c 664B     		ldr	r3, .L52+16
 214 004e 674A     		ldr	r2, .L52+20
 215 0050 9A60     		str	r2, [r3, #8]
 216 0052 1A62     		str	r2, [r3, #32]
 217 0054 0022     		movs	r2, #0
 218 0056 1A61     		str	r2, [r3, #16]	@ float
 219 0058 654A     		ldr	r2, .L52+24
ARM GAS  C:\Users\alireza\AppData\Local\Temp\ccGGaiHV.s 			page 5


 220 005a 9A62     		str	r2, [r3, #40]	@ float
 221 005c 654B     		ldr	r3, .L52+28
 222 005e 0222     		movs	r2, #2
 223 0060 1A70     		strb	r2, [r3]
 224 0062 D7E7     		b	.L34
 225              	.L38:
 226 0064 604B     		ldr	r3, .L52+16
 227 0066 0022     		movs	r2, #0
 228 0068 1A61     		str	r2, [r3, #16]	@ float
 229 006a 614A     		ldr	r2, .L52+24
 230 006c 9A62     		str	r2, [r3, #40]	@ float
 231 006e 5F4A     		ldr	r2, .L52+20
 232 0070 9A60     		str	r2, [r3, #8]
 233 0072 0C32     		adds	r2, r2, #12
 234 0074 1A62     		str	r2, [r3, #32]
 235 0076 5F4B     		ldr	r3, .L52+28
 236 0078 0222     		movs	r2, #2
 237 007a 1A70     		strb	r2, [r3]
 238 007c CAE7     		b	.L34
 239              	.L37:
 240 007e 5A4B     		ldr	r3, .L52+16
 241 0080 0022     		movs	r2, #0
 242 0082 1A61     		str	r2, [r3, #16]	@ float
 243 0084 5A4A     		ldr	r2, .L52+24
 244 0086 9A62     		str	r2, [r3, #40]	@ float
 245 0088 584A     		ldr	r2, .L52+20
 246 008a 9A60     		str	r2, [r3, #8]
 247 008c 02F12401 		add	r1, r2, #36
 248 0090 D960     		str	r1, [r3, #12]
 249 0092 02F10C01 		add	r1, r2, #12
 250 0096 1962     		str	r1, [r3, #32]
 251 0098 1832     		adds	r2, r2, #24
 252 009a 5A62     		str	r2, [r3, #36]
 253 009c 554B     		ldr	r3, .L52+28
 254 009e 0222     		movs	r2, #2
 255 00a0 1A70     		strb	r2, [r3]
 256 00a2 B7E7     		b	.L34
 257              	.L35:
 258 00a4 504B     		ldr	r3, .L52+16
 259 00a6 0022     		movs	r2, #0
 260 00a8 1A61     		str	r2, [r3, #16]	@ float
 261 00aa 514A     		ldr	r2, .L52+24
 262 00ac 1A64     		str	r2, [r3, #64]	@ float
 263 00ae 524A     		ldr	r2, .L52+32
 264 00b0 9A65     		str	r2, [r3, #88]	@ float
 265 00b2 524A     		ldr	r2, .L52+36
 266 00b4 9A62     		str	r2, [r3, #40]	@ float
 267 00b6 4D4A     		ldr	r2, .L52+20
 268 00b8 9A60     		str	r2, [r3, #8]
 269 00ba 02F10C01 		add	r1, r2, #12
 270 00be 1962     		str	r1, [r3, #32]
 271 00c0 02F11801 		add	r1, r2, #24
 272 00c4 9963     		str	r1, [r3, #56]
 273 00c6 2432     		adds	r2, r2, #36
 274 00c8 1A65     		str	r2, [r3, #80]
 275 00ca 4A4B     		ldr	r3, .L52+28
 276 00cc 0422     		movs	r2, #4
ARM GAS  C:\Users\alireza\AppData\Local\Temp\ccGGaiHV.s 			page 6


 277 00ce 1A70     		strb	r2, [r3]
 278 00d0 A0E7     		b	.L34
 279              	.L32:
 280 00d2 434B     		ldr	r3, .L52+8
 281 00d4 0622     		movs	r2, #6
 282 00d6 1A70     		strb	r2, [r3]
 283 00d8 3F4B     		ldr	r3, .L52
 284 00da 93F8D63A 		ldrb	r3, [r3, #2774]	@ zero_extendqisi2
 285 00de 013B     		subs	r3, r3, #1
 286 00e0 032B     		cmp	r3, #3
 287 00e2 97D8     		bhi	.L34
 288 00e4 DFE803F0 		tbb	[pc, r3]
 289              	.L41:
 290 00e8 02       		.byte	(.L44-.L41)/2
 291 00e9 11       		.byte	(.L43-.L41)/2
 292 00ea 41       		.byte	(.L42-.L41)/2
 293 00eb 23       		.byte	(.L40-.L41)/2
 294              		.p2align 1
 295              	.L44:
 296 00ec 3E4B     		ldr	r3, .L52+16
 297 00ee 0022     		movs	r2, #0
 298 00f0 1A61     		str	r2, [r3, #16]	@ float
 299 00f2 434A     		ldr	r2, .L52+40
 300 00f4 9A62     		str	r2, [r3, #40]	@ float
 301 00f6 434A     		ldr	r2, .L52+44
 302 00f8 1A64     		str	r2, [r3, #64]	@ float
 303 00fa 3C4A     		ldr	r2, .L52+20
 304 00fc 9A60     		str	r2, [r3, #8]
 305 00fe 1A62     		str	r2, [r3, #32]
 306 0100 9A63     		str	r2, [r3, #56]
 307 0102 3C4B     		ldr	r3, .L52+28
 308 0104 0322     		movs	r2, #3
 309 0106 1A70     		strb	r2, [r3]
 310 0108 84E7     		b	.L34
 311              	.L43:
 312 010a 374B     		ldr	r3, .L52+16
 313 010c 0022     		movs	r2, #0
 314 010e 1A61     		str	r2, [r3, #16]	@ float
 315 0110 3B4A     		ldr	r2, .L52+40
 316 0112 9A62     		str	r2, [r3, #40]	@ float
 317 0114 3B4A     		ldr	r2, .L52+44
 318 0116 1A64     		str	r2, [r3, #64]	@ float
 319 0118 344A     		ldr	r2, .L52+20
 320 011a 9A60     		str	r2, [r3, #8]
 321 011c 02F10C01 		add	r1, r2, #12
 322 0120 1962     		str	r1, [r3, #32]
 323 0122 1832     		adds	r2, r2, #24
 324 0124 9A63     		str	r2, [r3, #56]
 325 0126 334B     		ldr	r3, .L52+28
 326 0128 0322     		movs	r2, #3
 327 012a 1A70     		strb	r2, [r3]
 328 012c 72E7     		b	.L34
 329              	.L40:
 330 012e 2A4B     		ldr	r3, .L52
 331 0130 0222     		movs	r2, #2
 332 0132 83F8D62A 		strb	r2, [r3, #2774]
 333 0136 2B4A     		ldr	r2, .L52+12
ARM GAS  C:\Users\alireza\AppData\Local\Temp\ccGGaiHV.s 			page 7


 334 0138 1368     		ldr	r3, [r2]
 335 013a 43F48023 		orr	r3, r3, #262144
 336 013e 1360     		str	r3, [r2]
 337 0140 294B     		ldr	r3, .L52+16
 338 0142 0022     		movs	r2, #0
 339 0144 1A61     		str	r2, [r3, #16]	@ float
 340 0146 2E4A     		ldr	r2, .L52+40
 341 0148 9A62     		str	r2, [r3, #40]	@ float
 342 014a 2E4A     		ldr	r2, .L52+44
 343 014c 1A64     		str	r2, [r3, #64]	@ float
 344 014e 274A     		ldr	r2, .L52+20
 345 0150 9A60     		str	r2, [r3, #8]
 346 0152 02F10C01 		add	r1, r2, #12
 347 0156 1962     		str	r1, [r3, #32]
 348 0158 1832     		adds	r2, r2, #24
 349 015a 9A63     		str	r2, [r3, #56]
 350 015c 254B     		ldr	r3, .L52+28
 351 015e 0322     		movs	r2, #3
 352 0160 1A70     		strb	r2, [r3]
 353 0162 2948     		ldr	r0, .L52+48
 354 0164 FFF7FEFF 		bl	log_error
 355 0168 54E7     		b	.L34
 356              	.L42:
 357 016a 1B4B     		ldr	r3, .L52
 358 016c 0222     		movs	r2, #2
 359 016e 83F8D62A 		strb	r2, [r3, #2774]
 360 0172 1C4A     		ldr	r2, .L52+12
 361 0174 1368     		ldr	r3, [r2]
 362 0176 43F48023 		orr	r3, r3, #262144
 363 017a 1360     		str	r3, [r2]
 364 017c 1A4B     		ldr	r3, .L52+16
 365 017e 0022     		movs	r2, #0
 366 0180 1A61     		str	r2, [r3, #16]	@ float
 367 0182 1F4A     		ldr	r2, .L52+40
 368 0184 9A62     		str	r2, [r3, #40]	@ float
 369 0186 1F4A     		ldr	r2, .L52+44
 370 0188 1A64     		str	r2, [r3, #64]	@ float
 371 018a 184A     		ldr	r2, .L52+20
 372 018c 9A60     		str	r2, [r3, #8]
 373 018e 02F10C01 		add	r1, r2, #12
 374 0192 1962     		str	r1, [r3, #32]
 375 0194 1832     		adds	r2, r2, #24
 376 0196 9A63     		str	r2, [r3, #56]
 377 0198 164B     		ldr	r3, .L52+28
 378 019a 0322     		movs	r2, #3
 379 019c 1A70     		strb	r2, [r3]
 380 019e 1A48     		ldr	r0, .L52+48
 381 01a0 FFF7FEFF 		bl	log_error
 382 01a4 36E7     		b	.L34
 383              	.L45:
 384 01a6 07EE903A 		vmov	s15, r3	@ int
 385 01aa F8EE677A 		vcvt.f32.u32	s15, s15
 386 01ae DFED176A 		vldr.32	s13, .L52+52
 387 01b2 86EEA77A 		vdiv.f32	s14, s13, s15
 388 01b6 0B4B     		ldr	r3, .L52+12
 389 01b8 83ED087A 		vstr.32	s14, [r3, #32]
 390 01bc 0023     		movs	r3, #0
ARM GAS  C:\Users\alireza\AppData\Local\Temp\ccGGaiHV.s 			page 8


 391 01be 1A46     		mov	r2, r3
 392 01c0 0121     		movs	r1, #1
 393 01c2 1348     		ldr	r0, .L52+56
 394 01c4 FFF7FEFF 		bl	osTimerNew
 395 01c8 10B1     		cbz	r0, .L47
 396 01ca 0121     		movs	r1, #1
 397 01cc FFF7FEFF 		bl	osTimerStart
 398              	.L47:
 399 01d0 0120     		movs	r0, #1
 400 01d2 104B     		ldr	r3, .L52+60
 401 01d4 1870     		strb	r0, [r3]
 402 01d6 2BE7     		b	.L46
 403              	.L53:
 404              		.align	2
 405              	.L52:
 406 01d8 00100000 		.word	config+4096
 407 01dc 48000000 		.word	.LC2
 408 01e0 00000000 		.word	number_of_cylinders
 409 01e4 00000000 		.word	runtime
 410 01e8 00000000 		.word	ignition_events
 411 01ec 00000000 		.word	ignition_output
 412 01f0 00003443 		.word	1127481344
 413 01f4 00000000 		.word	number_of_events
 414 01f8 0000B443 		.word	1135869952
 415 01fc 00000744 		.word	1141309440
 416 0200 0000F042 		.word	1123024896
 417 0204 00007043 		.word	1131413504
 418 0208 00000000 		.word	.LC1
 419 020c 00003444 		.word	1144258560
 420 0210 00000000 		.word	ignition_watchdog_check
 421 0214 00000000 		.word	ignition_initialized
 423              		.section	.text.ignition_switch_to_coil_on_plug,"ax",%progbits
 424              		.align	1
 425              		.global	ignition_switch_to_coil_on_plug
 426              		.syntax unified
 427              		.thumb
 428              		.thumb_func
 430              	ignition_switch_to_coil_on_plug:
 431              		@ args = 0, pretend = 0, frame = 0
 432              		@ frame_needed = 0, uses_anonymous_args = 0
 433 0000 08B5     		push	{r3, lr}
 434 0002 134B     		ldr	r3, .L60
 435 0004 0022     		movs	r2, #0
 436 0006 1A70     		strb	r2, [r3]
 437 0008 124B     		ldr	r3, .L60+4
 438 000a 93F8CE3A 		ldrb	r3, [r3, #2766]	@ zero_extendqisi2
 439 000e 2BB1     		cbz	r3, .L55
 440 0010 012B     		cmp	r3, #1
 441 0012 1BD0     		beq	.L54
 442 0014 1048     		ldr	r0, .L60+8
 443 0016 FFF7FEFF 		bl	log_error
 444 001a 17E0     		b	.L54
 445              	.L55:
 446 001c 0F4B     		ldr	r3, .L60+12
 447 001e 0022     		movs	r2, #0
 448 0020 1A61     		str	r2, [r3, #16]	@ float
 449 0022 0F4A     		ldr	r2, .L60+16
ARM GAS  C:\Users\alireza\AppData\Local\Temp\ccGGaiHV.s 			page 9


 450 0024 1A64     		str	r2, [r3, #64]	@ float
 451 0026 0F4A     		ldr	r2, .L60+20
 452 0028 9A65     		str	r2, [r3, #88]	@ float
 453 002a 0F4A     		ldr	r2, .L60+24
 454 002c 9A62     		str	r2, [r3, #40]	@ float
 455 002e 0F4A     		ldr	r2, .L60+28
 456 0030 9A60     		str	r2, [r3, #8]
 457 0032 02F10C01 		add	r1, r2, #12
 458 0036 1962     		str	r1, [r3, #32]
 459 0038 02F11801 		add	r1, r2, #24
 460 003c 9963     		str	r1, [r3, #56]
 461 003e 2432     		adds	r2, r2, #36
 462 0040 1A65     		str	r2, [r3, #80]
 463 0042 0423     		movs	r3, #4
 464 0044 0A4A     		ldr	r2, .L60+32
 465 0046 1370     		strb	r3, [r2]
 466 0048 0A4A     		ldr	r2, .L60+36
 467 004a 1370     		strb	r3, [r2]
 468              	.L54:
 469 004c 08BD     		pop	{r3, pc}
 470              	.L61:
 471 004e 00BF     		.align	2
 472              	.L60:
 473 0050 00000000 		.word	operating_in_forced_wasted_spark
 474 0054 00100000 		.word	config+4096
 475 0058 48000000 		.word	.LC2
 476 005c 00000000 		.word	ignition_events
 477 0060 00003443 		.word	1127481344
 478 0064 0000B443 		.word	1135869952
 479 0068 00000744 		.word	1141309440
 480 006c 00000000 		.word	ignition_output
 481 0070 00000000 		.word	number_of_events
 482 0074 00000000 		.word	number_of_cylinders
 484              		.section	.text.ignition_switch_to_coil_on_plug_wasted_spark,"ax",%progbits
 485              		.align	1
 486              		.global	ignition_switch_to_coil_on_plug_wasted_spark
 487              		.syntax unified
 488              		.thumb
 489              		.thumb_func
 491              	ignition_switch_to_coil_on_plug_wasted_spark:
 492              		@ args = 0, pretend = 0, frame = 0
 493              		@ frame_needed = 0, uses_anonymous_args = 0
 494 0000 08B5     		push	{r3, lr}
 495 0002 114B     		ldr	r3, .L68
 496 0004 0122     		movs	r2, #1
 497 0006 1A70     		strb	r2, [r3]
 498 0008 104B     		ldr	r3, .L68+4
 499 000a 93F8CE3A 		ldrb	r3, [r3, #2766]	@ zero_extendqisi2
 500 000e 2BB1     		cbz	r3, .L63
 501 0010 9342     		cmp	r3, r2
 502 0012 18D0     		beq	.L62
 503 0014 0E48     		ldr	r0, .L68+8
 504 0016 FFF7FEFF 		bl	log_error
 505 001a 14E0     		b	.L62
 506              	.L63:
 507 001c 0D4B     		ldr	r3, .L68+12
 508 001e 0022     		movs	r2, #0
ARM GAS  C:\Users\alireza\AppData\Local\Temp\ccGGaiHV.s 			page 10


 509 0020 1A61     		str	r2, [r3, #16]	@ float
 510 0022 0D4A     		ldr	r2, .L68+16
 511 0024 9A62     		str	r2, [r3, #40]	@ float
 512 0026 0D4A     		ldr	r2, .L68+20
 513 0028 9A60     		str	r2, [r3, #8]
 514 002a 02F12401 		add	r1, r2, #36
 515 002e D960     		str	r1, [r3, #12]
 516 0030 02F10C01 		add	r1, r2, #12
 517 0034 1962     		str	r1, [r3, #32]
 518 0036 1832     		adds	r2, r2, #24
 519 0038 5A62     		str	r2, [r3, #36]
 520 003a 094B     		ldr	r3, .L68+24
 521 003c 0222     		movs	r2, #2
 522 003e 1A70     		strb	r2, [r3]
 523 0040 084B     		ldr	r3, .L68+28
 524 0042 0422     		movs	r2, #4
 525 0044 1A70     		strb	r2, [r3]
 526              	.L62:
 527 0046 08BD     		pop	{r3, pc}
 528              	.L69:
 529              		.align	2
 530              	.L68:
 531 0048 00000000 		.word	operating_in_forced_wasted_spark
 532 004c 00100000 		.word	config+4096
 533 0050 48000000 		.word	.LC2
 534 0054 00000000 		.word	ignition_events
 535 0058 00003443 		.word	1127481344
 536 005c 00000000 		.word	ignition_output
 537 0060 00000000 		.word	number_of_events
 538 0064 00000000 		.word	number_of_cylinders
 540              		.section	.text.ignition_dwell_get,"ax",%progbits
 541              		.align	1
 542              		.global	ignition_dwell_get
 543              		.syntax unified
 544              		.thumb
 545              		.thumb_func
 547              	ignition_dwell_get:
 548              		@ args = 0, pretend = 0, frame = 0
 549              		@ frame_needed = 0, uses_anonymous_args = 0
 550 0000 08B5     		push	{r3, lr}
 551 0002 FFF7FEFF 		bl	vbat_get
 552 0006 B2EE0C7A 		vmov.f32	s14, #1.4e+1
 553 000a C7EE007A 		vdiv.f32	s15, s14, s0
 554 000e 0F4B     		ldr	r3, .L76
 555 0010 D3F89036 		ldr	r3, [r3, #1680]	@ unaligned
 556 0014 00EE103A 		vmov	s0, r3	@ int
 557 0018 20EE270A 		vmul.f32	s0, s0, s15
 558 001c F6EE007A 		vmov.f32	s15, #5.0e-1
 559 0020 B4EEE70A 		vcmpe.f32	s0, s15
 560 0024 F1EE10FA 		vmrs	APSR_nzcv, FPSCR
 561 0028 09D4     		bmi	.L73
 562 002a F1EE007A 		vmov.f32	s15, #4.0e+0
 563 002e B4EEE70A 		vcmpe.f32	s0, s15
 564 0032 F1EE10FA 		vmrs	APSR_nzcv, FPSCR
 565 0036 04DD     		ble	.L71
 566 0038 B0EE670A 		vmov.f32	s0, s15
 567 003c 01E0     		b	.L71
ARM GAS  C:\Users\alireza\AppData\Local\Temp\ccGGaiHV.s 			page 11


 568              	.L73:
 569 003e B6EE000A 		vmov.f32	s0, #5.0e-1
 570              	.L71:
 571 0042 034B     		ldr	r3, .L76+4
 572 0044 83ED1C0A 		vstr.32	s0, [r3, #112]
 573 0048 08BD     		pop	{r3, pc}
 574              	.L77:
 575 004a 00BF     		.align	2
 576              	.L76:
 577 004c 00100000 		.word	config+4096
 578 0050 00000000 		.word	runtime
 580              		.section	.text.schedule_ignition_event,"ax",%progbits
 581              		.align	1
 582              		.global	schedule_ignition_event
 583              		.syntax unified
 584              		.thumb
 585              		.thumb_func
 587              	schedule_ignition_event:
 588              		@ args = 0, pretend = 0, frame = 0
 589              		@ frame_needed = 0, uses_anonymous_args = 0
 590 0000 C0B1     		cbz	r0, .L81
 591 0002 10B5     		push	{r4, lr}
 592 0004 0446     		mov	r4, r0
 593 0006 FFF7FEFF 		bl	get_time_us
 594 000a 0346     		mov	r3, r0
 595 000c 2268     		ldr	r2, [r4]
 596 000e 121A     		subs	r2, r2, r0
 597 0010 002A     		cmp	r2, #0
 598 0012 0EDB     		blt	.L78
 599 0014 6068     		ldr	r0, [r4, #4]
 600 0016 C31A     		subs	r3, r0, r3
 601 0018 002B     		cmp	r3, #0
 602 001a 0ADB     		blt	.L78
 603 001c 0123     		movs	r3, #1
 604 001e 2375     		strb	r3, [r4, #20]
 605 0020 2246     		mov	r2, r4
 606 0022 0549     		ldr	r1, .L84
 607 0024 FFF7FEFF 		bl	scheduler_schedule_event_with_arg
 608 0028 2246     		mov	r2, r4
 609 002a 0449     		ldr	r1, .L84+4
 610 002c 2068     		ldr	r0, [r4]
 611 002e FFF7FEFF 		bl	scheduler_schedule_event_with_arg
 612              	.L78:
 613 0032 10BD     		pop	{r4, pc}
 614              	.L81:
 615 0034 7047     		bx	lr
 616              	.L85:
 617 0036 00BF     		.align	2
 618              	.L84:
 619 0038 00000000 		.word	ignition_coil_fire_spark
 620 003c 00000000 		.word	ignition_coil_begin_charge
 622              		.section	.text.ignition_get_coil_duty_cycle,"ax",%progbits
 623              		.align	1
 624              		.global	ignition_get_coil_duty_cycle
 625              		.syntax unified
 626              		.thumb
 627              		.thumb_func
ARM GAS  C:\Users\alireza\AppData\Local\Temp\ccGGaiHV.s 			page 12


 629              	ignition_get_coil_duty_cycle:
 630              		@ args = 0, pretend = 0, frame = 0
 631              		@ frame_needed = 0, uses_anonymous_args = 0
 632              		@ link register save eliminated.
 633 0000 7047     		bx	lr
 635              		.section	.text.ignition_get_advance,"ax",%progbits
 636              		.align	1
 637              		.global	ignition_get_advance
 638              		.syntax unified
 639              		.thumb
 640              		.thumb_func
 642              	ignition_get_advance:
 643              		@ args = 0, pretend = 0, frame = 0
 644              		@ frame_needed = 0, uses_anonymous_args = 0
 645 0000 08B5     		push	{r3, lr}
 646 0002 2DED028B 		vpush.64	{d8}
 647 0006 FFF7FEFF 		bl	crankshaft_get_rpm
 648 000a B0EE408A 		vmov.f32	s16, s0
 649 000e FFF7FEFF 		bl	sensor_map_get
 650 0012 344B     		ldr	r3, .L103
 651 0014 93F8D73A 		ldrb	r3, [r3, #2775]	@ zero_extendqisi2
 652 0018 002B     		cmp	r3, #0
 653 001a 4BD0     		beq	.L88
 654 001c 314B     		ldr	r3, .L103
 655 001e D3F89436 		ldr	r3, [r3, #1684]	@ unaligned
 656 0022 08EE903A 		vmov	s17, r3	@ int
 657              	.L89:
 658 0026 FFF7FEFF 		bl	sensor_clt_get
 659 002a 2F48     		ldr	r0, .L103+4
 660 002c FFF7FEFF 		bl	table_1d_get_value
 661 0030 FAEE0E7A 		vmov.f32	s15, #-1.5e+1
 662 0034 B4EEE70A 		vcmpe.f32	s0, s15
 663 0038 F1EE10FA 		vmrs	APSR_nzcv, FPSCR
 664 003c 08DB     		blt	.L91
 665 003e F2EE0E7A 		vmov.f32	s15, #1.5e+1
 666 0042 B4EEE70A 		vcmpe.f32	s0, s15
 667 0046 F1EE10FA 		vmrs	APSR_nzcv, FPSCR
 668 004a 01D8     		bhi	.L91
 669 004c 78EE808A 		vadd.f32	s17, s17, s0
 670              	.L91:
 671 0050 244B     		ldr	r3, .L103
 672 0052 B3F8C03A 		ldrh	r3, [r3, #2752]	@ unaligned
 673 0056 07EE903A 		vmov	s15, r3	@ int
 674 005a F8EE677A 		vcvt.f32.u32	s15, s15
 675 005e F4EEC87A 		vcmpe.f32	s15, s16
 676 0062 F1EE10FA 		vmrs	APSR_nzcv, FPSCR
 677 0066 20D8     		bhi	.L87
 678 0068 1E4B     		ldr	r3, .L103
 679 006a B3F8C23A 		ldrh	r3, [r3, #2754]	@ unaligned
 680 006e 07EE103A 		vmov	s14, r3	@ int
 681 0072 B8EE477A 		vcvt.f32.u32	s14, s14
 682 0076 37EE877A 		vadd.f32	s14, s15, s14
 683 007a B4EEC87A 		vcmpe.f32	s14, s16
 684 007e F1EE10FA 		vmrs	APSR_nzcv, FPSCR
 685 0082 12DB     		blt	.L87
 686 0084 F4EE477A 		vcmp.f32	s15, s14
 687 0088 F1EE10FA 		vmrs	APSR_nzcv, FPSCR
ARM GAS  C:\Users\alireza\AppData\Local\Temp\ccGGaiHV.s 			page 13


 688 008c 27D0     		beq	.L97
 689 008e 38EE678A 		vsub.f32	s16, s16, s15
 690 0092 DFED166A 		vldr.32	s13, .L103+8
 691 0096 76EEE86A 		vsub.f32	s13, s13, s17
 692 009a 28EE268A 		vmul.f32	s16, s16, s13
 693 009e 37EE677A 		vsub.f32	s14, s14, s15
 694 00a2 C8EE077A 		vdiv.f32	s15, s16, s14
 695 00a6 78EEA78A 		vadd.f32	s17, s17, s15
 696              	.L87:
 697 00aa B0EE680A 		vmov.f32	s0, s17
 698 00ae BDEC028B 		vldm	sp!, {d8}
 699 00b2 08BD     		pop	{r3, pc}
 700              	.L88:
 701 00b4 0E4B     		ldr	r3, .L103+12
 702 00b6 93F87830 		ldrb	r3, [r3, #120]	@ zero_extendqisi2
 703 00ba 032B     		cmp	r3, #3
 704 00bc 05D0     		beq	.L90
 705 00be 094B     		ldr	r3, .L103
 706 00c0 D3F88436 		ldr	r3, [r3, #1668]	@ unaligned
 707 00c4 08EE903A 		vmov	s17, r3	@ int
 708 00c8 ADE7     		b	.L89
 709              	.L90:
 710 00ca F0EE400A 		vmov.f32	s1, s0
 711 00ce B0EE480A 		vmov.f32	s0, s16
 712 00d2 0848     		ldr	r0, .L103+16
 713 00d4 FFF7FEFF 		bl	table_2d_get_value
 714 00d8 F0EE408A 		vmov.f32	s17, s0
 715 00dc A3E7     		b	.L89
 716              	.L97:
 717 00de DFED038A 		vldr.32	s17, .L103+8
 718 00e2 E2E7     		b	.L87
 719              	.L104:
 720              		.align	2
 721              	.L103:
 722 00e4 00100000 		.word	config+4096
 723 00e8 40190000 		.word	config+6464
 724 00ec 00000000 		.word	0
 725 00f0 00000000 		.word	runtime
 726 00f4 00090000 		.word	config+2304
 728              		.section	.rodata.ignition_trigger_event_handle.str1.4,"aMS",%progbits,1
 729              		.align	2
 730              	.LC3:
 731 0000 43616D20 		.ascii	"Cam phase not known. Switching to wasted spark.\000"
 731      70686173 
 731      65206E6F 
 731      74206B6E 
 731      6F776E2E 
 732              		.section	.text.ignition_trigger_event_handle,"ax",%progbits
 733              		.align	1
 734              		.global	ignition_trigger_event_handle
 735              		.syntax unified
 736              		.thumb
 737              		.thumb_func
 739              	ignition_trigger_event_handle:
 740              		@ args = 0, pretend = 0, frame = 0
 741              		@ frame_needed = 0, uses_anonymous_args = 0
 742 0000 2DE9F843 		push	{r3, r4, r5, r6, r7, r8, r9, lr}
ARM GAS  C:\Users\alireza\AppData\Local\Temp\ccGGaiHV.s 			page 14


 743 0004 2DED088B 		vpush.64	{d8, d9, d10, d11}
 744 0008 BC4B     		ldr	r3, .L167
 745 000a 93F8D63A 		ldrb	r3, [r3, #2774]	@ zero_extendqisi2
 746 000e 002B     		cmp	r3, #0
 747 0010 00F0D981 		beq	.L105
 748 0014 F0EE409A 		vmov.f32	s19, s0
 749 0018 B0EE609A 		vmov.f32	s18, s1
 750 001c 0646     		mov	r6, r0
 751 001e B84B     		ldr	r3, .L167+4
 752 0020 1B78     		ldrb	r3, [r3]	@ zero_extendqisi2
 753 0022 002B     		cmp	r3, #0
 754 0024 00F0CF81 		beq	.L105
 755 0028 B64B     		ldr	r3, .L167+8
 756 002a 1B68     		ldr	r3, [r3]
 757 002c C3F3C007 		ubfx	r7, r3, #3, #1
 758 0030 13F0080F 		tst	r3, #8
 759 0034 00F0C781 		beq	.L105
 760 0038 B04A     		ldr	r2, .L167
 761 003a D2F89026 		ldr	r2, [r2, #1680]	@ unaligned
 762 003e 07EE902A 		vmov	s15, r2	@ int
 763 0042 B6EE007A 		vmov.f32	s14, #5.0e-1
 764 0046 F4EEC77A 		vcmpe.f32	s15, s14
 765 004a F1EE10FA 		vmrs	APSR_nzcv, FPSCR
 766 004e 06DB     		blt	.L107
 767 0050 B1EE007A 		vmov.f32	s14, #4.0e+0
 768 0054 F4EEC77A 		vcmpe.f32	s15, s14
 769 0058 F1EE10FA 		vmrs	APSR_nzcv, FPSCR
 770 005c 1BD9     		bls	.L109
 771              	.L107:
 772 005e B6EE007A 		vmov.f32	s14, #5.0e-1
 773 0062 F4EEC77A 		vcmpe.f32	s15, s14
 774 0066 F1EE10FA 		vmrs	APSR_nzcv, FPSCR
 775 006a 09D4     		bmi	.L141
 776 006c B1EE007A 		vmov.f32	s14, #4.0e+0
 777 0070 F4EEC77A 		vcmpe.f32	s15, s14
 778 0074 F1EE10FA 		vmrs	APSR_nzcv, FPSCR
 779 0078 04DD     		ble	.L110
 780 007a F0EE477A 		vmov.f32	s15, s14
 781 007e 01E0     		b	.L110
 782              	.L141:
 783 0080 F6EE007A 		vmov.f32	s15, #5.0e-1
 784              	.L110:
 785 0084 17EE902A 		vmov	r2, s15
 786 0088 9C49     		ldr	r1, .L167
 787 008a C1F89026 		str	r2, [r1, #1680]	@ unaligned
 788 008e 43F48023 		orr	r3, r3, #262144
 789 0092 9C4A     		ldr	r2, .L167+8
 790 0094 1360     		str	r3, [r2]
 791              	.L109:
 792 0096 FFF7FEFF 		bl	ignition_get_advance
 793 009a F0EE40AA 		vmov.f32	s21, s0
 794 009e B5EEC00A 		vcmpe.f32	s0, #0
 795 00a2 F1EE10FA 		vmrs	APSR_nzcv, FPSCR
 796 00a6 09D4     		bmi	.L142
 797 00a8 DFED977A 		vldr.32	s15, .L167+12
 798 00ac B4EEE70A 		vcmpe.f32	s0, s15
 799 00b0 F1EE10FA 		vmrs	APSR_nzcv, FPSCR
ARM GAS  C:\Users\alireza\AppData\Local\Temp\ccGGaiHV.s 			page 15


 800 00b4 04DD     		ble	.L112
 801 00b6 F0EE67AA 		vmov.f32	s21, s15
 802 00ba 01E0     		b	.L112
 803              	.L142:
 804 00bc DFED9AAA 		vldr.32	s21, .L167+44
 805              	.L112:
 806 00c0 904C     		ldr	r4, .L167+8
 807 00c2 C4ED09AA 		vstr.32	s21, [r4, #36]
 808 00c6 FFF7FEFF 		bl	ignition_dwell_get
 809 00ca B0EE40AA 		vmov.f32	s20, s0
 810 00ce 2368     		ldr	r3, [r4]
 811 00d0 C3F30014 		ubfx	r4, r3, #4, #1
 812 00d4 894A     		ldr	r2, .L167
 813 00d6 92F8D62A 		ldrb	r2, [r2, #2774]	@ zero_extendqisi2
 814 00da 042A     		cmp	r2, #4
 815 00dc 0BD0     		beq	.L162
 816 00de 0024     		movs	r4, #0
 817              	.L114:
 818              		.syntax unified
 819              	@ 312 "controller/engine_cycle/ignition.c" 1
 820 00e0 00BF     		nop
 821              	@ 0 "" 2
 822              		.thumb
 823              		.syntax unified
 824 00e2 864B     		ldr	r3, .L167
 825 00e4 93F8D63A 		ldrb	r3, [r3, #2774]	@ zero_extendqisi2
 826 00e8 042B     		cmp	r3, #4
 827 00ea 15D0     		beq	.L163
 828 00ec F0EE69BA 		vmov.f32	s23, s19
 829 00f0 0027     		movs	r7, #0
 830              	.L116:
 831 00f2 0024     		movs	r4, #0
 832 00f4 24E0     		b	.L117
 833              	.L162:
 834 00f6 4CB9     		cbnz	r4, .L115
 835 00f8 43F00403 		orr	r3, r3, #4
 836 00fc 814A     		ldr	r2, .L167+8
 837 00fe 1360     		str	r3, [r2]
 838 0100 8248     		ldr	r0, .L167+16
 839 0102 FFF7FEFF 		bl	log_error
 840 0106 FFF7FEFF 		bl	ignition_switch_to_coil_on_plug_wasted_spark
 841 010a E9E7     		b	.L114
 842              	.L115:
 843 010c FFF7FEFF 		bl	ignition_switch_to_coil_on_plug
 844 0110 FFF7FEFF 		bl	camshaft_get_phase
 845 0114 0446     		mov	r4, r0
 846 0116 E3E7     		b	.L114
 847              	.L163:
 848 0118 7D4B     		ldr	r3, .L167+20
 849 011a 1B78     		ldrb	r3, [r3]	@ zero_extendqisi2
 850 011c 53B9     		cbnz	r3, .L145
 851 011e 07EE904A 		vmov	s15, r4	@ int
 852 0122 F8EE67BA 		vcvt.f32.u32	s23, s15
 853 0126 DFED7B7A 		vldr.32	s15, .L167+24
 854 012a 6BEEA7BA 		vmul.f32	s23, s23, s15
 855 012e 7BEEA9BA 		vadd.f32	s23, s23, s19
 856 0132 DEE7     		b	.L116
ARM GAS  C:\Users\alireza\AppData\Local\Temp\ccGGaiHV.s 			page 16


 857              	.L145:
 858 0134 F0EE69BA 		vmov.f32	s23, s19
 859 0138 0027     		movs	r7, #0
 860 013a DAE7     		b	.L116
 861              	.L118:
 862 013c 87B1     		cbz	r7, .L164
 863              	.L119:
 864 013e 0134     		adds	r4, r4, #1
 865              	.L117:
 866 0140 754B     		ldr	r3, .L167+28
 867 0142 1B78     		ldrb	r3, [r3]	@ zero_extendqisi2
 868 0144 A342     		cmp	r3, r4
 869 0146 40F23E81 		bls	.L105
 870 014a 04EB4403 		add	r3, r4, r4, lsl #1
 871 014e 734D     		ldr	r5, .L167+32
 872 0150 05EBC305 		add	r5, r5, r3, lsl #3
 873 0154 2B7D     		ldrb	r3, [r5, #20]	@ zero_extendqisi2
 874 0156 002B     		cmp	r3, #0
 875 0158 F0D0     		beq	.L118
 876 015a 032B     		cmp	r3, #3
 877 015c EED0     		beq	.L118
 878 015e EEE7     		b	.L119
 879              	.L164:
 880 0160 FFF7FEFF 		bl	crankshaft_get_next_trigger_angle
 881 0164 04EB4402 		add	r2, r4, r4, lsl #1
 882 0168 6C4B     		ldr	r3, .L167+32
 883 016a 03EBC203 		add	r3, r3, r2, lsl #3
 884 016e D3ED048A 		vldr.32	s17, [r3, #16]
 885 0172 78EEEA8A 		vsub.f32	s17, s17, s21
 886 0176 03E0     		b	.L120
 887              	.L121:
 888 0178 DFED667A 		vldr.32	s15, .L167+24
 889 017c 78EEA78A 		vadd.f32	s17, s17, s15
 890              	.L120:
 891 0180 F5EEC08A 		vcmpe.f32	s17, #0
 892 0184 F1EE10FA 		vmrs	APSR_nzcv, FPSCR
 893 0188 F6D4     		bmi	.L121
 894 018a 03E0     		b	.L122
 895              	.L123:
 896 018c DFED617A 		vldr.32	s15, .L167+24
 897 0190 78EEE78A 		vsub.f32	s17, s17, s15
 898              	.L122:
 899 0194 DFED5F7A 		vldr.32	s15, .L167+24
 900 0198 F4EEE78A 		vcmpe.f32	s17, s15
 901 019c F1EE10FA 		vmrs	APSR_nzcv, FPSCR
 902 01a0 F4DA     		bge	.L123
 903 01a2 B5EE409A 		vcmp.f32	s18, #0
 904 01a6 F1EE10FA 		vmrs	APSR_nzcv, FPSCR
 905 01aa 0AD0     		beq	.L146
 906 01ac 69EE277A 		vmul.f32	s15, s18, s15
 907 01b0 9FED5B7A 		vldr.32	s14, .L167+36
 908 01b4 87EE87BA 		vdiv.f32	s22, s15, s14
 909              	.L124:
 910 01b8 2AEE0B8A 		vmul.f32	s16, s20, s22
 911 01bc 38EEC88A 		vsub.f32	s16, s17, s16
 912 01c0 06E0     		b	.L125
 913              	.L146:
ARM GAS  C:\Users\alireza\AppData\Local\Temp\ccGGaiHV.s 			page 17


 914 01c2 9FED59BA 		vldr.32	s22, .L167+44
 915 01c6 F7E7     		b	.L124
 916              	.L126:
 917 01c8 DFED527A 		vldr.32	s15, .L167+24
 918 01cc 38EE278A 		vadd.f32	s16, s16, s15
 919              	.L125:
 920 01d0 B5EEC08A 		vcmpe.f32	s16, #0
 921 01d4 F1EE10FA 		vmrs	APSR_nzcv, FPSCR
 922 01d8 F6D4     		bmi	.L126
 923 01da 03E0     		b	.L127
 924              	.L128:
 925 01dc DFED4D7A 		vldr.32	s15, .L167+24
 926 01e0 38EE678A 		vsub.f32	s16, s16, s15
 927              	.L127:
 928 01e4 DFED4B7A 		vldr.32	s15, .L167+24
 929 01e8 B4EEE78A 		vcmpe.f32	s16, s15
 930 01ec F1EE10FA 		vmrs	APSR_nzcv, FPSCR
 931 01f0 F4DA     		bge	.L128
 932 01f2 B0EE481A 		vmov.f32	s2, s16
 933 01f6 F0EE690A 		vmov.f32	s1, s19
 934 01fa FFF7FEFF 		bl	is_phase_in_range
 935 01fe 0028     		cmp	r0, #0
 936 0200 9DD1     		bne	.L119
 937 0202 78EEEB8A 		vsub.f32	s17, s17, s23
 938 0206 F5EEC08A 		vcmpe.f32	s17, #0
 939 020a F1EE10FA 		vmrs	APSR_nzcv, FPSCR
 940 020e 62D4     		bmi	.L165
 941              	.L129:
 942 0210 B5EEC09A 		vcmpe.f32	s18, #0
 943 0214 F1EE10FA 		vmrs	APSR_nzcv, FPSCR
 944 0218 62D9     		bls	.L147
 945 021a F5EEC08A 		vcmpe.f32	s17, #0
 946 021e F1EE10FA 		vmrs	APSR_nzcv, FPSCR
 947 0222 5FD9     		bls	.L148
 948 0224 9FED3B7A 		vldr.32	s14, .L167+24
 949 0228 29EE077A 		vmul.f32	s14, s18, s14
 950 022c DFED3D6A 		vldr.32	s13, .L167+40
 951 0230 C6EE877A 		vdiv.f32	s15, s13, s14
 952 0234 67EEA87A 		vmul.f32	s15, s15, s17
 953 0238 FCEEE77A 		vcvt.u32.f32	s15, s15
 954 023c 17EE903A 		vmov	r3, s15	@ int
 955              	.L131:
 956 0240 3344     		add	r3, r3, r6
 957 0242 04EB4401 		add	r1, r4, r4, lsl #1
 958 0246 354A     		ldr	r2, .L167+32
 959 0248 02EBC102 		add	r2, r2, r1, lsl #3
 960 024c 5360     		str	r3, [r2, #4]
 961 024e 38EE6B8A 		vsub.f32	s16, s16, s23
 962 0252 B5EEC08A 		vcmpe.f32	s16, #0
 963 0256 F1EE10FA 		vmrs	APSR_nzcv, FPSCR
 964 025a 45D4     		bmi	.L166
 965              	.L132:
 966 025c B5EEC09A 		vcmpe.f32	s18, #0
 967 0260 F1EE10FA 		vmrs	APSR_nzcv, FPSCR
 968 0264 45D9     		bls	.L149
 969 0266 B5EEC08A 		vcmpe.f32	s16, #0
 970 026a F1EE10FA 		vmrs	APSR_nzcv, FPSCR
ARM GAS  C:\Users\alireza\AppData\Local\Temp\ccGGaiHV.s 			page 18


 971 026e 42D9     		bls	.L150
 972 0270 9FED287A 		vldr.32	s14, .L167+24
 973 0274 29EE077A 		vmul.f32	s14, s18, s14
 974 0278 DFED2A6A 		vldr.32	s13, .L167+40
 975 027c C6EE877A 		vdiv.f32	s15, s13, s14
 976 0280 67EE887A 		vmul.f32	s15, s15, s16
 977 0284 FCEEE77A 		vcvt.u32.f32	s15, s15
 978 0288 17EE903A 		vmov	r3, s15	@ int
 979              	.L134:
 980 028c 3344     		add	r3, r3, r6
 981 028e 04EB4402 		add	r2, r4, r4, lsl #1
 982 0292 2249     		ldr	r1, .L167+32
 983 0294 41F83230 		str	r3, [r1, r2, lsl #3]
 984 0298 2846     		mov	r0, r5
 985 029a FFF7FEFF 		bl	schedule_ignition_event
 986 029e 174B     		ldr	r3, .L167
 987 02a0 93F8D83A 		ldrb	r3, [r3, #2776]	@ zero_extendqisi2
 988 02a4 002B     		cmp	r3, #0
 989 02a6 42D0     		beq	.L135
 990 02a8 144B     		ldr	r3, .L167
 991 02aa D3F89836 		ldr	r3, [r3, #1688]	@ unaligned
 992 02ae 07EE903A 		vmov	s15, r3
 993 02b2 F4EEC97A 		vcmpe.f32	s15, s18
 994 02b6 F1EE10FA 		vmrs	APSR_nzcv, FPSCR
 995 02ba 37DD     		ble	.L160
 996 02bc 0F4B     		ldr	r3, .L167
 997 02be 93F8D63A 		ldrb	r3, [r3, #2774]	@ zero_extendqisi2
 998 02c2 012B     		cmp	r3, #1
 999 02c4 77D0     		beq	.L152
 1000 02c6 0D4B     		ldr	r3, .L167
 1001 02c8 93F8D93A 		ldrb	r3, [r3, #2777]	@ zero_extendqisi2
 1002 02cc 012B     		cmp	r3, #1
 1003 02ce 74D9     		bls	.L153
 1004 02d0 013B     		subs	r3, r3, #1
 1005 02d2 DBB2     		uxtb	r3, r3
 1006 02d4 2BE0     		b	.L135
 1007              	.L165:
 1008 02d6 DFED0F7A 		vldr.32	s15, .L167+24
 1009 02da 78EEA78A 		vadd.f32	s17, s17, s15
 1010 02de 97E7     		b	.L129
 1011              	.L147:
 1012 02e0 0023     		movs	r3, #0
 1013 02e2 ADE7     		b	.L131
 1014              	.L148:
 1015 02e4 0023     		movs	r3, #0
 1016 02e6 ABE7     		b	.L131
 1017              	.L166:
 1018 02e8 DFED0A7A 		vldr.32	s15, .L167+24
 1019 02ec 38EE278A 		vadd.f32	s16, s16, s15
 1020 02f0 B4E7     		b	.L132
 1021              	.L149:
 1022 02f2 0023     		movs	r3, #0
 1023 02f4 CAE7     		b	.L134
 1024              	.L150:
 1025 02f6 0023     		movs	r3, #0
 1026 02f8 C8E7     		b	.L134
 1027              	.L168:
ARM GAS  C:\Users\alireza\AppData\Local\Temp\ccGGaiHV.s 			page 19


 1028 02fa 00BF     		.align	2
 1029              	.L167:
 1030 02fc 00100000 		.word	config+4096
 1031 0300 00000000 		.word	ignition_initialized
 1032 0304 00000000 		.word	runtime
 1033 0308 00002042 		.word	1109393408
 1034 030c 00000000 		.word	.LC3
 1035 0310 00000000 		.word	operating_in_forced_wasted_spark
 1036 0314 0000B443 		.word	1135869952
 1037 0318 00000000 		.word	number_of_events
 1038 031c 00000000 		.word	ignition_events
 1039 0320 00606A47 		.word	1198153728
 1040 0324 C0E1644C 		.word	1281679808
 1041 0328 00000000 		.word	0
 1042              	.L160:
 1043 032c 0023     		movs	r3, #0
 1044              	.L135:
 1045 032e 022B     		cmp	r3, #2
 1046 0330 28BF     		it	cs
 1047 0332 0223     		movcs	r3, #2
 1048 0334 9846     		mov	r8, r3
 1049 0336 4FF00109 		mov	r9, #1
 1050 033a 1FED058A 		vldr.32	s16, .L167+44
 1051              	.L137:
 1052 033e B8F1000F 		cmp	r8, #0
 1053 0342 3CD0     		beq	.L138
 1054 0344 224B     		ldr	r3, .L169
 1055 0346 D3F89C26 		ldr	r2, [r3, #1692]	@ unaligned
 1056 034a 07EE902A 		vmov	s15, r2	@ int
 1057 034e 37EE8A7A 		vadd.f32	s14, s15, s20
 1058 0352 27EE0B7A 		vmul.f32	s14, s14, s22
 1059 0356 38EE078A 		vadd.f32	s16, s16, s14
 1060 035a D3F8A036 		ldr	r3, [r3, #1696]	@ unaligned
 1061 035e 07EE103A 		vmov	s14, r3
 1062 0362 B4EEC87A 		vcmpe.f32	s14, s16
 1063 0366 F1EE10FA 		vmrs	APSR_nzcv, FPSCR
 1064 036a 28D4     		bmi	.L138
 1065 036c 1949     		ldr	r1, .L169+4
 1066 036e 04EB4400 		add	r0, r4, r4, lsl #1
 1067 0372 01EBC002 		add	r2, r1, r0, lsl #3
 1068 0376 5368     		ldr	r3, [r2, #4]
 1069 0378 9FED177A 		vldr.32	s14, .L169+8
 1070 037c 67EE877A 		vmul.f32	s15, s15, s14
 1071 0380 FCEEE77A 		vcvt.u32.f32	s15, s15
 1072 0384 17EE90CA 		vmov	ip, s15	@ int
 1073 0388 6344     		add	r3, r3, ip
 1074 038a 41F83030 		str	r3, [r1, r0, lsl #3]
 1075 038e 2AEE077A 		vmul.f32	s14, s20, s14
 1076 0392 BCEEC77A 		vcvt.u32.f32	s14, s14
 1077 0396 17EE101A 		vmov	r1, s14	@ int
 1078 039a 0B44     		add	r3, r3, r1
 1079 039c 5360     		str	r3, [r2, #4]
 1080 039e 09F10109 		add	r9, r9, #1
 1081 03a2 5FFA89F9 		uxtb	r9, r9
 1082 03a6 2846     		mov	r0, r5
 1083 03a8 FFF7FEFF 		bl	schedule_ignition_event
 1084 03ac 08F1FF38 		add	r8, r8, #-1
ARM GAS  C:\Users\alireza\AppData\Local\Temp\ccGGaiHV.s 			page 20


 1085 03b0 5FFA88F8 		uxtb	r8, r8
 1086 03b4 C3E7     		b	.L137
 1087              	.L152:
 1088 03b6 0023     		movs	r3, #0
 1089 03b8 B9E7     		b	.L135
 1090              	.L153:
 1091 03ba 0023     		movs	r3, #0
 1092 03bc B7E7     		b	.L135
 1093              	.L138:
 1094 03be 074B     		ldr	r3, .L169+12
 1095 03c0 83F87A90 		strb	r9, [r3, #122]
 1096 03c4 BBE6     		b	.L119
 1097              	.L105:
 1098 03c6 BDEC088B 		vldm	sp!, {d8-d11}
 1099 03ca BDE8F883 		pop	{r3, r4, r5, r6, r7, r8, r9, pc}
 1100              	.L170:
 1101 03ce 00BF     		.align	2
 1102              	.L169:
 1103 03d0 00100000 		.word	config+4096
 1104 03d4 00000000 		.word	ignition_events
 1105 03d8 00007A44 		.word	1148846080
 1106 03dc 00000000 		.word	runtime
 1108              		.section	.bss.ignition_events,"aw",%nobits
 1109              		.align	2
 1112              	ignition_events:
 1113 0000 00000000 		.space	192
 1113      00000000 
 1113      00000000 
 1113      00000000 
 1113      00000000 
 1114              		.section	.bss.operating_in_forced_wasted_spark,"aw",%nobits
 1117              	operating_in_forced_wasted_spark:
 1118 0000 00       		.space	1
 1119              		.section	.bss.number_of_events,"aw",%nobits
 1122              	number_of_events:
 1123 0000 00       		.space	1
 1124              		.section	.bss.number_of_cylinders,"aw",%nobits
 1127              	number_of_cylinders:
 1128 0000 00       		.space	1
 1129              		.section	.bss.ignition_initialized,"aw",%nobits
 1132              	ignition_initialized:
 1133 0000 00       		.space	1
 1134              		.ident	"GCC: (xPack GNU Arm Embedded GCC x86_64) 14.2.1 20241119"
ARM GAS  C:\Users\alireza\AppData\Local\Temp\ccGGaiHV.s 			page 21


DEFINED SYMBOLS
                            *ABS*:00000000 ignition.c
C:\Users\alireza\AppData\Local\Temp\ccGGaiHV.s:18     .text.ignition_coil_begin_charge:00000000 $t
C:\Users\alireza\AppData\Local\Temp\ccGGaiHV.s:24     .text.ignition_coil_begin_charge:00000000 ignition_coil_begin_charge
C:\Users\alireza\AppData\Local\Temp\ccGGaiHV.s:49     .text.ignition_coil_fire_spark:00000000 $t
C:\Users\alireza\AppData\Local\Temp\ccGGaiHV.s:55     .text.ignition_coil_fire_spark:00000000 ignition_coil_fire_spark
C:\Users\alireza\AppData\Local\Temp\ccGGaiHV.s:93     .text.ignition_coil_fire_spark:0000003c $d
C:\Users\alireza\AppData\Local\Temp\ccGGaiHV.s:98     .rodata.ignition_watchdog_check.str1.4:00000000 $d
C:\Users\alireza\AppData\Local\Temp\ccGGaiHV.s:102    .text.ignition_watchdog_check:00000000 $t
C:\Users\alireza\AppData\Local\Temp\ccGGaiHV.s:108    .text.ignition_watchdog_check:00000000 ignition_watchdog_check
C:\Users\alireza\AppData\Local\Temp\ccGGaiHV.s:151    .text.ignition_watchdog_check:00000058 $d
C:\Users\alireza\AppData\Local\Temp\ccGGaiHV.s:1122   .bss.number_of_events:00000000 number_of_events
C:\Users\alireza\AppData\Local\Temp\ccGGaiHV.s:1112   .bss.ignition_events:00000000 ignition_events
C:\Users\alireza\AppData\Local\Temp\ccGGaiHV.s:157    .rodata.ignition_init.str1.4:00000000 $d
C:\Users\alireza\AppData\Local\Temp\ccGGaiHV.s:165    .text.ignition_init:00000000 $t
C:\Users\alireza\AppData\Local\Temp\ccGGaiHV.s:171    .text.ignition_init:00000000 ignition_init
C:\Users\alireza\AppData\Local\Temp\ccGGaiHV.s:207    .text.ignition_init:00000048 $d
C:\Users\alireza\AppData\Local\Temp\ccGGaiHV.s:211    .text.ignition_init:0000004c $t
C:\Users\alireza\AppData\Local\Temp\ccGGaiHV.s:290    .text.ignition_init:000000e8 $d
C:\Users\alireza\AppData\Local\Temp\ccGGaiHV.s:294    .text.ignition_init:000000ec $t
C:\Users\alireza\AppData\Local\Temp\ccGGaiHV.s:406    .text.ignition_init:000001d8 $d
C:\Users\alireza\AppData\Local\Temp\ccGGaiHV.s:1127   .bss.number_of_cylinders:00000000 number_of_cylinders
C:\Users\alireza\AppData\Local\Temp\ccGGaiHV.s:1132   .bss.ignition_initialized:00000000 ignition_initialized
C:\Users\alireza\AppData\Local\Temp\ccGGaiHV.s:424    .text.ignition_switch_to_coil_on_plug:00000000 $t
C:\Users\alireza\AppData\Local\Temp\ccGGaiHV.s:430    .text.ignition_switch_to_coil_on_plug:00000000 ignition_switch_to_coil_on_plug
C:\Users\alireza\AppData\Local\Temp\ccGGaiHV.s:473    .text.ignition_switch_to_coil_on_plug:00000050 $d
C:\Users\alireza\AppData\Local\Temp\ccGGaiHV.s:1117   .bss.operating_in_forced_wasted_spark:00000000 operating_in_forced_wasted_spark
C:\Users\alireza\AppData\Local\Temp\ccGGaiHV.s:485    .text.ignition_switch_to_coil_on_plug_wasted_spark:00000000 $t
C:\Users\alireza\AppData\Local\Temp\ccGGaiHV.s:491    .text.ignition_switch_to_coil_on_plug_wasted_spark:00000000 ignition_switch_to_coil_on_plug_wasted_spark
C:\Users\alireza\AppData\Local\Temp\ccGGaiHV.s:531    .text.ignition_switch_to_coil_on_plug_wasted_spark:00000048 $d
C:\Users\alireza\AppData\Local\Temp\ccGGaiHV.s:541    .text.ignition_dwell_get:00000000 $t
C:\Users\alireza\AppData\Local\Temp\ccGGaiHV.s:547    .text.ignition_dwell_get:00000000 ignition_dwell_get
C:\Users\alireza\AppData\Local\Temp\ccGGaiHV.s:577    .text.ignition_dwell_get:0000004c $d
C:\Users\alireza\AppData\Local\Temp\ccGGaiHV.s:581    .text.schedule_ignition_event:00000000 $t
C:\Users\alireza\AppData\Local\Temp\ccGGaiHV.s:587    .text.schedule_ignition_event:00000000 schedule_ignition_event
C:\Users\alireza\AppData\Local\Temp\ccGGaiHV.s:619    .text.schedule_ignition_event:00000038 $d
C:\Users\alireza\AppData\Local\Temp\ccGGaiHV.s:623    .text.ignition_get_coil_duty_cycle:00000000 $t
C:\Users\alireza\AppData\Local\Temp\ccGGaiHV.s:629    .text.ignition_get_coil_duty_cycle:00000000 ignition_get_coil_duty_cycle
C:\Users\alireza\AppData\Local\Temp\ccGGaiHV.s:636    .text.ignition_get_advance:00000000 $t
C:\Users\alireza\AppData\Local\Temp\ccGGaiHV.s:642    .text.ignition_get_advance:00000000 ignition_get_advance
C:\Users\alireza\AppData\Local\Temp\ccGGaiHV.s:722    .text.ignition_get_advance:000000e4 $d
C:\Users\alireza\AppData\Local\Temp\ccGGaiHV.s:729    .rodata.ignition_trigger_event_handle.str1.4:00000000 $d
C:\Users\alireza\AppData\Local\Temp\ccGGaiHV.s:733    .text.ignition_trigger_event_handle:00000000 $t
C:\Users\alireza\AppData\Local\Temp\ccGGaiHV.s:739    .text.ignition_trigger_event_handle:00000000 ignition_trigger_event_handle
C:\Users\alireza\AppData\Local\Temp\ccGGaiHV.s:1030   .text.ignition_trigger_event_handle:000002fc $d
C:\Users\alireza\AppData\Local\Temp\ccGGaiHV.s:1043   .text.ignition_trigger_event_handle:0000032c $t
C:\Users\alireza\AppData\Local\Temp\ccGGaiHV.s:1103   .text.ignition_trigger_event_handle:000003d0 $d
C:\Users\alireza\AppData\Local\Temp\ccGGaiHV.s:1109   .bss.ignition_events:00000000 $d
C:\Users\alireza\AppData\Local\Temp\ccGGaiHV.s:1118   .bss.operating_in_forced_wasted_spark:00000000 $d
C:\Users\alireza\AppData\Local\Temp\ccGGaiHV.s:1123   .bss.number_of_events:00000000 $d
C:\Users\alireza\AppData\Local\Temp\ccGGaiHV.s:1128   .bss.number_of_cylinders:00000000 $d
C:\Users\alireza\AppData\Local\Temp\ccGGaiHV.s:1133   .bss.ignition_initialized:00000000 $d

UNDEFINED SYMBOLS
output_set
timing_light_pulse_a_pin
diagnostics_config
ARM GAS  C:\Users\alireza\AppData\Local\Temp\ccGGaiHV.s 			page 22


ignition_output
injector_output
log_error
get_time_us
runtime
osTimerNew
osTimerStart
config
vbat_get
scheduler_schedule_event_with_arg
crankshaft_get_rpm
sensor_map_get
sensor_clt_get
table_1d_get_value
table_2d_get_value
camshaft_get_phase
crankshaft_get_next_trigger_angle
is_phase_in_range
