ARM GAS  C:\Users\alireza\AppData\Local\Temp\ccMATiRq.s 			page 1


   1              		.cpu cortex-m4
   2              		.arch armv7e-m
   3              		.fpu fpv4-sp-d16
   4              		.eabi_attribute 27, 1
   5              		.eabi_attribute 28, 1
   6              		.eabi_attribute 20, 1
   7              		.eabi_attribute 21, 1
   8              		.eabi_attribute 23, 3
   9              		.eabi_attribute 24, 1
  10              		.eabi_attribute 25, 1
  11              		.eabi_attribute 26, 1
  12              		.eabi_attribute 30, 1
  13              		.eabi_attribute 34, 1
  14              		.eabi_attribute 18, 4
  15              		.file	"stm32f4xx_hal_pcd.c"
  16              		.text
  17              		.section	.text.PCD_WriteEmptyTxFifo,"ax",%progbits
  18              		.align	1
  19              		.syntax unified
  20              		.thumb
  21              		.thumb_func
  23              	PCD_WriteEmptyTxFifo:
  24              		@ args = 0, pretend = 0, frame = 0
  25              		@ frame_needed = 0, uses_anonymous_args = 0
  26 0000 2DE9F043 		push	{r4, r5, r6, r7, r8, r9, lr}
  27 0004 83B0     		sub	sp, sp, #12
  28 0006 D0F80080 		ldr	r8, [r0]
  29 000a 01EBC103 		add	r3, r1, r1, lsl #3
  30 000e 00EB8303 		add	r3, r0, r3, lsl #2
  31 0012 9A6A     		ldr	r2, [r3, #40]
  32 0014 5B6A     		ldr	r3, [r3, #36]
  33 0016 9A42     		cmp	r2, r3
  34 0018 54D8     		bhi	.L8
  35 001a 0746     		mov	r7, r0
  36 001c 0C46     		mov	r4, r1
  37 001e 9B1A     		subs	r3, r3, r2
  38 0020 01EBC102 		add	r2, r1, r1, lsl #3
  39 0024 00EB8202 		add	r2, r0, r2, lsl #2
  40 0028 D269     		ldr	r2, [r2, #28]
  41 002a 9A42     		cmp	r2, r3
  42 002c 00D3     		bcc	.L3
  43 002e 1A46     		mov	r2, r3
  44              	.L3:
  45 0030 02F10309 		add	r9, r2, #3
  46 0034 4FEA9909 		lsr	r9, r9, #2
  47 0038 15E0     		b	.L4
  48              	.L5:
  49 003a 06F10309 		add	r9, r6, #3
  50 003e 4FEA9909 		lsr	r9, r9, #2
  51 0042 BB79     		ldrb	r3, [r7, #6]	@ zero_extendqisi2
  52 0044 04EBC405 		add	r5, r4, r4, lsl #3
  53 0048 07EB8505 		add	r5, r7, r5, lsl #2
  54 004c 296A     		ldr	r1, [r5, #32]
  55 004e 0093     		str	r3, [sp]
  56 0050 B3B2     		uxth	r3, r6
  57 0052 E2B2     		uxtb	r2, r4
  58 0054 4046     		mov	r0, r8
ARM GAS  C:\Users\alireza\AppData\Local\Temp\ccMATiRq.s 			page 2


  59 0056 FFF7FEFF 		bl	USB_WritePacket
  60 005a 2B6A     		ldr	r3, [r5, #32]
  61 005c 3344     		add	r3, r3, r6
  62 005e 2B62     		str	r3, [r5, #32]
  63 0060 AB6A     		ldr	r3, [r5, #40]
  64 0062 3344     		add	r3, r3, r6
  65 0064 AB62     		str	r3, [r5, #40]
  66              	.L4:
  67 0066 08EB4413 		add	r3, r8, r4, lsl #5
  68 006a 03F51063 		add	r3, r3, #2304
  69 006e 9B69     		ldr	r3, [r3, #24]
  70 0070 9BB2     		uxth	r3, r3
  71 0072 4B45     		cmp	r3, r9
  72 0074 12D3     		bcc	.L6
  73 0076 04EBC403 		add	r3, r4, r4, lsl #3
  74 007a 07EB8303 		add	r3, r7, r3, lsl #2
  75 007e 9A6A     		ldr	r2, [r3, #40]
  76 0080 5B6A     		ldr	r3, [r3, #36]
  77 0082 9A42     		cmp	r2, r3
  78 0084 0AD2     		bcs	.L6
  79 0086 4BB1     		cbz	r3, .L6
  80 0088 9B1A     		subs	r3, r3, r2
  81 008a 04EBC402 		add	r2, r4, r4, lsl #3
  82 008e 07EB8202 		add	r2, r7, r2, lsl #2
  83 0092 D669     		ldr	r6, [r2, #28]
  84 0094 9E42     		cmp	r6, r3
  85 0096 D0D3     		bcc	.L5
  86 0098 1E46     		mov	r6, r3
  87 009a CEE7     		b	.L5
  88              	.L6:
  89 009c 04EBC403 		add	r3, r4, r4, lsl #3
  90 00a0 07EB8307 		add	r7, r7, r3, lsl #2
  91 00a4 7A6A     		ldr	r2, [r7, #36]
  92 00a6 BB6A     		ldr	r3, [r7, #40]
  93 00a8 9A42     		cmp	r2, r3
  94 00aa 0FD8     		bhi	.L9
  95 00ac 04F00F04 		and	r4, r4, #15
  96 00b0 0122     		movs	r2, #1
  97 00b2 A240     		lsls	r2, r2, r4
  98 00b4 D8F83438 		ldr	r3, [r8, #2100]
  99 00b8 23EA0203 		bic	r3, r3, r2
 100 00bc C8F83438 		str	r3, [r8, #2100]
 101 00c0 0020     		movs	r0, #0
 102 00c2 00E0     		b	.L2
 103              	.L8:
 104 00c4 0120     		movs	r0, #1
 105              	.L2:
 106 00c6 03B0     		add	sp, sp, #12
 107              		@ sp needed
 108 00c8 BDE8F083 		pop	{r4, r5, r6, r7, r8, r9, pc}
 109              	.L9:
 110 00cc 0020     		movs	r0, #0
 111 00ce FAE7     		b	.L2
 113              		.section	.text.HAL_PCD_MspInit,"ax",%progbits
 114              		.align	1
 115              		.weak	HAL_PCD_MspInit
 116              		.syntax unified
ARM GAS  C:\Users\alireza\AppData\Local\Temp\ccMATiRq.s 			page 3


 117              		.thumb
 118              		.thumb_func
 120              	HAL_PCD_MspInit:
 121              		@ args = 0, pretend = 0, frame = 0
 122              		@ frame_needed = 0, uses_anonymous_args = 0
 123              		@ link register save eliminated.
 124 0000 7047     		bx	lr
 126              		.section	.text.HAL_PCD_Init,"ax",%progbits
 127              		.align	1
 128              		.global	HAL_PCD_Init
 129              		.syntax unified
 130              		.thumb
 131              		.thumb_func
 133              	HAL_PCD_Init:
 134              		@ args = 0, pretend = 0, frame = 0
 135              		@ frame_needed = 0, uses_anonymous_args = 0
 136 0000 30B5     		push	{r4, r5, lr}
 137 0002 83B0     		sub	sp, sp, #12
 138 0004 0028     		cmp	r0, #0
 139 0006 7AD0     		beq	.L22
 140 0008 0446     		mov	r4, r0
 141 000a 0568     		ldr	r5, [r0]
 142 000c 90F89534 		ldrb	r3, [r0, #1173]	@ zero_extendqisi2
 143 0010 C3B1     		cbz	r3, .L25
 144              	.L14:
 145 0012 0323     		movs	r3, #3
 146 0014 84F89534 		strb	r3, [r4, #1173]
 147 0018 B5F1A04F 		cmp	r5, #1342177280
 148 001c 17D0     		beq	.L26
 149              	.L15:
 150 001e 2068     		ldr	r0, [r4]
 151 0020 FFF7FEFF 		bl	USB_DisableGlobalInt
 152 0024 237C     		ldrb	r3, [r4, #16]	@ zero_extendqisi2
 153 0026 8DF80030 		strb	r3, [sp]
 154 002a 231D     		adds	r3, r4, #4
 155 002c 0ECB     		ldm	r3, {r1, r2, r3}
 156 002e 2068     		ldr	r0, [r4]
 157 0030 FFF7FEFF 		bl	USB_CoreInit
 158 0034 70B1     		cbz	r0, .L16
 159 0036 0223     		movs	r3, #2
 160 0038 84F89534 		strb	r3, [r4, #1173]
 161 003c 0125     		movs	r5, #1
 162              	.L13:
 163 003e 2846     		mov	r0, r5
 164 0040 03B0     		add	sp, sp, #12
 165              		@ sp needed
 166 0042 30BD     		pop	{r4, r5, pc}
 167              	.L25:
 168 0044 80F89434 		strb	r3, [r0, #1172]
 169 0048 FFF7FEFF 		bl	HAL_PCD_MspInit
 170 004c E1E7     		b	.L14
 171              	.L26:
 172 004e 0023     		movs	r3, #0
 173 0050 A371     		strb	r3, [r4, #6]
 174 0052 E4E7     		b	.L15
 175              	.L16:
 176 0054 0021     		movs	r1, #0
ARM GAS  C:\Users\alireza\AppData\Local\Temp\ccMATiRq.s 			page 4


 177 0056 2068     		ldr	r0, [r4]
 178 0058 FFF7FEFF 		bl	USB_SetCurrentMode
 179 005c 0246     		mov	r2, r0
 180 005e B8B9     		cbnz	r0, .L27
 181 0060 0346     		mov	r3, r0
 182              	.L17:
 183 0062 2079     		ldrb	r0, [r4, #4]	@ zero_extendqisi2
 184 0064 9842     		cmp	r0, r3
 185 0066 18D9     		bls	.L19
 186 0068 03EBC301 		add	r1, r3, r3, lsl #3
 187 006c 04EB8101 		add	r1, r4, r1, lsl #2
 188 0070 0120     		movs	r0, #1
 189 0072 4875     		strb	r0, [r1, #21]
 190 0074 0B75     		strb	r3, [r1, #20]
 191 0076 CB85     		strh	r3, [r1, #46]	@ movhi
 192 0078 0020     		movs	r0, #0
 193 007a 0876     		strb	r0, [r1, #24]
 194 007c C861     		str	r0, [r1, #28]
 195 007e 0862     		str	r0, [r1, #32]
 196 0080 03EBC301 		add	r1, r3, r3, lsl #3
 197 0084 04EB8101 		add	r1, r4, r1, lsl #2
 198 0088 4862     		str	r0, [r1, #36]
 199 008a 0133     		adds	r3, r3, #1
 200 008c DBB2     		uxtb	r3, r3
 201 008e E8E7     		b	.L17
 202              	.L27:
 203 0090 0223     		movs	r3, #2
 204 0092 84F89534 		strb	r3, [r4, #1173]
 205 0096 0125     		movs	r5, #1
 206 0098 D1E7     		b	.L13
 207              	.L19:
 208 009a 9042     		cmp	r0, r2
 209 009c 17D9     		bls	.L28
 210 009e 02EBC203 		add	r3, r2, r2, lsl #3
 211 00a2 04EB8303 		add	r3, r4, r3, lsl #2
 212 00a6 0021     		movs	r1, #0
 213 00a8 83F85512 		strb	r1, [r3, #597]
 214 00ac 83F85422 		strb	r2, [r3, #596]
 215 00b0 83F85812 		strb	r1, [r3, #600]
 216 00b4 C3F85C12 		str	r1, [r3, #604]
 217 00b8 C3F86012 		str	r1, [r3, #608]
 218 00bc 02EBC203 		add	r3, r2, r2, lsl #3
 219 00c0 04EB8303 		add	r3, r4, r3, lsl #2
 220 00c4 C3F86412 		str	r1, [r3, #612]
 221 00c8 0132     		adds	r2, r2, #1
 222 00ca D2B2     		uxtb	r2, r2
 223 00cc E5E7     		b	.L19
 224              	.L28:
 225 00ce 237C     		ldrb	r3, [r4, #16]	@ zero_extendqisi2
 226 00d0 8DF80030 		strb	r3, [sp]
 227 00d4 231D     		adds	r3, r4, #4
 228 00d6 0ECB     		ldm	r3, {r1, r2, r3}
 229 00d8 2068     		ldr	r0, [r4]
 230 00da FFF7FEFF 		bl	USB_DevInit
 231 00de 0546     		mov	r5, r0
 232 00e0 20B1     		cbz	r0, .L21
 233 00e2 0223     		movs	r3, #2
ARM GAS  C:\Users\alireza\AppData\Local\Temp\ccMATiRq.s 			page 5


 234 00e4 84F89534 		strb	r3, [r4, #1173]
 235 00e8 0125     		movs	r5, #1
 236 00ea A8E7     		b	.L13
 237              	.L21:
 238 00ec 0023     		movs	r3, #0
 239 00ee 6374     		strb	r3, [r4, #17]
 240 00f0 0123     		movs	r3, #1
 241 00f2 84F89534 		strb	r3, [r4, #1173]
 242 00f6 2068     		ldr	r0, [r4]
 243 00f8 FFF7FEFF 		bl	USB_DevDisconnect
 244 00fc 9FE7     		b	.L13
 245              	.L22:
 246 00fe 0125     		movs	r5, #1
 247 0100 9DE7     		b	.L13
 249              		.section	.text.HAL_PCD_MspDeInit,"ax",%progbits
 250              		.align	1
 251              		.weak	HAL_PCD_MspDeInit
 252              		.syntax unified
 253              		.thumb
 254              		.thumb_func
 256              	HAL_PCD_MspDeInit:
 257              		@ args = 0, pretend = 0, frame = 0
 258              		@ frame_needed = 0, uses_anonymous_args = 0
 259              		@ link register save eliminated.
 260 0000 7047     		bx	lr
 262              		.section	.text.HAL_PCD_DeInit,"ax",%progbits
 263              		.align	1
 264              		.global	HAL_PCD_DeInit
 265              		.syntax unified
 266              		.thumb
 267              		.thumb_func
 269              	HAL_PCD_DeInit:
 270              		@ args = 0, pretend = 0, frame = 0
 271              		@ frame_needed = 0, uses_anonymous_args = 0
 272 0000 38B5     		push	{r3, r4, r5, lr}
 273 0002 90B1     		cbz	r0, .L32
 274 0004 0446     		mov	r4, r0
 275 0006 0323     		movs	r3, #3
 276 0008 80F89534 		strb	r3, [r0, #1173]
 277 000c 0068     		ldr	r0, [r0]
 278 000e FFF7FEFF 		bl	USB_StopDevice
 279 0012 0546     		mov	r5, r0
 280 0014 10B1     		cbz	r0, .L35
 281 0016 0125     		movs	r5, #1
 282              	.L31:
 283 0018 2846     		mov	r0, r5
 284 001a 38BD     		pop	{r3, r4, r5, pc}
 285              	.L35:
 286 001c 2046     		mov	r0, r4
 287 001e FFF7FEFF 		bl	HAL_PCD_MspDeInit
 288 0022 0023     		movs	r3, #0
 289 0024 84F89534 		strb	r3, [r4, #1173]
 290 0028 F6E7     		b	.L31
 291              	.L32:
 292 002a 0125     		movs	r5, #1
 293 002c F4E7     		b	.L31
 295              		.section	.text.HAL_PCD_Start,"ax",%progbits
ARM GAS  C:\Users\alireza\AppData\Local\Temp\ccMATiRq.s 			page 6


 296              		.align	1
 297              		.global	HAL_PCD_Start
 298              		.syntax unified
 299              		.thumb
 300              		.thumb_func
 302              	HAL_PCD_Start:
 303              		@ args = 0, pretend = 0, frame = 0
 304              		@ frame_needed = 0, uses_anonymous_args = 0
 305 0000 0368     		ldr	r3, [r0]
 306 0002 90F89424 		ldrb	r2, [r0, #1172]	@ zero_extendqisi2
 307 0006 012A     		cmp	r2, #1
 308 0008 1AD0     		beq	.L39
 309 000a 10B5     		push	{r4, lr}
 310 000c 0446     		mov	r4, r0
 311 000e 0122     		movs	r2, #1
 312 0010 80F89424 		strb	r2, [r0, #1172]
 313 0014 DA68     		ldr	r2, [r3, #12]
 314 0016 12F0400F 		tst	r2, #64
 315 001a 02D0     		beq	.L38
 316 001c 427B     		ldrb	r2, [r0, #13]	@ zero_extendqisi2
 317 001e 012A     		cmp	r2, #1
 318 0020 09D0     		beq	.L44
 319              	.L38:
 320 0022 2068     		ldr	r0, [r4]
 321 0024 FFF7FEFF 		bl	USB_EnableGlobalInt
 322 0028 2068     		ldr	r0, [r4]
 323 002a FFF7FEFF 		bl	USB_DevConnect
 324 002e 0020     		movs	r0, #0
 325 0030 84F89404 		strb	r0, [r4, #1172]
 326 0034 10BD     		pop	{r4, pc}
 327              	.L44:
 328 0036 9A6B     		ldr	r2, [r3, #56]
 329 0038 42F48032 		orr	r2, r2, #65536
 330 003c 9A63     		str	r2, [r3, #56]
 331 003e F0E7     		b	.L38
 332              	.L39:
 333 0040 0220     		movs	r0, #2
 334 0042 7047     		bx	lr
 336              		.section	.text.HAL_PCD_Stop,"ax",%progbits
 337              		.align	1
 338              		.global	HAL_PCD_Stop
 339              		.syntax unified
 340              		.thumb
 341              		.thumb_func
 343              	HAL_PCD_Stop:
 344              		@ args = 0, pretend = 0, frame = 0
 345              		@ frame_needed = 0, uses_anonymous_args = 0
 346 0000 38B5     		push	{r3, r4, r5, lr}
 347 0002 0568     		ldr	r5, [r0]
 348 0004 90F89434 		ldrb	r3, [r0, #1172]	@ zero_extendqisi2
 349 0008 012B     		cmp	r3, #1
 350 000a 1DD0     		beq	.L48
 351 000c 0446     		mov	r4, r0
 352 000e 0123     		movs	r3, #1
 353 0010 80F89434 		strb	r3, [r0, #1172]
 354 0014 2846     		mov	r0, r5
 355 0016 FFF7FEFF 		bl	USB_DisableGlobalInt
ARM GAS  C:\Users\alireza\AppData\Local\Temp\ccMATiRq.s 			page 7


 356 001a 2068     		ldr	r0, [r4]
 357 001c FFF7FEFF 		bl	USB_DevDisconnect
 358 0020 1021     		movs	r1, #16
 359 0022 2068     		ldr	r0, [r4]
 360 0024 FFF7FEFF 		bl	USB_FlushTxFifo
 361 0028 EB68     		ldr	r3, [r5, #12]
 362 002a 13F0400F 		tst	r3, #64
 363 002e 02D0     		beq	.L47
 364 0030 637B     		ldrb	r3, [r4, #13]	@ zero_extendqisi2
 365 0032 012B     		cmp	r3, #1
 366 0034 03D0     		beq	.L50
 367              	.L47:
 368 0036 0020     		movs	r0, #0
 369 0038 84F89404 		strb	r0, [r4, #1172]
 370              	.L46:
 371 003c 38BD     		pop	{r3, r4, r5, pc}
 372              	.L50:
 373 003e AB6B     		ldr	r3, [r5, #56]
 374 0040 23F48033 		bic	r3, r3, #65536
 375 0044 AB63     		str	r3, [r5, #56]
 376 0046 F6E7     		b	.L47
 377              	.L48:
 378 0048 0220     		movs	r0, #2
 379 004a F7E7     		b	.L46
 381              		.section	.text.HAL_PCD_WKUP_IRQHandler,"ax",%progbits
 382              		.align	1
 383              		.global	HAL_PCD_WKUP_IRQHandler
 384              		.syntax unified
 385              		.thumb
 386              		.thumb_func
 388              	HAL_PCD_WKUP_IRQHandler:
 389              		@ args = 0, pretend = 0, frame = 0
 390              		@ frame_needed = 0, uses_anonymous_args = 0
 391              		@ link register save eliminated.
 392 0000 0368     		ldr	r3, [r0]
 393 0002 B3F1A04F 		cmp	r3, #1342177280
 394 0006 04D0     		beq	.L54
 395 0008 044B     		ldr	r3, .L55
 396 000a 4FF48012 		mov	r2, #1048576
 397 000e 5A61     		str	r2, [r3, #20]
 398 0010 7047     		bx	lr
 399              	.L54:
 400 0012 024B     		ldr	r3, .L55
 401 0014 4FF48022 		mov	r2, #262144
 402 0018 5A61     		str	r2, [r3, #20]
 403 001a 7047     		bx	lr
 404              	.L56:
 405              		.align	2
 406              	.L55:
 407 001c 003C0140 		.word	1073822720
 409              		.section	.text.HAL_PCD_DataOutStageCallback,"ax",%progbits
 410              		.align	1
 411              		.weak	HAL_PCD_DataOutStageCallback
 412              		.syntax unified
 413              		.thumb
 414              		.thumb_func
 416              	HAL_PCD_DataOutStageCallback:
ARM GAS  C:\Users\alireza\AppData\Local\Temp\ccMATiRq.s 			page 8


 417              		@ args = 0, pretend = 0, frame = 0
 418              		@ frame_needed = 0, uses_anonymous_args = 0
 419              		@ link register save eliminated.
 420 0000 7047     		bx	lr
 422              		.section	.text.PCD_EP_OutXfrComplete_int,"ax",%progbits
 423              		.align	1
 424              		.syntax unified
 425              		.thumb
 426              		.thumb_func
 428              	PCD_EP_OutXfrComplete_int:
 429              		@ args = 0, pretend = 0, frame = 0
 430              		@ frame_needed = 0, uses_anonymous_args = 0
 431 0000 70B5     		push	{r4, r5, r6, lr}
 432 0002 0446     		mov	r4, r0
 433 0004 0D46     		mov	r5, r1
 434 0006 0068     		ldr	r0, [r0]
 435 0008 066C     		ldr	r6, [r0, #64]
 436 000a 00EB4113 		add	r3, r0, r1, lsl #5
 437 000e 03F53063 		add	r3, r3, #2816
 438 0012 9A68     		ldr	r2, [r3, #8]
 439 0014 A179     		ldrb	r1, [r4, #6]	@ zero_extendqisi2
 440 0016 0129     		cmp	r1, #1
 441 0018 11D0     		beq	.L71
 442 001a 3849     		ldr	r1, .L75
 443 001c 8E42     		cmp	r6, r1
 444 001e 56D0     		beq	.L72
 445 0020 3DB9     		cbnz	r5, .L69
 446 0022 05EBC503 		add	r3, r5, r5, lsl #3
 447 0026 04EB8303 		add	r3, r4, r3, lsl #2
 448 002a D3F86432 		ldr	r3, [r3, #612]
 449 002e 002B     		cmp	r3, #0
 450 0030 5ED0     		beq	.L73
 451              	.L69:
 452 0032 E9B2     		uxtb	r1, r5
 453 0034 2046     		mov	r0, r4
 454 0036 FFF7FEFF 		bl	HAL_PCD_DataOutStageCallback
 455              	.L61:
 456 003a 0020     		movs	r0, #0
 457 003c 70BD     		pop	{r4, r5, r6, pc}
 458              	.L71:
 459 003e 12F0080F 		tst	r2, #8
 460 0042 09D0     		beq	.L60
 461 0044 2E49     		ldr	r1, .L75+4
 462 0046 8E42     		cmp	r6, r1
 463 0048 F7D9     		bls	.L61
 464 004a 12F4004F 		tst	r2, #32768
 465 004e F4D0     		beq	.L61
 466 0050 4FF40042 		mov	r2, #32768
 467 0054 9A60     		str	r2, [r3, #8]
 468 0056 F0E7     		b	.L61
 469              	.L60:
 470 0058 12F0200F 		tst	r2, #32
 471 005c 02D0     		beq	.L62
 472 005e 2022     		movs	r2, #32
 473 0060 9A60     		str	r2, [r3, #8]
 474 0062 EAE7     		b	.L61
 475              	.L62:
ARM GAS  C:\Users\alireza\AppData\Local\Temp\ccMATiRq.s 			page 9


 476 0064 12F0280F 		tst	r2, #40
 477 0068 E7D1     		bne	.L61
 478 006a 2549     		ldr	r1, .L75+4
 479 006c 8E42     		cmp	r6, r1
 480 006e 06D9     		bls	.L63
 481 0070 12F4004F 		tst	r2, #32768
 482 0074 03D0     		beq	.L63
 483 0076 4FF40042 		mov	r2, #32768
 484 007a 9A60     		str	r2, [r3, #8]
 485 007c DDE7     		b	.L61
 486              	.L63:
 487 007e 05EBC502 		add	r2, r5, r5, lsl #3
 488 0082 04EB8202 		add	r2, r4, r2, lsl #2
 489 0086 D2F87412 		ldr	r1, [r2, #628]
 490 008a 1B69     		ldr	r3, [r3, #16]
 491 008c C3F31203 		ubfx	r3, r3, #0, #19
 492 0090 CB1A     		subs	r3, r1, r3
 493 0092 C2F86832 		str	r3, [r2, #616]
 494 0096 7DB9     		cbnz	r5, .L64
 495 0098 05EBC502 		add	r2, r5, r5, lsl #3
 496 009c 04EB8202 		add	r2, r4, r2, lsl #2
 497 00a0 D2F86422 		ldr	r2, [r2, #612]
 498 00a4 6AB1     		cbz	r2, .L74
 499 00a6 05EBC502 		add	r2, r5, r5, lsl #3
 500 00aa 04EB8202 		add	r2, r4, r2, lsl #2
 501 00ae D2F86012 		ldr	r1, [r2, #608]
 502 00b2 1944     		add	r1, r1, r3
 503 00b4 C2F86012 		str	r1, [r2, #608]
 504              	.L64:
 505 00b8 E9B2     		uxtb	r1, r5
 506 00ba 2046     		mov	r0, r4
 507 00bc FFF7FEFF 		bl	HAL_PCD_DataOutStageCallback
 508 00c0 BBE7     		b	.L61
 509              	.L74:
 510 00c2 04F29C42 		addw	r2, r4, #1180
 511 00c6 0121     		movs	r1, #1
 512 00c8 FFF7FEFF 		bl	USB_EP0_OutStart
 513 00cc F4E7     		b	.L64
 514              	.L72:
 515 00ce 12F4004F 		tst	r2, #32768
 516 00d2 03D0     		beq	.L67
 517 00d4 4FF40042 		mov	r2, #32768
 518 00d8 9A60     		str	r2, [r3, #8]
 519 00da AEE7     		b	.L61
 520              	.L67:
 521 00dc 12F0200F 		tst	r2, #32
 522 00e0 01D0     		beq	.L68
 523 00e2 2022     		movs	r2, #32
 524 00e4 9A60     		str	r2, [r3, #8]
 525              	.L68:
 526 00e6 E9B2     		uxtb	r1, r5
 527 00e8 2046     		mov	r0, r4
 528 00ea FFF7FEFF 		bl	HAL_PCD_DataOutStageCallback
 529 00ee A4E7     		b	.L61
 530              	.L73:
 531 00f0 04F29C42 		addw	r2, r4, #1180
 532 00f4 0021     		movs	r1, #0
ARM GAS  C:\Users\alireza\AppData\Local\Temp\ccMATiRq.s 			page 10


 533 00f6 FFF7FEFF 		bl	USB_EP0_OutStart
 534 00fa 9AE7     		b	.L69
 535              	.L76:
 536              		.align	2
 537              	.L75:
 538 00fc 0A31544F 		.word	1330917642
 539 0100 0A30544F 		.word	1330917386
 541              		.section	.text.HAL_PCD_DataInStageCallback,"ax",%progbits
 542              		.align	1
 543              		.weak	HAL_PCD_DataInStageCallback
 544              		.syntax unified
 545              		.thumb
 546              		.thumb_func
 548              	HAL_PCD_DataInStageCallback:
 549              		@ args = 0, pretend = 0, frame = 0
 550              		@ frame_needed = 0, uses_anonymous_args = 0
 551              		@ link register save eliminated.
 552 0000 7047     		bx	lr
 554              		.section	.text.HAL_PCD_SetupStageCallback,"ax",%progbits
 555              		.align	1
 556              		.weak	HAL_PCD_SetupStageCallback
 557              		.syntax unified
 558              		.thumb
 559              		.thumb_func
 561              	HAL_PCD_SetupStageCallback:
 562              		@ args = 0, pretend = 0, frame = 0
 563              		@ frame_needed = 0, uses_anonymous_args = 0
 564              		@ link register save eliminated.
 565 0000 7047     		bx	lr
 567              		.section	.text.PCD_EP_OutSetupPacket_int,"ax",%progbits
 568              		.align	1
 569              		.syntax unified
 570              		.thumb
 571              		.thumb_func
 573              	PCD_EP_OutSetupPacket_int:
 574              		@ args = 0, pretend = 0, frame = 0
 575              		@ frame_needed = 0, uses_anonymous_args = 0
 576 0000 38B5     		push	{r3, r4, r5, lr}
 577 0002 0446     		mov	r4, r0
 578 0004 0368     		ldr	r3, [r0]
 579 0006 1D6C     		ldr	r5, [r3, #64]
 580 0008 03EB4113 		add	r3, r3, r1, lsl #5
 581 000c D3F8081B 		ldr	r1, [r3, #2824]
 582 0010 0E4A     		ldr	r2, .L84
 583 0012 9542     		cmp	r5, r2
 584 0014 07D9     		bls	.L80
 585 0016 03F53063 		add	r3, r3, #2816
 586 001a 11F4004F 		tst	r1, #32768
 587 001e 02D0     		beq	.L80
 588 0020 4FF40042 		mov	r2, #32768
 589 0024 9A60     		str	r2, [r3, #8]
 590              	.L80:
 591 0026 2046     		mov	r0, r4
 592 0028 FFF7FEFF 		bl	HAL_PCD_SetupStageCallback
 593 002c 074B     		ldr	r3, .L84
 594 002e 9D42     		cmp	r5, r3
 595 0030 02D9     		bls	.L81
ARM GAS  C:\Users\alireza\AppData\Local\Temp\ccMATiRq.s 			page 11


 596 0032 A379     		ldrb	r3, [r4, #6]	@ zero_extendqisi2
 597 0034 012B     		cmp	r3, #1
 598 0036 01D0     		beq	.L83
 599              	.L81:
 600 0038 0020     		movs	r0, #0
 601 003a 38BD     		pop	{r3, r4, r5, pc}
 602              	.L83:
 603 003c 04F29C42 		addw	r2, r4, #1180
 604 0040 0121     		movs	r1, #1
 605 0042 2068     		ldr	r0, [r4]
 606 0044 FFF7FEFF 		bl	USB_EP0_OutStart
 607 0048 F6E7     		b	.L81
 608              	.L85:
 609 004a 00BF     		.align	2
 610              	.L84:
 611 004c 0A30544F 		.word	1330917386
 613              		.section	.text.HAL_PCD_SOFCallback,"ax",%progbits
 614              		.align	1
 615              		.weak	HAL_PCD_SOFCallback
 616              		.syntax unified
 617              		.thumb
 618              		.thumb_func
 620              	HAL_PCD_SOFCallback:
 621              		@ args = 0, pretend = 0, frame = 0
 622              		@ frame_needed = 0, uses_anonymous_args = 0
 623              		@ link register save eliminated.
 624 0000 7047     		bx	lr
 626              		.section	.text.HAL_PCD_ResetCallback,"ax",%progbits
 627              		.align	1
 628              		.weak	HAL_PCD_ResetCallback
 629              		.syntax unified
 630              		.thumb
 631              		.thumb_func
 633              	HAL_PCD_ResetCallback:
 634              		@ args = 0, pretend = 0, frame = 0
 635              		@ frame_needed = 0, uses_anonymous_args = 0
 636              		@ link register save eliminated.
 637 0000 7047     		bx	lr
 639              		.section	.text.HAL_PCD_SuspendCallback,"ax",%progbits
 640              		.align	1
 641              		.weak	HAL_PCD_SuspendCallback
 642              		.syntax unified
 643              		.thumb
 644              		.thumb_func
 646              	HAL_PCD_SuspendCallback:
 647              		@ args = 0, pretend = 0, frame = 0
 648              		@ frame_needed = 0, uses_anonymous_args = 0
 649              		@ link register save eliminated.
 650 0000 7047     		bx	lr
 652              		.section	.text.HAL_PCD_ResumeCallback,"ax",%progbits
 653              		.align	1
 654              		.weak	HAL_PCD_ResumeCallback
 655              		.syntax unified
 656              		.thumb
 657              		.thumb_func
 659              	HAL_PCD_ResumeCallback:
 660              		@ args = 0, pretend = 0, frame = 0
ARM GAS  C:\Users\alireza\AppData\Local\Temp\ccMATiRq.s 			page 12


 661              		@ frame_needed = 0, uses_anonymous_args = 0
 662              		@ link register save eliminated.
 663 0000 7047     		bx	lr
 665              		.section	.text.HAL_PCD_ISOOUTIncompleteCallback,"ax",%progbits
 666              		.align	1
 667              		.weak	HAL_PCD_ISOOUTIncompleteCallback
 668              		.syntax unified
 669              		.thumb
 670              		.thumb_func
 672              	HAL_PCD_ISOOUTIncompleteCallback:
 673              		@ args = 0, pretend = 0, frame = 0
 674              		@ frame_needed = 0, uses_anonymous_args = 0
 675              		@ link register save eliminated.
 676 0000 7047     		bx	lr
 678              		.section	.text.HAL_PCD_ISOINIncompleteCallback,"ax",%progbits
 679              		.align	1
 680              		.weak	HAL_PCD_ISOINIncompleteCallback
 681              		.syntax unified
 682              		.thumb
 683              		.thumb_func
 685              	HAL_PCD_ISOINIncompleteCallback:
 686              		@ args = 0, pretend = 0, frame = 0
 687              		@ frame_needed = 0, uses_anonymous_args = 0
 688              		@ link register save eliminated.
 689 0000 7047     		bx	lr
 691              		.section	.text.HAL_PCD_ConnectCallback,"ax",%progbits
 692              		.align	1
 693              		.weak	HAL_PCD_ConnectCallback
 694              		.syntax unified
 695              		.thumb
 696              		.thumb_func
 698              	HAL_PCD_ConnectCallback:
 699              		@ args = 0, pretend = 0, frame = 0
 700              		@ frame_needed = 0, uses_anonymous_args = 0
 701              		@ link register save eliminated.
 702 0000 7047     		bx	lr
 704              		.section	.text.HAL_PCD_DisconnectCallback,"ax",%progbits
 705              		.align	1
 706              		.weak	HAL_PCD_DisconnectCallback
 707              		.syntax unified
 708              		.thumb
 709              		.thumb_func
 711              	HAL_PCD_DisconnectCallback:
 712              		@ args = 0, pretend = 0, frame = 0
 713              		@ frame_needed = 0, uses_anonymous_args = 0
 714              		@ link register save eliminated.
 715 0000 7047     		bx	lr
 717              		.section	.text.HAL_PCD_DevConnect,"ax",%progbits
 718              		.align	1
 719              		.global	HAL_PCD_DevConnect
 720              		.syntax unified
 721              		.thumb
 722              		.thumb_func
 724              	HAL_PCD_DevConnect:
 725              		@ args = 0, pretend = 0, frame = 0
 726              		@ frame_needed = 0, uses_anonymous_args = 0
 727 0000 0368     		ldr	r3, [r0]
ARM GAS  C:\Users\alireza\AppData\Local\Temp\ccMATiRq.s 			page 13


 728 0002 90F89424 		ldrb	r2, [r0, #1172]	@ zero_extendqisi2
 729 0006 012A     		cmp	r2, #1
 730 0008 17D0     		beq	.L97
 731 000a 10B5     		push	{r4, lr}
 732 000c 0446     		mov	r4, r0
 733 000e 0122     		movs	r2, #1
 734 0010 80F89424 		strb	r2, [r0, #1172]
 735 0014 DA68     		ldr	r2, [r3, #12]
 736 0016 12F0400F 		tst	r2, #64
 737 001a 02D0     		beq	.L96
 738 001c 427B     		ldrb	r2, [r0, #13]	@ zero_extendqisi2
 739 001e 012A     		cmp	r2, #1
 740 0020 06D0     		beq	.L102
 741              	.L96:
 742 0022 2068     		ldr	r0, [r4]
 743 0024 FFF7FEFF 		bl	USB_DevConnect
 744 0028 0020     		movs	r0, #0
 745 002a 84F89404 		strb	r0, [r4, #1172]
 746 002e 10BD     		pop	{r4, pc}
 747              	.L102:
 748 0030 9A6B     		ldr	r2, [r3, #56]
 749 0032 42F48032 		orr	r2, r2, #65536
 750 0036 9A63     		str	r2, [r3, #56]
 751 0038 F3E7     		b	.L96
 752              	.L97:
 753 003a 0220     		movs	r0, #2
 754 003c 7047     		bx	lr
 756              		.section	.text.HAL_PCD_DevDisconnect,"ax",%progbits
 757              		.align	1
 758              		.global	HAL_PCD_DevDisconnect
 759              		.syntax unified
 760              		.thumb
 761              		.thumb_func
 763              	HAL_PCD_DevDisconnect:
 764              		@ args = 0, pretend = 0, frame = 0
 765              		@ frame_needed = 0, uses_anonymous_args = 0
 766 0000 38B5     		push	{r3, r4, r5, lr}
 767 0002 0568     		ldr	r5, [r0]
 768 0004 90F89434 		ldrb	r3, [r0, #1172]	@ zero_extendqisi2
 769 0008 012B     		cmp	r3, #1
 770 000a 16D0     		beq	.L106
 771 000c 0446     		mov	r4, r0
 772 000e 0123     		movs	r3, #1
 773 0010 80F89434 		strb	r3, [r0, #1172]
 774 0014 2846     		mov	r0, r5
 775 0016 FFF7FEFF 		bl	USB_DevDisconnect
 776 001a EB68     		ldr	r3, [r5, #12]
 777 001c 13F0400F 		tst	r3, #64
 778 0020 02D0     		beq	.L105
 779 0022 637B     		ldrb	r3, [r4, #13]	@ zero_extendqisi2
 780 0024 012B     		cmp	r3, #1
 781 0026 03D0     		beq	.L108
 782              	.L105:
 783 0028 0020     		movs	r0, #0
 784 002a 84F89404 		strb	r0, [r4, #1172]
 785              	.L104:
 786 002e 38BD     		pop	{r3, r4, r5, pc}
ARM GAS  C:\Users\alireza\AppData\Local\Temp\ccMATiRq.s 			page 14


 787              	.L108:
 788 0030 AB6B     		ldr	r3, [r5, #56]
 789 0032 23F48033 		bic	r3, r3, #65536
 790 0036 AB63     		str	r3, [r5, #56]
 791 0038 F6E7     		b	.L105
 792              	.L106:
 793 003a 0220     		movs	r0, #2
 794 003c F7E7     		b	.L104
 796              		.section	.text.HAL_PCD_SetAddress,"ax",%progbits
 797              		.align	1
 798              		.global	HAL_PCD_SetAddress
 799              		.syntax unified
 800              		.thumb
 801              		.thumb_func
 803              	HAL_PCD_SetAddress:
 804              		@ args = 0, pretend = 0, frame = 0
 805              		@ frame_needed = 0, uses_anonymous_args = 0
 806 0000 90F89434 		ldrb	r3, [r0, #1172]	@ zero_extendqisi2
 807 0004 012B     		cmp	r3, #1
 808 0006 0CD0     		beq	.L111
 809 0008 10B5     		push	{r4, lr}
 810 000a 0446     		mov	r4, r0
 811 000c 0123     		movs	r3, #1
 812 000e 80F89434 		strb	r3, [r0, #1172]
 813 0012 4174     		strb	r1, [r0, #17]
 814 0014 0068     		ldr	r0, [r0]
 815 0016 FFF7FEFF 		bl	USB_SetDevAddress
 816 001a 0020     		movs	r0, #0
 817 001c 84F89404 		strb	r0, [r4, #1172]
 818 0020 10BD     		pop	{r4, pc}
 819              	.L111:
 820 0022 0220     		movs	r0, #2
 821 0024 7047     		bx	lr
 823              		.section	.text.HAL_PCD_EP_Open,"ax",%progbits
 824              		.align	1
 825              		.global	HAL_PCD_EP_Open
 826              		.syntax unified
 827              		.thumb
 828              		.thumb_func
 830              	HAL_PCD_EP_Open:
 831              		@ args = 0, pretend = 0, frame = 0
 832              		@ frame_needed = 0, uses_anonymous_args = 0
 833 0000 38B5     		push	{r3, r4, r5, lr}
 834 0002 0546     		mov	r5, r0
 835 0004 8C46     		mov	ip, r1
 836 0006 11F0800F 		tst	r1, #128
 837 000a 2BD1     		bne	.L124
 838 000c 01F00F0E 		and	lr, r1, #15
 839 0010 0EEBCE04 		add	r4, lr, lr, lsl #3
 840 0014 A400     		lsls	r4, r4, #2
 841 0016 04F51474 		add	r4, r4, #592
 842 001a 0444     		add	r4, r4, r0
 843 001c 211D     		adds	r1, r4, #4
 844 001e 0EEBCE0E 		add	lr, lr, lr, lsl #3
 845 0022 00EB8E0E 		add	lr, r0, lr, lsl #2
 846 0026 0020     		movs	r0, #0
 847 0028 8EF85502 		strb	r0, [lr, #597]
ARM GAS  C:\Users\alireza\AppData\Local\Temp\ccMATiRq.s 			page 15


 848              	.L118:
 849 002c 0CF00F0C 		and	ip, ip, #15
 850 0030 81F800C0 		strb	ip, [r1]
 851 0034 C2F30A02 		ubfx	r2, r2, #0, #11
 852 0038 8A60     		str	r2, [r1, #8]
 853 003a 0B71     		strb	r3, [r1, #4]
 854 003c 4A78     		ldrb	r2, [r1, #1]	@ zero_extendqisi2
 855 003e 0AB1     		cbz	r2, .L119
 856 0040 A1F81AC0 		strh	ip, [r1, #26]	@ movhi
 857              	.L119:
 858 0044 022B     		cmp	r3, #2
 859 0046 1CD0     		beq	.L125
 860              	.L120:
 861 0048 95F89434 		ldrb	r3, [r5, #1172]	@ zero_extendqisi2
 862 004c 012B     		cmp	r3, #1
 863 004e 1BD0     		beq	.L122
 864 0050 0123     		movs	r3, #1
 865 0052 85F89434 		strb	r3, [r5, #1172]
 866 0056 2868     		ldr	r0, [r5]
 867 0058 FFF7FEFF 		bl	USB_ActivateEndpoint
 868 005c 0020     		movs	r0, #0
 869 005e 85F89404 		strb	r0, [r5, #1172]
 870              	.L121:
 871 0062 38BD     		pop	{r3, r4, r5, pc}
 872              	.L124:
 873 0064 01F00F00 		and	r0, r1, #15
 874 0068 00EBC001 		add	r1, r0, r0, lsl #3
 875 006c 8900     		lsls	r1, r1, #2
 876 006e 1031     		adds	r1, r1, #16
 877 0070 2944     		add	r1, r1, r5
 878 0072 0431     		adds	r1, r1, #4
 879 0074 00EBC000 		add	r0, r0, r0, lsl #3
 880 0078 05EB8000 		add	r0, r5, r0, lsl #2
 881 007c 0124     		movs	r4, #1
 882 007e 4475     		strb	r4, [r0, #21]
 883 0080 D4E7     		b	.L118
 884              	.L125:
 885 0082 0023     		movs	r3, #0
 886 0084 4B71     		strb	r3, [r1, #5]
 887 0086 DFE7     		b	.L120
 888              	.L122:
 889 0088 0220     		movs	r0, #2
 890 008a EAE7     		b	.L121
 892              		.section	.text.HAL_PCD_EP_Close,"ax",%progbits
 893              		.align	1
 894              		.global	HAL_PCD_EP_Close
 895              		.syntax unified
 896              		.thumb
 897              		.thumb_func
 899              	HAL_PCD_EP_Close:
 900              		@ args = 0, pretend = 0, frame = 0
 901              		@ frame_needed = 0, uses_anonymous_args = 0
 902 0000 10B5     		push	{r4, lr}
 903 0002 0446     		mov	r4, r0
 904 0004 0A46     		mov	r2, r1
 905 0006 11F0800F 		tst	r1, #128
 906 000a 20D1     		bne	.L132
ARM GAS  C:\Users\alireza\AppData\Local\Temp\ccMATiRq.s 			page 16


 907 000c 01F00F00 		and	r0, r1, #15
 908 0010 00EBC003 		add	r3, r0, r0, lsl #3
 909 0014 9B00     		lsls	r3, r3, #2
 910 0016 03F51473 		add	r3, r3, #592
 911 001a 2344     		add	r3, r3, r4
 912 001c 191D     		adds	r1, r3, #4
 913 001e 00EBC000 		add	r0, r0, r0, lsl #3
 914 0022 04EB8000 		add	r0, r4, r0, lsl #2
 915 0026 0023     		movs	r3, #0
 916 0028 80F85532 		strb	r3, [r0, #597]
 917              	.L128:
 918 002c 02F00F02 		and	r2, r2, #15
 919 0030 0A70     		strb	r2, [r1]
 920 0032 94F89434 		ldrb	r3, [r4, #1172]	@ zero_extendqisi2
 921 0036 012B     		cmp	r3, #1
 922 0038 18D0     		beq	.L130
 923 003a 0123     		movs	r3, #1
 924 003c 84F89434 		strb	r3, [r4, #1172]
 925 0040 2068     		ldr	r0, [r4]
 926 0042 FFF7FEFF 		bl	USB_DeactivateEndpoint
 927 0046 0020     		movs	r0, #0
 928 0048 84F89404 		strb	r0, [r4, #1172]
 929              	.L129:
 930 004c 10BD     		pop	{r4, pc}
 931              	.L132:
 932 004e 01F00F00 		and	r0, r1, #15
 933 0052 00EBC003 		add	r3, r0, r0, lsl #3
 934 0056 9B00     		lsls	r3, r3, #2
 935 0058 1033     		adds	r3, r3, #16
 936 005a 2344     		add	r3, r3, r4
 937 005c 191D     		adds	r1, r3, #4
 938 005e 00EBC000 		add	r0, r0, r0, lsl #3
 939 0062 04EB8000 		add	r0, r4, r0, lsl #2
 940 0066 0123     		movs	r3, #1
 941 0068 4375     		strb	r3, [r0, #21]
 942 006a DFE7     		b	.L128
 943              	.L130:
 944 006c 0220     		movs	r0, #2
 945 006e EDE7     		b	.L129
 947              		.section	.text.HAL_PCD_EP_Receive,"ax",%progbits
 948              		.align	1
 949              		.global	HAL_PCD_EP_Receive
 950              		.syntax unified
 951              		.thumb
 952              		.thumb_func
 954              	HAL_PCD_EP_Receive:
 955              		@ args = 0, pretend = 0, frame = 0
 956              		@ frame_needed = 0, uses_anonymous_args = 0
 957 0000 10B5     		push	{r4, lr}
 958 0002 1446     		mov	r4, r2
 959 0004 01F00F0C 		and	ip, r1, #15
 960 0008 0CEBCC01 		add	r1, ip, ip, lsl #3
 961 000c 8900     		lsls	r1, r1, #2
 962 000e 01F51471 		add	r1, r1, #592
 963 0012 0144     		add	r1, r1, r0
 964 0014 0431     		adds	r1, r1, #4
 965 0016 0CEBCC0E 		add	lr, ip, ip, lsl #3
ARM GAS  C:\Users\alireza\AppData\Local\Temp\ccMATiRq.s 			page 17


 966 001a 00EB8E0E 		add	lr, r0, lr, lsl #2
 967 001e CEF86022 		str	r2, [lr, #608]
 968 0022 CEF86432 		str	r3, [lr, #612]
 969 0026 0023     		movs	r3, #0
 970 0028 CEF86832 		str	r3, [lr, #616]
 971 002c 8EF85532 		strb	r3, [lr, #597]
 972 0030 8EF854C2 		strb	ip, [lr, #596]
 973 0034 8279     		ldrb	r2, [r0, #6]	@ zero_extendqisi2
 974 0036 012A     		cmp	r2, #1
 975 0038 04D0     		beq	.L136
 976              	.L134:
 977 003a 0068     		ldr	r0, [r0]
 978 003c FFF7FEFF 		bl	USB_EPStartXfer
 979 0040 0020     		movs	r0, #0
 980 0042 10BD     		pop	{r4, pc}
 981              	.L136:
 982 0044 CEF87042 		str	r4, [lr, #624]
 983 0048 F7E7     		b	.L134
 985              		.section	.text.HAL_PCD_EP_GetRxCount,"ax",%progbits
 986              		.align	1
 987              		.global	HAL_PCD_EP_GetRxCount
 988              		.syntax unified
 989              		.thumb
 990              		.thumb_func
 992              	HAL_PCD_EP_GetRxCount:
 993              		@ args = 0, pretend = 0, frame = 0
 994              		@ frame_needed = 0, uses_anonymous_args = 0
 995              		@ link register save eliminated.
 996 0000 01F00F01 		and	r1, r1, #15
 997 0004 01EBC101 		add	r1, r1, r1, lsl #3
 998 0008 00EB8100 		add	r0, r0, r1, lsl #2
 999 000c D0F86802 		ldr	r0, [r0, #616]
 1000 0010 7047     		bx	lr
 1002              		.section	.text.HAL_PCD_EP_Transmit,"ax",%progbits
 1003              		.align	1
 1004              		.global	HAL_PCD_EP_Transmit
 1005              		.syntax unified
 1006              		.thumb
 1007              		.thumb_func
 1009              	HAL_PCD_EP_Transmit:
 1010              		@ args = 0, pretend = 0, frame = 0
 1011              		@ frame_needed = 0, uses_anonymous_args = 0
 1012 0000 10B5     		push	{r4, lr}
 1013 0002 1446     		mov	r4, r2
 1014 0004 01F00F0C 		and	ip, r1, #15
 1015 0008 0CEBCC01 		add	r1, ip, ip, lsl #3
 1016 000c 8900     		lsls	r1, r1, #2
 1017 000e 1031     		adds	r1, r1, #16
 1018 0010 0144     		add	r1, r1, r0
 1019 0012 0431     		adds	r1, r1, #4
 1020 0014 0CEBCC0E 		add	lr, ip, ip, lsl #3
 1021 0018 00EB8E0E 		add	lr, r0, lr, lsl #2
 1022 001c CEF82020 		str	r2, [lr, #32]
 1023 0020 CEF82430 		str	r3, [lr, #36]
 1024 0024 0023     		movs	r3, #0
 1025 0026 CEF82830 		str	r3, [lr, #40]
 1026 002a 0123     		movs	r3, #1
ARM GAS  C:\Users\alireza\AppData\Local\Temp\ccMATiRq.s 			page 18


 1027 002c 8EF81530 		strb	r3, [lr, #21]
 1028 0030 8EF814C0 		strb	ip, [lr, #20]
 1029 0034 8279     		ldrb	r2, [r0, #6]	@ zero_extendqisi2
 1030 0036 9A42     		cmp	r2, r3
 1031 0038 04D0     		beq	.L141
 1032              	.L139:
 1033 003a 0068     		ldr	r0, [r0]
 1034 003c FFF7FEFF 		bl	USB_EPStartXfer
 1035 0040 0020     		movs	r0, #0
 1036 0042 10BD     		pop	{r4, pc}
 1037              	.L141:
 1038 0044 CEF83040 		str	r4, [lr, #48]
 1039 0048 F7E7     		b	.L139
 1041              		.section	.text.HAL_PCD_EP_SetStall,"ax",%progbits
 1042              		.align	1
 1043              		.global	HAL_PCD_EP_SetStall
 1044              		.syntax unified
 1045              		.thumb
 1046              		.thumb_func
 1048              	HAL_PCD_EP_SetStall:
 1049              		@ args = 0, pretend = 0, frame = 0
 1050              		@ frame_needed = 0, uses_anonymous_args = 0
 1051 0000 38B5     		push	{r3, r4, r5, lr}
 1052 0002 01F00F05 		and	r5, r1, #15
 1053 0006 0279     		ldrb	r2, [r0, #4]	@ zero_extendqisi2
 1054 0008 AA42     		cmp	r2, r5
 1055 000a 38D3     		bcc	.L147
 1056 000c 0446     		mov	r4, r0
 1057 000e 0B46     		mov	r3, r1
 1058 0010 11F0800F 		tst	r1, #128
 1059 0014 1FD1     		bne	.L150
 1060 0016 01EBC101 		add	r1, r1, r1, lsl #3
 1061 001a 8900     		lsls	r1, r1, #2
 1062 001c 01F51471 		add	r1, r1, #592
 1063 0020 0144     		add	r1, r1, r0
 1064 0022 0431     		adds	r1, r1, #4
 1065 0024 03EBC303 		add	r3, r3, r3, lsl #3
 1066 0028 00EB8303 		add	r3, r0, r3, lsl #2
 1067 002c 0022     		movs	r2, #0
 1068 002e 83F85522 		strb	r2, [r3, #597]
 1069              	.L145:
 1070 0032 0123     		movs	r3, #1
 1071 0034 8B70     		strb	r3, [r1, #2]
 1072 0036 0D70     		strb	r5, [r1]
 1073 0038 94F89434 		ldrb	r3, [r4, #1172]	@ zero_extendqisi2
 1074 003c 012B     		cmp	r3, #1
 1075 003e 20D0     		beq	.L148
 1076 0040 0123     		movs	r3, #1
 1077 0042 84F89434 		strb	r3, [r4, #1172]
 1078 0046 2068     		ldr	r0, [r4]
 1079 0048 FFF7FEFF 		bl	USB_EPSetStall
 1080 004c 85B1     		cbz	r5, .L151
 1081              	.L146:
 1082 004e 0020     		movs	r0, #0
 1083 0050 84F89404 		strb	r0, [r4, #1172]
 1084              	.L143:
 1085 0054 38BD     		pop	{r3, r4, r5, pc}
ARM GAS  C:\Users\alireza\AppData\Local\Temp\ccMATiRq.s 			page 19


 1086              	.L150:
 1087 0056 05EBC501 		add	r1, r5, r5, lsl #3
 1088 005a 8900     		lsls	r1, r1, #2
 1089 005c 1031     		adds	r1, r1, #16
 1090 005e 0144     		add	r1, r1, r0
 1091 0060 0431     		adds	r1, r1, #4
 1092 0062 05EBC503 		add	r3, r5, r5, lsl #3
 1093 0066 00EB8303 		add	r3, r0, r3, lsl #2
 1094 006a 0122     		movs	r2, #1
 1095 006c 5A75     		strb	r2, [r3, #21]
 1096 006e E0E7     		b	.L145
 1097              	.L151:
 1098 0070 04F29C42 		addw	r2, r4, #1180
 1099 0074 A179     		ldrb	r1, [r4, #6]	@ zero_extendqisi2
 1100 0076 2068     		ldr	r0, [r4]
 1101 0078 FFF7FEFF 		bl	USB_EP0_OutStart
 1102 007c E7E7     		b	.L146
 1103              	.L147:
 1104 007e 0120     		movs	r0, #1
 1105 0080 E8E7     		b	.L143
 1106              	.L148:
 1107 0082 0220     		movs	r0, #2
 1108 0084 E6E7     		b	.L143
 1110              		.section	.text.HAL_PCD_EP_ClrStall,"ax",%progbits
 1111              		.align	1
 1112              		.global	HAL_PCD_EP_ClrStall
 1113              		.syntax unified
 1114              		.thumb
 1115              		.thumb_func
 1117              	HAL_PCD_EP_ClrStall:
 1118              		@ args = 0, pretend = 0, frame = 0
 1119              		@ frame_needed = 0, uses_anonymous_args = 0
 1120 0000 01F00F03 		and	r3, r1, #15
 1121 0004 0279     		ldrb	r2, [r0, #4]	@ zero_extendqisi2
 1122 0006 9A42     		cmp	r2, r3
 1123 0008 30D3     		bcc	.L156
 1124 000a 10B5     		push	{r4, lr}
 1125 000c 0446     		mov	r4, r0
 1126 000e 11F0800F 		tst	r1, #128
 1127 0012 1ED1     		bne	.L162
 1128 0014 03EBC301 		add	r1, r3, r3, lsl #3
 1129 0018 8900     		lsls	r1, r1, #2
 1130 001a 01F51471 		add	r1, r1, #592
 1131 001e 0144     		add	r1, r1, r0
 1132 0020 0431     		adds	r1, r1, #4
 1133 0022 03EBC302 		add	r2, r3, r3, lsl #3
 1134 0026 00EB8202 		add	r2, r0, r2, lsl #2
 1135 002a 0020     		movs	r0, #0
 1136 002c 82F85502 		strb	r0, [r2, #597]
 1137              	.L155:
 1138 0030 0022     		movs	r2, #0
 1139 0032 8A70     		strb	r2, [r1, #2]
 1140 0034 0B70     		strb	r3, [r1]
 1141 0036 94F89434 		ldrb	r3, [r4, #1172]	@ zero_extendqisi2
 1142 003a 012B     		cmp	r3, #1
 1143 003c 18D0     		beq	.L157
 1144 003e 0123     		movs	r3, #1
ARM GAS  C:\Users\alireza\AppData\Local\Temp\ccMATiRq.s 			page 20


 1145 0040 84F89434 		strb	r3, [r4, #1172]
 1146 0044 2068     		ldr	r0, [r4]
 1147 0046 FFF7FEFF 		bl	USB_EPClearStall
 1148 004a 0020     		movs	r0, #0
 1149 004c 84F89404 		strb	r0, [r4, #1172]
 1150              	.L153:
 1151 0050 10BD     		pop	{r4, pc}
 1152              	.L162:
 1153 0052 03EBC301 		add	r1, r3, r3, lsl #3
 1154 0056 8900     		lsls	r1, r1, #2
 1155 0058 1031     		adds	r1, r1, #16
 1156 005a 0144     		add	r1, r1, r0
 1157 005c 0431     		adds	r1, r1, #4
 1158 005e 03EBC302 		add	r2, r3, r3, lsl #3
 1159 0062 00EB8202 		add	r2, r0, r2, lsl #2
 1160 0066 0120     		movs	r0, #1
 1161 0068 5075     		strb	r0, [r2, #21]
 1162 006a E1E7     		b	.L155
 1163              	.L156:
 1164 006c 0120     		movs	r0, #1
 1165 006e 7047     		bx	lr
 1166              	.L157:
 1167 0070 0220     		movs	r0, #2
 1168 0072 EDE7     		b	.L153
 1170              		.section	.text.HAL_PCD_EP_Abort,"ax",%progbits
 1171              		.align	1
 1172              		.global	HAL_PCD_EP_Abort
 1173              		.syntax unified
 1174              		.thumb
 1175              		.thumb_func
 1177              	HAL_PCD_EP_Abort:
 1178              		@ args = 0, pretend = 0, frame = 0
 1179              		@ frame_needed = 0, uses_anonymous_args = 0
 1180 0000 08B5     		push	{r3, lr}
 1181 0002 11F0800F 		tst	r1, #128
 1182 0006 0CD1     		bne	.L167
 1183 0008 01F00F01 		and	r1, r1, #15
 1184 000c 01EBC101 		add	r1, r1, r1, lsl #3
 1185 0010 8900     		lsls	r1, r1, #2
 1186 0012 01F51471 		add	r1, r1, #592
 1187 0016 0144     		add	r1, r1, r0
 1188 0018 0431     		adds	r1, r1, #4
 1189              	.L165:
 1190 001a 0068     		ldr	r0, [r0]
 1191 001c FFF7FEFF 		bl	USB_EPStopXfer
 1192 0020 08BD     		pop	{r3, pc}
 1193              	.L167:
 1194 0022 01F00F01 		and	r1, r1, #15
 1195 0026 01EBC101 		add	r1, r1, r1, lsl #3
 1196 002a 8900     		lsls	r1, r1, #2
 1197 002c 1031     		adds	r1, r1, #16
 1198 002e 0144     		add	r1, r1, r0
 1199 0030 0431     		adds	r1, r1, #4
 1200 0032 F2E7     		b	.L165
 1202              		.section	.text.HAL_PCD_IRQHandler,"ax",%progbits
 1203              		.align	1
 1204              		.global	HAL_PCD_IRQHandler
ARM GAS  C:\Users\alireza\AppData\Local\Temp\ccMATiRq.s 			page 21


 1205              		.syntax unified
 1206              		.thumb
 1207              		.thumb_func
 1209              	HAL_PCD_IRQHandler:
 1210              		@ args = 0, pretend = 0, frame = 8
 1211              		@ frame_needed = 0, uses_anonymous_args = 0
 1212 0000 2DE9F04F 		push	{r4, r5, r6, r7, r8, r9, r10, fp, lr}
 1213 0004 83B0     		sub	sp, sp, #12
 1214 0006 0446     		mov	r4, r0
 1215 0008 0568     		ldr	r5, [r0]
 1216 000a 2846     		mov	r0, r5
 1217 000c FFF7FEFF 		bl	USB_GetMode
 1218 0010 10B1     		cbz	r0, .L226
 1219              	.L168:
 1220 0012 03B0     		add	sp, sp, #12
 1221              		@ sp needed
 1222 0014 BDE8F08F 		pop	{r4, r5, r6, r7, r8, r9, r10, fp, pc}
 1223              	.L226:
 1224 0018 0646     		mov	r6, r0
 1225 001a 2068     		ldr	r0, [r4]
 1226 001c FFF7FEFF 		bl	USB_ReadInterrupts
 1227 0020 0028     		cmp	r0, #0
 1228 0022 F6D0     		beq	.L168
 1229 0024 05F50067 		add	r7, r5, #2048
 1230 0028 BB68     		ldr	r3, [r7, #8]
 1231 002a C3F30D23 		ubfx	r3, r3, #8, #14
 1232 002e C4F8D434 		str	r3, [r4, #1236]
 1233 0032 2068     		ldr	r0, [r4]
 1234 0034 FFF7FEFF 		bl	USB_ReadInterrupts
 1235 0038 10F0020F 		tst	r0, #2
 1236 003c 04D0     		beq	.L170
 1237 003e 2268     		ldr	r2, [r4]
 1238 0040 5369     		ldr	r3, [r2, #20]
 1239 0042 03F00203 		and	r3, r3, #2
 1240 0046 5361     		str	r3, [r2, #20]
 1241              	.L170:
 1242 0048 2068     		ldr	r0, [r4]
 1243 004a FFF7FEFF 		bl	USB_ReadInterrupts
 1244 004e 10F0100F 		tst	r0, #16
 1245 0052 15D0     		beq	.L171
 1246 0054 2268     		ldr	r2, [r4]
 1247 0056 9369     		ldr	r3, [r2, #24]
 1248 0058 23F01003 		bic	r3, r3, #16
 1249 005c 9361     		str	r3, [r2, #24]
 1250 005e D5F82080 		ldr	r8, [r5, #32]
 1251 0062 08F00F09 		and	r9, r8, #15
 1252 0066 08F4F013 		and	r3, r8, #1966080
 1253 006a B3F5802F 		cmp	r3, #262144
 1254 006e 4CD0     		beq	.L227
 1255 0070 B3F5402F 		cmp	r3, #786432
 1256 0074 6FD0     		beq	.L228
 1257              	.L173:
 1258 0076 2268     		ldr	r2, [r4]
 1259 0078 9369     		ldr	r3, [r2, #24]
 1260 007a 43F01003 		orr	r3, r3, #16
 1261 007e 9361     		str	r3, [r2, #24]
 1262              	.L171:
ARM GAS  C:\Users\alireza\AppData\Local\Temp\ccMATiRq.s 			page 22


 1263 0080 2068     		ldr	r0, [r4]
 1264 0082 FFF7FEFF 		bl	USB_ReadInterrupts
 1265 0086 10F4002F 		tst	r0, #524288
 1266 008a 76D1     		bne	.L229
 1267              	.L174:
 1268 008c 2068     		ldr	r0, [r4]
 1269 008e FFF7FEFF 		bl	USB_ReadInterrupts
 1270 0092 10F4802F 		tst	r0, #262144
 1271 0096 40F0E080 		bne	.L230
 1272              	.L185:
 1273 009a 2068     		ldr	r0, [r4]
 1274 009c FFF7FEFF 		bl	USB_ReadInterrupts
 1275 00a0 0028     		cmp	r0, #0
 1276 00a2 C0F26181 		blt	.L231
 1277              	.L196:
 1278 00a6 2068     		ldr	r0, [r4]
 1279 00a8 FFF7FEFF 		bl	USB_ReadInterrupts
 1280 00ac 10F4006F 		tst	r0, #2048
 1281 00b0 09D0     		beq	.L199
 1282 00b2 BB68     		ldr	r3, [r7, #8]
 1283 00b4 13F0010F 		tst	r3, #1
 1284 00b8 40F06E81 		bne	.L232
 1285              	.L200:
 1286 00bc 2268     		ldr	r2, [r4]
 1287 00be 5369     		ldr	r3, [r2, #20]
 1288 00c0 03F40063 		and	r3, r3, #2048
 1289 00c4 5361     		str	r3, [r2, #20]
 1290              	.L199:
 1291 00c6 2068     		ldr	r0, [r4]
 1292 00c8 FFF7FEFF 		bl	USB_ReadInterrupts
 1293 00cc 10F4805F 		tst	r0, #4096
 1294 00d0 40F06681 		bne	.L233
 1295              	.L201:
 1296 00d4 2068     		ldr	r0, [r4]
 1297 00d6 FFF7FEFF 		bl	USB_ReadInterrupts
 1298 00da 10F4005F 		tst	r0, #8192
 1299 00de 40F0B381 		bne	.L234
 1300              	.L206:
 1301 00e2 2068     		ldr	r0, [r4]
 1302 00e4 FFF7FEFF 		bl	USB_ReadInterrupts
 1303 00e8 10F0080F 		tst	r0, #8
 1304 00ec 40F0C481 		bne	.L235
 1305              	.L207:
 1306 00f0 2068     		ldr	r0, [r4]
 1307 00f2 FFF7FEFF 		bl	USB_ReadInterrupts
 1308 00f6 10F0800F 		tst	r0, #128
 1309 00fa 00F0D781 		beq	.L208
 1310 00fe AB69     		ldr	r3, [r5, #24]
 1311 0100 23F08003 		bic	r3, r3, #128
 1312 0104 AB61     		str	r3, [r5, #24]
 1313 0106 0126     		movs	r6, #1
 1314 0108 C0E1     		b	.L209
 1315              	.L227:
 1316 010a 47F6F073 		movw	r3, #32752
 1317 010e 18EA030F 		tst	r8, r3
 1318 0112 B0D0     		beq	.L173
 1319 0114 4FEA181A 		lsr	r10, r8, #4
ARM GAS  C:\Users\alireza\AppData\Local\Temp\ccMATiRq.s 			page 23


 1320 0118 4FEAC903 		lsl	r3, r9, #3
 1321 011c 0193     		str	r3, [sp, #4]
 1322 011e 09EBC90B 		add	fp, r9, r9, lsl #3
 1323 0122 04EB8B0B 		add	fp, r4, fp, lsl #2
 1324 0126 C8F30A12 		ubfx	r2, r8, #4, #11
 1325 012a DBF86012 		ldr	r1, [fp, #608]
 1326 012e 2846     		mov	r0, r5
 1327 0130 FFF7FEFF 		bl	USB_ReadPacket
 1328 0134 DBF86032 		ldr	r3, [fp, #608]
 1329 0138 CAF30A0A 		ubfx	r10, r10, #0, #11
 1330 013c 5344     		add	r3, r3, r10
 1331 013e CBF86032 		str	r3, [fp, #608]
 1332 0142 DBF86832 		ldr	r3, [fp, #616]
 1333 0146 019A     		ldr	r2, [sp, #4]
 1334 0148 4A44     		add	r2, r2, r9
 1335 014a 04EB8202 		add	r2, r4, r2, lsl #2
 1336 014e 5344     		add	r3, r3, r10
 1337 0150 C2F86832 		str	r3, [r2, #616]
 1338 0154 8FE7     		b	.L173
 1339              	.L228:
 1340 0156 0822     		movs	r2, #8
 1341 0158 04F29C41 		addw	r1, r4, #1180
 1342 015c 2846     		mov	r0, r5
 1343 015e FFF7FEFF 		bl	USB_ReadPacket
 1344 0162 09EBC903 		add	r3, r9, r9, lsl #3
 1345 0166 04EB8303 		add	r3, r4, r3, lsl #2
 1346 016a D3F86822 		ldr	r2, [r3, #616]
 1347 016e C8F30A18 		ubfx	r8, r8, #4, #11
 1348 0172 4244     		add	r2, r2, r8
 1349 0174 C3F86822 		str	r2, [r3, #616]
 1350 0178 7DE7     		b	.L173
 1351              	.L229:
 1352 017a 2068     		ldr	r0, [r4]
 1353 017c FFF7FEFF 		bl	USB_ReadDevAllOutEpInterrupt
 1354 0180 8046     		mov	r8, r0
 1355 0182 B146     		mov	r9, r6
 1356 0184 35E0     		b	.L175
 1357              	.L237:
 1358 0186 05EB4913 		add	r3, r5, r9, lsl #5
 1359 018a 0122     		movs	r2, #1
 1360 018c C3F8082B 		str	r2, [r3, #2824]
 1361 0190 4946     		mov	r1, r9
 1362 0192 2046     		mov	r0, r4
 1363 0194 FFF7FEFF 		bl	PCD_EP_OutXfrComplete_int
 1364 0198 3CE0     		b	.L177
 1365              	.L238:
 1366 019a 05EB4913 		add	r3, r5, r9, lsl #5
 1367 019e 0822     		movs	r2, #8
 1368 01a0 C3F8082B 		str	r2, [r3, #2824]
 1369 01a4 4946     		mov	r1, r9
 1370 01a6 2046     		mov	r0, r4
 1371 01a8 FFF7FEFF 		bl	PCD_EP_OutSetupPacket_int
 1372 01ac 35E0     		b	.L178
 1373              	.L181:
 1374 01ae 09EBC903 		add	r3, r9, r9, lsl #3
 1375 01b2 04EB8303 		add	r3, r4, r3, lsl #2
 1376 01b6 93F85732 		ldrb	r3, [r3, #599]	@ zero_extendqisi2
ARM GAS  C:\Users\alireza\AppData\Local\Temp\ccMATiRq.s 			page 24


 1377 01ba 012B     		cmp	r3, #1
 1378 01bc 41D0     		beq	.L236
 1379              	.L182:
 1380 01be 05EB4913 		add	r3, r5, r9, lsl #5
 1381 01c2 0222     		movs	r2, #2
 1382 01c4 C3F8082B 		str	r2, [r3, #2824]
 1383              	.L180:
 1384 01c8 1AF0200F 		tst	r10, #32
 1385 01cc 04D0     		beq	.L183
 1386 01ce 05EB4913 		add	r3, r5, r9, lsl #5
 1387 01d2 2022     		movs	r2, #32
 1388 01d4 C3F8082B 		str	r2, [r3, #2824]
 1389              	.L183:
 1390 01d8 1AF4005F 		tst	r10, #8192
 1391 01dc 05D0     		beq	.L176
 1392 01de 05EB4913 		add	r3, r5, r9, lsl #5
 1393 01e2 4FF40052 		mov	r2, #8192
 1394 01e6 C3F8082B 		str	r2, [r3, #2824]
 1395              	.L176:
 1396 01ea 09F10109 		add	r9, r9, #1
 1397 01ee 4FEA5808 		lsr	r8, r8, #1
 1398              	.L175:
 1399 01f2 B8F1000F 		cmp	r8, #0
 1400 01f6 3FF449AF 		beq	.L174
 1401 01fa 18F0010F 		tst	r8, #1
 1402 01fe F4D0     		beq	.L176
 1403 0200 5FFA89FB 		uxtb	fp, r9
 1404 0204 5946     		mov	r1, fp
 1405 0206 2068     		ldr	r0, [r4]
 1406 0208 FFF7FEFF 		bl	USB_ReadDevOutEPInterrupt
 1407 020c 8246     		mov	r10, r0
 1408 020e 10F0010F 		tst	r0, #1
 1409 0212 B8D1     		bne	.L237
 1410              	.L177:
 1411 0214 1AF0080F 		tst	r10, #8
 1412 0218 BFD1     		bne	.L238
 1413              	.L178:
 1414 021a 1AF0100F 		tst	r10, #16
 1415 021e 04D0     		beq	.L179
 1416 0220 05EB4913 		add	r3, r5, r9, lsl #5
 1417 0224 1022     		movs	r2, #16
 1418 0226 C3F8082B 		str	r2, [r3, #2824]
 1419              	.L179:
 1420 022a 1AF0020F 		tst	r10, #2
 1421 022e CBD0     		beq	.L180
 1422 0230 6B69     		ldr	r3, [r5, #20]
 1423 0232 13F0800F 		tst	r3, #128
 1424 0236 BAD0     		beq	.L181
 1425 0238 7B68     		ldr	r3, [r7, #4]
 1426 023a 43F48063 		orr	r3, r3, #1024
 1427 023e 7B60     		str	r3, [r7, #4]
 1428 0240 B5E7     		b	.L181
 1429              	.L236:
 1430 0242 09EBC903 		add	r3, r9, r9, lsl #3
 1431 0246 04EB8303 		add	r3, r4, r3, lsl #2
 1432 024a 0022     		movs	r2, #0
 1433 024c 83F85722 		strb	r2, [r3, #599]
ARM GAS  C:\Users\alireza\AppData\Local\Temp\ccMATiRq.s 			page 25


 1434 0250 5946     		mov	r1, fp
 1435 0252 2046     		mov	r0, r4
 1436 0254 FFF7FEFF 		bl	HAL_PCD_ISOOUTIncompleteCallback
 1437 0258 B1E7     		b	.L182
 1438              	.L230:
 1439 025a 2068     		ldr	r0, [r4]
 1440 025c FFF7FEFF 		bl	USB_ReadDevAllInEpInterrupt
 1441 0260 8046     		mov	r8, r0
 1442 0262 B146     		mov	r9, r6
 1443 0264 25E0     		b	.L186
 1444              	.L189:
 1445 0266 5946     		mov	r1, fp
 1446 0268 2046     		mov	r0, r4
 1447 026a FFF7FEFF 		bl	HAL_PCD_DataInStageCallback
 1448              	.L188:
 1449 026e 1AF0080F 		tst	r10, #8
 1450 0272 04D0     		beq	.L190
 1451 0274 05EB4913 		add	r3, r5, r9, lsl #5
 1452 0278 0822     		movs	r2, #8
 1453 027a C3F80829 		str	r2, [r3, #2312]
 1454              	.L190:
 1455 027e 1AF0100F 		tst	r10, #16
 1456 0282 04D0     		beq	.L191
 1457 0284 05EB4913 		add	r3, r5, r9, lsl #5
 1458 0288 1022     		movs	r2, #16
 1459 028a C3F80829 		str	r2, [r3, #2312]
 1460              	.L191:
 1461 028e 1AF0400F 		tst	r10, #64
 1462 0292 04D0     		beq	.L192
 1463 0294 05EB4913 		add	r3, r5, r9, lsl #5
 1464 0298 4022     		movs	r2, #64
 1465 029a C3F80829 		str	r2, [r3, #2312]
 1466              	.L192:
 1467 029e 1AF0020F 		tst	r10, #2
 1468 02a2 40D1     		bne	.L239
 1469              	.L193:
 1470 02a4 1AF0800F 		tst	r10, #128
 1471 02a8 59D1     		bne	.L240
 1472              	.L187:
 1473 02aa 09F10109 		add	r9, r9, #1
 1474 02ae 4FEA5808 		lsr	r8, r8, #1
 1475              	.L186:
 1476 02b2 B8F1000F 		cmp	r8, #0
 1477 02b6 3FF4F0AE 		beq	.L185
 1478 02ba 18F0010F 		tst	r8, #1
 1479 02be F4D0     		beq	.L187
 1480 02c0 5FFA89FB 		uxtb	fp, r9
 1481 02c4 5946     		mov	r1, fp
 1482 02c6 2068     		ldr	r0, [r4]
 1483 02c8 FFF7FEFF 		bl	USB_ReadDevInEPInterrupt
 1484 02cc 8246     		mov	r10, r0
 1485 02ce 10F0010F 		tst	r0, #1
 1486 02d2 CCD0     		beq	.L188
 1487 02d4 09F00F02 		and	r2, r9, #15
 1488 02d8 0121     		movs	r1, #1
 1489 02da 01FA02F2 		lsl	r2, r1, r2
 1490 02de 7B6B     		ldr	r3, [r7, #52]
ARM GAS  C:\Users\alireza\AppData\Local\Temp\ccMATiRq.s 			page 26


 1491 02e0 23EA0203 		bic	r3, r3, r2
 1492 02e4 7B63     		str	r3, [r7, #52]
 1493 02e6 05EB4913 		add	r3, r5, r9, lsl #5
 1494 02ea C3F80819 		str	r1, [r3, #2312]
 1495 02ee A379     		ldrb	r3, [r4, #6]	@ zero_extendqisi2
 1496 02f0 8B42     		cmp	r3, r1
 1497 02f2 B8D1     		bne	.L189
 1498 02f4 09EBC903 		add	r3, r9, r9, lsl #3
 1499 02f8 04EB8303 		add	r3, r4, r3, lsl #2
 1500 02fc 1A6A     		ldr	r2, [r3, #32]
 1501 02fe D969     		ldr	r1, [r3, #28]
 1502 0300 0A44     		add	r2, r2, r1
 1503 0302 1A62     		str	r2, [r3, #32]
 1504 0304 B9F1000F 		cmp	r9, #0
 1505 0308 ADD1     		bne	.L189
 1506 030a 09EBC903 		add	r3, r9, r9, lsl #3
 1507 030e 04EB8303 		add	r3, r4, r3, lsl #2
 1508 0312 5B6A     		ldr	r3, [r3, #36]
 1509 0314 002B     		cmp	r3, #0
 1510 0316 A6D1     		bne	.L189
 1511 0318 04F29C42 		addw	r2, r4, #1180
 1512 031c 0121     		movs	r1, #1
 1513 031e 2068     		ldr	r0, [r4]
 1514 0320 FFF7FEFF 		bl	USB_EP0_OutStart
 1515 0324 9FE7     		b	.L189
 1516              	.L239:
 1517 0326 4946     		mov	r1, r9
 1518 0328 2846     		mov	r0, r5
 1519 032a FFF7FEFF 		bl	USB_FlushTxFifo
 1520 032e 09EBC903 		add	r3, r9, r9, lsl #3
 1521 0332 04EB8303 		add	r3, r4, r3, lsl #2
 1522 0336 DB7D     		ldrb	r3, [r3, #23]	@ zero_extendqisi2
 1523 0338 012B     		cmp	r3, #1
 1524 033a 05D0     		beq	.L241
 1525              	.L194:
 1526 033c 05EB4913 		add	r3, r5, r9, lsl #5
 1527 0340 0222     		movs	r2, #2
 1528 0342 C3F80829 		str	r2, [r3, #2312]
 1529 0346 ADE7     		b	.L193
 1530              	.L241:
 1531 0348 09EBC903 		add	r3, r9, r9, lsl #3
 1532 034c 04EB8303 		add	r3, r4, r3, lsl #2
 1533 0350 0022     		movs	r2, #0
 1534 0352 DA75     		strb	r2, [r3, #23]
 1535 0354 5946     		mov	r1, fp
 1536 0356 2046     		mov	r0, r4
 1537 0358 FFF7FEFF 		bl	HAL_PCD_ISOINIncompleteCallback
 1538 035c EEE7     		b	.L194
 1539              	.L240:
 1540 035e 4946     		mov	r1, r9
 1541 0360 2046     		mov	r0, r4
 1542 0362 FFF7FEFF 		bl	PCD_WriteEmptyTxFifo
 1543 0366 A0E7     		b	.L187
 1544              	.L231:
 1545 0368 7B68     		ldr	r3, [r7, #4]
 1546 036a 23F00103 		bic	r3, r3, #1
 1547 036e 7B60     		str	r3, [r7, #4]
ARM GAS  C:\Users\alireza\AppData\Local\Temp\ccMATiRq.s 			page 27


 1548 0370 94F8CC34 		ldrb	r3, [r4, #1228]	@ zero_extendqisi2
 1549 0374 012B     		cmp	r3, #1
 1550 0376 08D0     		beq	.L242
 1551 0378 2046     		mov	r0, r4
 1552 037a FFF7FEFF 		bl	HAL_PCD_ResumeCallback
 1553              	.L198:
 1554 037e 2268     		ldr	r2, [r4]
 1555 0380 5369     		ldr	r3, [r2, #20]
 1556 0382 03F00043 		and	r3, r3, #-2147483648
 1557 0386 5361     		str	r3, [r2, #20]
 1558 0388 8DE6     		b	.L196
 1559              	.L242:
 1560 038a 0021     		movs	r1, #0
 1561 038c 84F8CC14 		strb	r1, [r4, #1228]
 1562 0390 2046     		mov	r0, r4
 1563 0392 FFF7FEFF 		bl	HAL_PCDEx_LPM_Callback
 1564 0396 F2E7     		b	.L198
 1565              	.L232:
 1566 0398 2046     		mov	r0, r4
 1567 039a FFF7FEFF 		bl	HAL_PCD_SuspendCallback
 1568 039e 8DE6     		b	.L200
 1569              	.L233:
 1570 03a0 7B68     		ldr	r3, [r7, #4]
 1571 03a2 23F00103 		bic	r3, r3, #1
 1572 03a6 7B60     		str	r3, [r7, #4]
 1573 03a8 1021     		movs	r1, #16
 1574 03aa 2068     		ldr	r0, [r4]
 1575 03ac FFF7FEFF 		bl	USB_FlushTxFifo
 1576 03b0 1AE0     		b	.L202
 1577              	.L203:
 1578 03b2 05EB4613 		add	r3, r5, r6, lsl #5
 1579 03b6 4FF67F31 		movw	r1, #64383
 1580 03ba C3F80819 		str	r1, [r3, #2312]
 1581 03be D3F80029 		ldr	r2, [r3, #2304]
 1582 03c2 22F40012 		bic	r2, r2, #2097152
 1583 03c6 C3F80029 		str	r2, [r3, #2304]
 1584 03ca C3F8081B 		str	r1, [r3, #2824]
 1585 03ce D3F8002B 		ldr	r2, [r3, #2816]
 1586 03d2 22F40012 		bic	r2, r2, #2097152
 1587 03d6 C3F8002B 		str	r2, [r3, #2816]
 1588 03da D3F8002B 		ldr	r2, [r3, #2816]
 1589 03de 42F00062 		orr	r2, r2, #134217728
 1590 03e2 C3F8002B 		str	r2, [r3, #2816]
 1591 03e6 0136     		adds	r6, r6, #1
 1592              	.L202:
 1593 03e8 2379     		ldrb	r3, [r4, #4]	@ zero_extendqisi2
 1594 03ea B342     		cmp	r3, r6
 1595 03ec E1D8     		bhi	.L203
 1596 03ee FB69     		ldr	r3, [r7, #28]
 1597 03f0 43F00113 		orr	r3, r3, #65537
 1598 03f4 FB61     		str	r3, [r7, #28]
 1599 03f6 E37B     		ldrb	r3, [r4, #15]	@ zero_extendqisi2
 1600 03f8 DBB1     		cbz	r3, .L204
 1601 03fa D7F88430 		ldr	r3, [r7, #132]
 1602 03fe 43F00B03 		orr	r3, r3, #11
 1603 0402 C7F88430 		str	r3, [r7, #132]
 1604 0406 7B6C     		ldr	r3, [r7, #68]
ARM GAS  C:\Users\alireza\AppData\Local\Temp\ccMATiRq.s 			page 28


 1605 0408 43F00B03 		orr	r3, r3, #11
 1606 040c 7B64     		str	r3, [r7, #68]
 1607              	.L205:
 1608 040e D5F80038 		ldr	r3, [r5, #2048]
 1609 0412 23F4FE63 		bic	r3, r3, #2032
 1610 0416 C5F80038 		str	r3, [r5, #2048]
 1611 041a 04F29C42 		addw	r2, r4, #1180
 1612 041e A179     		ldrb	r1, [r4, #6]	@ zero_extendqisi2
 1613 0420 2068     		ldr	r0, [r4]
 1614 0422 FFF7FEFF 		bl	USB_EP0_OutStart
 1615 0426 2268     		ldr	r2, [r4]
 1616 0428 5369     		ldr	r3, [r2, #20]
 1617 042a 03F48053 		and	r3, r3, #4096
 1618 042e 5361     		str	r3, [r2, #20]
 1619 0430 50E6     		b	.L201
 1620              	.L204:
 1621 0432 7B69     		ldr	r3, [r7, #20]
 1622 0434 43F40053 		orr	r3, r3, #8192
 1623 0438 43F02B03 		orr	r3, r3, #43
 1624 043c 7B61     		str	r3, [r7, #20]
 1625 043e 3B69     		ldr	r3, [r7, #16]
 1626 0440 43F00B03 		orr	r3, r3, #11
 1627 0444 3B61     		str	r3, [r7, #16]
 1628 0446 E2E7     		b	.L205
 1629              	.L234:
 1630 0448 2068     		ldr	r0, [r4]
 1631 044a FFF7FEFF 		bl	USB_ActivateSetup
 1632 044e 2068     		ldr	r0, [r4]
 1633 0450 FFF7FEFF 		bl	USB_GetDevSpeed
 1634 0454 E071     		strb	r0, [r4, #7]
 1635 0456 2668     		ldr	r6, [r4]
 1636 0458 FFF7FEFF 		bl	HAL_RCC_GetHCLKFreq
 1637 045c 0146     		mov	r1, r0
 1638 045e E279     		ldrb	r2, [r4, #7]	@ zero_extendqisi2
 1639 0460 3046     		mov	r0, r6
 1640 0462 FFF7FEFF 		bl	USB_SetTurnaroundTime
 1641 0466 2046     		mov	r0, r4
 1642 0468 FFF7FEFF 		bl	HAL_PCD_ResetCallback
 1643 046c 2268     		ldr	r2, [r4]
 1644 046e 5369     		ldr	r3, [r2, #20]
 1645 0470 03F40053 		and	r3, r3, #8192
 1646 0474 5361     		str	r3, [r2, #20]
 1647 0476 34E6     		b	.L206
 1648              	.L235:
 1649 0478 2046     		mov	r0, r4
 1650 047a FFF7FEFF 		bl	HAL_PCD_SOFCallback
 1651 047e 2268     		ldr	r2, [r4]
 1652 0480 5369     		ldr	r3, [r2, #20]
 1653 0482 03F00803 		and	r3, r3, #8
 1654 0486 5361     		str	r3, [r2, #20]
 1655 0488 32E6     		b	.L207
 1656              	.L210:
 1657 048a 0136     		adds	r6, r6, #1
 1658              	.L209:
 1659 048c 2379     		ldrb	r3, [r4, #4]	@ zero_extendqisi2
 1660 048e B342     		cmp	r3, r6
 1661 0490 0CD9     		bls	.L208
ARM GAS  C:\Users\alireza\AppData\Local\Temp\ccMATiRq.s 			page 29


 1662 0492 06EBC603 		add	r3, r6, r6, lsl #3
 1663 0496 04EB8303 		add	r3, r4, r3, lsl #2
 1664 049a 93F85732 		ldrb	r3, [r3, #599]	@ zero_extendqisi2
 1665 049e 012B     		cmp	r3, #1
 1666 04a0 F3D1     		bne	.L210
 1667 04a2 F1B2     		uxtb	r1, r6
 1668 04a4 2046     		mov	r0, r4
 1669 04a6 FFF7FEFF 		bl	HAL_PCD_EP_Abort
 1670 04aa EEE7     		b	.L210
 1671              	.L208:
 1672 04ac 2068     		ldr	r0, [r4]
 1673 04ae FFF7FEFF 		bl	USB_ReadInterrupts
 1674 04b2 10F4801F 		tst	r0, #1048576
 1675 04b6 25D1     		bne	.L223
 1676              	.L213:
 1677 04b8 2068     		ldr	r0, [r4]
 1678 04ba FFF7FEFF 		bl	USB_ReadInterrupts
 1679 04be 10F4001F 		tst	r0, #2097152
 1680 04c2 59D0     		beq	.L217
 1681 04c4 0123     		movs	r3, #1
 1682 04c6 26E0     		b	.L216
 1683              	.L214:
 1684 04c8 0136     		adds	r6, r6, #1
 1685              	.L212:
 1686 04ca 2379     		ldrb	r3, [r4, #4]	@ zero_extendqisi2
 1687 04cc B342     		cmp	r3, r6
 1688 04ce 1BD9     		bls	.L243
 1689 04d0 05EB4613 		add	r3, r5, r6, lsl #5
 1690 04d4 D3F80029 		ldr	r2, [r3, #2304]
 1691 04d8 06EBC603 		add	r3, r6, r6, lsl #3
 1692 04dc 04EB8303 		add	r3, r4, r3, lsl #2
 1693 04e0 1B7E     		ldrb	r3, [r3, #24]	@ zero_extendqisi2
 1694 04e2 012B     		cmp	r3, #1
 1695 04e4 F0D1     		bne	.L214
 1696 04e6 002A     		cmp	r2, #0
 1697 04e8 EEDA     		bge	.L214
 1698 04ea 06EBC603 		add	r3, r6, r6, lsl #3
 1699 04ee 04EB8303 		add	r3, r4, r3, lsl #2
 1700 04f2 0122     		movs	r2, #1
 1701 04f4 DA75     		strb	r2, [r3, #23]
 1702 04f6 66F07F01 		orn	r1, r6, #127
 1703 04fa C9B2     		uxtb	r1, r1
 1704 04fc 2046     		mov	r0, r4
 1705 04fe FFF7FEFF 		bl	HAL_PCD_EP_Abort
 1706 0502 E1E7     		b	.L214
 1707              	.L223:
 1708 0504 0126     		movs	r6, #1
 1709 0506 E0E7     		b	.L212
 1710              	.L243:
 1711 0508 2268     		ldr	r2, [r4]
 1712 050a 5369     		ldr	r3, [r2, #20]
 1713 050c 03F48013 		and	r3, r3, #1048576
 1714 0510 5361     		str	r3, [r2, #20]
 1715 0512 D1E7     		b	.L213
 1716              	.L218:
 1717 0514 0133     		adds	r3, r3, #1
 1718              	.L216:
ARM GAS  C:\Users\alireza\AppData\Local\Temp\ccMATiRq.s 			page 30


 1719 0516 2279     		ldrb	r2, [r4, #4]	@ zero_extendqisi2
 1720 0518 9A42     		cmp	r2, r3
 1721 051a 28D9     		bls	.L219
 1722 051c 05EB4312 		add	r2, r5, r3, lsl #5
 1723 0520 D2F8001B 		ldr	r1, [r2, #2816]
 1724 0524 03EBC302 		add	r2, r3, r3, lsl #3
 1725 0528 04EB8202 		add	r2, r4, r2, lsl #2
 1726 052c 92F85822 		ldrb	r2, [r2, #600]	@ zero_extendqisi2
 1727 0530 012A     		cmp	r2, #1
 1728 0532 EFD1     		bne	.L218
 1729 0534 0029     		cmp	r1, #0
 1730 0536 EDDA     		bge	.L218
 1731 0538 01F48031 		and	r1, r1, #65536
 1732 053c D4F8D424 		ldr	r2, [r4, #1236]
 1733 0540 02F00102 		and	r2, r2, #1
 1734 0544 9142     		cmp	r1, r2
 1735 0546 E5D1     		bne	.L218
 1736 0548 03EBC302 		add	r2, r3, r3, lsl #3
 1737 054c 04EB8202 		add	r2, r4, r2, lsl #2
 1738 0550 0121     		movs	r1, #1
 1739 0552 82F85712 		strb	r1, [r2, #599]
 1740 0556 AA69     		ldr	r2, [r5, #24]
 1741 0558 42F08002 		orr	r2, r2, #128
 1742 055c AA61     		str	r2, [r5, #24]
 1743 055e 6A69     		ldr	r2, [r5, #20]
 1744 0560 12F0800F 		tst	r2, #128
 1745 0564 D6D1     		bne	.L218
 1746 0566 7B68     		ldr	r3, [r7, #4]
 1747 0568 43F40073 		orr	r3, r3, #512
 1748 056c 7B60     		str	r3, [r7, #4]
 1749              	.L219:
 1750 056e 2268     		ldr	r2, [r4]
 1751 0570 5369     		ldr	r3, [r2, #20]
 1752 0572 03F40013 		and	r3, r3, #2097152
 1753 0576 5361     		str	r3, [r2, #20]
 1754              	.L217:
 1755 0578 2068     		ldr	r0, [r4]
 1756 057a FFF7FEFF 		bl	USB_ReadInterrupts
 1757 057e 10F0804F 		tst	r0, #1073741824
 1758 0582 10D1     		bne	.L244
 1759              	.L221:
 1760 0584 2068     		ldr	r0, [r4]
 1761 0586 FFF7FEFF 		bl	USB_ReadInterrupts
 1762 058a 10F0040F 		tst	r0, #4
 1763 058e 3FF440AD 		beq	.L168
 1764 0592 2368     		ldr	r3, [r4]
 1765 0594 5D68     		ldr	r5, [r3, #4]
 1766 0596 15F0040F 		tst	r5, #4
 1767 059a 0DD1     		bne	.L245
 1768              	.L222:
 1769 059c 2268     		ldr	r2, [r4]
 1770 059e 5368     		ldr	r3, [r2, #4]
 1771 05a0 2B43     		orrs	r3, r3, r5
 1772 05a2 5360     		str	r3, [r2, #4]
 1773 05a4 35E5     		b	.L168
 1774              	.L244:
 1775 05a6 2046     		mov	r0, r4
ARM GAS  C:\Users\alireza\AppData\Local\Temp\ccMATiRq.s 			page 31


 1776 05a8 FFF7FEFF 		bl	HAL_PCD_ConnectCallback
 1777 05ac 2268     		ldr	r2, [r4]
 1778 05ae 5369     		ldr	r3, [r2, #20]
 1779 05b0 03F08043 		and	r3, r3, #1073741824
 1780 05b4 5361     		str	r3, [r2, #20]
 1781 05b6 E5E7     		b	.L221
 1782              	.L245:
 1783 05b8 2046     		mov	r0, r4
 1784 05ba FFF7FEFF 		bl	HAL_PCD_DisconnectCallback
 1785 05be EDE7     		b	.L222
 1787              		.section	.text.HAL_PCD_EP_Flush,"ax",%progbits
 1788              		.align	1
 1789              		.global	HAL_PCD_EP_Flush
 1790              		.syntax unified
 1791              		.thumb
 1792              		.thumb_func
 1794              	HAL_PCD_EP_Flush:
 1795              		@ args = 0, pretend = 0, frame = 0
 1796              		@ frame_needed = 0, uses_anonymous_args = 0
 1797 0000 90F89434 		ldrb	r3, [r0, #1172]	@ zero_extendqisi2
 1798 0004 012B     		cmp	r3, #1
 1799 0006 14D0     		beq	.L250
 1800 0008 10B5     		push	{r4, lr}
 1801 000a 0446     		mov	r4, r0
 1802 000c 0123     		movs	r3, #1
 1803 000e 80F89434 		strb	r3, [r0, #1172]
 1804 0012 11F0800F 		tst	r1, #128
 1805 0016 06D1     		bne	.L255
 1806 0018 0068     		ldr	r0, [r0]
 1807 001a FFF7FEFF 		bl	USB_FlushRxFifo
 1808              	.L249:
 1809 001e 0020     		movs	r0, #0
 1810 0020 84F89404 		strb	r0, [r4, #1172]
 1811 0024 10BD     		pop	{r4, pc}
 1812              	.L255:
 1813 0026 01F00F01 		and	r1, r1, #15
 1814 002a 0068     		ldr	r0, [r0]
 1815 002c FFF7FEFF 		bl	USB_FlushTxFifo
 1816 0030 F5E7     		b	.L249
 1817              	.L250:
 1818 0032 0220     		movs	r0, #2
 1819 0034 7047     		bx	lr
 1821              		.section	.text.HAL_PCD_ActivateRemoteWakeup,"ax",%progbits
 1822              		.align	1
 1823              		.global	HAL_PCD_ActivateRemoteWakeup
 1824              		.syntax unified
 1825              		.thumb
 1826              		.thumb_func
 1828              	HAL_PCD_ActivateRemoteWakeup:
 1829              		@ args = 0, pretend = 0, frame = 0
 1830              		@ frame_needed = 0, uses_anonymous_args = 0
 1831 0000 08B5     		push	{r3, lr}
 1832 0002 0068     		ldr	r0, [r0]
 1833 0004 FFF7FEFF 		bl	USB_ActivateRemoteWakeup
 1834 0008 08BD     		pop	{r3, pc}
 1836              		.section	.text.HAL_PCD_DeActivateRemoteWakeup,"ax",%progbits
 1837              		.align	1
ARM GAS  C:\Users\alireza\AppData\Local\Temp\ccMATiRq.s 			page 32


 1838              		.global	HAL_PCD_DeActivateRemoteWakeup
 1839              		.syntax unified
 1840              		.thumb
 1841              		.thumb_func
 1843              	HAL_PCD_DeActivateRemoteWakeup:
 1844              		@ args = 0, pretend = 0, frame = 0
 1845              		@ frame_needed = 0, uses_anonymous_args = 0
 1846 0000 08B5     		push	{r3, lr}
 1847 0002 0068     		ldr	r0, [r0]
 1848 0004 FFF7FEFF 		bl	USB_DeActivateRemoteWakeup
 1849 0008 08BD     		pop	{r3, pc}
 1851              		.section	.text.HAL_PCD_GetState,"ax",%progbits
 1852              		.align	1
 1853              		.global	HAL_PCD_GetState
 1854              		.syntax unified
 1855              		.thumb
 1856              		.thumb_func
 1858              	HAL_PCD_GetState:
 1859              		@ args = 0, pretend = 0, frame = 0
 1860              		@ frame_needed = 0, uses_anonymous_args = 0
 1861              		@ link register save eliminated.
 1862 0000 90F89504 		ldrb	r0, [r0, #1173]	@ zero_extendqisi2
 1863 0004 7047     		bx	lr
 1865              		.section	.text.HAL_PCD_SetTestMode,"ax",%progbits
 1866              		.align	1
 1867              		.global	HAL_PCD_SetTestMode
 1868              		.syntax unified
 1869              		.thumb
 1870              		.thumb_func
 1872              	HAL_PCD_SetTestMode:
 1873              		@ args = 0, pretend = 0, frame = 0
 1874              		@ frame_needed = 0, uses_anonymous_args = 0
 1875              		@ link register save eliminated.
 1876 0000 0368     		ldr	r3, [r0]
 1877 0002 4A1E     		subs	r2, r1, #1
 1878 0004 042A     		cmp	r2, #4
 1879 0006 05D8     		bhi	.L262
 1880 0008 D3F80428 		ldr	r2, [r3, #2052]
 1881 000c 42EA0112 		orr	r2, r2, r1, lsl #4
 1882 0010 C3F80428 		str	r2, [r3, #2052]
 1883              	.L262:
 1884 0014 0020     		movs	r0, #0
 1885 0016 7047     		bx	lr
 1887              		.ident	"GCC: (xPack GNU Arm Embedded GCC x86_64) 14.2.1 20241119"
ARM GAS  C:\Users\alireza\AppData\Local\Temp\ccMATiRq.s 			page 33


DEFINED SYMBOLS
                            *ABS*:00000000 stm32f4xx_hal_pcd.c
C:\Users\alireza\AppData\Local\Temp\ccMATiRq.s:18     .text.PCD_WriteEmptyTxFifo:00000000 $t
C:\Users\alireza\AppData\Local\Temp\ccMATiRq.s:23     .text.PCD_WriteEmptyTxFifo:00000000 PCD_WriteEmptyTxFifo
C:\Users\alireza\AppData\Local\Temp\ccMATiRq.s:114    .text.HAL_PCD_MspInit:00000000 $t
C:\Users\alireza\AppData\Local\Temp\ccMATiRq.s:120    .text.HAL_PCD_MspInit:00000000 HAL_PCD_MspInit
C:\Users\alireza\AppData\Local\Temp\ccMATiRq.s:127    .text.HAL_PCD_Init:00000000 $t
C:\Users\alireza\AppData\Local\Temp\ccMATiRq.s:133    .text.HAL_PCD_Init:00000000 HAL_PCD_Init
C:\Users\alireza\AppData\Local\Temp\ccMATiRq.s:250    .text.HAL_PCD_MspDeInit:00000000 $t
C:\Users\alireza\AppData\Local\Temp\ccMATiRq.s:256    .text.HAL_PCD_MspDeInit:00000000 HAL_PCD_MspDeInit
C:\Users\alireza\AppData\Local\Temp\ccMATiRq.s:263    .text.HAL_PCD_DeInit:00000000 $t
C:\Users\alireza\AppData\Local\Temp\ccMATiRq.s:269    .text.HAL_PCD_DeInit:00000000 HAL_PCD_DeInit
C:\Users\alireza\AppData\Local\Temp\ccMATiRq.s:296    .text.HAL_PCD_Start:00000000 $t
C:\Users\alireza\AppData\Local\Temp\ccMATiRq.s:302    .text.HAL_PCD_Start:00000000 HAL_PCD_Start
C:\Users\alireza\AppData\Local\Temp\ccMATiRq.s:337    .text.HAL_PCD_Stop:00000000 $t
C:\Users\alireza\AppData\Local\Temp\ccMATiRq.s:343    .text.HAL_PCD_Stop:00000000 HAL_PCD_Stop
C:\Users\alireza\AppData\Local\Temp\ccMATiRq.s:382    .text.HAL_PCD_WKUP_IRQHandler:00000000 $t
C:\Users\alireza\AppData\Local\Temp\ccMATiRq.s:388    .text.HAL_PCD_WKUP_IRQHandler:00000000 HAL_PCD_WKUP_IRQHandler
C:\Users\alireza\AppData\Local\Temp\ccMATiRq.s:407    .text.HAL_PCD_WKUP_IRQHandler:0000001c $d
C:\Users\alireza\AppData\Local\Temp\ccMATiRq.s:410    .text.HAL_PCD_DataOutStageCallback:00000000 $t
C:\Users\alireza\AppData\Local\Temp\ccMATiRq.s:416    .text.HAL_PCD_DataOutStageCallback:00000000 HAL_PCD_DataOutStageCallback
C:\Users\alireza\AppData\Local\Temp\ccMATiRq.s:423    .text.PCD_EP_OutXfrComplete_int:00000000 $t
C:\Users\alireza\AppData\Local\Temp\ccMATiRq.s:428    .text.PCD_EP_OutXfrComplete_int:00000000 PCD_EP_OutXfrComplete_int
C:\Users\alireza\AppData\Local\Temp\ccMATiRq.s:538    .text.PCD_EP_OutXfrComplete_int:000000fc $d
C:\Users\alireza\AppData\Local\Temp\ccMATiRq.s:542    .text.HAL_PCD_DataInStageCallback:00000000 $t
C:\Users\alireza\AppData\Local\Temp\ccMATiRq.s:548    .text.HAL_PCD_DataInStageCallback:00000000 HAL_PCD_DataInStageCallback
C:\Users\alireza\AppData\Local\Temp\ccMATiRq.s:555    .text.HAL_PCD_SetupStageCallback:00000000 $t
C:\Users\alireza\AppData\Local\Temp\ccMATiRq.s:561    .text.HAL_PCD_SetupStageCallback:00000000 HAL_PCD_SetupStageCallback
C:\Users\alireza\AppData\Local\Temp\ccMATiRq.s:568    .text.PCD_EP_OutSetupPacket_int:00000000 $t
C:\Users\alireza\AppData\Local\Temp\ccMATiRq.s:573    .text.PCD_EP_OutSetupPacket_int:00000000 PCD_EP_OutSetupPacket_int
C:\Users\alireza\AppData\Local\Temp\ccMATiRq.s:611    .text.PCD_EP_OutSetupPacket_int:0000004c $d
C:\Users\alireza\AppData\Local\Temp\ccMATiRq.s:614    .text.HAL_PCD_SOFCallback:00000000 $t
C:\Users\alireza\AppData\Local\Temp\ccMATiRq.s:620    .text.HAL_PCD_SOFCallback:00000000 HAL_PCD_SOFCallback
C:\Users\alireza\AppData\Local\Temp\ccMATiRq.s:627    .text.HAL_PCD_ResetCallback:00000000 $t
C:\Users\alireza\AppData\Local\Temp\ccMATiRq.s:633    .text.HAL_PCD_ResetCallback:00000000 HAL_PCD_ResetCallback
C:\Users\alireza\AppData\Local\Temp\ccMATiRq.s:640    .text.HAL_PCD_SuspendCallback:00000000 $t
C:\Users\alireza\AppData\Local\Temp\ccMATiRq.s:646    .text.HAL_PCD_SuspendCallback:00000000 HAL_PCD_SuspendCallback
C:\Users\alireza\AppData\Local\Temp\ccMATiRq.s:653    .text.HAL_PCD_ResumeCallback:00000000 $t
C:\Users\alireza\AppData\Local\Temp\ccMATiRq.s:659    .text.HAL_PCD_ResumeCallback:00000000 HAL_PCD_ResumeCallback
C:\Users\alireza\AppData\Local\Temp\ccMATiRq.s:666    .text.HAL_PCD_ISOOUTIncompleteCallback:00000000 $t
C:\Users\alireza\AppData\Local\Temp\ccMATiRq.s:672    .text.HAL_PCD_ISOOUTIncompleteCallback:00000000 HAL_PCD_ISOOUTIncompleteCallback
C:\Users\alireza\AppData\Local\Temp\ccMATiRq.s:679    .text.HAL_PCD_ISOINIncompleteCallback:00000000 $t
C:\Users\alireza\AppData\Local\Temp\ccMATiRq.s:685    .text.HAL_PCD_ISOINIncompleteCallback:00000000 HAL_PCD_ISOINIncompleteCallback
C:\Users\alireza\AppData\Local\Temp\ccMATiRq.s:692    .text.HAL_PCD_ConnectCallback:00000000 $t
C:\Users\alireza\AppData\Local\Temp\ccMATiRq.s:698    .text.HAL_PCD_ConnectCallback:00000000 HAL_PCD_ConnectCallback
C:\Users\alireza\AppData\Local\Temp\ccMATiRq.s:705    .text.HAL_PCD_DisconnectCallback:00000000 $t
C:\Users\alireza\AppData\Local\Temp\ccMATiRq.s:711    .text.HAL_PCD_DisconnectCallback:00000000 HAL_PCD_DisconnectCallback
C:\Users\alireza\AppData\Local\Temp\ccMATiRq.s:718    .text.HAL_PCD_DevConnect:00000000 $t
C:\Users\alireza\AppData\Local\Temp\ccMATiRq.s:724    .text.HAL_PCD_DevConnect:00000000 HAL_PCD_DevConnect
C:\Users\alireza\AppData\Local\Temp\ccMATiRq.s:757    .text.HAL_PCD_DevDisconnect:00000000 $t
C:\Users\alireza\AppData\Local\Temp\ccMATiRq.s:763    .text.HAL_PCD_DevDisconnect:00000000 HAL_PCD_DevDisconnect
C:\Users\alireza\AppData\Local\Temp\ccMATiRq.s:797    .text.HAL_PCD_SetAddress:00000000 $t
C:\Users\alireza\AppData\Local\Temp\ccMATiRq.s:803    .text.HAL_PCD_SetAddress:00000000 HAL_PCD_SetAddress
C:\Users\alireza\AppData\Local\Temp\ccMATiRq.s:824    .text.HAL_PCD_EP_Open:00000000 $t
C:\Users\alireza\AppData\Local\Temp\ccMATiRq.s:830    .text.HAL_PCD_EP_Open:00000000 HAL_PCD_EP_Open
C:\Users\alireza\AppData\Local\Temp\ccMATiRq.s:893    .text.HAL_PCD_EP_Close:00000000 $t
C:\Users\alireza\AppData\Local\Temp\ccMATiRq.s:899    .text.HAL_PCD_EP_Close:00000000 HAL_PCD_EP_Close
ARM GAS  C:\Users\alireza\AppData\Local\Temp\ccMATiRq.s 			page 34


C:\Users\alireza\AppData\Local\Temp\ccMATiRq.s:948    .text.HAL_PCD_EP_Receive:00000000 $t
C:\Users\alireza\AppData\Local\Temp\ccMATiRq.s:954    .text.HAL_PCD_EP_Receive:00000000 HAL_PCD_EP_Receive
C:\Users\alireza\AppData\Local\Temp\ccMATiRq.s:986    .text.HAL_PCD_EP_GetRxCount:00000000 $t
C:\Users\alireza\AppData\Local\Temp\ccMATiRq.s:992    .text.HAL_PCD_EP_GetRxCount:00000000 HAL_PCD_EP_GetRxCount
C:\Users\alireza\AppData\Local\Temp\ccMATiRq.s:1003   .text.HAL_PCD_EP_Transmit:00000000 $t
C:\Users\alireza\AppData\Local\Temp\ccMATiRq.s:1009   .text.HAL_PCD_EP_Transmit:00000000 HAL_PCD_EP_Transmit
C:\Users\alireza\AppData\Local\Temp\ccMATiRq.s:1042   .text.HAL_PCD_EP_SetStall:00000000 $t
C:\Users\alireza\AppData\Local\Temp\ccMATiRq.s:1048   .text.HAL_PCD_EP_SetStall:00000000 HAL_PCD_EP_SetStall
C:\Users\alireza\AppData\Local\Temp\ccMATiRq.s:1111   .text.HAL_PCD_EP_ClrStall:00000000 $t
C:\Users\alireza\AppData\Local\Temp\ccMATiRq.s:1117   .text.HAL_PCD_EP_ClrStall:00000000 HAL_PCD_EP_ClrStall
C:\Users\alireza\AppData\Local\Temp\ccMATiRq.s:1171   .text.HAL_PCD_EP_Abort:00000000 $t
C:\Users\alireza\AppData\Local\Temp\ccMATiRq.s:1177   .text.HAL_PCD_EP_Abort:00000000 HAL_PCD_EP_Abort
C:\Users\alireza\AppData\Local\Temp\ccMATiRq.s:1203   .text.HAL_PCD_IRQHandler:00000000 $t
C:\Users\alireza\AppData\Local\Temp\ccMATiRq.s:1209   .text.HAL_PCD_IRQHandler:00000000 HAL_PCD_IRQHandler
C:\Users\alireza\AppData\Local\Temp\ccMATiRq.s:1788   .text.HAL_PCD_EP_Flush:00000000 $t
C:\Users\alireza\AppData\Local\Temp\ccMATiRq.s:1794   .text.HAL_PCD_EP_Flush:00000000 HAL_PCD_EP_Flush
C:\Users\alireza\AppData\Local\Temp\ccMATiRq.s:1822   .text.HAL_PCD_ActivateRemoteWakeup:00000000 $t
C:\Users\alireza\AppData\Local\Temp\ccMATiRq.s:1828   .text.HAL_PCD_ActivateRemoteWakeup:00000000 HAL_PCD_ActivateRemoteWakeup
C:\Users\alireza\AppData\Local\Temp\ccMATiRq.s:1837   .text.HAL_PCD_DeActivateRemoteWakeup:00000000 $t
C:\Users\alireza\AppData\Local\Temp\ccMATiRq.s:1843   .text.HAL_PCD_DeActivateRemoteWakeup:00000000 HAL_PCD_DeActivateRemoteWakeup
C:\Users\alireza\AppData\Local\Temp\ccMATiRq.s:1852   .text.HAL_PCD_GetState:00000000 $t
C:\Users\alireza\AppData\Local\Temp\ccMATiRq.s:1858   .text.HAL_PCD_GetState:00000000 HAL_PCD_GetState
C:\Users\alireza\AppData\Local\Temp\ccMATiRq.s:1866   .text.HAL_PCD_SetTestMode:00000000 $t
C:\Users\alireza\AppData\Local\Temp\ccMATiRq.s:1872   .text.HAL_PCD_SetTestMode:00000000 HAL_PCD_SetTestMode

UNDEFINED SYMBOLS
USB_WritePacket
USB_DisableGlobalInt
USB_CoreInit
USB_SetCurrentMode
USB_DevInit
USB_DevDisconnect
USB_StopDevice
USB_EnableGlobalInt
USB_DevConnect
USB_FlushTxFifo
USB_EP0_OutStart
USB_SetDevAddress
USB_ActivateEndpoint
USB_DeactivateEndpoint
USB_EPStartXfer
USB_EPSetStall
USB_EPClearStall
USB_EPStopXfer
USB_GetMode
USB_ReadInterrupts
USB_ReadPacket
USB_ReadDevAllOutEpInterrupt
USB_ReadDevOutEPInterrupt
USB_ReadDevAllInEpInterrupt
USB_ReadDevInEPInterrupt
HAL_PCDEx_LPM_Callback
USB_ActivateSetup
USB_GetDevSpeed
HAL_RCC_GetHCLKFreq
USB_SetTurnaroundTime
USB_FlushRxFifo
ARM GAS  C:\Users\alireza\AppData\Local\Temp\ccMATiRq.s 			page 35


USB_ActivateRemoteWakeup
USB_DeActivateRemoteWakeup
