ARM GAS  C:\Users\alireza\AppData\Local\Temp\cc9UsDkB.s 			page 1


   1              		.cpu cortex-m4
   2              		.arch armv7e-m
   3              		.fpu fpv4-sp-d16
   4              		.eabi_attribute 27, 1
   5              		.eabi_attribute 28, 1
   6              		.eabi_attribute 20, 1
   7              		.eabi_attribute 21, 1
   8              		.eabi_attribute 23, 3
   9              		.eabi_attribute 24, 1
  10              		.eabi_attribute 25, 1
  11              		.eabi_attribute 26, 1
  12              		.eabi_attribute 30, 1
  13              		.eabi_attribute 34, 1
  14              		.eabi_attribute 18, 4
  15              		.file	"stm32f4xx_hal_adc.c"
  16              		.text
  17              		.section	.text.ADC_Init,"ax",%progbits
  18              		.align	1
  19              		.syntax unified
  20              		.thumb
  21              		.thumb_func
  23              	ADC_Init:
  24              		@ args = 0, pretend = 0, frame = 0
  25              		@ frame_needed = 0, uses_anonymous_args = 0
  26              		@ link register save eliminated.
  27 0000 4A4B     		ldr	r3, .L6
  28 0002 5A68     		ldr	r2, [r3, #4]
  29 0004 22F44032 		bic	r2, r2, #196608
  30 0008 5A60     		str	r2, [r3, #4]
  31 000a 5A68     		ldr	r2, [r3, #4]
  32 000c 4168     		ldr	r1, [r0, #4]
  33 000e 0A43     		orrs	r2, r2, r1
  34 0010 5A60     		str	r2, [r3, #4]
  35 0012 0268     		ldr	r2, [r0]
  36 0014 5368     		ldr	r3, [r2, #4]
  37 0016 23F48073 		bic	r3, r3, #256
  38 001a 5360     		str	r3, [r2, #4]
  39 001c 0268     		ldr	r2, [r0]
  40 001e 5368     		ldr	r3, [r2, #4]
  41 0020 0169     		ldr	r1, [r0, #16]
  42 0022 43EA0123 		orr	r3, r3, r1, lsl #8
  43 0026 5360     		str	r3, [r2, #4]
  44 0028 0268     		ldr	r2, [r0]
  45 002a 5368     		ldr	r3, [r2, #4]
  46 002c 23F04073 		bic	r3, r3, #50331648
  47 0030 5360     		str	r3, [r2, #4]
  48 0032 0268     		ldr	r2, [r0]
  49 0034 5368     		ldr	r3, [r2, #4]
  50 0036 8168     		ldr	r1, [r0, #8]
  51 0038 0B43     		orrs	r3, r3, r1
  52 003a 5360     		str	r3, [r2, #4]
  53 003c 0268     		ldr	r2, [r0]
  54 003e 9368     		ldr	r3, [r2, #8]
  55 0040 23F40063 		bic	r3, r3, #2048
  56 0044 9360     		str	r3, [r2, #8]
  57 0046 0268     		ldr	r2, [r0]
  58 0048 9368     		ldr	r3, [r2, #8]
ARM GAS  C:\Users\alireza\AppData\Local\Temp\cc9UsDkB.s 			page 2


  59 004a C168     		ldr	r1, [r0, #12]
  60 004c 0B43     		orrs	r3, r3, r1
  61 004e 9360     		str	r3, [r2, #8]
  62 0050 826A     		ldr	r2, [r0, #40]
  63 0052 374B     		ldr	r3, .L6+4
  64 0054 9A42     		cmp	r2, r3
  65 0056 57D0     		beq	.L2
  66 0058 0268     		ldr	r2, [r0]
  67 005a 9368     		ldr	r3, [r2, #8]
  68 005c 23F07063 		bic	r3, r3, #251658240
  69 0060 9360     		str	r3, [r2, #8]
  70 0062 0268     		ldr	r2, [r0]
  71 0064 9368     		ldr	r3, [r2, #8]
  72 0066 816A     		ldr	r1, [r0, #40]
  73 0068 0B43     		orrs	r3, r3, r1
  74 006a 9360     		str	r3, [r2, #8]
  75 006c 0268     		ldr	r2, [r0]
  76 006e 9368     		ldr	r3, [r2, #8]
  77 0070 23F04053 		bic	r3, r3, #805306368
  78 0074 9360     		str	r3, [r2, #8]
  79 0076 0268     		ldr	r2, [r0]
  80 0078 9368     		ldr	r3, [r2, #8]
  81 007a C16A     		ldr	r1, [r0, #44]
  82 007c 0B43     		orrs	r3, r3, r1
  83 007e 9360     		str	r3, [r2, #8]
  84              	.L3:
  85 0080 0268     		ldr	r2, [r0]
  86 0082 9368     		ldr	r3, [r2, #8]
  87 0084 23F00203 		bic	r3, r3, #2
  88 0088 9360     		str	r3, [r2, #8]
  89 008a 0268     		ldr	r2, [r0]
  90 008c 9368     		ldr	r3, [r2, #8]
  91 008e 017E     		ldrb	r1, [r0, #24]	@ zero_extendqisi2
  92 0090 43EA4103 		orr	r3, r3, r1, lsl #1
  93 0094 9360     		str	r3, [r2, #8]
  94 0096 90F82030 		ldrb	r3, [r0, #32]	@ zero_extendqisi2
  95 009a 002B     		cmp	r3, #0
  96 009c 3FD0     		beq	.L4
  97 009e 0268     		ldr	r2, [r0]
  98 00a0 5368     		ldr	r3, [r2, #4]
  99 00a2 43F40063 		orr	r3, r3, #2048
 100 00a6 5360     		str	r3, [r2, #4]
 101 00a8 0268     		ldr	r2, [r0]
 102 00aa 5368     		ldr	r3, [r2, #4]
 103 00ac 23F46043 		bic	r3, r3, #57344
 104 00b0 5360     		str	r3, [r2, #4]
 105 00b2 0168     		ldr	r1, [r0]
 106 00b4 4B68     		ldr	r3, [r1, #4]
 107 00b6 426A     		ldr	r2, [r0, #36]
 108 00b8 013A     		subs	r2, r2, #1
 109 00ba 43EA4233 		orr	r3, r3, r2, lsl #13
 110 00be 4B60     		str	r3, [r1, #4]
 111              	.L5:
 112 00c0 0268     		ldr	r2, [r0]
 113 00c2 D36A     		ldr	r3, [r2, #44]
 114 00c4 23F47003 		bic	r3, r3, #15728640
 115 00c8 D362     		str	r3, [r2, #44]
ARM GAS  C:\Users\alireza\AppData\Local\Temp\cc9UsDkB.s 			page 3


 116 00ca 0168     		ldr	r1, [r0]
 117 00cc CB6A     		ldr	r3, [r1, #44]
 118 00ce C269     		ldr	r2, [r0, #28]
 119 00d0 013A     		subs	r2, r2, #1
 120 00d2 43EA0253 		orr	r3, r3, r2, lsl #20
 121 00d6 CB62     		str	r3, [r1, #44]
 122 00d8 0268     		ldr	r2, [r0]
 123 00da 9368     		ldr	r3, [r2, #8]
 124 00dc 23F40073 		bic	r3, r3, #512
 125 00e0 9360     		str	r3, [r2, #8]
 126 00e2 0268     		ldr	r2, [r0]
 127 00e4 9368     		ldr	r3, [r2, #8]
 128 00e6 90F83010 		ldrb	r1, [r0, #48]	@ zero_extendqisi2
 129 00ea 43EA4123 		orr	r3, r3, r1, lsl #9
 130 00ee 9360     		str	r3, [r2, #8]
 131 00f0 0268     		ldr	r2, [r0]
 132 00f2 9368     		ldr	r3, [r2, #8]
 133 00f4 23F48063 		bic	r3, r3, #1024
 134 00f8 9360     		str	r3, [r2, #8]
 135 00fa 0268     		ldr	r2, [r0]
 136 00fc 9368     		ldr	r3, [r2, #8]
 137 00fe 4169     		ldr	r1, [r0, #20]
 138 0100 43EA8123 		orr	r3, r3, r1, lsl #10
 139 0104 9360     		str	r3, [r2, #8]
 140 0106 7047     		bx	lr
 141              	.L2:
 142 0108 0268     		ldr	r2, [r0]
 143 010a 9368     		ldr	r3, [r2, #8]
 144 010c 23F07063 		bic	r3, r3, #251658240
 145 0110 9360     		str	r3, [r2, #8]
 146 0112 0268     		ldr	r2, [r0]
 147 0114 9368     		ldr	r3, [r2, #8]
 148 0116 23F04053 		bic	r3, r3, #805306368
 149 011a 9360     		str	r3, [r2, #8]
 150 011c B0E7     		b	.L3
 151              	.L4:
 152 011e 0268     		ldr	r2, [r0]
 153 0120 5368     		ldr	r3, [r2, #4]
 154 0122 23F40063 		bic	r3, r3, #2048
 155 0126 5360     		str	r3, [r2, #4]
 156 0128 CAE7     		b	.L5
 157              	.L7:
 158 012a 00BF     		.align	2
 159              	.L6:
 160 012c 00230140 		.word	1073816320
 161 0130 0100000F 		.word	251658241
 163              		.section	.text.HAL_ADC_MspInit,"ax",%progbits
 164              		.align	1
 165              		.weak	HAL_ADC_MspInit
 166              		.syntax unified
 167              		.thumb
 168              		.thumb_func
 170              	HAL_ADC_MspInit:
 171              		@ args = 0, pretend = 0, frame = 0
 172              		@ frame_needed = 0, uses_anonymous_args = 0
 173              		@ link register save eliminated.
 174 0000 7047     		bx	lr
ARM GAS  C:\Users\alireza\AppData\Local\Temp\cc9UsDkB.s 			page 4


 176              		.section	.text.HAL_ADC_Init,"ax",%progbits
 177              		.align	1
 178              		.global	HAL_ADC_Init
 179              		.syntax unified
 180              		.thumb
 181              		.thumb_func
 183              	HAL_ADC_Init:
 184              		@ args = 0, pretend = 0, frame = 0
 185              		@ frame_needed = 0, uses_anonymous_args = 0
 186 0000 38B3     		cbz	r0, .L13
 187 0002 10B5     		push	{r4, lr}
 188 0004 0446     		mov	r4, r0
 189 0006 036C     		ldr	r3, [r0, #64]
 190 0008 43B1     		cbz	r3, .L19
 191              	.L11:
 192 000a 236C     		ldr	r3, [r4, #64]
 193 000c 13F0100F 		tst	r3, #16
 194 0010 0BD0     		beq	.L20
 195 0012 0120     		movs	r0, #1
 196              	.L12:
 197 0014 0023     		movs	r3, #0
 198 0016 84F83C30 		strb	r3, [r4, #60]
 199 001a 10BD     		pop	{r4, pc}
 200              	.L19:
 201 001c FFF7FEFF 		bl	HAL_ADC_MspInit
 202 0020 0023     		movs	r3, #0
 203 0022 6364     		str	r3, [r4, #68]
 204 0024 84F83C30 		strb	r3, [r4, #60]
 205 0028 EFE7     		b	.L11
 206              	.L20:
 207 002a 236C     		ldr	r3, [r4, #64]
 208 002c 23F48853 		bic	r3, r3, #4352
 209 0030 23F00203 		bic	r3, r3, #2
 210 0034 43F00203 		orr	r3, r3, #2
 211 0038 2364     		str	r3, [r4, #64]
 212 003a 2046     		mov	r0, r4
 213 003c FFF7FEFF 		bl	ADC_Init
 214 0040 0020     		movs	r0, #0
 215 0042 6064     		str	r0, [r4, #68]
 216 0044 236C     		ldr	r3, [r4, #64]
 217 0046 23F00303 		bic	r3, r3, #3
 218 004a 43F00103 		orr	r3, r3, #1
 219 004e 2364     		str	r3, [r4, #64]
 220 0050 E0E7     		b	.L12
 221              	.L13:
 222 0052 0120     		movs	r0, #1
 223 0054 7047     		bx	lr
 225              		.section	.text.HAL_ADC_MspDeInit,"ax",%progbits
 226              		.align	1
 227              		.weak	HAL_ADC_MspDeInit
 228              		.syntax unified
 229              		.thumb
 230              		.thumb_func
 232              	HAL_ADC_MspDeInit:
 233              		@ args = 0, pretend = 0, frame = 0
 234              		@ frame_needed = 0, uses_anonymous_args = 0
 235              		@ link register save eliminated.
ARM GAS  C:\Users\alireza\AppData\Local\Temp\cc9UsDkB.s 			page 5


 236 0000 7047     		bx	lr
 238              		.section	.text.HAL_ADC_DeInit,"ax",%progbits
 239              		.align	1
 240              		.global	HAL_ADC_DeInit
 241              		.syntax unified
 242              		.thumb
 243              		.thumb_func
 245              	HAL_ADC_DeInit:
 246              		@ args = 0, pretend = 0, frame = 0
 247              		@ frame_needed = 0, uses_anonymous_args = 0
 248 0000 C8B1     		cbz	r0, .L25
 249 0002 10B5     		push	{r4, lr}
 250 0004 0446     		mov	r4, r0
 251 0006 036C     		ldr	r3, [r0, #64]
 252 0008 43F00203 		orr	r3, r3, #2
 253 000c 0364     		str	r3, [r0, #64]
 254 000e 0268     		ldr	r2, [r0]
 255 0010 9368     		ldr	r3, [r2, #8]
 256 0012 23F00103 		bic	r3, r3, #1
 257 0016 9360     		str	r3, [r2, #8]
 258 0018 0368     		ldr	r3, [r0]
 259 001a 9B68     		ldr	r3, [r3, #8]
 260 001c 13F0010F 		tst	r3, #1
 261 0020 03D0     		beq	.L30
 262              	.L24:
 263 0022 0020     		movs	r0, #0
 264 0024 84F83C00 		strb	r0, [r4, #60]
 265 0028 10BD     		pop	{r4, pc}
 266              	.L30:
 267 002a FFF7FEFF 		bl	HAL_ADC_MspDeInit
 268 002e 0023     		movs	r3, #0
 269 0030 6364     		str	r3, [r4, #68]
 270 0032 2364     		str	r3, [r4, #64]
 271 0034 F5E7     		b	.L24
 272              	.L25:
 273 0036 0120     		movs	r0, #1
 274 0038 7047     		bx	lr
 276              		.section	.text.HAL_ADC_Start,"ax",%progbits
 277              		.align	1
 278              		.global	HAL_ADC_Start
 279              		.syntax unified
 280              		.thumb
 281              		.thumb_func
 283              	HAL_ADC_Start:
 284              		@ args = 0, pretend = 0, frame = 8
 285              		@ frame_needed = 0, uses_anonymous_args = 0
 286              		@ link register save eliminated.
 287 0000 82B0     		sub	sp, sp, #8
 288 0002 0023     		movs	r3, #0
 289 0004 0193     		str	r3, [sp, #4]
 290 0006 90F83C30 		ldrb	r3, [r0, #60]	@ zero_extendqisi2
 291 000a 012B     		cmp	r3, #1
 292 000c 6ED0     		beq	.L41
 293 000e 0123     		movs	r3, #1
 294 0010 80F83C30 		strb	r3, [r0, #60]
 295 0014 0368     		ldr	r3, [r0]
 296 0016 9A68     		ldr	r2, [r3, #8]
ARM GAS  C:\Users\alireza\AppData\Local\Temp\cc9UsDkB.s 			page 6


 297 0018 12F0010F 		tst	r2, #1
 298 001c 13D1     		bne	.L33
 299 001e 9A68     		ldr	r2, [r3, #8]
 300 0020 42F00102 		orr	r2, r2, #1
 301 0024 9A60     		str	r2, [r3, #8]
 302 0026 344B     		ldr	r3, .L47
 303 0028 1B68     		ldr	r3, [r3]
 304 002a 344A     		ldr	r2, .L47+4
 305 002c A2FB0323 		umull	r2, r3, r2, r3
 306 0030 9B0C     		lsrs	r3, r3, #18
 307 0032 03EB4303 		add	r3, r3, r3, lsl #1
 308 0036 0193     		str	r3, [sp, #4]
 309 0038 02E0     		b	.L34
 310              	.L35:
 311 003a 019B     		ldr	r3, [sp, #4]
 312 003c 013B     		subs	r3, r3, #1
 313 003e 0193     		str	r3, [sp, #4]
 314              	.L34:
 315 0040 019B     		ldr	r3, [sp, #4]
 316 0042 002B     		cmp	r3, #0
 317 0044 F9D1     		bne	.L35
 318              	.L33:
 319 0046 0268     		ldr	r2, [r0]
 320 0048 9368     		ldr	r3, [r2, #8]
 321 004a 13F0010F 		tst	r3, #1
 322 004e 42D0     		beq	.L36
 323 0050 036C     		ldr	r3, [r0, #64]
 324 0052 23F4E063 		bic	r3, r3, #1792
 325 0056 23F00103 		bic	r3, r3, #1
 326 005a 43F48073 		orr	r3, r3, #256
 327 005e 0364     		str	r3, [r0, #64]
 328 0060 5368     		ldr	r3, [r2, #4]
 329 0062 13F4806F 		tst	r3, #1024
 330 0066 05D0     		beq	.L37
 331 0068 036C     		ldr	r3, [r0, #64]
 332 006a 23F44053 		bic	r3, r3, #12288
 333 006e 43F48053 		orr	r3, r3, #4096
 334 0072 0364     		str	r3, [r0, #64]
 335              	.L37:
 336 0074 036C     		ldr	r3, [r0, #64]
 337 0076 13F4805F 		tst	r3, #4096
 338 007a 19D0     		beq	.L38
 339 007c 436C     		ldr	r3, [r0, #68]
 340 007e 23F00603 		bic	r3, r3, #6
 341 0082 4364     		str	r3, [r0, #68]
 342              	.L39:
 343 0084 0023     		movs	r3, #0
 344 0086 80F83C30 		strb	r3, [r0, #60]
 345 008a 6FF02203 		mvn	r3, #34
 346 008e 1360     		str	r3, [r2]
 347 0090 1B4B     		ldr	r3, .L47+8
 348 0092 5B68     		ldr	r3, [r3, #4]
 349 0094 13F01F0F 		tst	r3, #31
 350 0098 0DD1     		bne	.L40
 351 009a 0368     		ldr	r3, [r0]
 352 009c 9A68     		ldr	r2, [r3, #8]
 353 009e 12F0405F 		tst	r2, #805306368
ARM GAS  C:\Users\alireza\AppData\Local\Temp\cc9UsDkB.s 			page 7


 354 00a2 25D1     		bne	.L42
 355 00a4 9A68     		ldr	r2, [r3, #8]
 356 00a6 42F08042 		orr	r2, r2, #1073741824
 357 00aa 9A60     		str	r2, [r3, #8]
 358 00ac 0020     		movs	r0, #0
 359 00ae 1BE0     		b	.L32
 360              	.L38:
 361 00b0 0023     		movs	r3, #0
 362 00b2 4364     		str	r3, [r0, #68]
 363 00b4 E6E7     		b	.L39
 364              	.L40:
 365 00b6 0368     		ldr	r3, [r0]
 366 00b8 124A     		ldr	r2, .L47+12
 367 00ba 9342     		cmp	r3, r2
 368 00bc 01D0     		beq	.L46
 369 00be 0020     		movs	r0, #0
 370 00c0 12E0     		b	.L32
 371              	.L46:
 372 00c2 9A68     		ldr	r2, [r3, #8]
 373 00c4 12F0405F 		tst	r2, #805306368
 374 00c8 14D1     		bne	.L44
 375 00ca 9A68     		ldr	r2, [r3, #8]
 376 00cc 42F08042 		orr	r2, r2, #1073741824
 377 00d0 9A60     		str	r2, [r3, #8]
 378 00d2 0020     		movs	r0, #0
 379 00d4 08E0     		b	.L32
 380              	.L36:
 381 00d6 036C     		ldr	r3, [r0, #64]
 382 00d8 43F01003 		orr	r3, r3, #16
 383 00dc 0364     		str	r3, [r0, #64]
 384 00de 436C     		ldr	r3, [r0, #68]
 385 00e0 43F00103 		orr	r3, r3, #1
 386 00e4 4364     		str	r3, [r0, #68]
 387 00e6 0020     		movs	r0, #0
 388              	.L32:
 389 00e8 02B0     		add	sp, sp, #8
 390              		@ sp needed
 391 00ea 7047     		bx	lr
 392              	.L41:
 393 00ec 0220     		movs	r0, #2
 394 00ee FBE7     		b	.L32
 395              	.L42:
 396 00f0 0020     		movs	r0, #0
 397 00f2 F9E7     		b	.L32
 398              	.L44:
 399 00f4 0020     		movs	r0, #0
 400 00f6 F7E7     		b	.L32
 401              	.L48:
 402              		.align	2
 403              	.L47:
 404 00f8 00000000 		.word	SystemCoreClock
 405 00fc 83DE1B43 		.word	1125899907
 406 0100 00230140 		.word	1073816320
 407 0104 00200140 		.word	1073815552
 409              		.section	.text.HAL_ADC_Stop,"ax",%progbits
 410              		.align	1
 411              		.global	HAL_ADC_Stop
ARM GAS  C:\Users\alireza\AppData\Local\Temp\cc9UsDkB.s 			page 8


 412              		.syntax unified
 413              		.thumb
 414              		.thumb_func
 416              	HAL_ADC_Stop:
 417              		@ args = 0, pretend = 0, frame = 0
 418              		@ frame_needed = 0, uses_anonymous_args = 0
 419              		@ link register save eliminated.
 420 0000 90F83C30 		ldrb	r3, [r0, #60]	@ zero_extendqisi2
 421 0004 012B     		cmp	r3, #1
 422 0006 19D0     		beq	.L52
 423 0008 0123     		movs	r3, #1
 424 000a 80F83C30 		strb	r3, [r0, #60]
 425 000e 0268     		ldr	r2, [r0]
 426 0010 9368     		ldr	r3, [r2, #8]
 427 0012 23F00103 		bic	r3, r3, #1
 428 0016 9360     		str	r3, [r2, #8]
 429 0018 0368     		ldr	r3, [r0]
 430 001a 9B68     		ldr	r3, [r3, #8]
 431 001c 13F0010F 		tst	r3, #1
 432 0020 07D1     		bne	.L51
 433 0022 036C     		ldr	r3, [r0, #64]
 434 0024 23F48853 		bic	r3, r3, #4352
 435 0028 23F00103 		bic	r3, r3, #1
 436 002c 43F00103 		orr	r3, r3, #1
 437 0030 0364     		str	r3, [r0, #64]
 438              	.L51:
 439 0032 0023     		movs	r3, #0
 440 0034 80F83C30 		strb	r3, [r0, #60]
 441 0038 1846     		mov	r0, r3
 442 003a 7047     		bx	lr
 443              	.L52:
 444 003c 0220     		movs	r0, #2
 445 003e 7047     		bx	lr
 447              		.section	.text.HAL_ADC_PollForConversion,"ax",%progbits
 448              		.align	1
 449              		.global	HAL_ADC_PollForConversion
 450              		.syntax unified
 451              		.thumb
 452              		.thumb_func
 454              	HAL_ADC_PollForConversion:
 455              		@ args = 0, pretend = 0, frame = 0
 456              		@ frame_needed = 0, uses_anonymous_args = 0
 457 0000 70B5     		push	{r4, r5, r6, lr}
 458 0002 0446     		mov	r4, r0
 459 0004 0D46     		mov	r5, r1
 460 0006 0368     		ldr	r3, [r0]
 461 0008 9A68     		ldr	r2, [r3, #8]
 462 000a 12F4806F 		tst	r2, #1024
 463 000e 03D0     		beq	.L54
 464 0010 9B68     		ldr	r3, [r3, #8]
 465 0012 13F4807F 		tst	r3, #256
 466 0016 19D1     		bne	.L65
 467              	.L54:
 468 0018 FFF7FEFF 		bl	HAL_GetTick
 469 001c 0646     		mov	r6, r0
 470              	.L57:
 471 001e 2368     		ldr	r3, [r4]
ARM GAS  C:\Users\alireza\AppData\Local\Temp\cc9UsDkB.s 			page 9


 472 0020 1A68     		ldr	r2, [r3]
 473 0022 12F0020F 		tst	r2, #2
 474 0026 20D1     		bne	.L66
 475 0028 B5F1FF3F 		cmp	r5, #-1
 476 002c F7D0     		beq	.L57
 477 002e B5B9     		cbnz	r5, .L67
 478              	.L58:
 479 0030 2368     		ldr	r3, [r4]
 480 0032 1B68     		ldr	r3, [r3]
 481 0034 13F0020F 		tst	r3, #2
 482 0038 F1D1     		bne	.L57
 483 003a 236C     		ldr	r3, [r4, #64]
 484 003c 43F00403 		orr	r3, r3, #4
 485 0040 2364     		str	r3, [r4, #64]
 486 0042 0023     		movs	r3, #0
 487 0044 84F83C30 		strb	r3, [r4, #60]
 488 0048 0320     		movs	r0, #3
 489 004a 32E0     		b	.L55
 490              	.L65:
 491 004c 036C     		ldr	r3, [r0, #64]
 492 004e 43F02003 		orr	r3, r3, #32
 493 0052 0364     		str	r3, [r0, #64]
 494 0054 0023     		movs	r3, #0
 495 0056 80F83C30 		strb	r3, [r0, #60]
 496 005a 0120     		movs	r0, #1
 497 005c 29E0     		b	.L55
 498              	.L67:
 499 005e FFF7FEFF 		bl	HAL_GetTick
 500 0062 801B     		subs	r0, r0, r6
 501 0064 A842     		cmp	r0, r5
 502 0066 DAD9     		bls	.L57
 503 0068 E2E7     		b	.L58
 504              	.L66:
 505 006a 6FF01202 		mvn	r2, #18
 506 006e 1A60     		str	r2, [r3]
 507 0070 236C     		ldr	r3, [r4, #64]
 508 0072 43F40073 		orr	r3, r3, #512
 509 0076 2364     		str	r3, [r4, #64]
 510 0078 2368     		ldr	r3, [r4]
 511 007a 9A68     		ldr	r2, [r3, #8]
 512 007c 12F0405F 		tst	r2, #805306368
 513 0080 16D1     		bne	.L62
 514 0082 207E     		ldrb	r0, [r4, #24]	@ zero_extendqisi2
 515 0084 B0B9     		cbnz	r0, .L63
 516 0086 DA6A     		ldr	r2, [r3, #44]
 517 0088 12F4700F 		tst	r2, #15728640
 518 008c 03D0     		beq	.L61
 519 008e 9B68     		ldr	r3, [r3, #8]
 520 0090 13F4806F 		tst	r3, #1024
 521 0094 0DD1     		bne	.L55
 522              	.L61:
 523 0096 236C     		ldr	r3, [r4, #64]
 524 0098 23F48073 		bic	r3, r3, #256
 525 009c 2364     		str	r3, [r4, #64]
 526 009e 236C     		ldr	r3, [r4, #64]
 527 00a0 13F4805F 		tst	r3, #4096
 528 00a4 05D1     		bne	.L55
ARM GAS  C:\Users\alireza\AppData\Local\Temp\cc9UsDkB.s 			page 10


 529 00a6 236C     		ldr	r3, [r4, #64]
 530 00a8 43F00103 		orr	r3, r3, #1
 531 00ac 2364     		str	r3, [r4, #64]
 532 00ae 00E0     		b	.L55
 533              	.L62:
 534 00b0 0020     		movs	r0, #0
 535              	.L55:
 536 00b2 70BD     		pop	{r4, r5, r6, pc}
 537              	.L63:
 538 00b4 0020     		movs	r0, #0
 539 00b6 FCE7     		b	.L55
 541              		.section	.text.HAL_ADC_PollForEvent,"ax",%progbits
 542              		.align	1
 543              		.global	HAL_ADC_PollForEvent
 544              		.syntax unified
 545              		.thumb
 546              		.thumb_func
 548              	HAL_ADC_PollForEvent:
 549              		@ args = 0, pretend = 0, frame = 0
 550              		@ frame_needed = 0, uses_anonymous_args = 0
 551 0000 2DE9F041 		push	{r4, r5, r6, r7, r8, lr}
 552 0004 0546     		mov	r5, r0
 553 0006 0E46     		mov	r6, r1
 554 0008 1746     		mov	r7, r2
 555 000a FFF7FEFF 		bl	HAL_GetTick
 556 000e 8046     		mov	r8, r0
 557              	.L70:
 558 0010 2C68     		ldr	r4, [r5]
 559 0012 2368     		ldr	r3, [r4]
 560 0014 36EA0303 		bics	r3, r6, r3
 561 0018 18D0     		beq	.L77
 562 001a B7F1FF3F 		cmp	r7, #-1
 563 001e F7D0     		beq	.L70
 564 0020 6FB9     		cbnz	r7, .L78
 565              	.L71:
 566 0022 2B68     		ldr	r3, [r5]
 567 0024 1B68     		ldr	r3, [r3]
 568 0026 36EA0303 		bics	r3, r6, r3
 569 002a F1D0     		beq	.L70
 570 002c 2B6C     		ldr	r3, [r5, #64]
 571 002e 43F00403 		orr	r3, r3, #4
 572 0032 2B64     		str	r3, [r5, #64]
 573 0034 0023     		movs	r3, #0
 574 0036 85F83C30 		strb	r3, [r5, #60]
 575 003a 0320     		movs	r0, #3
 576 003c 14E0     		b	.L73
 577              	.L78:
 578 003e FFF7FEFF 		bl	HAL_GetTick
 579 0042 A0EB0800 		sub	r0, r0, r8
 580 0046 B842     		cmp	r0, r7
 581 0048 E2D9     		bls	.L70
 582 004a EAE7     		b	.L71
 583              	.L77:
 584 004c 012E     		cmp	r6, #1
 585 004e 0DD0     		beq	.L79
 586 0050 2B6C     		ldr	r3, [r5, #64]
 587 0052 43F48063 		orr	r3, r3, #1024
ARM GAS  C:\Users\alireza\AppData\Local\Temp\cc9UsDkB.s 			page 11


 588 0056 2B64     		str	r3, [r5, #64]
 589 0058 6B6C     		ldr	r3, [r5, #68]
 590 005a 43F00203 		orr	r3, r3, #2
 591 005e 6B64     		str	r3, [r5, #68]
 592 0060 6FF02003 		mvn	r3, #32
 593 0064 2360     		str	r3, [r4]
 594 0066 0020     		movs	r0, #0
 595              	.L73:
 596 0068 BDE8F081 		pop	{r4, r5, r6, r7, r8, pc}
 597              	.L79:
 598 006c 2B6C     		ldr	r3, [r5, #64]
 599 006e 43F48033 		orr	r3, r3, #65536
 600 0072 2B64     		str	r3, [r5, #64]
 601 0074 6FF00103 		mvn	r3, #1
 602 0078 2360     		str	r3, [r4]
 603 007a 0020     		movs	r0, #0
 604 007c F4E7     		b	.L73
 606              		.section	.text.HAL_ADC_Start_IT,"ax",%progbits
 607              		.align	1
 608              		.global	HAL_ADC_Start_IT
 609              		.syntax unified
 610              		.thumb
 611              		.thumb_func
 613              	HAL_ADC_Start_IT:
 614              		@ args = 0, pretend = 0, frame = 8
 615              		@ frame_needed = 0, uses_anonymous_args = 0
 616              		@ link register save eliminated.
 617 0000 82B0     		sub	sp, sp, #8
 618 0002 0023     		movs	r3, #0
 619 0004 0193     		str	r3, [sp, #4]
 620 0006 90F83C30 		ldrb	r3, [r0, #60]	@ zero_extendqisi2
 621 000a 012B     		cmp	r3, #1
 622 000c 75D0     		beq	.L90
 623 000e 0123     		movs	r3, #1
 624 0010 80F83C30 		strb	r3, [r0, #60]
 625 0014 0368     		ldr	r3, [r0]
 626 0016 9A68     		ldr	r2, [r3, #8]
 627 0018 12F0010F 		tst	r2, #1
 628 001c 13D1     		bne	.L82
 629 001e 9A68     		ldr	r2, [r3, #8]
 630 0020 42F00102 		orr	r2, r2, #1
 631 0024 9A60     		str	r2, [r3, #8]
 632 0026 384B     		ldr	r3, .L96
 633 0028 1B68     		ldr	r3, [r3]
 634 002a 384A     		ldr	r2, .L96+4
 635 002c A2FB0323 		umull	r2, r3, r2, r3
 636 0030 9B0C     		lsrs	r3, r3, #18
 637 0032 03EB4303 		add	r3, r3, r3, lsl #1
 638 0036 0193     		str	r3, [sp, #4]
 639 0038 02E0     		b	.L83
 640              	.L84:
 641 003a 019B     		ldr	r3, [sp, #4]
 642 003c 013B     		subs	r3, r3, #1
 643 003e 0193     		str	r3, [sp, #4]
 644              	.L83:
 645 0040 019B     		ldr	r3, [sp, #4]
 646 0042 002B     		cmp	r3, #0
ARM GAS  C:\Users\alireza\AppData\Local\Temp\cc9UsDkB.s 			page 12


 647 0044 F9D1     		bne	.L84
 648              	.L82:
 649 0046 0268     		ldr	r2, [r0]
 650 0048 9368     		ldr	r3, [r2, #8]
 651 004a 13F0010F 		tst	r3, #1
 652 004e 49D0     		beq	.L85
 653 0050 036C     		ldr	r3, [r0, #64]
 654 0052 23F4E063 		bic	r3, r3, #1792
 655 0056 23F00103 		bic	r3, r3, #1
 656 005a 43F48073 		orr	r3, r3, #256
 657 005e 0364     		str	r3, [r0, #64]
 658 0060 5368     		ldr	r3, [r2, #4]
 659 0062 13F4806F 		tst	r3, #1024
 660 0066 05D0     		beq	.L86
 661 0068 036C     		ldr	r3, [r0, #64]
 662 006a 23F44053 		bic	r3, r3, #12288
 663 006e 43F48053 		orr	r3, r3, #4096
 664 0072 0364     		str	r3, [r0, #64]
 665              	.L86:
 666 0074 036C     		ldr	r3, [r0, #64]
 667 0076 13F4805F 		tst	r3, #4096
 668 007a 20D0     		beq	.L87
 669 007c 436C     		ldr	r3, [r0, #68]
 670 007e 23F00603 		bic	r3, r3, #6
 671 0082 4364     		str	r3, [r0, #68]
 672              	.L88:
 673 0084 0023     		movs	r3, #0
 674 0086 80F83C30 		strb	r3, [r0, #60]
 675 008a 6FF02203 		mvn	r3, #34
 676 008e 1360     		str	r3, [r2]
 677 0090 0268     		ldr	r2, [r0]
 678 0092 5368     		ldr	r3, [r2, #4]
 679 0094 43F08063 		orr	r3, r3, #67108864
 680 0098 43F02003 		orr	r3, r3, #32
 681 009c 5360     		str	r3, [r2, #4]
 682 009e 1C4B     		ldr	r3, .L96+8
 683 00a0 5B68     		ldr	r3, [r3, #4]
 684 00a2 13F01F0F 		tst	r3, #31
 685 00a6 0DD1     		bne	.L89
 686 00a8 0368     		ldr	r3, [r0]
 687 00aa 9A68     		ldr	r2, [r3, #8]
 688 00ac 12F0405F 		tst	r2, #805306368
 689 00b0 25D1     		bne	.L91
 690 00b2 9A68     		ldr	r2, [r3, #8]
 691 00b4 42F08042 		orr	r2, r2, #1073741824
 692 00b8 9A60     		str	r2, [r3, #8]
 693 00ba 0020     		movs	r0, #0
 694 00bc 1BE0     		b	.L81
 695              	.L87:
 696 00be 0023     		movs	r3, #0
 697 00c0 4364     		str	r3, [r0, #68]
 698 00c2 DFE7     		b	.L88
 699              	.L89:
 700 00c4 0368     		ldr	r3, [r0]
 701 00c6 134A     		ldr	r2, .L96+12
 702 00c8 9342     		cmp	r3, r2
 703 00ca 01D0     		beq	.L95
ARM GAS  C:\Users\alireza\AppData\Local\Temp\cc9UsDkB.s 			page 13


 704 00cc 0020     		movs	r0, #0
 705 00ce 12E0     		b	.L81
 706              	.L95:
 707 00d0 9A68     		ldr	r2, [r3, #8]
 708 00d2 12F0405F 		tst	r2, #805306368
 709 00d6 14D1     		bne	.L93
 710 00d8 9A68     		ldr	r2, [r3, #8]
 711 00da 42F08042 		orr	r2, r2, #1073741824
 712 00de 9A60     		str	r2, [r3, #8]
 713 00e0 0020     		movs	r0, #0
 714 00e2 08E0     		b	.L81
 715              	.L85:
 716 00e4 036C     		ldr	r3, [r0, #64]
 717 00e6 43F01003 		orr	r3, r3, #16
 718 00ea 0364     		str	r3, [r0, #64]
 719 00ec 436C     		ldr	r3, [r0, #68]
 720 00ee 43F00103 		orr	r3, r3, #1
 721 00f2 4364     		str	r3, [r0, #68]
 722 00f4 0020     		movs	r0, #0
 723              	.L81:
 724 00f6 02B0     		add	sp, sp, #8
 725              		@ sp needed
 726 00f8 7047     		bx	lr
 727              	.L90:
 728 00fa 0220     		movs	r0, #2
 729 00fc FBE7     		b	.L81
 730              	.L91:
 731 00fe 0020     		movs	r0, #0
 732 0100 F9E7     		b	.L81
 733              	.L93:
 734 0102 0020     		movs	r0, #0
 735 0104 F7E7     		b	.L81
 736              	.L97:
 737 0106 00BF     		.align	2
 738              	.L96:
 739 0108 00000000 		.word	SystemCoreClock
 740 010c 83DE1B43 		.word	1125899907
 741 0110 00230140 		.word	1073816320
 742 0114 00200140 		.word	1073815552
 744              		.section	.text.HAL_ADC_Stop_IT,"ax",%progbits
 745              		.align	1
 746              		.global	HAL_ADC_Stop_IT
 747              		.syntax unified
 748              		.thumb
 749              		.thumb_func
 751              	HAL_ADC_Stop_IT:
 752              		@ args = 0, pretend = 0, frame = 0
 753              		@ frame_needed = 0, uses_anonymous_args = 0
 754              		@ link register save eliminated.
 755 0000 90F83C30 		ldrb	r3, [r0, #60]	@ zero_extendqisi2
 756 0004 012B     		cmp	r3, #1
 757 0006 1FD0     		beq	.L101
 758 0008 0123     		movs	r3, #1
 759 000a 80F83C30 		strb	r3, [r0, #60]
 760 000e 0268     		ldr	r2, [r0]
 761 0010 9368     		ldr	r3, [r2, #8]
 762 0012 23F00103 		bic	r3, r3, #1
ARM GAS  C:\Users\alireza\AppData\Local\Temp\cc9UsDkB.s 			page 14


 763 0016 9360     		str	r3, [r2, #8]
 764 0018 0368     		ldr	r3, [r0]
 765 001a 9A68     		ldr	r2, [r3, #8]
 766 001c 12F0010F 		tst	r2, #1
 767 0020 0DD1     		bne	.L100
 768 0022 5A68     		ldr	r2, [r3, #4]
 769 0024 22F08062 		bic	r2, r2, #67108864
 770 0028 22F02002 		bic	r2, r2, #32
 771 002c 5A60     		str	r2, [r3, #4]
 772 002e 036C     		ldr	r3, [r0, #64]
 773 0030 23F48853 		bic	r3, r3, #4352
 774 0034 23F00103 		bic	r3, r3, #1
 775 0038 43F00103 		orr	r3, r3, #1
 776 003c 0364     		str	r3, [r0, #64]
 777              	.L100:
 778 003e 0023     		movs	r3, #0
 779 0040 80F83C30 		strb	r3, [r0, #60]
 780 0044 1846     		mov	r0, r3
 781 0046 7047     		bx	lr
 782              	.L101:
 783 0048 0220     		movs	r0, #2
 784 004a 7047     		bx	lr
 786              		.section	.text.HAL_ADC_Start_DMA,"ax",%progbits
 787              		.align	1
 788              		.global	HAL_ADC_Start_DMA
 789              		.syntax unified
 790              		.thumb
 791              		.thumb_func
 793              	HAL_ADC_Start_DMA:
 794              		@ args = 0, pretend = 0, frame = 8
 795              		@ frame_needed = 0, uses_anonymous_args = 0
 796 0000 10B5     		push	{r4, lr}
 797 0002 82B0     		sub	sp, sp, #8
 798 0004 1346     		mov	r3, r2
 799 0006 0022     		movs	r2, #0
 800 0008 0192     		str	r2, [sp, #4]
 801 000a 90F83C20 		ldrb	r2, [r0, #60]	@ zero_extendqisi2
 802 000e 012A     		cmp	r2, #1
 803 0010 00F09480 		beq	.L113
 804 0014 0446     		mov	r4, r0
 805 0016 0122     		movs	r2, #1
 806 0018 80F83C20 		strb	r2, [r0, #60]
 807 001c 0268     		ldr	r2, [r0]
 808 001e 9068     		ldr	r0, [r2, #8]
 809 0020 10F0010F 		tst	r0, #1
 810 0024 13D1     		bne	.L104
 811 0026 9068     		ldr	r0, [r2, #8]
 812 0028 40F00100 		orr	r0, r0, #1
 813 002c 9060     		str	r0, [r2, #8]
 814 002e 464A     		ldr	r2, .L119
 815 0030 1068     		ldr	r0, [r2]
 816 0032 464A     		ldr	r2, .L119+4
 817 0034 A2FB0020 		umull	r2, r0, r2, r0
 818 0038 800C     		lsrs	r0, r0, #18
 819 003a 00EB4000 		add	r0, r0, r0, lsl #1
 820 003e 0190     		str	r0, [sp, #4]
 821 0040 02E0     		b	.L105
ARM GAS  C:\Users\alireza\AppData\Local\Temp\cc9UsDkB.s 			page 15


 822              	.L106:
 823 0042 0198     		ldr	r0, [sp, #4]
 824 0044 0138     		subs	r0, r0, #1
 825 0046 0190     		str	r0, [sp, #4]
 826              	.L105:
 827 0048 0198     		ldr	r0, [sp, #4]
 828 004a 0028     		cmp	r0, #0
 829 004c F9D1     		bne	.L106
 830              	.L104:
 831 004e 2268     		ldr	r2, [r4]
 832 0050 9068     		ldr	r0, [r2, #8]
 833 0052 10F4807F 		tst	r0, #256
 834 0056 03D0     		beq	.L107
 835 0058 9068     		ldr	r0, [r2, #8]
 836 005a 20F48070 		bic	r0, r0, #256
 837 005e 9060     		str	r0, [r2, #8]
 838              	.L107:
 839 0060 2268     		ldr	r2, [r4]
 840 0062 9068     		ldr	r0, [r2, #8]
 841 0064 10F0010F 		tst	r0, #1
 842 0068 5DD0     		beq	.L108
 843 006a 206C     		ldr	r0, [r4, #64]
 844 006c 20F4E060 		bic	r0, r0, #1792
 845 0070 20F00100 		bic	r0, r0, #1
 846 0074 40F48070 		orr	r0, r0, #256
 847 0078 2064     		str	r0, [r4, #64]
 848 007a 5268     		ldr	r2, [r2, #4]
 849 007c 12F4806F 		tst	r2, #1024
 850 0080 05D0     		beq	.L109
 851 0082 226C     		ldr	r2, [r4, #64]
 852 0084 22F44052 		bic	r2, r2, #12288
 853 0088 42F48052 		orr	r2, r2, #4096
 854 008c 2264     		str	r2, [r4, #64]
 855              	.L109:
 856 008e 226C     		ldr	r2, [r4, #64]
 857 0090 12F4805F 		tst	r2, #4096
 858 0094 34D0     		beq	.L110
 859 0096 626C     		ldr	r2, [r4, #68]
 860 0098 22F00602 		bic	r2, r2, #6
 861 009c 6264     		str	r2, [r4, #68]
 862              	.L111:
 863 009e 0022     		movs	r2, #0
 864 00a0 84F83C20 		strb	r2, [r4, #60]
 865 00a4 A26B     		ldr	r2, [r4, #56]
 866 00a6 2A48     		ldr	r0, .L119+8
 867 00a8 D063     		str	r0, [r2, #60]
 868 00aa A26B     		ldr	r2, [r4, #56]
 869 00ac 2948     		ldr	r0, .L119+12
 870 00ae 1064     		str	r0, [r2, #64]
 871 00b0 A26B     		ldr	r2, [r4, #56]
 872 00b2 2948     		ldr	r0, .L119+16
 873 00b4 D064     		str	r0, [r2, #76]
 874 00b6 2268     		ldr	r2, [r4]
 875 00b8 6FF02200 		mvn	r0, #34
 876 00bc 1060     		str	r0, [r2]
 877 00be 2068     		ldr	r0, [r4]
 878 00c0 4268     		ldr	r2, [r0, #4]
ARM GAS  C:\Users\alireza\AppData\Local\Temp\cc9UsDkB.s 			page 16


 879 00c2 42F08062 		orr	r2, r2, #67108864
 880 00c6 4260     		str	r2, [r0, #4]
 881 00c8 2068     		ldr	r0, [r4]
 882 00ca 8268     		ldr	r2, [r0, #8]
 883 00cc 42F48072 		orr	r2, r2, #256
 884 00d0 8260     		str	r2, [r0, #8]
 885 00d2 2068     		ldr	r0, [r4]
 886 00d4 0A46     		mov	r2, r1
 887 00d6 00F14C01 		add	r1, r0, #76
 888 00da A06B     		ldr	r0, [r4, #56]
 889 00dc FFF7FEFF 		bl	HAL_DMA_Start_IT
 890 00e0 1E4B     		ldr	r3, .L119+20
 891 00e2 5B68     		ldr	r3, [r3, #4]
 892 00e4 13F01F0F 		tst	r3, #31
 893 00e8 0DD1     		bne	.L112
 894 00ea 2368     		ldr	r3, [r4]
 895 00ec 9A68     		ldr	r2, [r3, #8]
 896 00ee 12F0405F 		tst	r2, #805306368
 897 00f2 25D1     		bne	.L114
 898 00f4 9A68     		ldr	r2, [r3, #8]
 899 00f6 42F08042 		orr	r2, r2, #1073741824
 900 00fa 9A60     		str	r2, [r3, #8]
 901 00fc 0020     		movs	r0, #0
 902 00fe 1BE0     		b	.L103
 903              	.L110:
 904 0100 0022     		movs	r2, #0
 905 0102 6264     		str	r2, [r4, #68]
 906 0104 CBE7     		b	.L111
 907              	.L112:
 908 0106 2368     		ldr	r3, [r4]
 909 0108 154A     		ldr	r2, .L119+24
 910 010a 9342     		cmp	r3, r2
 911 010c 01D0     		beq	.L118
 912 010e 0020     		movs	r0, #0
 913 0110 12E0     		b	.L103
 914              	.L118:
 915 0112 9A68     		ldr	r2, [r3, #8]
 916 0114 12F0405F 		tst	r2, #805306368
 917 0118 14D1     		bne	.L116
 918 011a 9A68     		ldr	r2, [r3, #8]
 919 011c 42F08042 		orr	r2, r2, #1073741824
 920 0120 9A60     		str	r2, [r3, #8]
 921 0122 0020     		movs	r0, #0
 922 0124 08E0     		b	.L103
 923              	.L108:
 924 0126 236C     		ldr	r3, [r4, #64]
 925 0128 43F01003 		orr	r3, r3, #16
 926 012c 2364     		str	r3, [r4, #64]
 927 012e 636C     		ldr	r3, [r4, #68]
 928 0130 43F00103 		orr	r3, r3, #1
 929 0134 6364     		str	r3, [r4, #68]
 930 0136 0020     		movs	r0, #0
 931              	.L103:
 932 0138 02B0     		add	sp, sp, #8
 933              		@ sp needed
 934 013a 10BD     		pop	{r4, pc}
 935              	.L113:
ARM GAS  C:\Users\alireza\AppData\Local\Temp\cc9UsDkB.s 			page 17


 936 013c 0220     		movs	r0, #2
 937 013e FBE7     		b	.L103
 938              	.L114:
 939 0140 0020     		movs	r0, #0
 940 0142 F9E7     		b	.L103
 941              	.L116:
 942 0144 0020     		movs	r0, #0
 943 0146 F7E7     		b	.L103
 944              	.L120:
 945              		.align	2
 946              	.L119:
 947 0148 00000000 		.word	SystemCoreClock
 948 014c 83DE1B43 		.word	1125899907
 949 0150 00000000 		.word	ADC_DMAConvCplt
 950 0154 00000000 		.word	ADC_DMAHalfConvCplt
 951 0158 00000000 		.word	ADC_DMAError
 952 015c 00230140 		.word	1073816320
 953 0160 00200140 		.word	1073815552
 955              		.section	.text.HAL_ADC_Stop_DMA,"ax",%progbits
 956              		.align	1
 957              		.global	HAL_ADC_Stop_DMA
 958              		.syntax unified
 959              		.thumb
 960              		.thumb_func
 962              	HAL_ADC_Stop_DMA:
 963              		@ args = 0, pretend = 0, frame = 0
 964              		@ frame_needed = 0, uses_anonymous_args = 0
 965 0000 90F83C30 		ldrb	r3, [r0, #60]	@ zero_extendqisi2
 966 0004 012B     		cmp	r3, #1
 967 0006 34D0     		beq	.L125
 968 0008 10B5     		push	{r4, lr}
 969 000a 0446     		mov	r4, r0
 970 000c 0123     		movs	r3, #1
 971 000e 80F83C30 		strb	r3, [r0, #60]
 972 0012 0268     		ldr	r2, [r0]
 973 0014 9368     		ldr	r3, [r2, #8]
 974 0016 23F00103 		bic	r3, r3, #1
 975 001a 9360     		str	r3, [r2, #8]
 976 001c 0368     		ldr	r3, [r0]
 977 001e 9A68     		ldr	r2, [r3, #8]
 978 0020 12F0010F 		tst	r2, #1
 979 0024 23D1     		bne	.L126
 980 0026 9A68     		ldr	r2, [r3, #8]
 981 0028 22F48072 		bic	r2, r2, #256
 982 002c 9A60     		str	r2, [r3, #8]
 983 002e 806B     		ldr	r0, [r0, #56]
 984 0030 90F83530 		ldrb	r3, [r0, #53]	@ zero_extendqisi2
 985 0034 022B     		cmp	r3, #2
 986 0036 11D0     		beq	.L132
 987 0038 0020     		movs	r0, #0
 988              	.L124:
 989 003a 2268     		ldr	r2, [r4]
 990 003c 5368     		ldr	r3, [r2, #4]
 991 003e 23F08063 		bic	r3, r3, #67108864
 992 0042 5360     		str	r3, [r2, #4]
 993 0044 236C     		ldr	r3, [r4, #64]
 994 0046 23F48853 		bic	r3, r3, #4352
ARM GAS  C:\Users\alireza\AppData\Local\Temp\cc9UsDkB.s 			page 18


 995 004a 23F00103 		bic	r3, r3, #1
 996 004e 43F00103 		orr	r3, r3, #1
 997 0052 2364     		str	r3, [r4, #64]
 998              	.L123:
 999 0054 0023     		movs	r3, #0
 1000 0056 84F83C30 		strb	r3, [r4, #60]
 1001 005a 10BD     		pop	{r4, pc}
 1002              	.L132:
 1003 005c FFF7FEFF 		bl	HAL_DMA_Abort
 1004 0060 0028     		cmp	r0, #0
 1005 0062 EAD0     		beq	.L124
 1006 0064 236C     		ldr	r3, [r4, #64]
 1007 0066 43F04003 		orr	r3, r3, #64
 1008 006a 2364     		str	r3, [r4, #64]
 1009 006c E5E7     		b	.L124
 1010              	.L126:
 1011 006e 0020     		movs	r0, #0
 1012 0070 F0E7     		b	.L123
 1013              	.L125:
 1014 0072 0220     		movs	r0, #2
 1015 0074 7047     		bx	lr
 1017              		.section	.text.HAL_ADC_GetValue,"ax",%progbits
 1018              		.align	1
 1019              		.global	HAL_ADC_GetValue
 1020              		.syntax unified
 1021              		.thumb
 1022              		.thumb_func
 1024              	HAL_ADC_GetValue:
 1025              		@ args = 0, pretend = 0, frame = 0
 1026              		@ frame_needed = 0, uses_anonymous_args = 0
 1027              		@ link register save eliminated.
 1028 0000 0368     		ldr	r3, [r0]
 1029 0002 D86C     		ldr	r0, [r3, #76]
 1030 0004 7047     		bx	lr
 1032              		.section	.text.HAL_ADC_ConvCpltCallback,"ax",%progbits
 1033              		.align	1
 1034              		.weak	HAL_ADC_ConvCpltCallback
 1035              		.syntax unified
 1036              		.thumb
 1037              		.thumb_func
 1039              	HAL_ADC_ConvCpltCallback:
 1040              		@ args = 0, pretend = 0, frame = 0
 1041              		@ frame_needed = 0, uses_anonymous_args = 0
 1042              		@ link register save eliminated.
 1043 0000 7047     		bx	lr
 1045              		.section	.text.HAL_ADC_ConvHalfCpltCallback,"ax",%progbits
 1046              		.align	1
 1047              		.weak	HAL_ADC_ConvHalfCpltCallback
 1048              		.syntax unified
 1049              		.thumb
 1050              		.thumb_func
 1052              	HAL_ADC_ConvHalfCpltCallback:
 1053              		@ args = 0, pretend = 0, frame = 0
 1054              		@ frame_needed = 0, uses_anonymous_args = 0
 1055              		@ link register save eliminated.
 1056 0000 7047     		bx	lr
 1058              		.section	.text.ADC_DMAHalfConvCplt,"ax",%progbits
ARM GAS  C:\Users\alireza\AppData\Local\Temp\cc9UsDkB.s 			page 19


 1059              		.align	1
 1060              		.syntax unified
 1061              		.thumb
 1062              		.thumb_func
 1064              	ADC_DMAHalfConvCplt:
 1065              		@ args = 0, pretend = 0, frame = 0
 1066              		@ frame_needed = 0, uses_anonymous_args = 0
 1067 0000 08B5     		push	{r3, lr}
 1068 0002 806B     		ldr	r0, [r0, #56]
 1069 0004 FFF7FEFF 		bl	HAL_ADC_ConvHalfCpltCallback
 1070 0008 08BD     		pop	{r3, pc}
 1072              		.section	.text.HAL_ADC_LevelOutOfWindowCallback,"ax",%progbits
 1073              		.align	1
 1074              		.weak	HAL_ADC_LevelOutOfWindowCallback
 1075              		.syntax unified
 1076              		.thumb
 1077              		.thumb_func
 1079              	HAL_ADC_LevelOutOfWindowCallback:
 1080              		@ args = 0, pretend = 0, frame = 0
 1081              		@ frame_needed = 0, uses_anonymous_args = 0
 1082              		@ link register save eliminated.
 1083 0000 7047     		bx	lr
 1085              		.section	.text.HAL_ADC_ErrorCallback,"ax",%progbits
 1086              		.align	1
 1087              		.weak	HAL_ADC_ErrorCallback
 1088              		.syntax unified
 1089              		.thumb
 1090              		.thumb_func
 1092              	HAL_ADC_ErrorCallback:
 1093              		@ args = 0, pretend = 0, frame = 0
 1094              		@ frame_needed = 0, uses_anonymous_args = 0
 1095              		@ link register save eliminated.
 1096 0000 7047     		bx	lr
 1098              		.section	.text.HAL_ADC_IRQHandler,"ax",%progbits
 1099              		.align	1
 1100              		.global	HAL_ADC_IRQHandler
 1101              		.syntax unified
 1102              		.thumb
 1103              		.thumb_func
 1105              	HAL_ADC_IRQHandler:
 1106              		@ args = 0, pretend = 0, frame = 0
 1107              		@ frame_needed = 0, uses_anonymous_args = 0
 1108 0000 70B5     		push	{r4, r5, r6, lr}
 1109 0002 0446     		mov	r4, r0
 1110 0004 0368     		ldr	r3, [r0]
 1111 0006 1E68     		ldr	r6, [r3]
 1112 0008 5D68     		ldr	r5, [r3, #4]
 1113 000a 16F0020F 		tst	r6, #2
 1114 000e 2FD0     		beq	.L141
 1115 0010 05F02002 		and	r2, r5, #32
 1116 0014 62B3     		cbz	r2, .L141
 1117 0016 026C     		ldr	r2, [r0, #64]
 1118 0018 12F0100F 		tst	r2, #16
 1119 001c 03D1     		bne	.L142
 1120 001e 026C     		ldr	r2, [r0, #64]
 1121 0020 42F40072 		orr	r2, r2, #512
 1122 0024 0264     		str	r2, [r0, #64]
ARM GAS  C:\Users\alireza\AppData\Local\Temp\cc9UsDkB.s 			page 20


 1123              	.L142:
 1124 0026 9A68     		ldr	r2, [r3, #8]
 1125 0028 12F0405F 		tst	r2, #805306368
 1126 002c 19D1     		bne	.L143
 1127 002e 227E     		ldrb	r2, [r4, #24]	@ zero_extendqisi2
 1128 0030 BAB9     		cbnz	r2, .L143
 1129 0032 DA6A     		ldr	r2, [r3, #44]
 1130 0034 12F4700F 		tst	r2, #15728640
 1131 0038 03D0     		beq	.L144
 1132 003a 9A68     		ldr	r2, [r3, #8]
 1133 003c 12F4806F 		tst	r2, #1024
 1134 0040 0FD1     		bne	.L143
 1135              	.L144:
 1136 0042 5A68     		ldr	r2, [r3, #4]
 1137 0044 22F02002 		bic	r2, r2, #32
 1138 0048 5A60     		str	r2, [r3, #4]
 1139 004a 236C     		ldr	r3, [r4, #64]
 1140 004c 23F48073 		bic	r3, r3, #256
 1141 0050 2364     		str	r3, [r4, #64]
 1142 0052 236C     		ldr	r3, [r4, #64]
 1143 0054 13F4805F 		tst	r3, #4096
 1144 0058 03D1     		bne	.L143
 1145 005a 236C     		ldr	r3, [r4, #64]
 1146 005c 43F00103 		orr	r3, r3, #1
 1147 0060 2364     		str	r3, [r4, #64]
 1148              	.L143:
 1149 0062 2046     		mov	r0, r4
 1150 0064 FFF7FEFF 		bl	HAL_ADC_ConvCpltCallback
 1151 0068 2368     		ldr	r3, [r4]
 1152 006a 6FF01202 		mvn	r2, #18
 1153 006e 1A60     		str	r2, [r3]
 1154              	.L141:
 1155 0070 05F08003 		and	r3, r5, #128
 1156 0074 16F0040F 		tst	r6, #4
 1157 0078 37D0     		beq	.L145
 1158 007a 002B     		cmp	r3, #0
 1159 007c 35D0     		beq	.L145
 1160 007e 236C     		ldr	r3, [r4, #64]
 1161 0080 13F0100F 		tst	r3, #16
 1162 0084 03D1     		bne	.L146
 1163 0086 236C     		ldr	r3, [r4, #64]
 1164 0088 43F40053 		orr	r3, r3, #8192
 1165 008c 2364     		str	r3, [r4, #64]
 1166              	.L146:
 1167 008e 2368     		ldr	r3, [r4]
 1168 0090 9A68     		ldr	r2, [r3, #8]
 1169 0092 12F4401F 		tst	r2, #3145728
 1170 0096 21D1     		bne	.L147
 1171 0098 9A6B     		ldr	r2, [r3, #56]
 1172 009a 12F4401F 		tst	r2, #3145728
 1173 009e 03D0     		beq	.L148
 1174 00a0 9A68     		ldr	r2, [r3, #8]
 1175 00a2 12F4806F 		tst	r2, #1024
 1176 00a6 19D1     		bne	.L147
 1177              	.L148:
 1178 00a8 5A68     		ldr	r2, [r3, #4]
 1179 00aa 12F4806F 		tst	r2, #1024
ARM GAS  C:\Users\alireza\AppData\Local\Temp\cc9UsDkB.s 			page 21


 1180 00ae 15D1     		bne	.L147
 1181 00b0 9A68     		ldr	r2, [r3, #8]
 1182 00b2 12F0405F 		tst	r2, #805306368
 1183 00b6 11D1     		bne	.L147
 1184 00b8 227E     		ldrb	r2, [r4, #24]	@ zero_extendqisi2
 1185 00ba 7AB9     		cbnz	r2, .L147
 1186 00bc 5A68     		ldr	r2, [r3, #4]
 1187 00be 22F08002 		bic	r2, r2, #128
 1188 00c2 5A60     		str	r2, [r3, #4]
 1189 00c4 236C     		ldr	r3, [r4, #64]
 1190 00c6 23F48053 		bic	r3, r3, #4096
 1191 00ca 2364     		str	r3, [r4, #64]
 1192 00cc 236C     		ldr	r3, [r4, #64]
 1193 00ce 13F4807F 		tst	r3, #256
 1194 00d2 03D1     		bne	.L147
 1195 00d4 236C     		ldr	r3, [r4, #64]
 1196 00d6 43F00103 		orr	r3, r3, #1
 1197 00da 2364     		str	r3, [r4, #64]
 1198              	.L147:
 1199 00dc 2046     		mov	r0, r4
 1200 00de FFF7FEFF 		bl	HAL_ADCEx_InjectedConvCpltCallback
 1201 00e2 2368     		ldr	r3, [r4]
 1202 00e4 6FF00C02 		mvn	r2, #12
 1203 00e8 1A60     		str	r2, [r3]
 1204              	.L145:
 1205 00ea 05F04003 		and	r3, r5, #64
 1206 00ee 16F0010F 		tst	r6, #1
 1207 00f2 05D0     		beq	.L149
 1208 00f4 23B1     		cbz	r3, .L149
 1209 00f6 2368     		ldr	r3, [r4]
 1210 00f8 1B68     		ldr	r3, [r3]
 1211 00fa 13F0010F 		tst	r3, #1
 1212 00fe 06D1     		bne	.L152
 1213              	.L149:
 1214 0100 05F08065 		and	r5, r5, #67108864
 1215 0104 16F0200F 		tst	r6, #32
 1216 0108 00D0     		beq	.L140
 1217 010a 65B9     		cbnz	r5, .L153
 1218              	.L140:
 1219 010c 70BD     		pop	{r4, r5, r6, pc}
 1220              	.L152:
 1221 010e 236C     		ldr	r3, [r4, #64]
 1222 0110 43F48033 		orr	r3, r3, #65536
 1223 0114 2364     		str	r3, [r4, #64]
 1224 0116 2046     		mov	r0, r4
 1225 0118 FFF7FEFF 		bl	HAL_ADC_LevelOutOfWindowCallback
 1226 011c 2368     		ldr	r3, [r4]
 1227 011e 6FF00102 		mvn	r2, #1
 1228 0122 1A60     		str	r2, [r3]
 1229 0124 ECE7     		b	.L149
 1230              	.L153:
 1231 0126 636C     		ldr	r3, [r4, #68]
 1232 0128 43F00203 		orr	r3, r3, #2
 1233 012c 6364     		str	r3, [r4, #68]
 1234 012e 2368     		ldr	r3, [r4]
 1235 0130 6FF02005 		mvn	r5, #32
 1236 0134 1D60     		str	r5, [r3]
ARM GAS  C:\Users\alireza\AppData\Local\Temp\cc9UsDkB.s 			page 22


 1237 0136 2046     		mov	r0, r4
 1238 0138 FFF7FEFF 		bl	HAL_ADC_ErrorCallback
 1239 013c 2368     		ldr	r3, [r4]
 1240 013e 1D60     		str	r5, [r3]
 1241 0140 E4E7     		b	.L140
 1243              		.section	.text.ADC_DMAError,"ax",%progbits
 1244              		.align	1
 1245              		.syntax unified
 1246              		.thumb
 1247              		.thumb_func
 1249              	ADC_DMAError:
 1250              		@ args = 0, pretend = 0, frame = 0
 1251              		@ frame_needed = 0, uses_anonymous_args = 0
 1252 0000 08B5     		push	{r3, lr}
 1253 0002 806B     		ldr	r0, [r0, #56]
 1254 0004 4023     		movs	r3, #64
 1255 0006 0364     		str	r3, [r0, #64]
 1256 0008 436C     		ldr	r3, [r0, #68]
 1257 000a 43F00403 		orr	r3, r3, #4
 1258 000e 4364     		str	r3, [r0, #68]
 1259 0010 FFF7FEFF 		bl	HAL_ADC_ErrorCallback
 1260 0014 08BD     		pop	{r3, pc}
 1262              		.section	.text.ADC_DMAConvCplt,"ax",%progbits
 1263              		.align	1
 1264              		.syntax unified
 1265              		.thumb
 1266              		.thumb_func
 1268              	ADC_DMAConvCplt:
 1269              		@ args = 0, pretend = 0, frame = 0
 1270              		@ frame_needed = 0, uses_anonymous_args = 0
 1271 0000 08B5     		push	{r3, lr}
 1272 0002 0346     		mov	r3, r0
 1273 0004 806B     		ldr	r0, [r0, #56]
 1274 0006 026C     		ldr	r2, [r0, #64]
 1275 0008 12F0500F 		tst	r2, #80
 1276 000c 25D1     		bne	.L157
 1277 000e 036C     		ldr	r3, [r0, #64]
 1278 0010 43F40073 		orr	r3, r3, #512
 1279 0014 0364     		str	r3, [r0, #64]
 1280 0016 0368     		ldr	r3, [r0]
 1281 0018 9A68     		ldr	r2, [r3, #8]
 1282 001a 12F0405F 		tst	r2, #805306368
 1283 001e 19D1     		bne	.L158
 1284 0020 027E     		ldrb	r2, [r0, #24]	@ zero_extendqisi2
 1285 0022 BAB9     		cbnz	r2, .L158
 1286 0024 DA6A     		ldr	r2, [r3, #44]
 1287 0026 12F4700F 		tst	r2, #15728640
 1288 002a 03D0     		beq	.L159
 1289 002c 9A68     		ldr	r2, [r3, #8]
 1290 002e 12F4806F 		tst	r2, #1024
 1291 0032 0FD1     		bne	.L158
 1292              	.L159:
 1293 0034 5A68     		ldr	r2, [r3, #4]
 1294 0036 22F02002 		bic	r2, r2, #32
 1295 003a 5A60     		str	r2, [r3, #4]
 1296 003c 036C     		ldr	r3, [r0, #64]
 1297 003e 23F48073 		bic	r3, r3, #256
ARM GAS  C:\Users\alireza\AppData\Local\Temp\cc9UsDkB.s 			page 23


 1298 0042 0364     		str	r3, [r0, #64]
 1299 0044 036C     		ldr	r3, [r0, #64]
 1300 0046 13F4805F 		tst	r3, #4096
 1301 004a 03D1     		bne	.L158
 1302 004c 036C     		ldr	r3, [r0, #64]
 1303 004e 43F00103 		orr	r3, r3, #1
 1304 0052 0364     		str	r3, [r0, #64]
 1305              	.L158:
 1306 0054 FFF7FEFF 		bl	HAL_ADC_ConvCpltCallback
 1307              	.L156:
 1308 0058 08BD     		pop	{r3, pc}
 1309              	.L157:
 1310 005a 026C     		ldr	r2, [r0, #64]
 1311 005c 12F0100F 		tst	r2, #16
 1312 0060 04D1     		bne	.L163
 1313 0062 826B     		ldr	r2, [r0, #56]
 1314 0064 D26C     		ldr	r2, [r2, #76]
 1315 0066 1846     		mov	r0, r3
 1316 0068 9047     		blx	r2
 1317 006a F5E7     		b	.L156
 1318              	.L163:
 1319 006c FFF7FEFF 		bl	HAL_ADC_ErrorCallback
 1320 0070 F2E7     		b	.L156
 1322              		.section	.text.HAL_ADC_ConfigChannel,"ax",%progbits
 1323              		.align	1
 1324              		.global	HAL_ADC_ConfigChannel
 1325              		.syntax unified
 1326              		.thumb
 1327              		.thumb_func
 1329              	HAL_ADC_ConfigChannel:
 1330              		@ args = 0, pretend = 0, frame = 8
 1331              		@ frame_needed = 0, uses_anonymous_args = 0
 1332              		@ link register save eliminated.
 1333 0000 30B4     		push	{r4, r5}
 1334 0002 82B0     		sub	sp, sp, #8
 1335 0004 0022     		movs	r2, #0
 1336 0006 0192     		str	r2, [sp, #4]
 1337 0008 90F83C20 		ldrb	r2, [r0, #60]	@ zero_extendqisi2
 1338 000c 012A     		cmp	r2, #1
 1339 000e 00F0B680 		beq	.L175
 1340 0012 0346     		mov	r3, r0
 1341 0014 0122     		movs	r2, #1
 1342 0016 80F83C20 		strb	r2, [r0, #60]
 1343 001a 0A68     		ldr	r2, [r1]
 1344 001c 092A     		cmp	r2, #9
 1345 001e 40D9     		bls	.L166
 1346 0020 0468     		ldr	r4, [r0]
 1347 0022 E068     		ldr	r0, [r4, #12]
 1348 0024 92B2     		uxth	r2, r2
 1349 0026 02EB4202 		add	r2, r2, r2, lsl #1
 1350 002a 1E3A     		subs	r2, r2, #30
 1351 002c 4FF0070C 		mov	ip, #7
 1352 0030 0CFA02F2 		lsl	r2, ip, r2
 1353 0034 20EA0202 		bic	r2, r0, r2
 1354 0038 E260     		str	r2, [r4, #12]
 1355 003a 1C68     		ldr	r4, [r3]
 1356 003c E068     		ldr	r0, [r4, #12]
ARM GAS  C:\Users\alireza\AppData\Local\Temp\cc9UsDkB.s 			page 24


 1357 003e 0A88     		ldrh	r2, [r1]
 1358 0040 02EB4202 		add	r2, r2, r2, lsl #1
 1359 0044 1E3A     		subs	r2, r2, #30
 1360 0046 8D68     		ldr	r5, [r1, #8]
 1361 0048 05FA02F2 		lsl	r2, r5, r2
 1362 004c 0243     		orrs	r2, r2, r0
 1363 004e E260     		str	r2, [r4, #12]
 1364              	.L167:
 1365 0050 4A68     		ldr	r2, [r1, #4]
 1366 0052 062A     		cmp	r2, #6
 1367 0054 3CD8     		bhi	.L168
 1368 0056 1C68     		ldr	r4, [r3]
 1369 0058 606B     		ldr	r0, [r4, #52]
 1370 005a 02EB8202 		add	r2, r2, r2, lsl #2
 1371 005e 053A     		subs	r2, r2, #5
 1372 0060 4FF01F0C 		mov	ip, #31
 1373 0064 0CFA02F2 		lsl	r2, ip, r2
 1374 0068 20EA0202 		bic	r2, r0, r2
 1375 006c 6263     		str	r2, [r4, #52]
 1376 006e 1C68     		ldr	r4, [r3]
 1377 0070 606B     		ldr	r0, [r4, #52]
 1378 0072 4A68     		ldr	r2, [r1, #4]
 1379 0074 02EB8202 		add	r2, r2, r2, lsl #2
 1380 0078 053A     		subs	r2, r2, #5
 1381 007a B1F800C0 		ldrh	ip, [r1]
 1382 007e 0CFA02F2 		lsl	r2, ip, r2
 1383 0082 0243     		orrs	r2, r2, r0
 1384 0084 6263     		str	r2, [r4, #52]
 1385              	.L169:
 1386 0086 1868     		ldr	r0, [r3]
 1387 0088 3E4A     		ldr	r2, .L179
 1388 008a 9042     		cmp	r0, r2
 1389 008c 50D0     		beq	.L177
 1390              	.L171:
 1391 008e 1868     		ldr	r0, [r3]
 1392 0090 3C4A     		ldr	r2, .L179
 1393 0092 9042     		cmp	r0, r2
 1394 0094 55D0     		beq	.L178
 1395              	.L172:
 1396 0096 0020     		movs	r0, #0
 1397 0098 83F83C00 		strb	r0, [r3, #60]
 1398              	.L165:
 1399 009c 02B0     		add	sp, sp, #8
 1400              		@ sp needed
 1401 009e 30BC     		pop	{r4, r5}
 1402 00a0 7047     		bx	lr
 1403              	.L166:
 1404 00a2 0468     		ldr	r4, [r0]
 1405 00a4 2069     		ldr	r0, [r4, #16]
 1406 00a6 92B2     		uxth	r2, r2
 1407 00a8 02EB4202 		add	r2, r2, r2, lsl #1
 1408 00ac 4FF0070C 		mov	ip, #7
 1409 00b0 0CFA02F2 		lsl	r2, ip, r2
 1410 00b4 20EA0202 		bic	r2, r0, r2
 1411 00b8 2261     		str	r2, [r4, #16]
 1412 00ba 1C68     		ldr	r4, [r3]
 1413 00bc 2069     		ldr	r0, [r4, #16]
ARM GAS  C:\Users\alireza\AppData\Local\Temp\cc9UsDkB.s 			page 25


 1414 00be 0A88     		ldrh	r2, [r1]
 1415 00c0 02EB4202 		add	r2, r2, r2, lsl #1
 1416 00c4 8D68     		ldr	r5, [r1, #8]
 1417 00c6 05FA02F2 		lsl	r2, r5, r2
 1418 00ca 0243     		orrs	r2, r2, r0
 1419 00cc 2261     		str	r2, [r4, #16]
 1420 00ce BFE7     		b	.L167
 1421              	.L168:
 1422 00d0 0C2A     		cmp	r2, #12
 1423 00d2 16D8     		bhi	.L170
 1424 00d4 1D68     		ldr	r5, [r3]
 1425 00d6 286B     		ldr	r0, [r5, #48]
 1426 00d8 02EB8202 		add	r2, r2, r2, lsl #2
 1427 00dc 233A     		subs	r2, r2, #35
 1428 00de 1F24     		movs	r4, #31
 1429 00e0 04FA02F2 		lsl	r2, r4, r2
 1430 00e4 20EA0202 		bic	r2, r0, r2
 1431 00e8 2A63     		str	r2, [r5, #48]
 1432 00ea 1D68     		ldr	r5, [r3]
 1433 00ec 286B     		ldr	r0, [r5, #48]
 1434 00ee 4A68     		ldr	r2, [r1, #4]
 1435 00f0 02EB8202 		add	r2, r2, r2, lsl #2
 1436 00f4 233A     		subs	r2, r2, #35
 1437 00f6 0C88     		ldrh	r4, [r1]
 1438 00f8 04FA02F2 		lsl	r2, r4, r2
 1439 00fc 0243     		orrs	r2, r2, r0
 1440 00fe 2A63     		str	r2, [r5, #48]
 1441 0100 C1E7     		b	.L169
 1442              	.L170:
 1443 0102 1D68     		ldr	r5, [r3]
 1444 0104 E86A     		ldr	r0, [r5, #44]
 1445 0106 02EB8202 		add	r2, r2, r2, lsl #2
 1446 010a 413A     		subs	r2, r2, #65
 1447 010c 1F24     		movs	r4, #31
 1448 010e 04FA02F2 		lsl	r2, r4, r2
 1449 0112 20EA0202 		bic	r2, r0, r2
 1450 0116 EA62     		str	r2, [r5, #44]
 1451 0118 1D68     		ldr	r5, [r3]
 1452 011a E86A     		ldr	r0, [r5, #44]
 1453 011c 4A68     		ldr	r2, [r1, #4]
 1454 011e 02EB8202 		add	r2, r2, r2, lsl #2
 1455 0122 413A     		subs	r2, r2, #65
 1456 0124 0C88     		ldrh	r4, [r1]
 1457 0126 04FA02F2 		lsl	r2, r4, r2
 1458 012a 0243     		orrs	r2, r2, r0
 1459 012c EA62     		str	r2, [r5, #44]
 1460 012e AAE7     		b	.L169
 1461              	.L177:
 1462 0130 0A68     		ldr	r2, [r1]
 1463 0132 122A     		cmp	r2, #18
 1464 0134 ABD1     		bne	.L171
 1465 0136 1448     		ldr	r0, .L179+4
 1466 0138 4268     		ldr	r2, [r0, #4]
 1467 013a 42F48002 		orr	r2, r2, #4194304
 1468 013e 4260     		str	r2, [r0, #4]
 1469 0140 A5E7     		b	.L171
 1470              	.L178:
ARM GAS  C:\Users\alireza\AppData\Local\Temp\cc9UsDkB.s 			page 26


 1471 0142 0A68     		ldr	r2, [r1]
 1472 0144 103A     		subs	r2, r2, #16
 1473 0146 012A     		cmp	r2, #1
 1474 0148 A5D8     		bhi	.L172
 1475 014a 0F48     		ldr	r0, .L179+4
 1476 014c 4268     		ldr	r2, [r0, #4]
 1477 014e 42F40002 		orr	r2, r2, #8388608
 1478 0152 4260     		str	r2, [r0, #4]
 1479 0154 0A68     		ldr	r2, [r1]
 1480 0156 102A     		cmp	r2, #16
 1481 0158 9DD1     		bne	.L172
 1482 015a 0C4A     		ldr	r2, .L179+8
 1483 015c 1268     		ldr	r2, [r2]
 1484 015e 0C49     		ldr	r1, .L179+12
 1485 0160 A1FB0212 		umull	r1, r2, r1, r2
 1486 0164 920C     		lsrs	r2, r2, #18
 1487 0166 02EB8202 		add	r2, r2, r2, lsl #2
 1488 016a 5200     		lsls	r2, r2, #1
 1489 016c 0192     		str	r2, [sp, #4]
 1490 016e 02E0     		b	.L173
 1491              	.L174:
 1492 0170 019A     		ldr	r2, [sp, #4]
 1493 0172 013A     		subs	r2, r2, #1
 1494 0174 0192     		str	r2, [sp, #4]
 1495              	.L173:
 1496 0176 019A     		ldr	r2, [sp, #4]
 1497 0178 002A     		cmp	r2, #0
 1498 017a F9D1     		bne	.L174
 1499 017c 8BE7     		b	.L172
 1500              	.L175:
 1501 017e 0220     		movs	r0, #2
 1502 0180 8CE7     		b	.L165
 1503              	.L180:
 1504 0182 00BF     		.align	2
 1505              	.L179:
 1506 0184 00200140 		.word	1073815552
 1507 0188 00230140 		.word	1073816320
 1508 018c 00000000 		.word	SystemCoreClock
 1509 0190 83DE1B43 		.word	1125899907
 1511              		.section	.text.HAL_ADC_AnalogWDGConfig,"ax",%progbits
 1512              		.align	1
 1513              		.global	HAL_ADC_AnalogWDGConfig
 1514              		.syntax unified
 1515              		.thumb
 1516              		.thumb_func
 1518              	HAL_ADC_AnalogWDGConfig:
 1519              		@ args = 0, pretend = 0, frame = 0
 1520              		@ frame_needed = 0, uses_anonymous_args = 0
 1521              		@ link register save eliminated.
 1522 0000 90F83C20 		ldrb	r2, [r0, #60]	@ zero_extendqisi2
 1523 0004 012A     		cmp	r2, #1
 1524 0006 34D0     		beq	.L185
 1525 0008 10B4     		push	{r4}
 1526 000a 0346     		mov	r3, r0
 1527 000c 0122     		movs	r2, #1
 1528 000e 80F83C20 		strb	r2, [r0, #60]
 1529 0012 0A7C     		ldrb	r2, [r1, #16]	@ zero_extendqisi2
ARM GAS  C:\Users\alireza\AppData\Local\Temp\cc9UsDkB.s 			page 27


 1530 0014 012A     		cmp	r2, #1
 1531 0016 26D0     		beq	.L190
 1532 0018 0068     		ldr	r0, [r0]
 1533 001a 4268     		ldr	r2, [r0, #4]
 1534 001c 22F04002 		bic	r2, r2, #64
 1535 0020 4260     		str	r2, [r0, #4]
 1536              	.L184:
 1537 0022 1868     		ldr	r0, [r3]
 1538 0024 4268     		ldr	r2, [r0, #4]
 1539 0026 22F44002 		bic	r2, r2, #12582912
 1540 002a 22F40072 		bic	r2, r2, #512
 1541 002e 4260     		str	r2, [r0, #4]
 1542 0030 1868     		ldr	r0, [r3]
 1543 0032 4268     		ldr	r2, [r0, #4]
 1544 0034 0C68     		ldr	r4, [r1]
 1545 0036 2243     		orrs	r2, r2, r4
 1546 0038 4260     		str	r2, [r0, #4]
 1547 003a 1A68     		ldr	r2, [r3]
 1548 003c 4868     		ldr	r0, [r1, #4]
 1549 003e 5062     		str	r0, [r2, #36]
 1550 0040 1A68     		ldr	r2, [r3]
 1551 0042 8868     		ldr	r0, [r1, #8]
 1552 0044 9062     		str	r0, [r2, #40]
 1553 0046 1868     		ldr	r0, [r3]
 1554 0048 4268     		ldr	r2, [r0, #4]
 1555 004a 22F01F02 		bic	r2, r2, #31
 1556 004e 4260     		str	r2, [r0, #4]
 1557 0050 1868     		ldr	r0, [r3]
 1558 0052 4468     		ldr	r4, [r0, #4]
 1559 0054 8A89     		ldrh	r2, [r1, #12]
 1560 0056 2243     		orrs	r2, r2, r4
 1561 0058 4260     		str	r2, [r0, #4]
 1562 005a 0020     		movs	r0, #0
 1563 005c 83F83C00 		strb	r0, [r3, #60]
 1564 0060 5DF8044B 		ldr	r4, [sp], #4
 1565 0064 7047     		bx	lr
 1566              	.L190:
 1567 0066 0068     		ldr	r0, [r0]
 1568 0068 4268     		ldr	r2, [r0, #4]
 1569 006a 42F04002 		orr	r2, r2, #64
 1570 006e 4260     		str	r2, [r0, #4]
 1571 0070 D7E7     		b	.L184
 1572              	.L185:
 1573 0072 0220     		movs	r0, #2
 1574 0074 7047     		bx	lr
 1576              		.section	.text.HAL_ADC_GetState,"ax",%progbits
 1577              		.align	1
 1578              		.global	HAL_ADC_GetState
 1579              		.syntax unified
 1580              		.thumb
 1581              		.thumb_func
 1583              	HAL_ADC_GetState:
 1584              		@ args = 0, pretend = 0, frame = 0
 1585              		@ frame_needed = 0, uses_anonymous_args = 0
 1586              		@ link register save eliminated.
 1587 0000 006C     		ldr	r0, [r0, #64]
 1588 0002 7047     		bx	lr
ARM GAS  C:\Users\alireza\AppData\Local\Temp\cc9UsDkB.s 			page 28


 1590              		.section	.text.HAL_ADC_GetError,"ax",%progbits
 1591              		.align	1
 1592              		.global	HAL_ADC_GetError
 1593              		.syntax unified
 1594              		.thumb
 1595              		.thumb_func
 1597              	HAL_ADC_GetError:
 1598              		@ args = 0, pretend = 0, frame = 0
 1599              		@ frame_needed = 0, uses_anonymous_args = 0
 1600              		@ link register save eliminated.
 1601 0000 406C     		ldr	r0, [r0, #68]
 1602 0002 7047     		bx	lr
 1604              		.ident	"GCC: (xPack GNU Arm Embedded GCC x86_64) 14.2.1 20241119"
ARM GAS  C:\Users\alireza\AppData\Local\Temp\cc9UsDkB.s 			page 29


DEFINED SYMBOLS
                            *ABS*:00000000 stm32f4xx_hal_adc.c
C:\Users\alireza\AppData\Local\Temp\cc9UsDkB.s:18     .text.ADC_Init:00000000 $t
C:\Users\alireza\AppData\Local\Temp\cc9UsDkB.s:23     .text.ADC_Init:00000000 ADC_Init
C:\Users\alireza\AppData\Local\Temp\cc9UsDkB.s:160    .text.ADC_Init:0000012c $d
C:\Users\alireza\AppData\Local\Temp\cc9UsDkB.s:164    .text.HAL_ADC_MspInit:00000000 $t
C:\Users\alireza\AppData\Local\Temp\cc9UsDkB.s:170    .text.HAL_ADC_MspInit:00000000 HAL_ADC_MspInit
C:\Users\alireza\AppData\Local\Temp\cc9UsDkB.s:177    .text.HAL_ADC_Init:00000000 $t
C:\Users\alireza\AppData\Local\Temp\cc9UsDkB.s:183    .text.HAL_ADC_Init:00000000 HAL_ADC_Init
C:\Users\alireza\AppData\Local\Temp\cc9UsDkB.s:226    .text.HAL_ADC_MspDeInit:00000000 $t
C:\Users\alireza\AppData\Local\Temp\cc9UsDkB.s:232    .text.HAL_ADC_MspDeInit:00000000 HAL_ADC_MspDeInit
C:\Users\alireza\AppData\Local\Temp\cc9UsDkB.s:239    .text.HAL_ADC_DeInit:00000000 $t
C:\Users\alireza\AppData\Local\Temp\cc9UsDkB.s:245    .text.HAL_ADC_DeInit:00000000 HAL_ADC_DeInit
C:\Users\alireza\AppData\Local\Temp\cc9UsDkB.s:277    .text.HAL_ADC_Start:00000000 $t
C:\Users\alireza\AppData\Local\Temp\cc9UsDkB.s:283    .text.HAL_ADC_Start:00000000 HAL_ADC_Start
C:\Users\alireza\AppData\Local\Temp\cc9UsDkB.s:404    .text.HAL_ADC_Start:000000f8 $d
C:\Users\alireza\AppData\Local\Temp\cc9UsDkB.s:410    .text.HAL_ADC_Stop:00000000 $t
C:\Users\alireza\AppData\Local\Temp\cc9UsDkB.s:416    .text.HAL_ADC_Stop:00000000 HAL_ADC_Stop
C:\Users\alireza\AppData\Local\Temp\cc9UsDkB.s:448    .text.HAL_ADC_PollForConversion:00000000 $t
C:\Users\alireza\AppData\Local\Temp\cc9UsDkB.s:454    .text.HAL_ADC_PollForConversion:00000000 HAL_ADC_PollForConversion
C:\Users\alireza\AppData\Local\Temp\cc9UsDkB.s:542    .text.HAL_ADC_PollForEvent:00000000 $t
C:\Users\alireza\AppData\Local\Temp\cc9UsDkB.s:548    .text.HAL_ADC_PollForEvent:00000000 HAL_ADC_PollForEvent
C:\Users\alireza\AppData\Local\Temp\cc9UsDkB.s:607    .text.HAL_ADC_Start_IT:00000000 $t
C:\Users\alireza\AppData\Local\Temp\cc9UsDkB.s:613    .text.HAL_ADC_Start_IT:00000000 HAL_ADC_Start_IT
C:\Users\alireza\AppData\Local\Temp\cc9UsDkB.s:739    .text.HAL_ADC_Start_IT:00000108 $d
C:\Users\alireza\AppData\Local\Temp\cc9UsDkB.s:745    .text.HAL_ADC_Stop_IT:00000000 $t
C:\Users\alireza\AppData\Local\Temp\cc9UsDkB.s:751    .text.HAL_ADC_Stop_IT:00000000 HAL_ADC_Stop_IT
C:\Users\alireza\AppData\Local\Temp\cc9UsDkB.s:787    .text.HAL_ADC_Start_DMA:00000000 $t
C:\Users\alireza\AppData\Local\Temp\cc9UsDkB.s:793    .text.HAL_ADC_Start_DMA:00000000 HAL_ADC_Start_DMA
C:\Users\alireza\AppData\Local\Temp\cc9UsDkB.s:947    .text.HAL_ADC_Start_DMA:00000148 $d
C:\Users\alireza\AppData\Local\Temp\cc9UsDkB.s:1268   .text.ADC_DMAConvCplt:00000000 ADC_DMAConvCplt
C:\Users\alireza\AppData\Local\Temp\cc9UsDkB.s:1064   .text.ADC_DMAHalfConvCplt:00000000 ADC_DMAHalfConvCplt
C:\Users\alireza\AppData\Local\Temp\cc9UsDkB.s:1249   .text.ADC_DMAError:00000000 ADC_DMAError
C:\Users\alireza\AppData\Local\Temp\cc9UsDkB.s:956    .text.HAL_ADC_Stop_DMA:00000000 $t
C:\Users\alireza\AppData\Local\Temp\cc9UsDkB.s:962    .text.HAL_ADC_Stop_DMA:00000000 HAL_ADC_Stop_DMA
C:\Users\alireza\AppData\Local\Temp\cc9UsDkB.s:1018   .text.HAL_ADC_GetValue:00000000 $t
C:\Users\alireza\AppData\Local\Temp\cc9UsDkB.s:1024   .text.HAL_ADC_GetValue:00000000 HAL_ADC_GetValue
C:\Users\alireza\AppData\Local\Temp\cc9UsDkB.s:1033   .text.HAL_ADC_ConvCpltCallback:00000000 $t
C:\Users\alireza\AppData\Local\Temp\cc9UsDkB.s:1039   .text.HAL_ADC_ConvCpltCallback:00000000 HAL_ADC_ConvCpltCallback
C:\Users\alireza\AppData\Local\Temp\cc9UsDkB.s:1046   .text.HAL_ADC_ConvHalfCpltCallback:00000000 $t
C:\Users\alireza\AppData\Local\Temp\cc9UsDkB.s:1052   .text.HAL_ADC_ConvHalfCpltCallback:00000000 HAL_ADC_ConvHalfCpltCallback
C:\Users\alireza\AppData\Local\Temp\cc9UsDkB.s:1059   .text.ADC_DMAHalfConvCplt:00000000 $t
C:\Users\alireza\AppData\Local\Temp\cc9UsDkB.s:1073   .text.HAL_ADC_LevelOutOfWindowCallback:00000000 $t
C:\Users\alireza\AppData\Local\Temp\cc9UsDkB.s:1079   .text.HAL_ADC_LevelOutOfWindowCallback:00000000 HAL_ADC_LevelOutOfWindowCallback
C:\Users\alireza\AppData\Local\Temp\cc9UsDkB.s:1086   .text.HAL_ADC_ErrorCallback:00000000 $t
C:\Users\alireza\AppData\Local\Temp\cc9UsDkB.s:1092   .text.HAL_ADC_ErrorCallback:00000000 HAL_ADC_ErrorCallback
C:\Users\alireza\AppData\Local\Temp\cc9UsDkB.s:1099   .text.HAL_ADC_IRQHandler:00000000 $t
C:\Users\alireza\AppData\Local\Temp\cc9UsDkB.s:1105   .text.HAL_ADC_IRQHandler:00000000 HAL_ADC_IRQHandler
C:\Users\alireza\AppData\Local\Temp\cc9UsDkB.s:1244   .text.ADC_DMAError:00000000 $t
C:\Users\alireza\AppData\Local\Temp\cc9UsDkB.s:1263   .text.ADC_DMAConvCplt:00000000 $t
C:\Users\alireza\AppData\Local\Temp\cc9UsDkB.s:1323   .text.HAL_ADC_ConfigChannel:00000000 $t
C:\Users\alireza\AppData\Local\Temp\cc9UsDkB.s:1329   .text.HAL_ADC_ConfigChannel:00000000 HAL_ADC_ConfigChannel
C:\Users\alireza\AppData\Local\Temp\cc9UsDkB.s:1506   .text.HAL_ADC_ConfigChannel:00000184 $d
C:\Users\alireza\AppData\Local\Temp\cc9UsDkB.s:1512   .text.HAL_ADC_AnalogWDGConfig:00000000 $t
C:\Users\alireza\AppData\Local\Temp\cc9UsDkB.s:1518   .text.HAL_ADC_AnalogWDGConfig:00000000 HAL_ADC_AnalogWDGConfig
C:\Users\alireza\AppData\Local\Temp\cc9UsDkB.s:1577   .text.HAL_ADC_GetState:00000000 $t
C:\Users\alireza\AppData\Local\Temp\cc9UsDkB.s:1583   .text.HAL_ADC_GetState:00000000 HAL_ADC_GetState
ARM GAS  C:\Users\alireza\AppData\Local\Temp\cc9UsDkB.s 			page 30


C:\Users\alireza\AppData\Local\Temp\cc9UsDkB.s:1591   .text.HAL_ADC_GetError:00000000 $t
C:\Users\alireza\AppData\Local\Temp\cc9UsDkB.s:1597   .text.HAL_ADC_GetError:00000000 HAL_ADC_GetError

UNDEFINED SYMBOLS
SystemCoreClock
HAL_GetTick
HAL_DMA_Start_IT
HAL_DMA_Abort
HAL_ADCEx_InjectedConvCpltCallback
