ARM GAS  C:\Users\alireza\AppData\Local\Temp\ccPfi0Yr.s 			page 1


   1              		.cpu cortex-m4
   2              		.arch armv7e-m
   3              		.fpu fpv4-sp-d16
   4              		.eabi_attribute 27, 1
   5              		.eabi_attribute 28, 1
   6              		.eabi_attribute 20, 1
   7              		.eabi_attribute 21, 1
   8              		.eabi_attribute 23, 3
   9              		.eabi_attribute 24, 1
  10              		.eabi_attribute 25, 1
  11              		.eabi_attribute 26, 1
  12              		.eabi_attribute 30, 1
  13              		.eabi_attribute 34, 1
  14              		.eabi_attribute 18, 4
  15              		.file	"tables.c"
  16              		.text
  17              		.section	.text.table_2d_get_value,"ax",%progbits
  18              		.align	1
  19              		.global	table_2d_get_value
  20              		.syntax unified
  21              		.thumb
  22              		.thumb_func
  24              	table_2d_get_value:
  25              		@ args = 0, pretend = 0, frame = 0
  26              		@ frame_needed = 0, uses_anonymous_args = 0
  27 0000 00B5     		push	{lr}
  28 0002 00F58063 		add	r3, r0, #1024
  29 0006 D3ED006A 		vldr.32	s13, [r3]
  30 000a F4EEC06A 		vcmpe.f32	s13, s0
  31 000e F1EE10FA 		vmrs	APSR_nzcv, FPSCR
  32 0012 0ADC     		bgt	.L2
  33 0014 00F23C43 		addw	r3, r0, #1084
  34 0018 D3ED006A 		vldr.32	s13, [r3]
  35 001c F4EEC06A 		vcmpe.f32	s13, s0
  36 0020 F1EE10FA 		vmrs	APSR_nzcv, FPSCR
  37 0024 01D4     		bmi	.L2
  38 0026 F0EE406A 		vmov.f32	s13, s0
  39              	.L2:
  40 002a 00F58863 		add	r3, r0, #1088
  41 002e 93ED007A 		vldr.32	s14, [r3]
  42 0032 B4EEE07A 		vcmpe.f32	s14, s1
  43 0036 F1EE10FA 		vmrs	APSR_nzcv, FPSCR
  44 003a 0ADC     		bgt	.L3
  45 003c 00F27C43 		addw	r3, r0, #1148
  46 0040 93ED007A 		vldr.32	s14, [r3]
  47 0044 B4EEE07A 		vcmpe.f32	s14, s1
  48 0048 F1EE10FA 		vmrs	APSR_nzcv, FPSCR
  49 004c 01D4     		bmi	.L3
  50 004e B0EE607A 		vmov.f32	s14, s1
  51              	.L3:
  52 0052 0023     		movs	r3, #0
  53 0054 01E0     		b	.L4
  54              	.L6:
  55 0056 0133     		adds	r3, r3, #1
  56 0058 DBB2     		uxtb	r3, r3
  57              	.L4:
  58 005a 0E2B     		cmp	r3, #14
ARM GAS  C:\Users\alireza\AppData\Local\Temp\ccPfi0Yr.s 			page 2


  59 005c 0AD8     		bhi	.L5
  60 005e 03F20112 		addw	r2, r3, #257
  61 0062 00EB8202 		add	r2, r0, r2, lsl #2
  62 0066 D2ED007A 		vldr.32	s15, [r2]
  63 006a F4EEE67A 		vcmpe.f32	s15, s13
  64 006e F1EE10FA 		vmrs	APSR_nzcv, FPSCR
  65 0072 F0D9     		bls	.L6
  66              	.L5:
  67 0074 0E2B     		cmp	r3, #14
  68 0076 14D8     		bhi	.L14
  69 0078 03F1010C 		add	ip, r3, #1
  70 007c 5FFA8CFC 		uxtb	ip, ip
  71              	.L7:
  72 0080 0022     		movs	r2, #0
  73              	.L8:
  74 0082 0E2A     		cmp	r2, #14
  75 0084 0FD8     		bhi	.L9
  76 0086 02F21111 		addw	r1, r2, #273
  77 008a 00EB8101 		add	r1, r0, r1, lsl #2
  78 008e D1ED007A 		vldr.32	s15, [r1]
  79 0092 F4EEC77A 		vcmpe.f32	s15, s14
  80 0096 F1EE10FA 		vmrs	APSR_nzcv, FPSCR
  81 009a 04D8     		bhi	.L9
  82 009c 0132     		adds	r2, r2, #1
  83 009e D2B2     		uxtb	r2, r2
  84 00a0 EFE7     		b	.L8
  85              	.L14:
  86 00a2 9C46     		mov	ip, r3
  87 00a4 ECE7     		b	.L7
  88              	.L9:
  89 00a6 0E2A     		cmp	r2, #14
  90 00a8 02D8     		bhi	.L15
  91 00aa 511C     		adds	r1, r2, #1
  92 00ac C9B2     		uxtb	r1, r1
  93 00ae 00E0     		b	.L11
  94              	.L15:
  95 00b0 1146     		mov	r1, r2
  96              	.L11:
  97 00b2 03F5807E 		add	lr, r3, #256
  98 00b6 00EB8E0E 		add	lr, r0, lr, lsl #2
  99 00ba 9EED004A 		vldr.32	s8, [lr]
 100 00be 0CF5807E 		add	lr, ip, #256
 101 00c2 00EB8E0E 		add	lr, r0, lr, lsl #2
 102 00c6 9EED005A 		vldr.32	s10, [lr]
 103 00ca 02F5887E 		add	lr, r2, #272
 104 00ce 00EB8E0E 		add	lr, r0, lr, lsl #2
 105 00d2 DEED004A 		vldr.32	s9, [lr]
 106 00d6 01F5887E 		add	lr, r1, #272
 107 00da 00EB8E0E 		add	lr, r0, lr, lsl #2
 108 00de 9EED006A 		vldr.32	s12, [lr]
 109 00e2 02EB031E 		add	lr, r2, r3, lsl #4
 110 00e6 00EB8E0E 		add	lr, r0, lr, lsl #2
 111 00ea DEED007A 		vldr.32	s15, [lr]
 112 00ee 02EB0C12 		add	r2, r2, ip, lsl #4
 113 00f2 00EB8202 		add	r2, r0, r2, lsl #2
 114 00f6 D2ED005A 		vldr.32	s11, [r2]
 115 00fa 01EB0313 		add	r3, r1, r3, lsl #4
ARM GAS  C:\Users\alireza\AppData\Local\Temp\ccPfi0Yr.s 			page 3


 116 00fe 00EB8303 		add	r3, r0, r3, lsl #2
 117 0102 93ED003A 		vldr.32	s6, [r3]
 118 0106 01EB0C11 		add	r1, r1, ip, lsl #4
 119 010a 00EB8100 		add	r0, r0, r1, lsl #2
 120 010e D0ED003A 		vldr.32	s7, [r0]
 121 0112 B4EE454A 		vcmp.f32	s8, s10
 122 0116 F1EE10FA 		vmrs	APSR_nzcv, FPSCR
 123 011a 06D0     		beq	.L16
 124 011c 76EEC46A 		vsub.f32	s13, s13, s8
 125 0120 35EE445A 		vsub.f32	s10, s10, s8
 126 0124 86EE850A 		vdiv.f32	s0, s13, s10
 127 0128 01E0     		b	.L12
 128              	.L16:
 129 012a 9FED170A 		vldr.32	s0, .L19
 130              	.L12:
 131 012e F4EE464A 		vcmp.f32	s9, s12
 132 0132 F1EE10FA 		vmrs	APSR_nzcv, FPSCR
 133 0136 06D0     		beq	.L17
 134 0138 37EE647A 		vsub.f32	s14, s14, s9
 135 013c 76EE646A 		vsub.f32	s13, s12, s9
 136 0140 87EE266A 		vdiv.f32	s12, s14, s13
 137 0144 01E0     		b	.L13
 138              	.L17:
 139 0146 9FED106A 		vldr.32	s12, .L19
 140              	.L13:
 141 014a B7EE007A 		vmov.f32	s14, #1.0e+0
 142 014e 77EE406A 		vsub.f32	s13, s14, s0
 143 0152 66EEA77A 		vmul.f32	s15, s13, s15
 144 0156 37EE467A 		vsub.f32	s14, s14, s12
 145 015a 67EE877A 		vmul.f32	s15, s15, s14
 146 015e 60EE255A 		vmul.f32	s11, s0, s11
 147 0162 27EE257A 		vmul.f32	s14, s14, s11
 148 0166 77EE877A 		vadd.f32	s15, s15, s14
 149 016a 66EE836A 		vmul.f32	s13, s13, s6
 150 016e 66EE866A 		vmul.f32	s13, s13, s12
 151 0172 77EEA67A 		vadd.f32	s15, s15, s13
 152 0176 20EE230A 		vmul.f32	s0, s0, s7
 153 017a 20EE060A 		vmul.f32	s0, s0, s12
 154 017e 37EE800A 		vadd.f32	s0, s15, s0
 155 0182 5DF804FB 		ldr	pc, [sp], #4
 156              	.L20:
 157 0186 00BF     		.align	2
 158              	.L19:
 159 0188 00000000 		.word	0
 161              		.section	.text.table_1d_get_value,"ax",%progbits
 162              		.align	1
 163              		.global	table_1d_get_value
 164              		.syntax unified
 165              		.thumb
 166              		.thumb_func
 168              	table_1d_get_value:
 169              		@ args = 0, pretend = 0, frame = 0
 170              		@ frame_needed = 0, uses_anonymous_args = 0
 171              		@ link register save eliminated.
 172 0000 F0EE407A 		vmov.f32	s15, s0
 173 0004 90ED107A 		vldr.32	s14, [r0, #64]
 174 0008 B4EEC07A 		vcmpe.f32	s14, s0
ARM GAS  C:\Users\alireza\AppData\Local\Temp\ccPfi0Yr.s 			page 4


 175 000c F1EE10FA 		vmrs	APSR_nzcv, FPSCR
 176 0010 09DC     		bgt	.L29
 177 0012 90ED1F0A 		vldr.32	s0, [r0, #124]
 178 0016 B4EEE70A 		vcmpe.f32	s0, s15
 179 001a F1EE10FA 		vmrs	APSR_nzcv, FPSCR
 180 001e 01D4     		bmi	.L21
 181 0020 9FED020A 		vldr.32	s0, .L30
 182              	.L21:
 183 0024 7047     		bx	lr
 184              	.L29:
 185 0026 90ED000A 		vldr.32	s0, [r0]
 186 002a 7047     		bx	lr
 187              	.L31:
 188              		.align	2
 189              	.L30:
 190 002c 0000C07F 		.word	2143289344
 192              		.ident	"GCC: (xPack GNU Arm Embedded GCC x86_64) 14.2.1 20241119"
ARM GAS  C:\Users\alireza\AppData\Local\Temp\ccPfi0Yr.s 			page 5


DEFINED SYMBOLS
                            *ABS*:00000000 tables.c
C:\Users\alireza\AppData\Local\Temp\ccPfi0Yr.s:18     .text.table_2d_get_value:00000000 $t
C:\Users\alireza\AppData\Local\Temp\ccPfi0Yr.s:24     .text.table_2d_get_value:00000000 table_2d_get_value
C:\Users\alireza\AppData\Local\Temp\ccPfi0Yr.s:159    .text.table_2d_get_value:00000188 $d
C:\Users\alireza\AppData\Local\Temp\ccPfi0Yr.s:162    .text.table_1d_get_value:00000000 $t
C:\Users\alireza\AppData\Local\Temp\ccPfi0Yr.s:168    .text.table_1d_get_value:00000000 table_1d_get_value
C:\Users\alireza\AppData\Local\Temp\ccPfi0Yr.s:190    .text.table_1d_get_value:0000002c $d

NO UNDEFINED SYMBOLS
