ARM GAS  C:\Users\alireza\AppData\Local\Temp\ccDZqToM.s 			page 1


   1              		.cpu cortex-m4
   2              		.arch armv7e-m
   3              		.fpu fpv4-sp-d16
   4              		.eabi_attribute 27, 1
   5              		.eabi_attribute 28, 1
   6              		.eabi_attribute 20, 1
   7              		.eabi_attribute 21, 1
   8              		.eabi_attribute 23, 3
   9              		.eabi_attribute 24, 1
  10              		.eabi_attribute 25, 1
  11              		.eabi_attribute 26, 1
  12              		.eabi_attribute 30, 1
  13              		.eabi_attribute 34, 1
  14              		.eabi_attribute 18, 4
  15              		.file	"timing.c"
  16              		.text
  17              		.section	.text.allocate_slot_locked,"ax",%progbits
  18              		.align	1
  19              		.syntax unified
  20              		.thumb
  21              		.thumb_func
  23              	allocate_slot_locked:
  24              		@ args = 0, pretend = 0, frame = 0
  25              		@ frame_needed = 0, uses_anonymous_args = 0
  26              		@ link register save eliminated.
  27 0000 0020     		movs	r0, #0
  28              	.L2:
  29 0002 6328     		cmp	r0, #99
  30 0004 19DC     		bgt	.L8
  31 0006 00EB8003 		add	r3, r0, r0, lsl #2
  32 000a 9A00     		lsls	r2, r3, #2
  33 000c 0C4B     		ldr	r3, .L10
  34 000e 1344     		add	r3, r3, r2
  35 0010 5B7C     		ldrb	r3, [r3, #17]	@ zero_extendqisi2
  36 0012 0BB1     		cbz	r3, .L9
  37 0014 0130     		adds	r0, r0, #1
  38 0016 F4E7     		b	.L2
  39              	.L9:
  40 0018 094B     		ldr	r3, .L10
  41 001a 1344     		add	r3, r3, r2
  42 001c 5B8A     		ldrh	r3, [r3, #18]
  43 001e 9BB2     		uxth	r3, r3
  44 0020 0133     		adds	r3, r3, #1
  45 0022 9BB2     		uxth	r3, r3
  46 0024 03B9     		cbnz	r3, .L4
  47 0026 0123     		movs	r3, #1
  48              	.L4:
  49 0028 00EB8002 		add	r2, r0, r0, lsl #2
  50 002c 9100     		lsls	r1, r2, #2
  51 002e 044A     		ldr	r2, .L10
  52 0030 0A44     		add	r2, r2, r1
  53 0032 5382     		strh	r3, [r2, #18]	@ movhi
  54 0034 0123     		movs	r3, #1
  55 0036 5374     		strb	r3, [r2, #17]
  56 0038 7047     		bx	lr
  57              	.L8:
  58 003a 4FF0FF30 		mov	r0, #-1
ARM GAS  C:\Users\alireza\AppData\Local\Temp\ccDZqToM.s 			page 2


  59 003e 7047     		bx	lr
  60              	.L11:
  61              		.align	2
  62              	.L10:
  63 0040 00000000 		.word	s_slots
  65              		.section	.text.update_next_event_locked,"ax",%progbits
  66              		.align	1
  67              		.syntax unified
  68              		.thumb
  69              		.thumb_func
  71              	update_next_event_locked:
  72              		@ args = 0, pretend = 0, frame = 0
  73              		@ frame_needed = 0, uses_anonymous_args = 0
  74              		@ link register save eliminated.
  75 0000 F0B4     		push	{r4, r5, r6, r7}
  76 0002 234B     		ldr	r3, .L23
  77 0004 1D68     		ldr	r5, [r3]
  78 0006 002D     		cmp	r5, #0
  79 0008 39D0     		beq	.L12
  80 000a 2E68     		ldr	r6, [r5]
  81 000c 706A     		ldr	r0, [r6, #36]
  82 000e 0023     		movs	r3, #0
  83 0010 6FF0004C 		mvn	ip, #-2147483648
  84 0014 1F46     		mov	r7, r3
  85 0016 1C46     		mov	r4, r3
  86 0018 07E0     		b	.L14
  87              	.L17:
  88 001a 03EB8304 		add	r4, r3, r3, lsl #2
  89 001e A100     		lsls	r1, r4, #2
  90 0020 1C4C     		ldr	r4, .L23+4
  91 0022 6758     		ldr	r7, [r4, r1]
  92 0024 9446     		mov	ip, r2
  93 0026 0124     		movs	r4, #1
  94              	.L15:
  95 0028 0133     		adds	r3, r3, #1
  96              	.L14:
  97 002a 632B     		cmp	r3, #99
  98 002c 29DC     		bgt	.L22
  99 002e 03EB8302 		add	r2, r3, r3, lsl #2
 100 0032 9100     		lsls	r1, r2, #2
 101 0034 174A     		ldr	r2, .L23+4
 102 0036 0A44     		add	r2, r2, r1
 103 0038 527C     		ldrb	r2, [r2, #17]	@ zero_extendqisi2
 104 003a 012A     		cmp	r2, #1
 105 003c F4D1     		bne	.L15
 106 003e 03EB8301 		add	r1, r3, r3, lsl #2
 107 0042 8A00     		lsls	r2, r1, #2
 108 0044 1349     		ldr	r1, .L23+4
 109 0046 8A58     		ldr	r2, [r1, r2]
 110 0048 121A     		subs	r2, r2, r0
 111 004a 04D4     		bmi	.L16
 112 004c 002C     		cmp	r4, #0
 113 004e E4D0     		beq	.L17
 114 0050 9445     		cmp	ip, r2
 115 0052 E9DD     		ble	.L15
 116 0054 E1E7     		b	.L17
 117              	.L16:
ARM GAS  C:\Users\alireza\AppData\Local\Temp\ccDZqToM.s 			page 3


 118 0056 03EB8303 		add	r3, r3, r3, lsl #2
 119 005a 9A00     		lsls	r2, r3, #2
 120 005c 0D4B     		ldr	r3, .L23+4
 121 005e 9F58     		ldr	r7, [r3, r2]
 122              	.L18:
 123 0060 7763     		str	r7, [r6, #52]
 124 0062 2A68     		ldr	r2, [r5]
 125 0064 D368     		ldr	r3, [r2, #12]
 126 0066 43F00203 		orr	r3, r3, #2
 127 006a D360     		str	r3, [r2, #12]
 128 006c 2A68     		ldr	r2, [r5]
 129 006e 536A     		ldr	r3, [r2, #36]
 130 0070 DB1B     		subs	r3, r3, r7
 131 0072 002B     		cmp	r3, #0
 132 0074 03DB     		blt	.L12
 133 0076 5369     		ldr	r3, [r2, #20]
 134 0078 43F00203 		orr	r3, r3, #2
 135 007c 5361     		str	r3, [r2, #20]
 136              	.L12:
 137 007e F0BC     		pop	{r4, r5, r6, r7}
 138 0080 7047     		bx	lr
 139              	.L22:
 140 0082 002C     		cmp	r4, #0
 141 0084 ECD1     		bne	.L18
 142 0086 F368     		ldr	r3, [r6, #12]
 143 0088 23F00203 		bic	r3, r3, #2
 144 008c F360     		str	r3, [r6, #12]
 145 008e F6E7     		b	.L12
 146              	.L24:
 147              		.align	2
 148              	.L23:
 149 0090 00000000 		.word	s_timer
 150 0094 00000000 		.word	s_slots
 152              		.section	.text.update_next_event,"ax",%progbits
 153              		.align	1
 154              		.global	update_next_event
 155              		.syntax unified
 156              		.thumb
 157              		.thumb_func
 159              	update_next_event:
 160              		@ args = 0, pretend = 0, frame = 0
 161              		@ frame_needed = 0, uses_anonymous_args = 0
 162 0000 10B5     		push	{r4, lr}
 163              		.syntax unified
 164              	@ 1208 "Drivers/CMSIS/Include/cmsis_gcc.h" 1
 165 0002 EFF31084 		MRS r4, primask
 166              	@ 0 "" 2
 167              	@ 962 "Drivers/CMSIS/Include/cmsis_gcc.h" 1
 168 0006 72B6     		cpsid i
 169              	@ 0 "" 2
 170              		.thumb
 171              		.syntax unified
 172 0008 FFF7FEFF 		bl	update_next_event_locked
 173 000c 14F0010F 		tst	r4, #1
 174 0010 00D1     		bne	.L25
 175              		.syntax unified
 176              	@ 951 "Drivers/CMSIS/Include/cmsis_gcc.h" 1
ARM GAS  C:\Users\alireza\AppData\Local\Temp\ccDZqToM.s 			page 4


 177 0012 62B6     		cpsie i
 178              	@ 0 "" 2
 179              		.thumb
 180              		.syntax unified
 181              	.L25:
 182 0014 10BD     		pop	{r4, pc}
 184              		.section	.text.controller_timing_start,"ax",%progbits
 185              		.align	1
 186              		.global	controller_timing_start
 187              		.syntax unified
 188              		.thumb
 189              		.thumb_func
 191              	controller_timing_start:
 192              		@ args = 0, pretend = 0, frame = 0
 193              		@ frame_needed = 0, uses_anonymous_args = 0
 194 0000 0028     		cmp	r0, #0
 195 0002 37D0     		beq	.L34
 196 0004 38B5     		push	{r3, r4, r5, lr}
 197 0006 1C4C     		ldr	r4, .L37
 198 0008 2060     		str	r0, [r4]
 199 000a FFF7FEFF 		bl	HAL_RCC_GetHCLKFreq
 200 000e 1B4B     		ldr	r3, .L37+4
 201 0010 A3FB0023 		umull	r2, r3, r3, r0
 202 0014 9B0C     		lsrs	r3, r3, #18
 203 0016 2268     		ldr	r2, [r4]
 204 0018 1168     		ldr	r1, [r2]
 205 001a 013B     		subs	r3, r3, #1
 206 001c 8B62     		str	r3, [r1, #40]
 207 001e 1168     		ldr	r1, [r2]
 208 0020 4B69     		ldr	r3, [r1, #20]
 209 0022 43F00103 		orr	r3, r3, #1
 210 0026 4B61     		str	r3, [r1, #20]
 211 0028 1368     		ldr	r3, [r2]
 212 002a 0024     		movs	r4, #0
 213 002c 5C62     		str	r4, [r3, #36]
 214              		.syntax unified
 215              	@ 1208 "Drivers/CMSIS/Include/cmsis_gcc.h" 1
 216 002e EFF31085 		MRS r5, primask
 217              	@ 0 "" 2
 218              	@ 962 "Drivers/CMSIS/Include/cmsis_gcc.h" 1
 219 0032 72B6     		cpsid i
 220              	@ 0 "" 2
 221              		.thumb
 222              		.syntax unified
 223 0034 4FF4FA62 		mov	r2, #2000
 224 0038 2146     		mov	r1, r4
 225 003a 1148     		ldr	r0, .L37+8
 226 003c FFF7FEFF 		bl	memset
 227 0040 2146     		mov	r1, r4
 228 0042 08E0     		b	.L30
 229              	.L31:
 230 0044 01EB8102 		add	r2, r1, r1, lsl #2
 231 0048 0D4B     		ldr	r3, .L37+8
 232 004a 03EB8203 		add	r3, r3, r2, lsl #2
 233 004e 0022     		movs	r2, #0
 234 0050 5A74     		strb	r2, [r3, #17]
 235 0052 5A82     		strh	r2, [r3, #18]	@ movhi
ARM GAS  C:\Users\alireza\AppData\Local\Temp\ccDZqToM.s 			page 5


 236 0054 0131     		adds	r1, r1, #1
 237              	.L30:
 238 0056 6329     		cmp	r1, #99
 239 0058 F4DD     		ble	.L31
 240 005a 15F0010F 		tst	r5, #1
 241 005e 00D1     		bne	.L32
 242              		.syntax unified
 243              	@ 951 "Drivers/CMSIS/Include/cmsis_gcc.h" 1
 244 0060 62B6     		cpsie i
 245              	@ 0 "" 2
 246              		.thumb
 247              		.syntax unified
 248              	.L32:
 249 0062 054C     		ldr	r4, .L37
 250 0064 2068     		ldr	r0, [r4]
 251 0066 FFF7FEFF 		bl	HAL_TIM_Base_Start_IT
 252 006a 0021     		movs	r1, #0
 253 006c 2068     		ldr	r0, [r4]
 254 006e FFF7FEFF 		bl	HAL_TIM_OC_Start_IT
 255 0072 38BD     		pop	{r3, r4, r5, pc}
 256              	.L34:
 257 0074 7047     		bx	lr
 258              	.L38:
 259 0076 00BF     		.align	2
 260              	.L37:
 261 0078 00000000 		.word	s_timer
 262 007c 83DE1B43 		.word	1125899907
 263 0080 00000000 		.word	s_slots
 265              		.section	.text.get_time_us,"ax",%progbits
 266              		.align	1
 267              		.global	get_time_us
 268              		.syntax unified
 269              		.thumb
 270              		.thumb_func
 272              	get_time_us:
 273              		@ args = 0, pretend = 0, frame = 0
 274              		@ frame_needed = 0, uses_anonymous_args = 0
 275              		@ link register save eliminated.
 276 0000 034B     		ldr	r3, .L42
 277 0002 1B68     		ldr	r3, [r3]
 278 0004 13B1     		cbz	r3, .L41
 279 0006 1B68     		ldr	r3, [r3]
 280 0008 586A     		ldr	r0, [r3, #36]
 281 000a 7047     		bx	lr
 282              	.L41:
 283 000c 0020     		movs	r0, #0
 284 000e 7047     		bx	lr
 285              	.L43:
 286              		.align	2
 287              	.L42:
 288 0010 00000000 		.word	s_timer
 290              		.section	.text.get_time_ms,"ax",%progbits
 291              		.align	1
 292              		.global	get_time_ms
 293              		.syntax unified
 294              		.thumb
 295              		.thumb_func
ARM GAS  C:\Users\alireza\AppData\Local\Temp\ccDZqToM.s 			page 6


 297              	get_time_ms:
 298              		@ args = 0, pretend = 0, frame = 0
 299              		@ frame_needed = 0, uses_anonymous_args = 0
 300 0000 08B5     		push	{r3, lr}
 301 0002 FFF7FEFF 		bl	get_time_us
 302 0006 024B     		ldr	r3, .L46
 303 0008 A3FB0030 		umull	r3, r0, r3, r0
 304 000c 8009     		lsrs	r0, r0, #6
 305 000e 08BD     		pop	{r3, pc}
 306              	.L47:
 307              		.align	2
 308              	.L46:
 309 0010 D34D6210 		.word	274877907
 311              		.section	.text.scheduler_schedule_event_with_arg_handle,"ax",%progbits
 312              		.align	1
 313              		.global	scheduler_schedule_event_with_arg_handle
 314              		.syntax unified
 315              		.thumb
 316              		.thumb_func
 318              	scheduler_schedule_event_with_arg_handle:
 319              		@ args = 0, pretend = 0, frame = 0
 320              		@ frame_needed = 0, uses_anonymous_args = 0
 321 0000 2DE9F041 		push	{r4, r5, r6, r7, r8, lr}
 322 0004 71B3     		cbz	r1, .L53
 323 0006 0746     		mov	r7, r0
 324 0008 1546     		mov	r5, r2
 325 000a 8846     		mov	r8, r1
 326 000c 184B     		ldr	r3, .L58
 327 000e 1B68     		ldr	r3, [r3]
 328 0010 53B3     		cbz	r3, .L54
 329              		.syntax unified
 330              	@ 1208 "Drivers/CMSIS/Include/cmsis_gcc.h" 1
 331 0012 EFF31086 		MRS r6, primask
 332              	@ 0 "" 2
 333              	@ 962 "Drivers/CMSIS/Include/cmsis_gcc.h" 1
 334 0016 72B6     		cpsid i
 335              	@ 0 "" 2
 336              		.thumb
 337              		.syntax unified
 338 0018 FFF7FEFF 		bl	allocate_slot_locked
 339 001c 041E     		subs	r4, r0, #0
 340 001e 1BDB     		blt	.L57
 341 0020 144A     		ldr	r2, .L58+4
 342 0022 04EB8403 		add	r3, r4, r4, lsl #2
 343 0026 9900     		lsls	r1, r3, #2
 344 0028 02EB8303 		add	r3, r2, r3, lsl #2
 345 002c 5750     		str	r7, [r2, r1]
 346 002e C3F80880 		str	r8, [r3, #8]
 347 0032 0022     		movs	r2, #0
 348 0034 5A60     		str	r2, [r3, #4]
 349 0036 DD60     		str	r5, [r3, #12]
 350 0038 0122     		movs	r2, #1
 351 003a 1A74     		strb	r2, [r3, #16]
 352 003c 5B8A     		ldrh	r3, [r3, #18]
 353 003e 9BB2     		uxth	r3, r3
 354 0040 03B9     		cbnz	r3, .L52
 355 0042 1346     		mov	r3, r2
ARM GAS  C:\Users\alireza\AppData\Local\Temp\ccDZqToM.s 			page 7


 356              	.L52:
 357 0044 A4B2     		uxth	r4, r4
 358 0046 44EA0344 		orr	r4, r4, r3, lsl #16
 359 004a FFF7FEFF 		bl	update_next_event_locked
 360 004e 16F0010F 		tst	r6, #1
 361 0052 0AD1     		bne	.L48
 362              		.syntax unified
 363              	@ 951 "Drivers/CMSIS/Include/cmsis_gcc.h" 1
 364 0054 62B6     		cpsie i
 365              	@ 0 "" 2
 366              		.thumb
 367              		.syntax unified
 368 0056 08E0     		b	.L48
 369              	.L57:
 370 0058 16F0010F 		tst	r6, #1
 371 005c 00D1     		bne	.L51
 372              		.syntax unified
 373              	@ 951 "Drivers/CMSIS/Include/cmsis_gcc.h" 1
 374 005e 62B6     		cpsie i
 375              	@ 0 "" 2
 376              		.thumb
 377              		.syntax unified
 378              	.L51:
 379 0060 0024     		movs	r4, #0
 380 0062 02E0     		b	.L48
 381              	.L53:
 382 0064 0024     		movs	r4, #0
 383 0066 00E0     		b	.L48
 384              	.L54:
 385 0068 0024     		movs	r4, #0
 386              	.L48:
 387 006a 2046     		mov	r0, r4
 388 006c BDE8F081 		pop	{r4, r5, r6, r7, r8, pc}
 389              	.L59:
 390              		.align	2
 391              	.L58:
 392 0070 00000000 		.word	s_timer
 393 0074 00000000 		.word	s_slots
 395              		.section	.text.scheduler_schedule_event_handle,"ax",%progbits
 396              		.align	1
 397              		.global	scheduler_schedule_event_handle
 398              		.syntax unified
 399              		.thumb
 400              		.thumb_func
 402              	scheduler_schedule_event_handle:
 403              		@ args = 0, pretend = 0, frame = 0
 404              		@ frame_needed = 0, uses_anonymous_args = 0
 405 0000 F8B5     		push	{r3, r4, r5, r6, r7, lr}
 406 0002 59B3     		cbz	r1, .L65
 407 0004 0646     		mov	r6, r0
 408 0006 0F46     		mov	r7, r1
 409 0008 174B     		ldr	r3, .L70
 410 000a 1B68     		ldr	r3, [r3]
 411 000c 43B3     		cbz	r3, .L66
 412              		.syntax unified
 413              	@ 1208 "Drivers/CMSIS/Include/cmsis_gcc.h" 1
 414 000e EFF31085 		MRS r5, primask
ARM GAS  C:\Users\alireza\AppData\Local\Temp\ccDZqToM.s 			page 8


 415              	@ 0 "" 2
 416              	@ 962 "Drivers/CMSIS/Include/cmsis_gcc.h" 1
 417 0012 72B6     		cpsid i
 418              	@ 0 "" 2
 419              		.thumb
 420              		.syntax unified
 421 0014 FFF7FEFF 		bl	allocate_slot_locked
 422 0018 041E     		subs	r4, r0, #0
 423 001a 19DB     		blt	.L69
 424 001c 134A     		ldr	r2, .L70+4
 425 001e 04EB8403 		add	r3, r4, r4, lsl #2
 426 0022 9900     		lsls	r1, r3, #2
 427 0024 02EB8303 		add	r3, r2, r3, lsl #2
 428 0028 5650     		str	r6, [r2, r1]
 429 002a 5F60     		str	r7, [r3, #4]
 430 002c 0022     		movs	r2, #0
 431 002e 9A60     		str	r2, [r3, #8]
 432 0030 DA60     		str	r2, [r3, #12]
 433 0032 1A74     		strb	r2, [r3, #16]
 434 0034 5B8A     		ldrh	r3, [r3, #18]
 435 0036 9BB2     		uxth	r3, r3
 436 0038 03B9     		cbnz	r3, .L64
 437 003a 0123     		movs	r3, #1
 438              	.L64:
 439 003c A4B2     		uxth	r4, r4
 440 003e 44EA0344 		orr	r4, r4, r3, lsl #16
 441 0042 FFF7FEFF 		bl	update_next_event_locked
 442 0046 15F0010F 		tst	r5, #1
 443 004a 0AD1     		bne	.L60
 444              		.syntax unified
 445              	@ 951 "Drivers/CMSIS/Include/cmsis_gcc.h" 1
 446 004c 62B6     		cpsie i
 447              	@ 0 "" 2
 448              		.thumb
 449              		.syntax unified
 450 004e 08E0     		b	.L60
 451              	.L69:
 452 0050 15F0010F 		tst	r5, #1
 453 0054 00D1     		bne	.L63
 454              		.syntax unified
 455              	@ 951 "Drivers/CMSIS/Include/cmsis_gcc.h" 1
 456 0056 62B6     		cpsie i
 457              	@ 0 "" 2
 458              		.thumb
 459              		.syntax unified
 460              	.L63:
 461 0058 0024     		movs	r4, #0
 462 005a 02E0     		b	.L60
 463              	.L65:
 464 005c 0024     		movs	r4, #0
 465 005e 00E0     		b	.L60
 466              	.L66:
 467 0060 0024     		movs	r4, #0
 468              	.L60:
 469 0062 2046     		mov	r0, r4
 470 0064 F8BD     		pop	{r3, r4, r5, r6, r7, pc}
 471              	.L71:
ARM GAS  C:\Users\alireza\AppData\Local\Temp\ccDZqToM.s 			page 9


 472 0066 00BF     		.align	2
 473              	.L70:
 474 0068 00000000 		.word	s_timer
 475 006c 00000000 		.word	s_slots
 477              		.section	.text.scheduler_schedule_event,"ax",%progbits
 478              		.align	1
 479              		.global	scheduler_schedule_event
 480              		.syntax unified
 481              		.thumb
 482              		.thumb_func
 484              	scheduler_schedule_event:
 485              		@ args = 0, pretend = 0, frame = 0
 486              		@ frame_needed = 0, uses_anonymous_args = 0
 487 0000 08B5     		push	{r3, lr}
 488 0002 FFF7FEFF 		bl	scheduler_schedule_event_handle
 489 0006 0038     		subs	r0, r0, #0
 490 0008 18BF     		it	ne
 491 000a 0120     		movne	r0, #1
 492 000c 08BD     		pop	{r3, pc}
 494              		.section	.text.scheduler_schedule_event_with_arg,"ax",%progbits
 495              		.align	1
 496              		.global	scheduler_schedule_event_with_arg
 497              		.syntax unified
 498              		.thumb
 499              		.thumb_func
 501              	scheduler_schedule_event_with_arg:
 502              		@ args = 0, pretend = 0, frame = 0
 503              		@ frame_needed = 0, uses_anonymous_args = 0
 504 0000 08B5     		push	{r3, lr}
 505 0002 FFF7FEFF 		bl	scheduler_schedule_event_with_arg_handle
 506 0006 0038     		subs	r0, r0, #0
 507 0008 18BF     		it	ne
 508 000a 0120     		movne	r0, #1
 509 000c 08BD     		pop	{r3, pc}
 511              		.section	.text.scheduler_cancel,"ax",%progbits
 512              		.align	1
 513              		.global	scheduler_cancel
 514              		.syntax unified
 515              		.thumb
 516              		.thumb_func
 518              	scheduler_cancel:
 519              		@ args = 0, pretend = 0, frame = 0
 520              		@ frame_needed = 0, uses_anonymous_args = 0
 521 0000 0028     		cmp	r0, #0
 522 0002 35D0     		beq	.L81
 523 0004 82B2     		uxth	r2, r0
 524 0006 030C     		lsrs	r3, r0, #16
 525 0008 632A     		cmp	r2, #99
 526 000a 33D8     		bhi	.L82
 527 000c 10B5     		push	{r4, lr}
 528              		.syntax unified
 529              	@ 1208 "Drivers/CMSIS/Include/cmsis_gcc.h" 1
 530 000e EFF31084 		MRS r4, primask
 531              	@ 0 "" 2
 532              	@ 962 "Drivers/CMSIS/Include/cmsis_gcc.h" 1
 533 0012 72B6     		cpsid i
 534              	@ 0 "" 2
ARM GAS  C:\Users\alireza\AppData\Local\Temp\ccDZqToM.s 			page 10


 535              		.thumb
 536              		.syntax unified
 537 0014 02EB8200 		add	r0, r2, r2, lsl #2
 538 0018 1849     		ldr	r1, .L89
 539 001a 01EB8001 		add	r1, r1, r0, lsl #2
 540 001e 498A     		ldrh	r1, [r1, #18]
 541 0020 89B2     		uxth	r1, r1
 542 0022 9942     		cmp	r1, r3
 543 0024 05D0     		beq	.L88
 544              	.L78:
 545 0026 14F0010F 		tst	r4, #1
 546 002a 25D1     		bne	.L83
 547              		.syntax unified
 548              	@ 951 "Drivers/CMSIS/Include/cmsis_gcc.h" 1
 549 002c 62B6     		cpsie i
 550              	@ 0 "" 2
 551              		.thumb
 552              		.syntax unified
 553 002e 0020     		movs	r0, #0
 554 0030 23E0     		b	.L77
 555              	.L88:
 556 0032 124B     		ldr	r3, .L89
 557 0034 03EB8003 		add	r3, r3, r0, lsl #2
 558 0038 5B7C     		ldrb	r3, [r3, #17]	@ zero_extendqisi2
 559 003a 012B     		cmp	r3, #1
 560 003c 05D0     		beq	.L79
 561 003e 0F4B     		ldr	r3, .L89
 562 0040 03EB8003 		add	r3, r3, r0, lsl #2
 563 0044 5B7C     		ldrb	r3, [r3, #17]	@ zero_extendqisi2
 564 0046 022B     		cmp	r3, #2
 565 0048 EDD1     		bne	.L78
 566              	.L79:
 567 004a 0C48     		ldr	r0, .L89
 568 004c 02EB8203 		add	r3, r2, r2, lsl #2
 569 0050 00EB8303 		add	r3, r0, r3, lsl #2
 570 0054 0021     		movs	r1, #0
 571 0056 5974     		strb	r1, [r3, #17]
 572 0058 D960     		str	r1, [r3, #12]
 573 005a 5960     		str	r1, [r3, #4]
 574 005c 9960     		str	r1, [r3, #8]
 575 005e 1974     		strb	r1, [r3, #16]
 576 0060 FFF7FEFF 		bl	update_next_event_locked
 577 0064 14F0010F 		tst	r4, #1
 578 0068 00D1     		bne	.L80
 579              		.syntax unified
 580              	@ 951 "Drivers/CMSIS/Include/cmsis_gcc.h" 1
 581 006a 62B6     		cpsie i
 582              	@ 0 "" 2
 583              		.thumb
 584              		.syntax unified
 585              	.L80:
 586 006c 0120     		movs	r0, #1
 587 006e 04E0     		b	.L77
 588              	.L81:
 589 0070 0020     		movs	r0, #0
 590 0072 7047     		bx	lr
 591              	.L82:
ARM GAS  C:\Users\alireza\AppData\Local\Temp\ccDZqToM.s 			page 11


 592 0074 0020     		movs	r0, #0
 593 0076 7047     		bx	lr
 594              	.L83:
 595 0078 0020     		movs	r0, #0
 596              	.L77:
 597 007a 10BD     		pop	{r4, pc}
 598              	.L90:
 599              		.align	2
 600              	.L89:
 601 007c 00000000 		.word	s_slots
 603              		.section	.text.scheduler_timer_callback,"ax",%progbits
 604              		.align	1
 605              		.global	scheduler_timer_callback
 606              		.syntax unified
 607              		.thumb
 608              		.thumb_func
 610              	scheduler_timer_callback:
 611              		@ args = 0, pretend = 0, frame = 0
 612              		@ frame_needed = 0, uses_anonymous_args = 0
 613 0000 2B4B     		ldr	r3, .L104
 614 0002 1B68     		ldr	r3, [r3]
 615 0004 002B     		cmp	r3, #0
 616 0006 52D0     		beq	.L100
 617 0008 1B68     		ldr	r3, [r3]
 618 000a 1A69     		ldr	r2, [r3, #16]
 619 000c 12F0020F 		tst	r2, #2
 620 0010 4DD0     		beq	.L100
 621 0012 70B5     		push	{r4, r5, r6, lr}
 622 0014 1A69     		ldr	r2, [r3, #16]
 623 0016 22F00202 		bic	r2, r2, #2
 624 001a 1A61     		str	r2, [r3, #16]
 625              		.syntax unified
 626              	@ 1208 "Drivers/CMSIS/Include/cmsis_gcc.h" 1
 627 001c EFF31085 		MRS r5, primask
 628              	@ 0 "" 2
 629              	@ 962 "Drivers/CMSIS/Include/cmsis_gcc.h" 1
 630 0020 72B6     		cpsid i
 631              	@ 0 "" 2
 632              		.thumb
 633              		.syntax unified
 634 0022 234B     		ldr	r3, .L104
 635 0024 1B68     		ldr	r3, [r3]
 636 0026 1B68     		ldr	r3, [r3]
 637 0028 5E6A     		ldr	r6, [r3, #36]
 638 002a 0024     		movs	r4, #0
 639 002c 10E0     		b	.L93
 640              	.L96:
 641 002e 02B1     		cbz	r2, .L97
 642 0030 9047     		blx	r2
 643              	.L97:
 644              		.syntax unified
 645              	@ 1208 "Drivers/CMSIS/Include/cmsis_gcc.h" 1
 646 0032 EFF31085 		MRS r5, primask
 647              	@ 0 "" 2
 648              	@ 962 "Drivers/CMSIS/Include/cmsis_gcc.h" 1
 649 0036 72B6     		cpsid i
 650              	@ 0 "" 2
ARM GAS  C:\Users\alireza\AppData\Local\Temp\ccDZqToM.s 			page 12


 651              		.thumb
 652              		.syntax unified
 653 0038 04EB8403 		add	r3, r4, r4, lsl #2
 654 003c 9A00     		lsls	r2, r3, #2
 655 003e 1D4B     		ldr	r3, .L104+4
 656 0040 1344     		add	r3, r3, r2
 657 0042 0022     		movs	r2, #0
 658 0044 5A74     		strb	r2, [r3, #17]
 659 0046 DA60     		str	r2, [r3, #12]
 660 0048 5A60     		str	r2, [r3, #4]
 661 004a 9A60     		str	r2, [r3, #8]
 662 004c 1A74     		strb	r2, [r3, #16]
 663              	.L94:
 664 004e 0134     		adds	r4, r4, #1
 665              	.L93:
 666 0050 632C     		cmp	r4, #99
 667 0052 25DC     		bgt	.L103
 668 0054 04EB8403 		add	r3, r4, r4, lsl #2
 669 0058 9A00     		lsls	r2, r3, #2
 670 005a 164B     		ldr	r3, .L104+4
 671 005c 1344     		add	r3, r3, r2
 672 005e 5B7C     		ldrb	r3, [r3, #17]	@ zero_extendqisi2
 673 0060 012B     		cmp	r3, #1
 674 0062 F4D1     		bne	.L94
 675 0064 04EB8402 		add	r2, r4, r4, lsl #2
 676 0068 9300     		lsls	r3, r2, #2
 677 006a 124A     		ldr	r2, .L104+4
 678 006c D358     		ldr	r3, [r2, r3]
 679 006e F31A     		subs	r3, r6, r3
 680 0070 002B     		cmp	r3, #0
 681 0072 ECDB     		blt	.L94
 682 0074 04EB8403 		add	r3, r4, r4, lsl #2
 683 0078 9A00     		lsls	r2, r3, #2
 684 007a 0E4B     		ldr	r3, .L104+4
 685 007c 1344     		add	r3, r3, r2
 686 007e 0222     		movs	r2, #2
 687 0080 5A74     		strb	r2, [r3, #17]
 688 0082 5A68     		ldr	r2, [r3, #4]
 689 0084 9968     		ldr	r1, [r3, #8]
 690 0086 D868     		ldr	r0, [r3, #12]
 691 0088 1B7C     		ldrb	r3, [r3, #16]	@ zero_extendqisi2
 692 008a DBB2     		uxtb	r3, r3
 693 008c 15F0010F 		tst	r5, #1
 694 0090 00D1     		bne	.L95
 695              		.syntax unified
 696              	@ 951 "Drivers/CMSIS/Include/cmsis_gcc.h" 1
 697 0092 62B6     		cpsie i
 698              	@ 0 "" 2
 699              		.thumb
 700              		.syntax unified
 701              	.L95:
 702 0094 002B     		cmp	r3, #0
 703 0096 CAD0     		beq	.L96
 704 0098 0029     		cmp	r1, #0
 705 009a CAD0     		beq	.L97
 706 009c 8847     		blx	r1
 707 009e C8E7     		b	.L97
ARM GAS  C:\Users\alireza\AppData\Local\Temp\ccDZqToM.s 			page 13


 708              	.L103:
 709 00a0 FFF7FEFF 		bl	update_next_event_locked
 710 00a4 15F0010F 		tst	r5, #1
 711 00a8 00D1     		bne	.L91
 712              		.syntax unified
 713              	@ 951 "Drivers/CMSIS/Include/cmsis_gcc.h" 1
 714 00aa 62B6     		cpsie i
 715              	@ 0 "" 2
 716              		.thumb
 717              		.syntax unified
 718              	.L91:
 719 00ac 70BD     		pop	{r4, r5, r6, pc}
 720              	.L100:
 721 00ae 7047     		bx	lr
 722              	.L105:
 723              		.align	2
 724              	.L104:
 725 00b0 00000000 		.word	s_timer
 726 00b4 00000000 		.word	s_slots
 728              		.section	.bss.s_slots,"aw",%nobits
 729              		.align	2
 732              	s_slots:
 733 0000 00000000 		.space	2000
 733      00000000 
 733      00000000 
 733      00000000 
 733      00000000 
 734              		.section	.bss.s_timer,"aw",%nobits
 735              		.align	2
 738              	s_timer:
 739 0000 00000000 		.space	4
 740              		.ident	"GCC: (xPack GNU Arm Embedded GCC x86_64) 14.2.1 20241119"
ARM GAS  C:\Users\alireza\AppData\Local\Temp\ccDZqToM.s 			page 14


DEFINED SYMBOLS
                            *ABS*:00000000 timing.c
C:\Users\alireza\AppData\Local\Temp\ccDZqToM.s:18     .text.allocate_slot_locked:00000000 $t
C:\Users\alireza\AppData\Local\Temp\ccDZqToM.s:23     .text.allocate_slot_locked:00000000 allocate_slot_locked
C:\Users\alireza\AppData\Local\Temp\ccDZqToM.s:63     .text.allocate_slot_locked:00000040 $d
C:\Users\alireza\AppData\Local\Temp\ccDZqToM.s:732    .bss.s_slots:00000000 s_slots
C:\Users\alireza\AppData\Local\Temp\ccDZqToM.s:66     .text.update_next_event_locked:00000000 $t
C:\Users\alireza\AppData\Local\Temp\ccDZqToM.s:71     .text.update_next_event_locked:00000000 update_next_event_locked
C:\Users\alireza\AppData\Local\Temp\ccDZqToM.s:149    .text.update_next_event_locked:00000090 $d
C:\Users\alireza\AppData\Local\Temp\ccDZqToM.s:738    .bss.s_timer:00000000 s_timer
C:\Users\alireza\AppData\Local\Temp\ccDZqToM.s:153    .text.update_next_event:00000000 $t
C:\Users\alireza\AppData\Local\Temp\ccDZqToM.s:159    .text.update_next_event:00000000 update_next_event
C:\Users\alireza\AppData\Local\Temp\ccDZqToM.s:185    .text.controller_timing_start:00000000 $t
C:\Users\alireza\AppData\Local\Temp\ccDZqToM.s:191    .text.controller_timing_start:00000000 controller_timing_start
C:\Users\alireza\AppData\Local\Temp\ccDZqToM.s:261    .text.controller_timing_start:00000078 $d
C:\Users\alireza\AppData\Local\Temp\ccDZqToM.s:266    .text.get_time_us:00000000 $t
C:\Users\alireza\AppData\Local\Temp\ccDZqToM.s:272    .text.get_time_us:00000000 get_time_us
C:\Users\alireza\AppData\Local\Temp\ccDZqToM.s:288    .text.get_time_us:00000010 $d
C:\Users\alireza\AppData\Local\Temp\ccDZqToM.s:291    .text.get_time_ms:00000000 $t
C:\Users\alireza\AppData\Local\Temp\ccDZqToM.s:297    .text.get_time_ms:00000000 get_time_ms
C:\Users\alireza\AppData\Local\Temp\ccDZqToM.s:309    .text.get_time_ms:00000010 $d
C:\Users\alireza\AppData\Local\Temp\ccDZqToM.s:312    .text.scheduler_schedule_event_with_arg_handle:00000000 $t
C:\Users\alireza\AppData\Local\Temp\ccDZqToM.s:318    .text.scheduler_schedule_event_with_arg_handle:00000000 scheduler_schedule_event_with_arg_handle
C:\Users\alireza\AppData\Local\Temp\ccDZqToM.s:392    .text.scheduler_schedule_event_with_arg_handle:00000070 $d
C:\Users\alireza\AppData\Local\Temp\ccDZqToM.s:396    .text.scheduler_schedule_event_handle:00000000 $t
C:\Users\alireza\AppData\Local\Temp\ccDZqToM.s:402    .text.scheduler_schedule_event_handle:00000000 scheduler_schedule_event_handle
C:\Users\alireza\AppData\Local\Temp\ccDZqToM.s:474    .text.scheduler_schedule_event_handle:00000068 $d
C:\Users\alireza\AppData\Local\Temp\ccDZqToM.s:478    .text.scheduler_schedule_event:00000000 $t
C:\Users\alireza\AppData\Local\Temp\ccDZqToM.s:484    .text.scheduler_schedule_event:00000000 scheduler_schedule_event
C:\Users\alireza\AppData\Local\Temp\ccDZqToM.s:495    .text.scheduler_schedule_event_with_arg:00000000 $t
C:\Users\alireza\AppData\Local\Temp\ccDZqToM.s:501    .text.scheduler_schedule_event_with_arg:00000000 scheduler_schedule_event_with_arg
C:\Users\alireza\AppData\Local\Temp\ccDZqToM.s:512    .text.scheduler_cancel:00000000 $t
C:\Users\alireza\AppData\Local\Temp\ccDZqToM.s:518    .text.scheduler_cancel:00000000 scheduler_cancel
C:\Users\alireza\AppData\Local\Temp\ccDZqToM.s:601    .text.scheduler_cancel:0000007c $d
C:\Users\alireza\AppData\Local\Temp\ccDZqToM.s:604    .text.scheduler_timer_callback:00000000 $t
C:\Users\alireza\AppData\Local\Temp\ccDZqToM.s:610    .text.scheduler_timer_callback:00000000 scheduler_timer_callback
C:\Users\alireza\AppData\Local\Temp\ccDZqToM.s:725    .text.scheduler_timer_callback:000000b0 $d
C:\Users\alireza\AppData\Local\Temp\ccDZqToM.s:729    .bss.s_slots:00000000 $d
C:\Users\alireza\AppData\Local\Temp\ccDZqToM.s:735    .bss.s_timer:00000000 $d

UNDEFINED SYMBOLS
HAL_RCC_GetHCLKFreq
memset
HAL_TIM_Base_Start_IT
HAL_TIM_OC_Start_IT
