ARM GAS  C:\Users\alireza\AppData\Local\Temp\ccpsulqh.s 			page 1


   1              		.cpu cortex-m4
   2              		.arch armv7e-m
   3              		.fpu fpv4-sp-d16
   4              		.eabi_attribute 27, 1
   5              		.eabi_attribute 28, 1
   6              		.eabi_attribute 20, 1
   7              		.eabi_attribute 21, 1
   8              		.eabi_attribute 23, 3
   9              		.eabi_attribute 24, 1
  10              		.eabi_attribute 25, 1
  11              		.eabi_attribute 26, 1
  12              		.eabi_attribute 30, 1
  13              		.eabi_attribute 34, 1
  14              		.eabi_attribute 18, 4
  15              		.file	"usbd_cdc_if.c"
  16              		.text
  17              		.section	.text.CDC_DeInit_FS,"ax",%progbits
  18              		.align	1
  19              		.syntax unified
  20              		.thumb
  21              		.thumb_func
  23              	CDC_DeInit_FS:
  24              		@ args = 0, pretend = 0, frame = 0
  25              		@ frame_needed = 0, uses_anonymous_args = 0
  26              		@ link register save eliminated.
  27 0000 0020     		movs	r0, #0
  28 0002 7047     		bx	lr
  30              		.section	.text.CDC_Control_FS,"ax",%progbits
  31              		.align	1
  32              		.syntax unified
  33              		.thumb
  34              		.thumb_func
  36              	CDC_Control_FS:
  37              		@ args = 0, pretend = 0, frame = 0
  38              		@ frame_needed = 0, uses_anonymous_args = 0
  39              		@ link register save eliminated.
  40 0000 0020     		movs	r0, #0
  41 0002 7047     		bx	lr
  43              		.section	.text.CDC_TransmitCplt_FS,"ax",%progbits
  44              		.align	1
  45              		.syntax unified
  46              		.thumb
  47              		.thumb_func
  49              	CDC_TransmitCplt_FS:
  50              		@ args = 0, pretend = 0, frame = 0
  51              		@ frame_needed = 0, uses_anonymous_args = 0
  52              		@ link register save eliminated.
  53 0000 0020     		movs	r0, #0
  54 0002 7047     		bx	lr
  56              		.section	.text.CDC_Receive_FS,"ax",%progbits
  57              		.align	1
  58              		.syntax unified
  59              		.thumb
  60              		.thumb_func
  62              	CDC_Receive_FS:
  63              		@ args = 0, pretend = 0, frame = 8
  64              		@ frame_needed = 0, uses_anonymous_args = 0
ARM GAS  C:\Users\alireza\AppData\Local\Temp\ccpsulqh.s 			page 2


  65 0000 F0B5     		push	{r4, r5, r6, r7, lr}
  66 0002 83B0     		sub	sp, sp, #12
  67 0004 0546     		mov	r5, r0
  68 0006 0E46     		mov	r6, r1
  69 0008 0A68     		ldr	r2, [r1]
  70 000a 174B     		ldr	r3, .L9
  71 000c 1B68     		ldr	r3, [r3]
  72 000e 1344     		add	r3, r3, r2
  73 0010 40F21E41 		movw	r1, #1054
  74 0014 8B42     		cmp	r3, r1
  75 0016 02D9     		bls	.L5
  76 0018 134B     		ldr	r3, .L9
  77 001a 0021     		movs	r1, #0
  78 001c 1960     		str	r1, [r3]
  79              	.L5:
  80 001e 124F     		ldr	r7, .L9
  81 0020 3C68     		ldr	r4, [r7]
  82 0022 2946     		mov	r1, r5
  83 0024 1148     		ldr	r0, .L9+4
  84 0026 2044     		add	r0, r0, r4
  85 0028 FFF7FEFF 		bl	memcpy
  86 002c 3368     		ldr	r3, [r6]
  87 002e 1C44     		add	r4, r4, r3
  88 0030 3C60     		str	r4, [r7]
  89 0032 3F2B     		cmp	r3, #63
  90 0034 0AD9     		bls	.L8
  91              	.L6:
  92 0036 0E4C     		ldr	r4, .L9+8
  93 0038 2946     		mov	r1, r5
  94 003a 2046     		mov	r0, r4
  95 003c FFF7FEFF 		bl	USBD_CDC_SetRxBuffer
  96 0040 2046     		mov	r0, r4
  97 0042 FFF7FEFF 		bl	USBD_CDC_ReceivePacket
  98 0046 0020     		movs	r0, #0
  99 0048 03B0     		add	sp, sp, #12
 100              		@ sp needed
 101 004a F0BD     		pop	{r4, r5, r6, r7, pc}
 102              	.L8:
 103 004c 074B     		ldr	r3, .L9+4
 104 004e 0093     		str	r3, [sp]
 105 0050 0194     		str	r4, [sp, #4]
 106 0052 0023     		movs	r3, #0
 107 0054 1A46     		mov	r2, r3
 108 0056 6946     		mov	r1, sp
 109 0058 0648     		ldr	r0, .L9+12
 110 005a 0068     		ldr	r0, [r0]
 111 005c FFF7FEFF 		bl	osMessageQueuePut
 112 0060 0022     		movs	r2, #0
 113 0062 3A60     		str	r2, [r7]
 114 0064 E7E7     		b	.L6
 115              	.L10:
 116 0066 00BF     		.align	2
 117              	.L9:
 118 0068 00000000 		.word	rx_offset
 119 006c 00000000 		.word	rx_buffer
 120 0070 00000000 		.word	hUsbDeviceFS
 121 0074 00000000 		.word	usb_rx_queue
ARM GAS  C:\Users\alireza\AppData\Local\Temp\ccpsulqh.s 			page 3


 123              		.section	.text.CDC_Init_FS,"ax",%progbits
 124              		.align	1
 125              		.syntax unified
 126              		.thumb
 127              		.thumb_func
 129              	CDC_Init_FS:
 130              		@ args = 0, pretend = 0, frame = 0
 131              		@ frame_needed = 0, uses_anonymous_args = 0
 132 0000 10B5     		push	{r4, lr}
 133 0002 064C     		ldr	r4, .L13
 134 0004 0022     		movs	r2, #0
 135 0006 0649     		ldr	r1, .L13+4
 136 0008 2046     		mov	r0, r4
 137 000a FFF7FEFF 		bl	USBD_CDC_SetTxBuffer
 138 000e 0549     		ldr	r1, .L13+8
 139 0010 2046     		mov	r0, r4
 140 0012 FFF7FEFF 		bl	USBD_CDC_SetRxBuffer
 141 0016 0020     		movs	r0, #0
 142 0018 10BD     		pop	{r4, pc}
 143              	.L14:
 144 001a 00BF     		.align	2
 145              	.L13:
 146 001c 00000000 		.word	hUsbDeviceFS
 147 0020 00000000 		.word	UserTxBufferFS
 148 0024 00000000 		.word	UserRxBufferFS
 150              		.section	.text.CDC_Transmit_FS,"ax",%progbits
 151              		.align	1
 152              		.global	CDC_Transmit_FS
 153              		.syntax unified
 154              		.thumb
 155              		.thumb_func
 157              	CDC_Transmit_FS:
 158              		@ args = 0, pretend = 0, frame = 0
 159              		@ frame_needed = 0, uses_anonymous_args = 0
 160 0000 094B     		ldr	r3, .L23
 161 0002 D3F8BC32 		ldr	r3, [r3, #700]
 162 0006 D3F81432 		ldr	r3, [r3, #532]
 163 000a 0BB1     		cbz	r3, .L22
 164 000c 0120     		movs	r0, #1
 165 000e 7047     		bx	lr
 166              	.L22:
 167 0010 10B5     		push	{r4, lr}
 168 0012 054C     		ldr	r4, .L23
 169 0014 0A46     		mov	r2, r1
 170 0016 0146     		mov	r1, r0
 171 0018 2046     		mov	r0, r4
 172 001a FFF7FEFF 		bl	USBD_CDC_SetTxBuffer
 173 001e 2046     		mov	r0, r4
 174 0020 FFF7FEFF 		bl	USBD_CDC_TransmitPacket
 175 0024 10BD     		pop	{r4, pc}
 176              	.L24:
 177 0026 00BF     		.align	2
 178              	.L23:
 179 0028 00000000 		.word	hUsbDeviceFS
 181              		.global	USBD_Interface_fops_FS
 182              		.section	.data.USBD_Interface_fops_FS,"aw"
 183              		.align	2
ARM GAS  C:\Users\alireza\AppData\Local\Temp\ccpsulqh.s 			page 4


 186              	USBD_Interface_fops_FS:
 187 0000 00000000 		.word	CDC_Init_FS
 188 0004 00000000 		.word	CDC_DeInit_FS
 189 0008 00000000 		.word	CDC_Control_FS
 190 000c 00000000 		.word	CDC_Receive_FS
 191 0010 00000000 		.word	CDC_TransmitCplt_FS
 192              		.section	.bss.rx_offset,"aw",%nobits
 193              		.align	2
 196              	rx_offset:
 197 0000 00000000 		.space	4
 198              		.global	UserTxBufferFS
 199              		.section	.bss.UserTxBufferFS,"aw",%nobits
 200              		.align	2
 203              	UserTxBufferFS:
 204 0000 00000000 		.space	1024
 204      00000000 
 204      00000000 
 204      00000000 
 204      00000000 
 205              		.global	UserRxBufferFS
 206              		.section	.bss.UserRxBufferFS,"aw",%nobits
 207              		.align	2
 210              	UserRxBufferFS:
 211 0000 00000000 		.space	1024
 211      00000000 
 211      00000000 
 211      00000000 
 211      00000000 
 212              		.ident	"GCC: (xPack GNU Arm Embedded GCC x86_64) 14.2.1 20241119"
ARM GAS  C:\Users\alireza\AppData\Local\Temp\ccpsulqh.s 			page 5


DEFINED SYMBOLS
                            *ABS*:00000000 usbd_cdc_if.c
C:\Users\alireza\AppData\Local\Temp\ccpsulqh.s:18     .text.CDC_DeInit_FS:00000000 $t
C:\Users\alireza\AppData\Local\Temp\ccpsulqh.s:23     .text.CDC_DeInit_FS:00000000 CDC_DeInit_FS
C:\Users\alireza\AppData\Local\Temp\ccpsulqh.s:31     .text.CDC_Control_FS:00000000 $t
C:\Users\alireza\AppData\Local\Temp\ccpsulqh.s:36     .text.CDC_Control_FS:00000000 CDC_Control_FS
C:\Users\alireza\AppData\Local\Temp\ccpsulqh.s:44     .text.CDC_TransmitCplt_FS:00000000 $t
C:\Users\alireza\AppData\Local\Temp\ccpsulqh.s:49     .text.CDC_TransmitCplt_FS:00000000 CDC_TransmitCplt_FS
C:\Users\alireza\AppData\Local\Temp\ccpsulqh.s:57     .text.CDC_Receive_FS:00000000 $t
C:\Users\alireza\AppData\Local\Temp\ccpsulqh.s:62     .text.CDC_Receive_FS:00000000 CDC_Receive_FS
C:\Users\alireza\AppData\Local\Temp\ccpsulqh.s:118    .text.CDC_Receive_FS:00000068 $d
C:\Users\alireza\AppData\Local\Temp\ccpsulqh.s:196    .bss.rx_offset:00000000 rx_offset
C:\Users\alireza\AppData\Local\Temp\ccpsulqh.s:124    .text.CDC_Init_FS:00000000 $t
C:\Users\alireza\AppData\Local\Temp\ccpsulqh.s:129    .text.CDC_Init_FS:00000000 CDC_Init_FS
C:\Users\alireza\AppData\Local\Temp\ccpsulqh.s:146    .text.CDC_Init_FS:0000001c $d
C:\Users\alireza\AppData\Local\Temp\ccpsulqh.s:203    .bss.UserTxBufferFS:00000000 UserTxBufferFS
C:\Users\alireza\AppData\Local\Temp\ccpsulqh.s:210    .bss.UserRxBufferFS:00000000 UserRxBufferFS
C:\Users\alireza\AppData\Local\Temp\ccpsulqh.s:151    .text.CDC_Transmit_FS:00000000 $t
C:\Users\alireza\AppData\Local\Temp\ccpsulqh.s:157    .text.CDC_Transmit_FS:00000000 CDC_Transmit_FS
C:\Users\alireza\AppData\Local\Temp\ccpsulqh.s:179    .text.CDC_Transmit_FS:00000028 $d
C:\Users\alireza\AppData\Local\Temp\ccpsulqh.s:186    .data.USBD_Interface_fops_FS:00000000 USBD_Interface_fops_FS
C:\Users\alireza\AppData\Local\Temp\ccpsulqh.s:183    .data.USBD_Interface_fops_FS:00000000 $d
C:\Users\alireza\AppData\Local\Temp\ccpsulqh.s:193    .bss.rx_offset:00000000 $d
C:\Users\alireza\AppData\Local\Temp\ccpsulqh.s:200    .bss.UserTxBufferFS:00000000 $d
C:\Users\alireza\AppData\Local\Temp\ccpsulqh.s:207    .bss.UserRxBufferFS:00000000 $d

UNDEFINED SYMBOLS
memcpy
USBD_CDC_SetRxBuffer
USBD_CDC_ReceivePacket
osMessageQueuePut
rx_buffer
hUsbDeviceFS
usb_rx_queue
USBD_CDC_SetTxBuffer
USBD_CDC_TransmitPacket
